
[1m[46m RUN [49m[22m [36mv4.0.18 [39m[90mC:/Users/pc/Desktop/khedma-tn[39m

 [32mΓ£ô[39m src/hooks/__tests__/useDebounce.test.ts[2m > [22museDebounce[2m > [22mshould return initial value immediately[32m 27[2mms[22m[39m
 [32mΓ£ô[39m src/hooks/__tests__/useDebounce.test.ts[2m > [22museDebounce[2m > [22mshould debounce value updates[32m 9[2mms[22m[39m
 [32mΓ£ô[39m src/hooks/__tests__/useDebounce.test.ts[2m > [22museDebounce[2m > [22mshould reset timer on rapid changes[32m 7[2mms[22m[39m
 [32mΓ£ô[39m src/hooks/__tests__/useDebounce.test.ts[2m > [22museDebounce[2m > [22mshould work with different types[32m 13[2mms[22m[39m
 [32mΓ£ô[39m src/hooks/__tests__/useDebounce.test.ts[2m > [22museDebounce[2m > [22mshould cleanup timeout on unmount[32m 6[2mms[22m[39m
 [32mΓ£ô[39m src/hooks/__tests__/useDebounce.test.ts[2m > [22museDebounce[2m > [22mshould handle delay changes[32m 6[2mms[22m[39m
 [32mΓ£ô[39m src/hooks/__tests__/useInfiniteScroll.test.ts[2m > [22museInfiniteScroll[2m > [22mshould return a ref function[32m 26[2mms[22m[39m
 [32mΓ£ô[39m src/hooks/__tests__/useInfiniteScroll.test.ts[2m > [22museInfiniteScroll[2m > [22mshould not call callback when not in view[32m 5[2mms[22m[39m
 [32mΓ£ô[39m src/hooks/__tests__/useInfiniteScroll.test.ts[2m > [22museInfiniteScroll[2m > [22mshould call callback when in view and hasMore is true[32m 4[2mms[22m[39m
 [32mΓ£ô[39m src/hooks/__tests__/useInfiniteScroll.test.ts[2m > [22museInfiniteScroll[2m > [22mshould not call callback when in view but hasMore is false[32m 3[2mms[22m[39m
 [32mΓ£ô[39m src/hooks/__tests__/useInfiniteScroll.test.ts[2m > [22museInfiniteScroll[2m > [22mshould use correct threshold and rootMargin[32m 6[2mms[22m[39m
 [32mΓ£ô[39m src/hooks/__tests__/useInfiniteScroll.test.ts[2m > [22museInfiniteScroll[2m > [22mshould call callback again when inView changes[32m 6[2mms[22m[39m
 [32mΓ£ô[39m src/hooks/__tests__/useInfiniteScroll.test.ts[2m > [22museInfiniteScroll[2m > [22mshould not call callback when hasMore changes to false[32m 15[2mms[22m[39m
 [32mΓ£ô[39m src/hooks/__tests__/useMediaQuery.test.ts[2m > [22museMediaQuery[2m > [22mshould return false initially when media query does not match[32m 29[2mms[22m[39m
 [32mΓ£ô[39m src/hooks/__tests__/useMediaQuery.test.ts[2m > [22museMediaQuery[2m > [22mshould return true when media query matches[32m 4[2mms[22m[39m
 [32mΓ£ô[39m src/hooks/__tests__/useMediaQuery.test.ts[2m > [22museMediaQuery[2m > [22mshould add event listener on mount[32m 7[2mms[22m[39m
 [32mΓ£ô[39m src/hooks/__tests__/useMediaQuery.test.ts[2m > [22museMediaQuery[2m > [22mshould remove event listener on unmount[32m 4[2mms[22m[39m
 [32mΓ£ô[39m src/hooks/__tests__/useMediaQuery.test.ts[2m > [22museMediaQuery[2m > [22mshould update when media query result changes[32m 4[2mms[22m[39m
 [32mΓ£ô[39m src/hooks/__tests__/useMediaQuery.test.ts[2m > [22museMediaQuery[2m > [22mshould handle different queries[32m 8[2mms[22m[39m
 [32mΓ£ô[39m src/hooks/__tests__/useMediaQuery.test.ts[2m > [22museMediaQuery[2m > [22mshould handle query changes[32m 10[2mms[22m[39m
 [32mΓ£ô[39m src/hooks/__tests__/useMediaQuery.test.ts[2m > [22museMediaQuery[2m > [22mshould work with common breakpoints[32m 13[2mms[22m[39m
 [32mΓ£ô[39m src/hooks/__tests__/useAuth.test.tsx[2m > [22museAuth Hook[2m > [22mAuthentication State[2m > [22mshould return isAuthenticated as false when no user[32m 107[2mms[22m[39m
 [32mΓ£ô[39m src/hooks/__tests__/useAuth.test.tsx[2m > [22museAuth Hook[2m > [22mLogin Functions[2m > [22mshould provide signInWithEmail function[32m 78[2mms[22m[39m
 [32mΓ£ô[39m src/contexts/__tests__/AuthContext.test.tsx[2m > [22mAuthContext[2m > [22mInitial State[2m > [22mshould start with loading state[32m 115[2mms[22m[39m
 [32mΓ£ô[39m src/contexts/__tests__/AuthContext.test.tsx[2m > [22mAuthContext[2m > [22mInitial State[2m > [22mshould have no user when not authenticated[32m 81[2mms[22m[39m
 [32mΓ£ô[39m src/hooks/__tests__/useAuth.test.tsx[2m > [22museAuth Hook[2m > [22mLogin Functions[2m > [22mshould call supabase signInWithPassword when signInWithEmail is called[32m 84[2mms[22m[39m
 [32mΓ£ô[39m src/contexts/__tests__/AuthContext.test.tsx[2m > [22mAuthContext[2m > [22mInitial State[2m > [22mshould provide all auth methods[32m 84[2mms[22m[39m
 [32mΓ£ô[39m src/contexts/__tests__/AuthContext.test.tsx[2m > [22mAuthContext[2m > [22museAuth Hook[2m > [22mshould throw error when used outside AuthProvider[32m 10[2mms[22m[39m
 [32mΓ£ô[39m src/hooks/__tests__/useAuth.test.tsx[2m > [22museAuth Hook[2m > [22mLogin Functions[2m > [22mshould provide signInWithPhone function[32m 81[2mms[22m[39m
 [32mΓ£ô[39m src/hooks/__tests__/useAuth.test.tsx[2m > [22museAuth Hook[2m > [22mLogin Functions[2m > [22mshould format phone number with +216 prefix[32m 77[2mms[22m[39m
 [32mΓ£ô[39m src/contexts/__tests__/AuthContext.test.tsx[2m > [22mAuthContext[2m > [22mAuthentication Flow[2m > [22mshould call signInWithPassword on signInWithEmail[32m 78[2mms[22m[39m
 [32mΓ£ô[39m src/contexts/__tests__/AuthContext.test.tsx[2m > [22mAuthContext[2m > [22mAuthentication Flow[2m > [22mshould call signUp on signUpWithEmail[32m 79[2mms[22m[39m
 [32mΓ£ô[39m src/hooks/__tests__/useAuth.test.tsx[2m > [22museAuth Hook[2m > [22mSignup Functions[2m > [22mshould provide signUpWithEmail function[32m 64[2mms[22m[39m
 [32mΓ£ô[39m src/contexts/__tests__/AuthContext.test.tsx[2m > [22mAuthContext[2m > [22mAuthentication Flow[2m > [22mshould prepend +216 to phone if not present[32m 68[2mms[22m[39m
 [32mΓ£ô[39m src/hooks/__tests__/useAuth.test.tsx[2m > [22museAuth Hook[2m > [22mSignup Functions[2m > [22mshould call supabase signUp when signUpWithEmail is called[32m 80[2mms[22m[39m
 [32mΓ£ô[39m src/hooks/__tests__/useAuth.test.tsx[2m > [22museAuth Hook[2m > [22mLogout Function[2m > [22mshould provide signOut function[32m 75[2mms[22m[39m
 [32mΓ£ô[39m src/contexts/__tests__/AuthContext.test.tsx[2m > [22mAuthContext[2m > [22mAuthentication Flow[2m > [22mshould not add +216 if already present[32m 77[2mms[22m[39m
 [32mΓ£ô[39m src/contexts/__tests__/AuthContext.test.tsx[2m > [22mAuthContext[2m > [22mSign Out[2m > [22mshould clear user state on sign out[32m 59[2mms[22m[39m
 [32mΓ£ô[39m src/hooks/__tests__/useAuth.test.tsx[2m > [22museAuth Hook[2m > [22mLogout Function[2m > [22mshould call supabase signOut and clear state[32m 60[2mms[22m[39m
 [32mΓ£ô[39m src/contexts/__tests__/AuthContext.test.tsx[2m > [22mAuthContext[2m > [22mProfile Operations[2m > [22mshould throw error when updating profile without user[32m 64[2mms[22m[39m
 [32mΓ£ô[39m src/contexts/__tests__/AuthContext.test.tsx[2m > [22mAuthContext[2m > [22mOTP Verification[2m > [22mshould call verifyOtp with correct parameters[32m 74[2mms[22m[39m
 [32mΓ£ô[39m src/contexts/__tests__/AuthContext.test.tsx[2m > [22mAuthContext[2m > [22mOTP Verification[2m > [22mshould handle full phone number in verifyOtp[32m 82[2mms[22m[39m
 [32mΓ£ô[39m src/hooks/__tests__/useAuth.test.tsx[2m > [22museAuth Hook[2m > [22mOTP Verification[2m > [22mshould provide verifyOtp function[32m 74[2mms[22m[39m
 [32mΓ£ô[39m src/hooks/__tests__/useAuth.test.tsx[2m > [22museAuth Hook[2m > [22mOTP Verification[2m > [22mshould call supabase verifyOtp with correct params[32m 84[2mms[22m[39m
 [32mΓ£ô[39m src/hooks/__tests__/useAuth.test.tsx[2m > [22museAuth Hook[2m > [22mProfile Functions[2m > [22mshould provide updateProfile function[32m 82[2mms[22m[39m
 [32mΓ£ô[39m src/hooks/__tests__/useAuth.test.tsx[2m > [22museAuth Hook[2m > [22mProfile Functions[2m > [22mshould provide refreshProfile function[32m 80[2mms[22m[39m
 [32mΓ£ô[39m src/hooks/__tests__/useAuth.test.tsx[2m > [22museAuth Hook[2m > [22mProfile Functions[2m > [22mshould throw error when updating profile without user[32m 85[2mms[22m[39m
 [32mΓ£ô[39m src/test/infrastructure.test.ts[2m > [22mTest Infrastructure[2m > [22mshould run tests successfully[32m 1[2mms[22m[39m
 [32mΓ£ô[39m src/test/infrastructure.test.ts[2m > [22mTest Infrastructure[2m > [22mshould perform basic arithmetic[32m 0[2mms[22m[39m
 [32mΓ£ô[39m src/test/infrastructure.test.ts[2m > [22mTest Infrastructure[2m > [22mshould handle arrays[32m 1[2mms[22m[39m
 [32mΓ£ô[39m src/test/infrastructure.test.ts[2m > [22mTest Infrastructure[2m > [22mshould handle objects[32m 0[2mms[22m[39m
 [32mΓ£ô[39m src/test/infrastructure.test.ts[2m > [22mTest Infrastructure[2m > [22mshould have jest-dom matchers available[32m 0[2mms[22m[39m
 [32mΓ£ô[39m src/lib/__tests__/supabase.test.ts[2m > [22mSupabase Client[2m > [22mQuery Builder[2m > [22mshould create query builder with from()[32m 2[2mms[22m[39m
 [32mΓ£ô[39m src/lib/__tests__/supabase.test.ts[2m > [22mSupabase Client[2m > [22mQuery Builder[2m > [22mshould chain query methods[32m 0[2mms[22m[39m
 [32mΓ£ô[39m src/lib/__tests__/supabase.test.ts[2m > [22mSupabase Client[2m > [22mQuery Builder[2m > [22mshould return mock data with select[32m 1[2mms[22m[39m
 [32mΓ£ô[39m src/lib/__tests__/supabase.test.ts[2m > [22mSupabase Client[2m > [22mQuery Builder[2m > [22mshould filter data with eq()[32m 0[2mms[22m[39m
 [32mΓ£ô[39m src/lib/__tests__/supabase.test.ts[2m > [22mSupabase Client[2m > [22mQuery Builder[2m > [22mshould return single record[32m 0[2mms[22m[39m
 [32mΓ£ô[39m src/lib/__tests__/supabase.test.ts[2m > [22mSupabase Client[2m > [22mQuery Builder[2m > [22mshould return error for single when no match[32m 0[2mms[22m[39m
 [32mΓ£ô[39m src/lib/__tests__/supabase.test.ts[2m > [22mSupabase Client[2m > [22mQuery Builder[2m > [22mshould handle mock errors[32m 0[2mms[22m[39m
 [32mΓ£ô[39m src/lib/__tests__/supabase.test.ts[2m > [22mSupabase Client[2m > [22mInsert Operations[2m > [22mshould insert new records[32m 0[2mms[22m[39m
 [32mΓ£ô[39m src/lib/__tests__/supabase.test.ts[2m > [22mSupabase Client[2m > [22mInsert Operations[2m > [22mshould insert multiple records[32m 0[2mms[22m[39m
 [32mΓ£ô[39m src/lib/__tests__/supabase.test.ts[2m > [22mSupabase Client[2m > [22mUpdate Operations[2m > [22mshould update existing records[32m 0[2mms[22m[39m
 [32mΓ£ô[39m src/lib/__tests__/supabase.test.ts[2m > [22mSupabase Client[2m > [22mDelete Operations[2m > [22mshould delete records[32m 0[2mms[22m[39m
 [32mΓ£ô[39m src/lib/__tests__/supabase.test.ts[2m > [22mSupabase Client[2m > [22mAuth Methods[2m > [22mshould mock getSession[32m 0[2mms[22m[39m
 [32mΓ£ô[39m src/lib/__tests__/supabase.test.ts[2m > [22mSupabase Client[2m > [22mAuth Methods[2m > [22mshould mock signInWithPassword[32m 0[2mms[22m[39m
 [32mΓ£ô[39m src/lib/__tests__/supabase.test.ts[2m > [22mSupabase Client[2m > [22mAuth Methods[2m > [22mshould mock signUp[32m 0[2mms[22m[39m
 [32mΓ£ô[39m src/lib/__tests__/supabase.test.ts[2m > [22mSupabase Client[2m > [22mAuth Methods[2m > [22mshould mock signOut[32m 0[2mms[22m[39m
 [32mΓ£ô[39m src/lib/__tests__/supabase.test.ts[2m > [22mSupabase Client[2m > [22mAuth Methods[2m > [22mshould mock onAuthStateChange[32m 0[2mms[22m[39m
 [32mΓ£ô[39m src/lib/__tests__/supabase.test.ts[2m > [22mSupabase Client[2m > [22mStorage Methods[2m > [22mshould mock storage upload[32m 1[2mms[22m[39m
 [32mΓ£ô[39m src/lib/__tests__/supabase.test.ts[2m > [22mSupabase Client[2m > [22mStorage Methods[2m > [22mshould mock getPublicUrl[32m 0[2mms[22m[39m
 [32mΓ£ô[39m src/lib/__tests__/supabase.test.ts[2m > [22mSupabase Client[2m > [22mRealtime[2m > [22mshould mock channel subscription[32m 0[2mms[22m[39m
 [32mΓ£ô[39m src/hooks/__tests__/useAuth.test.tsx[2m > [22museAuth Hook[2m > [22mProfile Functions[2m > [22mshould provide setUserType function[32m 79[2mms[22m[39m
 [32mΓ£ô[39m src/hooks/__tests__/useAuth.test.tsx[2m > [22museAuth Hook[2m > [22mFreelancer Profile Functions[2m > [22mshould provide updateFreelancerProfile function[32m 75[2mms[22m[39m
 [32mΓ£ô[39m src/hooks/__tests__/useAuth.test.tsx[2m > [22museAuth Hook[2m > [22mFreelancer Profile Functions[2m > [22mshould return freelancerProfile as null initially[32m 81[2mms[22m[39m
 [31m├ù[39m src/components/auth/__tests__/SignupForm.test.tsx[2m > [22mSignupForm[2m > [22mRendering[2m > [22mshould render user type selection initially[33m 1099[2mms[22m[39m
[31m   ΓåÆ Unable to find role="button" and name `/freelancer|┘à╪│╪¬┘é┘ä/i`

Ignored nodes: comments, script, style
[36m<body>[31m
  [36m<div>[31m
    [36m<div[31m
      [33mclass[31m=[32m"w-full max-w-md mx-auto"[31m
    [36m>[31m
      [36m<form[31m
        [33mclass[31m=[32m"space-y-6"[31m
      [36m>[31m
        [36m<div[31m
          [33mclass[31m=[32m"text-center mb-8"[31m
        [36m>[31m
          [36m<div[31m
            [33mclass[31m=[32m"relative inline-block"[31m
          [36m>[31m
            [36m<div[31m
              [33mclass[31m=[32m"w-20 h-20 rounded-2xl bg-gradient-to-br from-accent-500 to-accent-600 flex items-center justify-center mx-auto mb-5 shadow-lg shadow-accent-500/30"[31m
            [36m>[31m
              [36m<svg[31m
                [33maria-hidden[31m=[32m"true"[31m
                [33mclass[31m=[32m"lucide lucide-sparkles w-10 h-10 text-white"[31m
                [33mfill[31m=[32m"none"[31m
                [33mheight[31m=[32m"24"[31m
                [33mstroke[31m=[32m"currentColor"[31m
                [33mstroke-linecap[31m=[32m"round"[31m
                [33mstroke-linejoin[31m=[32m"round"[31m
                [33mstroke-width[31m=[32m"2"[31m
                [33mviewBox[31m=[32m"0 0 24 24"[31m
                [33mwidth[31m=[32m"24"[31m
                [33mxmlns[31m=[32m"http://www.w3.org/2000/svg"[31m
              [36m>[31m
                [36m<path[31m
                  [33md[31m=[32m"M11.017 2.814a1 1 0 0 1 1.966 0l1.051 5.558a2 2 0 0 0 1.594 1.594l5.558 1.051a1 1 0 0 1 0 1.966l-5.558 1.051a2 2 0 0 0-1.594 1.594l-1.051 5.558a1 1 0 0 1-1.966 0l-1.051-5.558a2 2 0 0 0-1.594-1.594l-5.558-1.051a1 1 0 0 1 0-1.966l5.558-1.051a2 2 0 0 0 1.594-1.594z"[31m
                [36m/>[31m
                [36m<path[31m
                  [33md[31m=[32m"M20 2v4"[31m
                [36m/>[31m
                [36m<path[31m
                  [33md[31m=[32m"M22 4h-4"[31m
                [36m/>[31m
                [36m<circle[31m
                  [33mcx[31m=[32m"4"[31m
                  [33mcy[31m=[32m"20"[31m
                  [33mr[31m=[32m"2"[31m
                [36m/>[31m
              [36m</svg>[31m
            [36m</div>[31m
            [36m<div[31m
              [33mclass[31m=[32m"absolute -top-1 -end-1 w-8 h-8 rounded-xl bg-gradient-to-r from-primary-400 to-primary-600 flex items-center justify-center shadow-lg"[31m
            [36m>[31m
              [36m<svg[31m
                [33maria-hidden[31m=[32m"true"[31m
                [33mclass[31m=[32m"lucide lucide-user w-4 h-4 text-white"[31m
                [33mfill[31m=[32m"none"[31m
                [33mheight[31m=[32m"24"[31m
                [33mstroke[31m=[32m"currentColor"[31m
                [33mstroke-linecap[31m=[32m"round"[31m
                [33mstroke-linejoin[31m=[32m"round"[31m
                [33mstroke-width[31m=[32m"2"[31m
                [33mviewBox[31m=[32m"0 0 24 24"[31m
                [33mwidth[31m=[32m"24"[31m
                [33mxmlns[31m=[32m"http://www.w3.org/2000/svg"[31m
              [36m>[31m
                [36m<path[31m
                  [33md[31m=[32m"M19 21v-2a4 4 0 0 0-4-4H9a4 4 0 0 0-4 4v2"[31m
                [36m/>[31m
                [36m<circle[31m
                  [33mcx[31m=[32m"12"[31m
                  [33mcy[31m=[32m"7"[31m
                  [33mr[31m=[32m"4"[31m
                [36m/>[31m
              [36m</svg>[31m
            [36m</div>[31m
          [36m</div>[31m
          [36m<h2[31m
            [33mclass[31m=[32m"text-2xl font-bold mb-2"[31m
          [36m>[31m
            [0m╪Ñ┘å╪┤╪º╪í ╪¡╪│╪º╪¿[0m
          [36m</h2>[31m
          [36m<p[31m
            [33mclass[31m=[32m"text-muted"[31m
          [36m>[31m
            [0m╪ú┘å╪┤╪ª ╪¡╪│╪º╪¿┘â ┘ä┘ä╪¿╪»╪í[0m
          [36m</p>[31m
        [36m</div>[31m
        [36m<div[31m
          [33mclass[31m=[32m"space-y-4"[31m
        [36m>[31m
          [36m<div[31m
            [33mclass[31m=[32m"relative"[31m
          [36m>[31m
            [36m<label[31m
              [33mclass[31m=[32m"label flex items-center gap-2"[31m
            [36m>[31m
              [36m<svg[31m
                [33maria-hidden[31m=[32m"true"[31m
                [33mclass[31m=[32m"lucide lucide-mail w-4 h-4 text-primary-500"[31m
                [33mfill[31m=[32m"none"[31m
                [33mheight[31m=[32m"24"[31m
                [33mstroke[31m=[32m"currentColor"[31m
                [33mstroke-linecap[31m=[32m"round"[31m
                [33mstroke-linejoin[31m=[32m"round"[31m
                [33mstroke-width[31m=[32m"2"[31m
                [33mviewBox[31m=[32m"0 0 24 24"[31m
                [33mwidth[31m=[32m"24"[31m
                [33mxmlns[31m=[32m"http://www.w3.org/2000/svg"[31m
              [36m>[31m
                [36m<path[31m
                  [33md[31m=[32m"m22 7-8.991 5.727a2 2 0 0 1-2.009 0L2 7"[31m
                [36m/>[31m
                [36m<rect[31m
                  [33mheight[31m=[32m"16"[31m
                  [33mrx[31m=[32m"2"[31m
                  [33mwidth[31m=[32m"20"[31m
                  [33mx[31m=[32m"2"[31m
                  [33my[31m=[32m"4"[31m
                [36m/>[31m
              [36m</svg>[31m
              [0m╪º┘ä╪¿╪▒┘è╪» ╪º┘ä╪Ñ┘ä┘â╪¬╪▒┘ê┘å┘è[0m
            [36m</label>[31m
            [36m<input[31m
              [33mclass[31m=[32m"input"[31m
              [33mdir[31m=[32m"ltr"[31m
              [33mname[31m=[32m"email"[31m
              [33mplaceholder[31m=[32m"╪ú╪»╪«┘ä ╪¿╪▒┘è╪»┘â ╪º┘ä╪Ñ┘ä┘â╪¬╪▒┘ê┘å┘è"[31m
              [33mtype[31m=[32m"email"[31m
            [36m/>[31m
          [36m</div>[31m
          [36m<div[31m
            [33mclass[31m=[32m"relative"[31m
          [36m>[31m
            [36m<label[31m
              [33mclass[31m=[32m"label flex items-center gap-2"[31m
            [36m>[31m
              [36m<svg[31m
                [33maria-hidden[31m=[32m"true"[31m
                [33mclass[31m=[32m"lucide lucide-lock w-4 h-4 text-primary-500"[31m
                [33mfill[31m=[32m"none"[31m
                [33mheight[31m=[32m"24"[31m
                [33mstroke[31m=[32m"currentColor"[31m
                [33mstroke-linecap[31m=[32m"round"[31m
                [33mstroke-linejoin[31m=[32m"round"[31m
                [33mstroke-width[31m=[32m"2"[31m
                [33mviewBox[31m=[32m"0 0 24 24"[31m
                [33mwidth[31m=[32m"24"[31m
                [33mxmlns[31m=[32m"http://www.w3.org/2000/svg"[31m
              [36m>[31m
                [36m<rect[31m
                  [33mheight[31m=[32m"11"[31m
                  [33mrx[31m=[32m"2"[31m
                  [33mry[31m=[32m"2"[31m
                  [33mwidth[31m=[32m"18"[31m
                  [33mx[31m=[32m"3"[31m
                  [33my[31m=[32m"11"[31m
                [36m/>[31m
                [36m<path[31m
                  [33md[31m=[32m"M7 11V7a5 5 0 0 1 10 0v4"[31m
                [36m/>[31m
              [36m</svg>[31m
              [0m┘â┘ä┘à╪⌐ ╪º┘ä┘à╪▒┘ê╪▒[0m
            [36m</label>[31m
            [36m<div[31m
              [33mclass[31m=[32m"relative"[31m
            [36m>[31m
              [36m<input[31m
                [33mclass[31m=[32m"input pe-12"[31m
                [33mdir[31m=[32m"ltr"[31m
                [33mname[31m=[32m"password"[31m
                [33mplaceholder[31m=[32m"╪ú╪»╪«┘ä ┘â┘ä┘à╪⌐ ╪º┘ä┘à╪▒┘ê╪▒"[31m
                [33mtype[31m=[32m"password"[31m
              [36m/>[31m
              [36m<button[31m
                [33mclass[31m=[32m"absolute end-3 top-1/2 -translate-y-1/2 w-8 h-8 rounded-lg flex items-center justify-center text-dark-400 hover:text-dark-600 dark:hover:text-dark-300 hover:bg-dark-100 dark:hover:bg-dark-700 transition-colors"[31m
                [33mtype[31m=[32m"button"[31m
              [36m>[31m
                [36m<svg[31m
                  [33maria-hidden[31m=[32m"true"[31m
                  [33mclass[31m=[32m"lucide lucide-eye w-5 h-5"[31m
                  [33mfill[31m=[32m"none"[31m
                  [33mheight[31m=[32m"24"[31m
                  [33mstroke[31m=[32m"currentColor"[31m
                  [33mstroke-linecap[31m=[32m"round"[31m
                  [33mstroke-linejoin[31m=[32m"round"[31m
                  [33mstroke-width[31m=[32m"2"[31m
                  [33mviewBox[31m=[32m"0 0 24 24"[31m
                  [33mwidth[31m=[32m"24"[31m
                  [33mxmlns[31m=[32m"http://www.w3.org/2000/svg"[31m
                [36m>[31m
                  [36m<path[31m
                    [33md[31m=[32m"M2.062 12.348a1 1 0 0 1 0-.696 10.75 10.75 0 0 1 19.876 0 1 1 0 0 1 0 .696 10.75 10.75 0 0 1-19.876 0"[31m
                  [36m/>[31m
                  [36m<circle[31m
                    [33mcx[31m=[32m"12"[31m
                    [33mcy[31m=[32m"12"[31m
                    [33mr[31m=[32m"3"[31m
                  [36m/>[31m
                [36m</svg>[31m
              [36m</button>[31m
            [36m</div>[31m
          [36m</div>[31m
          [36m<div[31m
            [33mclass[31m=[32m"relative"[31m
          [36m>[31m
            [36m<label[31m
              [33mclass[31m=[32m"label flex items-center gap-2"[31m
            [36m>[31m
              [36m<svg[31m
                [33maria-hidden[31m=[32m"true"[31m
                [33mclass[31m=[32m"lucide lucide-circle-check w-4 h-4 text-primary-500"[31m
                [33mfill[31m=[32m"none"[31m
                [33mheight[31m=[32m"24"[31m
                [33mstroke[31m=[32m"currentColor"[31m
                [33mstroke-linecap[31m=[32m"round"[31m
                [33mstroke-linejoin[31m=[32m"round"[31m
                [33mstroke-width[31m=[32m"2"[31m
                [33mviewBox[31m=[32m"0 0 24 24"[31m
                [33mwidth[31m=[32m"24"[31m
                [33mxmlns[31m=[32m"http://www.w3.org/2000/svg"[31m
              [36m>[31m
                [36m<circle[31m
                  [33mcx[31m=[32m"12"[31m
                  [33mcy[31m=[32m"12"[31m
                  [33mr[31m=[32m"10"[31m
                [36m/>[31m
                [36m<path[31m
                  [33md[31m=[32m"m9 12 2 2 4-4"[31m
                [36m/>[31m
              [36m</svg>[31m
              [0m╪¬╪ú┘â┘è╪» ┘â┘ä┘à╪⌐ ╪º┘ä┘à╪▒┘ê╪▒[0m
            [36m</label>[31m
            [36m<input[31m
              [33mclass[31m=[32m"input"[31m
              [33mdir[31m=[32m"ltr"[31m
              [33mname[31m=[32m"confirmPassword"[31m
              [33mplaceholder[31m=[32m"╪ú╪╣╪» ╪Ñ╪»╪«╪º┘ä ┘â┘ä┘à╪⌐ ╪º┘ä┘à╪▒┘ê╪▒"[31m
              [33mtype[31m=[32m"password"[31m
            [36m/>[31m
          [36m</div>[31m
        [36m</div>[31m
        [36m<button[31m
          [33mclass[31m=[32m"btn-primary btn-lg w-full group"[31m
          [33mtype[31m=[32m"submit"[31m
        [36m>[31m
          [36m<span>[31m
            [0m╪Ñ┘å╪┤╪º╪í ╪¡╪│╪º╪¿[0m
          [36m</span>[31m
          [36m<svg[31m
            [33maria-hidden[31m=[32m"true"[31m
            [33mclass[31m=[32m"lucide lucide-arrow-left w-5 h-5 group-hover:translate-x-1 transition-transform"[31m
            [33mfill[31m=[32m"none"[31m
            [33mheight[31m=[32m"24"[31m
            [33mstroke[31m=[32m"currentColor"[31m
            [33mstroke-linecap[31m=[32m"round"[31m
            [33mstroke-linejoin[31m=[32m"round"[31m
            [33mstroke-width[31m=[32m"2"[31m
            [33mviewBox[31m=[32m"0 0 24 24"[31m
            [33mwidth[31m=[32m"24"[31m
            [33mxmlns[31m=[32m"http://www.w3.org/2000/svg"[31m
          [36m>[31m
            [36m<path[31m
              [33md[31m=[32m"m12 19-7-7 7-7"[31m
            [36m/>[31m
            [36m<path[31m
              [33md[31m=[32m"M19 12H5"[31m
            [36m/>[31m
          [36m</svg>[31m
        [36m</button>[31m
        [36m<p[31m
          [33mclass[31m=[32m"text-center text-muted"[31m
        [36m>[31m
          [0m┘ä╪»┘è┘â ╪¡╪│╪º╪¿ ╪¿╪º┘ä┘ü╪╣┘ä╪ƒ[0m
          [0m [0m
          [36m<button[31m
            [33mclass[31m=[32m"text-primary-600 dark:text-primary-400 font-semibold hover:underline"[31m
            [33mtype[31m=[32m"button"[31m
          [36m>[31m
            [0m╪¬╪│╪¼┘è┘ä ╪º┘ä╪»╪«┘ê┘ä[0m
          [36m</button>[31m
        [36m</p>[31m
      [36m</form>[31m
    [36m</div>[31m
  [36m</div>[31m
[36m</body>[31m

Ignored nodes: comments, script, style
[36m<html[31m
  [33mdir[31m=[32m"rtl"[31m
  [33mlang[31m=[32m"ar"[31m
[36m>[31m
  [36m<head />[31m
  [36m<body>[31m
    [36m<div>[31m
      [36m<div[31m
        [33mclass[31m=[32m"w-full max-w-md mx-auto"[31m
      [36m>[31m
        [36m<form[31m
          [33mclass[31m=[32m"space-y-6"[31m
        [36m>[31m
          [36m<div[31m
            [33mclass[31m=[32m"text-center mb-8"[31m
          [36m>[31m
            [36m<div[31m
              [33mclass[31m=[32m"relative inline-block"[31m
            [36m>[31m
              [36m<div[31m
                [33mclass[31m=[32m"w-20 h-20 rounded-2xl bg-gradient-to-br from-accent-500 to-accent-600 flex items-center justify-center mx-auto mb-5 shadow-lg shadow-accent-500/30"[31m
              [36m>[31m
                [36m<svg[31m
                  [33maria-hidden[31m=[32m"true"[31m
                  [33mclass[31m=[32m"lucide lucide-sparkles w-10 h-10 text-white"[31m
                  [33mfill[31m=[32m"none"[31m
                  [33mheight[31m=[32m"24"[31m
                  [33mstroke[31m=[32m"currentColor"[31m
                  [33mstroke-linecap[31m=[32m"round"[31m
                  [33mstroke-linejoin[31m=[32m"round"[31m
                  [33mstroke-width[31m=[32m"2"[31m
                  [33mviewBox[31m=[32m"0 0 24 24"[31m
                  [33mwidth[31m=[32m"24"[31m
                  [33mxmlns[31m=[32m"http://www.w3.org/2000/svg"[31m
                [36m>[31m
                  [36m<path[31m
                    [33md[31m=[32m"M11.017 2.814a1 1 0 0 1 1.966 0l1.051 5.558a2 2 0 0 0 1.594 1.594l5.558 1.051a1 1 0 0 1 0 1.966l-5.558 1.051a2 2 0 0 0-1.594 1.594l-1.051 5.558a1 1 0 0 1-1.966 0l-1.051-5.558a2 2 0 0 0-1.594-1.594l-5.558-1.051a1 1 0 0 1 0-1.966l5.558-1.051a2 2 0 0 0 1.594-1.594z"[31m
                  [36m/>[31m
                  [36m<path[31m
                    [33md[31m=[32m"M20 2v4"[31m
                  [36m/>[31m
                  [36m<path[31m
                    [33md[31m=[32m"M22 4h-4"[31m
                  [36m/>[31m
                  [36m<circle[31m
                    [33mcx[31m=[32m"4"[31m
                    [33mcy[31m=[32m"20"[31m
                    [33mr[31m=[32m"2"[31m
                  [36m/>[31m
                [36m</svg>[31m
              [36m</div>[31m
              [36m<div[31m
                [33mclass[31m=[32m"absolute -top-1 -end-1 w-8 h-8 rounded-xl bg-gradient-to-r from-primary-400 to-primary-600 flex items-center justify-center shadow-lg"[31m
              [36m>[31m
                [36m<svg[31m
                  [33maria-hidden[31m=[32m"true"[31m
                  [33mclass[31m=[32m"lucide lucide-user w-4 h-4 text-white"[31m
                  [33mfill[31m=[32m"none"[31m
                  [33mheight[31m=[32m"24"[31m
                  [33mstroke[31m=[32m"currentColor"[31m
                  [33mstroke-linecap[31m=[32m"round"[31m
                  [33mstroke-linejoin[31m=[32m"round"[31m
                  [33mstroke-width[31m=[32m"2"[31m
                  [33mviewBox[31m=[32m"0 0 24 24"[31m
                  [33mwidth[31m=[32m"24"[31m
                  [33mxmlns[31m=[32m"http://www.w3.org/2000/svg"[31m
                [36m>[31m
                  [36m<path[31m
                    [33md[31m=[32m"M19 21v-2a4 4 0 0 0-4-4H9a4 4 0 0 0-4 4v2"[31m
                  [36m/>[31m
                  [36m<circle[31m
                    [33mcx[31m=[32m"12"[31m
                    [33mcy[31m=[32m"7"[31m
                    [33mr[31m=[32m"4"[31m
                  [36m/>[31m
                [36m</svg>[31m
              [36m</div>[31m
            [36m</div>[31m
            [36m<h2[31m
              [33mclass[31m=[32m"text-2xl font-bold mb-2"[31m
            [36m>[31m
              [0m╪Ñ┘å╪┤╪º╪í ╪¡╪│╪º╪¿[0m
            [36m</h2>[31m
            [36m<p[31m
              [33mclass[31m=[32m"text-muted"[31m
            [36m>[31m
              [0m╪ú┘å╪┤╪ª ╪¡╪│╪º╪¿┘â ┘ä┘ä╪¿╪»╪í[0m
            [36m</p>[31m
          [36m</div>[31m
          [36m<div[31m
            [33mclass[31m=[32m"space-y-4"[31m
          [36m>[31m
            [36m<div[31m
              [33mclass[31m=[32m"relative"[31m
            [36m>[31m
              [36m<label[31m
                [33mclass[31m=[32m"label flex items-center gap-2"[31m
              [36m>[31m
                [36m<svg[31m
                  [33maria-hidden[31m=[32m"true"[31m
                  [33mclass[31m=[32m"lucide lucide-mail w-4 h-4 text-primary-500"[31m
                  [33mfill[31m=[32m"none"[31m
                  [33mheight[31m=[32m"24"[31m
                  [33mstroke[31m=[32m"currentColor"[31m
                  [33mstroke-linecap[31m=[32m"round"[31m
                  [33mstroke-linejoin[31m=[32m"round"[31m
                  [33mstroke-width[31m=[32m"2"[31m
                  [33mviewBox[31m=[32m"0 0 24 24"[31m
                  [33mwidth[31m=[32m"24"[31m
                  [33mxmlns[31m=[32m"http://www.w3.org/2000/svg"[31m
                [36m>[31m
                  [36m<path[31m
                    [33md[31m=[32m"m22 7-8.991 5.727a2 2 0 0 1-2.009 0L2 7"[31m
                  [36m/>[31m
                  [36m<rect[31m
                    [33mheight[31m=[32m"16"[31m
                    [33mrx[31m=[32m"2"[31m
                    [33mwidth[31m=[32m"20"[31m
                    [33mx[31m=[32m"2"[31m
                    [33my[31m=[32m"4"[31m
                  [36m/>[31m
                [36m</svg>[31m
                [0m╪º┘ä╪¿╪▒┘è╪» ╪º┘ä╪Ñ┘ä┘â╪¬╪▒┘ê┘å┘è[0m
              [36m</label>[31m
              [36m<input[31m
                [33mclass[31m=[32m"input"[31m
                [33mdir[31m=[32m"ltr"[31m
                [33mname[31m=[32m"email"[31m
                [33mplaceholder[31m=[32m"╪ú╪»╪«┘ä ╪¿╪▒┘è╪»┘â ╪º┘ä╪Ñ┘ä┘â╪¬╪▒┘ê┘å┘è"[31m
                [33mtype[31m=[32m"email"[31m
              [36m/>[31m
            [36m</div>[31m
            [36m<div[31m
              [33mclass[31m=[32m"relative"[31m
            [36m>[31m
              [36m<label[31m
                [33mclass[31m=[32m"label flex items-center gap-2"[31m
              [36m>[31m
                [36m<svg[31m
                  [33maria-hidden[31m=[32m"true"[31m
                  [33mclass[31m=[32m"lucide lucide-lock w-4 h-4 text-primary-500"[31m
                  [33mfill[31m=[32m"none"[31m
                  [33mheight[31m=[32m"24"[31m
                  [33mstroke[31m=[32m"currentColor"[31m
                  [33mstroke-linecap[31m=[32m"round"[31m
                  [33mstroke-linejoin[31m=[32m"round"[31m
                  [33mstroke-width[31m=[32m"2"[31m
                  [33mviewBox[31m=[32m"0 0 24 24"[31m
                  [33mwidth[31m=[32m"24"[31m
                  [33mxmlns[31m=[32m"http://www.w3.org/2000/svg"[31m
                [36m>[31m
                  [36m<rect[31m
                    [33mheight[31m=[32m"11"[31m
                    [33mrx[31m=[32m"2"[31m
                    [33mry[31m=[32m"2"[31m
                    [33mwidth[31m=[32m"18"[31m
                    [33mx[31m=[32m"3"[31m
                    [33my[31m=[32m"11"[31m
                  [36m/>[31m
                  [36m<path[31m
                    [33md[31m=[32m"M7 11V7a5 5 0 0 1 10 0v4"[31m
                  [36m/>[31m
                [36m</svg>[31m
                [0m┘â┘ä┘à╪⌐ ╪º┘ä┘à╪▒┘ê╪▒[0m
              [36m</label>[31m
              [36m<div[31m
                [33mclass[31m=[32m"relative"[31m
              [36m>[31m
                [36m<input[31m
                  [33mclass[31m=[32m"input pe-12"[31m
                  [33mdir[31m=[32m"ltr"[31m
                  [33mname[31m=[32m"password"[31m
                  [33mplaceholder[31m=[32m"╪ú╪»╪«┘ä ┘â┘ä┘à╪⌐ ╪º┘ä┘à╪▒┘ê╪▒"[31m
                  [33mtype[31m=[32m"password"[31m
                [36m/>[31m
                [36m<button[31m
                  [33mclass[31m=[32m"absolute end-3 top-1/2 -translate-y-1/2 w-8 h-8 rounded-lg flex items-center justify-center text-dark-400 hover:text-dark-600 dark:hover:text-dark-300 hover:bg-dark-100 dark:hover:bg-dark-700 transition-colors"[31m
                  [33mtype[31m=[32m"button"[31m
                [36m>[31m
                  [36m<svg[31m
                    [33maria-hidden[31m=[32m"true"[31m
                    [33mclass[31m=[32m"lucide lucide-eye w-5 h-5"[31m
                    [33mfill[31m=[32m"none"[31m
                    [33mheight[31m=[32m"24"[31m
                    [33mstroke[31m=[32m"currentColor"[31m
                    [33mstroke-linecap[31m=[32m"round"[31m
                    [33mstroke-linejoin[31m=[32m"round"[31m
                    [33mstroke-width[31m=[32m"2"[31m
                    [33mviewBox[31m=[32m"0 0 24 24"[31m
                    [33mwidth[31m=[32m"24"[31m
                    [33mxmlns[31m=[32m"http://www.w3.org/2000/svg"[31m
                  [36m>[31m
                    [36m<path[31m
                      [33md[31m=[32m"M2.062 12.348a1 1 0 0 1 0-.696 10.75 10.75 0 0 1 19.876 0 1 1 0 0 1 0 .696 10.75 10.75 0 0 1-19.876 0"[31m
                    [36m/>[31m
                    [36m<circle[31m
                      [33mcx[31m=[32m"12"[31m
                      [33mcy[31m=[32m"12"[31m
                      [33mr[31m=[32m"3"[31m
                    [36m/>[31m
                  [36m</svg>[31m
                [36m</button>[31m
              [36m</div>[31m
            [36m</div>[31m
            [36m<div[31m
              [33mclass[31m=[32m"relative"[31m
            [36m>[31m
              [36m<label[31m
                [33mclass[31m=[32m"label flex items-center gap-2"[31m
              [36m>[31m
                [36m<svg[31m
                  [33maria-hidden[31m=[32m"true"[31m
                  [33mclass[31m=[32m"lucide lucide-circle-check w-4 h-4 text-primary-500"[31m
                  [33mfill[31m=[32m"none"[31m
                  [33mheight[31m=[32m"24"[31m
                  [33mstroke[31m=[32m"currentColor"[31m
                  [33mstroke-linecap[31m=[32m"round"[31m
                  [33mstroke-linejoin[31m=[32m"round"[31m
                  [33mstroke-width[31m=[32m"2"[31m
                  [33mviewBox[31m=[32m"0 0 24 24"[31m
                  [33mwidth[31m=[32m"24"[31m
                  [33mxmlns[31m=[32m"http://www.w3.org/2000/svg"[31m
                [36m>[31m
                  [36m<circle[31m
                    [33mcx[31m=[32m"12"[31m
                    [33mcy[31m=[32m"12"[31m
                    [33mr[31m=[32m"10"[31m
                  [36m/>[31m
                  [36m<path[31m
                    [33md[31m=[32m"m9 12 2 2 4-4"[31m
                  [36m/>[31m
                [36m</svg>[31m
                [0m╪¬╪ú┘â┘è╪» ┘â┘ä┘à╪⌐ ╪º┘ä┘à╪▒┘ê╪▒[0m
              [36m</label>[31m
              [36m<input[31m
                [33mclass[31m=[32m"input"[31m
                [33mdir[31m=[32m"ltr"[31m
                [33mname[31m=[32m"confirmPassword"[31m
                [33mplaceholder[31m=[32m"╪ú╪╣╪» ╪Ñ╪»╪«╪º┘ä ┘â┘ä┘à╪⌐ ╪º┘ä┘à╪▒┘ê╪▒"[31m
                [33mtype[31m=[32m"password"[31m
              [36m/>[31m
            [36m</div>[31m
          [36m</div>[31m
          [36m<button[31m
            [33mclass[31m=[32m"btn-primary btn-lg w-full group"[31m
            [33mtype[31m=[32m"submit"[31m
          [36m>[31m
            [36m<span>[31m
              [0m╪Ñ┘å╪┤╪º╪í ╪¡╪│╪º╪¿[0m
            [36m</span>[31m
            [36m<svg[31m
              [33maria-hidden[31m=[32m"true"[31m
              [33mclass[31m=[32m"lucide lucide-arrow-left w-5 h-5 group-hover:translate-x-1 transition-transform"[31m
              [33mfill[31m=[32m"none"[31m
              [33mheight[31m=[32m"24"[31m
              [33mstroke[31m=[32m"currentColor"[31m
              [33mstroke-linecap[31m=[32m"round"[31m
              [33mstroke-linejoin[31m=[32m"round"[31m
              [33mstroke-width[31m=[32m"2"[31m
              [33mviewBox[31m=[32m"0 0 24 24"[31m
              [33mwidth[31m=[32m"24"[31m
              [33mxmlns[31m=[32m"http://www.w3.org/2000/svg"[31m
            [36m>[31m
              [36m<path[31m
                [33md[31m=[32m"m12 19-7-7 7-7"[31m
              [36m/>[31m
              [36m<path[31m
                [33md[31m=[32m"M19 12H5"[31m
              [36m/>[31m
            [36m</svg>[31m
          [36m</button>[31m
          [36m<p[31m
            [33mclass[31m=[32m"text-center text-muted"[31m
          [36m>[31m
            [0m┘ä╪»┘è┘â ╪¡╪│╪º╪¿ ╪¿╪º┘ä┘ü╪╣┘ä╪ƒ[0m
            [0m [0m
            [36m<button[31m
              [33mclass[31m=[32m"text-primary-600 dark:text-primary-400 font-semibold hover:underline"[31m
              [33mtype[31m=[32m"button"[31m
            [36m>[31m
              [0m╪¬╪│╪¼┘è┘ä ╪º┘ä╪»╪«┘ê┘ä[0m
            [36m</button>[31m
          [36m</p>[31m
        [36m</form>[31m
      [36m</div>[31m
    [36m</div>[31m
  [36m</body>[31m
[36m</html>[31m[39m
 [32mΓ£ô[39m src/components/auth/__tests__/SignupForm.test.tsx[2m > [22mSignupForm[2m > [22mRendering[2m > [22mshould render all three user type options[32m 25[2mms[22m[39m
 [31m├ù[39m src/components/auth/__tests__/LoginForm.test.tsx[2m > [22mLoginForm[2m > [22mRendering[2m > [22mshould render the login form correctly[33m 1088[2mms[22m[39m
[31m   ΓåÆ Unable to find an element with the placeholder text of: /example@email.com/i

Ignored nodes: comments, script, style
[36m<body>[31m
  [36m<div>[31m
    [36m<div[31m
      [33mclass[31m=[32m"w-full max-w-md mx-auto"[31m
    [36m>[31m
      [36m<form[31m
        [33mclass[31m=[32m"space-y-6"[31m
      [36m>[31m
        [36m<div[31m
          [33mclass[31m=[32m"text-center mb-8"[31m
        [36m>[31m
          [36m<div[31m
            [33mclass[31m=[32m"relative inline-block"[31m
          [36m>[31m
            [36m<div[31m
              [33mclass[31m=[32m"w-20 h-20 rounded-2xl gradient-primary flex items-center justify-center mx-auto mb-5 shadow-lg shadow-primary-600/30"[31m
            [36m>[31m
              [36m<svg[31m
                [33maria-hidden[31m=[32m"true"[31m
                [33mclass[31m=[32m"lucide lucide-mail w-10 h-10 text-white"[31m
                [33mfill[31m=[32m"none"[31m
                [33mheight[31m=[32m"24"[31m
                [33mstroke[31m=[32m"currentColor"[31m
                [33mstroke-linecap[31m=[32m"round"[31m
                [33mstroke-linejoin[31m=[32m"round"[31m
                [33mstroke-width[31m=[32m"2"[31m
                [33mviewBox[31m=[32m"0 0 24 24"[31m
                [33mwidth[31m=[32m"24"[31m
                [33mxmlns[31m=[32m"http://www.w3.org/2000/svg"[31m
              [36m>[31m
                [36m<path[31m
                  [33md[31m=[32m"m22 7-8.991 5.727a2 2 0 0 1-2.009 0L2 7"[31m
                [36m/>[31m
                [36m<rect[31m
                  [33mheight[31m=[32m"16"[31m
                  [33mrx[31m=[32m"2"[31m
                  [33mwidth[31m=[32m"20"[31m
                  [33mx[31m=[32m"2"[31m
                  [33my[31m=[32m"4"[31m
                [36m/>[31m
              [36m</svg>[31m
            [36m</div>[31m
            [36m<div[31m
              [33mclass[31m=[32m"absolute -top-1 -end-1 w-8 h-8 rounded-xl bg-gradient-to-r from-accent-400 to-accent-600 flex items-center justify-center shadow-lg"[31m
            [36m>[31m
              [36m<svg[31m
                [33maria-hidden[31m=[32m"true"[31m
                [33mclass[31m=[32m"lucide lucide-sparkles w-4 h-4 text-white"[31m
                [33mfill[31m=[32m"none"[31m
                [33mheight[31m=[32m"24"[31m
                [33mstroke[31m=[32m"currentColor"[31m
                [33mstroke-linecap[31m=[32m"round"[31m
                [33mstroke-linejoin[31m=[32m"round"[31m
                [33mstroke-width[31m=[32m"2"[31m
                [33mviewBox[31m=[32m"0 0 24 24"[31m
                [33mwidth[31m=[32m"24"[31m
                [33mxmlns[31m=[32m"http://www.w3.org/2000/svg"[31m
              [36m>[31m
                [36m<path[31m
                  [33md[31m=[32m"M11.017 2.814a1 1 0 0 1 1.966 0l1.051 5.558a2 2 0 0 0 1.594 1.594l5.558 1.051a1 1 0 0 1 0 1.966l-5.558 1.051a2 2 0 0 0-1.594 1.594l-1.051 5.558a1 1 0 0 1-1.966 0l-1.051-5.558a2 2 0 0 0-1.594-1.594l-5.558-1.051a1 1 0 0 1 0-1.966l5.558-1.051a2 2 0 0 0 1.594-1.594z"[31m
                [36m/>[31m
                [36m<path[31m
                  [33md[31m=[32m"M20 2v4"[31m
                [36m/>[31m
                [36m<path[31m
                  [33md[31m=[32m"M22 4h-4"[31m
                [36m/>[31m
                [36m<circle[31m
                  [33mcx[31m=[32m"4"[31m
                  [33mcy[31m=[32m"20"[31m
                  [33mr[31m=[32m"2"[31m
                [36m/>[31m
              [36m</svg>[31m
            [36m</div>[31m
          [36m</div>[31m
          [36m<h2[31m
            [33mclass[31m=[32m"text-2xl font-bold mb-2"[31m
          [36m>[31m
            [0m╪¬╪│╪¼┘è┘ä ╪º┘ä╪»╪«┘ê┘ä[0m
          [36m</h2>[31m
          [36m<p[31m
            [33mclass[31m=[32m"text-muted"[31m
          [36m>[31m
            [0m╪ú╪»╪«┘ä ╪¿╪▒┘è╪»┘â ╪º┘ä╪Ñ┘ä┘â╪¬╪▒┘ê┘å┘è ┘ê┘â┘ä┘à╪⌐ ╪º┘ä┘à╪▒┘ê╪▒[0m
          [36m</p>[31m
        [36m</div>[31m
        [36m<div[31m
          [33mclass[31m=[32m"space-y-5"[31m
        [36m>[31m
          [36m<div[31m
            [33mclass[31m=[32m"relative"[31m
          [36m>[31m
            [36m<label[31m
              [33mclass[31m=[32m"label flex items-center gap-2"[31m
            [36m>[31m
              [36m<svg[31m
                [33maria-hidden[31m=[32m"true"[31m
                [33mclass[31m=[32m"lucide lucide-mail w-4 h-4 text-primary-500"[31m
                [33mfill[31m=[32m"none"[31m
                [33mheight[31m=[32m"24"[31m
                [33mstroke[31m=[32m"currentColor"[31m
                [33mstroke-linecap[31m=[32m"round"[31m
                [33mstroke-linejoin[31m=[32m"round"[31m
                [33mstroke-width[31m=[32m"2"[31m
                [33mviewBox[31m=[32m"0 0 24 24"[31m
                [33mwidth[31m=[32m"24"[31m
                [33mxmlns[31m=[32m"http://www.w3.org/2000/svg"[31m
              [36m>[31m
                [36m<path[31m
                  [33md[31m=[32m"m22 7-8.991 5.727a2 2 0 0 1-2.009 0L2 7"[31m
                [36m/>[31m
                [36m<rect[31m
                  [33mheight[31m=[32m"16"[31m
                  [33mrx[31m=[32m"2"[31m
                  [33mwidth[31m=[32m"20"[31m
                  [33mx[31m=[32m"2"[31m
                  [33my[31m=[32m"4"[31m
                [36m/>[31m
              [36m</svg>[31m
              [0m╪º┘ä╪¿╪▒┘è╪» ╪º┘ä╪Ñ┘ä┘â╪¬╪▒┘ê┘å┘è[0m
            [36m</label>[31m
            [36m<input[31m
              [33mclass[31m=[32m"input"[31m
              [33mdir[31m=[32m"ltr"[31m
              [33mname[31m=[32m"email"[31m
              [33mplaceholder[31m=[32m"╪ú╪»╪«┘ä ╪¿╪▒┘è╪»┘â ╪º┘ä╪Ñ┘ä┘â╪¬╪▒┘ê┘å┘è"[31m
              [33mtype[31m=[32m"email"[31m
            [36m/>[31m
          [36m</div>[31m
          [36m<div[31m
            [33mclass[31m=[32m"relative"[31m
          [36m>[31m
            [36m<label[31m
              [33mclass[31m=[32m"label flex items-center gap-2"[31m
            [36m>[31m
              [36m<svg[31m
                [33maria-hidden[31m=[32m"true"[31m
                [33mclass[31m=[32m"lucide lucide-lock w-4 h-4 text-primary-500"[31m
                [33mfill[31m=[32m"none"[31m
                [33mheight[31m=[32m"24"[31m
                [33mstroke[31m=[32m"currentColor"[31m
                [33mstroke-linecap[31m=[32m"round"[31m
                [33mstroke-linejoin[31m=[32m"round"[31m
                [33mstroke-width[31m=[32m"2"[31m
                [33mviewBox[31m=[32m"0 0 24 24"[31m
                [33mwidth[31m=[32m"24"[31m
                [33mxmlns[31m=[32m"http://www.w3.org/2000/svg"[31m
              [36m>[31m
                [36m<rect[31m
                  [33mheight[31m=[32m"11"[31m
                  [33mrx[31m=[32m"2"[31m
                  [33mry[31m=[32m"2"[31m
                  [33mwidth[31m=[32m"18"[31m
                  [33mx[31m=[32m"3"[31m
                  [33my[31m=[32m"11"[31m
                [36m/>[31m
                [36m<path[31m
                  [33md[31m=[32m"M7 11V7a5 5 0 0 1 10 0v4"[31m
                [36m/>[31m
              [36m</svg>[31m
              [0m┘â┘ä┘à╪⌐ ╪º┘ä┘à╪▒┘ê╪▒[0m
            [36m</label>[31m
            [36m<div[31m
              [33mclass[31m=[32m"relative"[31m
            [36m>[31m
              [36m<input[31m
                [33mclass[31m=[32m"input pe-12"[31m
                [33mdir[31m=[32m"ltr"[31m
                [33mname[31m=[32m"password"[31m
                [33mplaceholder[31m=[32m"╪ú╪»╪«┘ä ┘â┘ä┘à╪⌐ ╪º┘ä┘à╪▒┘ê╪▒"[31m
                [33mtype[31m=[32m"password"[31m
              [36m/>[31m
              [36m<button[31m
                [33mclass[31m=[32m"absolute end-3 top-1/2 -translate-y-1/2 w-8 h-8 rounded-lg flex items-center justify-center text-dark-400 hover:text-dark-600 dark:hover:text-dark-300 hover:bg-dark-100 dark:hover:bg-dark-700 transition-colors"[31m
                [33mtype[31m=[32m"button"[31m
              [36m>[31m
                [36m<svg[31m
                  [33maria-hidden[31m=[32m"true"[31m
                  [33mclass[31m=[32m"lucide lucide-eye w-5 h-5"[31m
                  [33mfill[31m=[32m"none"[31m
                  [33mheight[31m=[32m"24"[31m
                  [33mstroke[31m=[32m"currentColor"[31m
                  [33mstroke-linecap[31m=[32m"round"[31m
                  [33mstroke-linejoin[31m=[32m"round"[31m
                  [33mstroke-width[31m=[32m"2"[31m
                  [33mviewBox[31m=[32m"0 0 24 24"[31m
                  [33mwidth[31m=[32m"24"[31m
                  [33mxmlns[31m=[32m"http://www.w3.org/2000/svg"[31m
                [36m>[31m
                  [36m<path[31m
                    [33md[31m=[32m"M2.062 12.348a1 1 0 0 1 0-.696 10.75 10.75 0 0 1 19.876 0 1 1 0 0 1 0 .696 10.75 10.75 0 0 1-19.876 0"[31m
                  [36m/>[31m
                  [36m<circle[31m
                    [33mcx[31m=[32m"12"[31m
                    [33mcy[31m=[32m"12"[31m
                    [33mr[31m=[32m"3"[31m
                  [36m/>[31m
                [36m</svg>[31m
              [36m</button>[31m
            [36m</div>[31m
          [36m</div>[31m
        [36m</div>[31m
        [36m<button[31m
          [33mclass[31m=[32m"btn-primary btn-lg w-full group"[31m
          [33mtype[31m=[32m"submit"[31m
        [36m>[31m
          [36m<span>[31m
            [0m╪¬╪│╪¼┘è┘ä ╪º┘ä╪»╪«┘ê┘ä[0m
          [36m</span>[31m
          [36m<svg[31m
            [33maria-hidden[31m=[32m"true"[31m
            [33mclass[31m=[32m"lucide lucide-arrow-left w-5 h-5 group-hover:translate-x-1 transition-transform"[31m
            [33mfill[31m=[32m"none"[31m
            [33mheight[31m=[32m"24"[31m
            [33mstroke[31m=[32m"currentColor"[31m
            [33mstroke-linecap[31m=[32m"round"[31m
            [33mstroke-linejoin[31m=[32m"round"[31m
            [33mstroke-width[31m=[32m"2"[31m
            [33mviewBox[31m=[32m"0 0 24 24"[31m
            [33mwidth[31m=[32m"24"[31m
            [33mxmlns[31m=[32m"http://www.w3.org/2000/svg"[31m
          [36m>[31m
            [36m<path[31m
              [33md[31m=[32m"m12 19-7-7 7-7"[31m
            [36m/>[31m
            [36m<path[31m
              [33md[31m=[32m"M19 12H5"[31m
            [36m/>[31m
          [36m</svg>[31m
        [36m</button>[31m
      [36m</form>[31m
    [36m</div>[31m
  [36m</div>[31m
[36m</body>[31m

Ignored nodes: comments, script, style
[36m<html[31m
  [33mdir[31m=[32m"rtl"[31m
  [33mlang[31m=[32m"ar"[31m
[36m>[31m
  [36m<head />[31m
  [36m<body>[31m
    [36m<div>[31m
      [36m<div[31m
        [33mclass[31m=[32m"w-full max-w-md mx-auto"[31m
      [36m>[31m
        [36m<form[31m
          [33mclass[31m=[32m"space-y-6"[31m
        [36m>[31m
          [36m<div[31m
            [33mclass[31m=[32m"text-center mb-8"[31m
          [36m>[31m
            [36m<div[31m
              [33mclass[31m=[32m"relative inline-block"[31m
            [36m>[31m
              [36m<div[31m
                [33mclass[31m=[32m"w-20 h-20 rounded-2xl gradient-primary flex items-center justify-center mx-auto mb-5 shadow-lg shadow-primary-600/30"[31m
              [36m>[31m
                [36m<svg[31m
                  [33maria-hidden[31m=[32m"true"[31m
                  [33mclass[31m=[32m"lucide lucide-mail w-10 h-10 text-white"[31m
                  [33mfill[31m=[32m"none"[31m
                  [33mheight[31m=[32m"24"[31m
                  [33mstroke[31m=[32m"currentColor"[31m
                  [33mstroke-linecap[31m=[32m"round"[31m
                  [33mstroke-linejoin[31m=[32m"round"[31m
                  [33mstroke-width[31m=[32m"2"[31m
                  [33mviewBox[31m=[32m"0 0 24 24"[31m
                  [33mwidth[31m=[32m"24"[31m
                  [33mxmlns[31m=[32m"http://www.w3.org/2000/svg"[31m
                [36m>[31m
                  [36m<path[31m
                    [33md[31m=[32m"m22 7-8.991 5.727a2 2 0 0 1-2.009 0L2 7"[31m
                  [36m/>[31m
                  [36m<rect[31m
                    [33mheight[31m=[32m"16"[31m
                    [33mrx[31m=[32m"2"[31m
                    [33mwidth[31m=[32m"20"[31m
                    [33mx[31m=[32m"2"[31m
                    [33my[31m=[32m"4"[31m
                  [36m/>[31m
                [36m</svg>[31m
              [36m</div>[31m
              [36m<div[31m
                [33mclass[31m=[32m"absolute -top-1 -end-1 w-8 h-8 rounded-xl bg-gradient-to-r from-accent-400 to-accent-600 flex items-center justify-center shadow-lg"[31m
              [36m>[31m
                [36m<svg[31m
                  [33maria-hidden[31m=[32m"true"[31m
                  [33mclass[31m=[32m"lucide lucide-sparkles w-4 h-4 text-white"[31m
                  [33mfill[31m=[32m"none"[31m
                  [33mheight[31m=[32m"24"[31m
                  [33mstroke[31m=[32m"currentColor"[31m
                  [33mstroke-linecap[31m=[32m"round"[31m
                  [33mstroke-linejoin[31m=[32m"round"[31m
                  [33mstroke-width[31m=[32m"2"[31m
                  [33mviewBox[31m=[32m"0 0 24 24"[31m
                  [33mwidth[31m=[32m"24"[31m
                  [33mxmlns[31m=[32m"http://www.w3.org/2000/svg"[31m
                [36m>[31m
                  [36m<path[31m
                    [33md[31m=[32m"M11.017 2.814a1 1 0 0 1 1.966 0l1.051 5.558a2 2 0 0 0 1.594 1.594l5.558 1.051a1 1 0 0 1 0 1.966l-5.558 1.051a2 2 0 0 0-1.594 1.594l-1.051 5.558a1 1 0 0 1-1.966 0l-1.051-5.558a2 2 0 0 0-1.594-1.594l-5.558-1.051a1 1 0 0 1 0-1.966l5.558-1.051a2 2 0 0 0 1.594-1.594z"[31m
                  [36m/>[31m
                  [36m<path[31m
                    [33md[31m=[32m"M20 2v4"[31m
                  [36m/>[31m
                  [36m<path[31m
                    [33md[31m=[32m"M22 4h-4"[31m
                  [36m/>[31m
                  [36m<circle[31m
                    [33mcx[31m=[32m"4"[31m
                    [33mcy[31m=[32m"20"[31m
                    [33mr[31m=[32m"2"[31m
                  [36m/>[31m
                [36m</svg>[31m
              [36m</div>[31m
            [36m</div>[31m
            [36m<h2[31m
              [33mclass[31m=[32m"text-2xl font-bold mb-2"[31m
            [36m>[31m
              [0m╪¬╪│╪¼┘è┘ä ╪º┘ä╪»╪«┘ê┘ä[0m
            [36m</h2>[31m
            [36m<p[31m
              [33mclass[31m=[32m"text-muted"[31m
            [36m>[31m
              [0m╪ú╪»╪«┘ä ╪¿╪▒┘è╪»┘â ╪º┘ä╪Ñ┘ä┘â╪¬╪▒┘ê┘å┘è ┘ê┘â┘ä┘à╪⌐ ╪º┘ä┘à╪▒┘ê╪▒[0m
            [36m</p>[31m
          [36m</div>[31m
          [36m<div[31m
            [33mclass[31m=[32m"space-y-5"[31m
          [36m>[31m
            [36m<div[31m
              [33mclass[31m=[32m"relative"[31m
            [36m>[31m
              [36m<label[31m
                [33mclass[31m=[32m"label flex items-center gap-2"[31m
              [36m>[31m
                [36m<svg[31m
                  [33maria-hidden[31m=[32m"true"[31m
                  [33mclass[31m=[32m"lucide lucide-mail w-4 h-4 text-primary-500"[31m
                  [33mfill[31m=[32m"none"[31m
                  [33mheight[31m=[32m"24"[31m
                  [33mstroke[31m=[32m"currentColor"[31m
                  [33mstroke-linecap[31m=[32m"round"[31m
                  [33mstroke-linejoin[31m=[32m"round"[31m
                  [33mstroke-width[31m=[32m"2"[31m
                  [33mviewBox[31m=[32m"0 0 24 24"[31m
                  [33mwidth[31m=[32m"24"[31m
                  [33mxmlns[31m=[32m"http://www.w3.org/2000/svg"[31m
                [36m>[31m
                  [36m<path[31m
                    [33md[31m=[32m"m22 7-8.991 5.727a2 2 0 0 1-2.009 0L2 7"[31m
                  [36m/>[31m
                  [36m<rect[31m
                    [33mheight[31m=[32m"16"[31m
                    [33mrx[31m=[32m"2"[31m
                    [33mwidth[31m=[32m"20"[31m
                    [33mx[31m=[32m"2"[31m
                    [33my[31m=[32m"4"[31m
                  [36m/>[31m
                [36m</svg>[31m
                [0m╪º┘ä╪¿╪▒┘è╪» ╪º┘ä╪Ñ┘ä┘â╪¬╪▒┘ê┘å┘è[0m
              [36m</label>[31m
              [36m<input[31m
                [33mclass[31m=[32m"input"[31m
                [33mdir[31m=[32m"ltr"[31m
                [33mname[31m=[32m"email"[31m
                [33mplaceholder[31m=[32m"╪ú╪»╪«┘ä ╪¿╪▒┘è╪»┘â ╪º┘ä╪Ñ┘ä┘â╪¬╪▒┘ê┘å┘è"[31m
                [33mtype[31m=[32m"email"[31m
              [36m/>[31m
            [36m</div>[31m
            [36m<div[31m
              [33mclass[31m=[32m"relative"[31m
            [36m>[31m
              [36m<label[31m
                [33mclass[31m=[32m"label flex items-center gap-2"[31m
              [36m>[31m
                [36m<svg[31m
                  [33maria-hidden[31m=[32m"true"[31m
                  [33mclass[31m=[32m"lucide lucide-lock w-4 h-4 text-primary-500"[31m
                  [33mfill[31m=[32m"none"[31m
                  [33mheight[31m=[32m"24"[31m
                  [33mstroke[31m=[32m"currentColor"[31m
                  [33mstroke-linecap[31m=[32m"round"[31m
                  [33mstroke-linejoin[31m=[32m"round"[31m
                  [33mstroke-width[31m=[32m"2"[31m
                  [33mviewBox[31m=[32m"0 0 24 24"[31m
                  [33mwidth[31m=[32m"24"[31m
                  [33mxmlns[31m=[32m"http://www.w3.org/2000/svg"[31m
                [36m>[31m
                  [36m<rect[31m
                    [33mheight[31m=[32m"11"[31m
                    [33mrx[31m=[32m"2"[31m
                    [33mry[31m=[32m"2"[31m
                    [33mwidth[31m=[32m"18"[31m
                    [33mx[31m=[32m"3"[31m
                    [33my[31m=[32m"11"[31m
                  [36m/>[31m
                  [36m<path[31m
                    [33md[31m=[32m"M7 11V7a5 5 0 0 1 10 0v4"[31m
                  [36m/>[31m
                [36m</svg>[31m
                [0m┘â┘ä┘à╪⌐ ╪º┘ä┘à╪▒┘ê╪▒[0m
              [36m</label>[31m
              [36m<div[31m
                [33mclass[31m=[32m"relative"[31m
              [36m>[31m
                [36m<input[31m
                  [33mclass[31m=[32m"input pe-12"[31m
                  [33mdir[31m=[32m"ltr"[31m
                  [33mname[31m=[32m"password"[31m
                  [33mplaceholder[31m=[32m"╪ú╪»╪«┘ä ┘â┘ä┘à╪⌐ ╪º┘ä┘à╪▒┘ê╪▒"[31m
                  [33mtype[31m=[32m"password"[31m
                [36m/>[31m
                [36m<button[31m
                  [33mclass[31m=[32m"absolute end-3 top-1/2 -translate-y-1/2 w-8 h-8 rounded-lg flex items-center justify-center text-dark-400 hover:text-dark-600 dark:hover:text-dark-300 hover:bg-dark-100 dark:hover:bg-dark-700 transition-colors"[31m
                  [33mtype[31m=[32m"button"[31m
                [36m>[31m
                  [36m<svg[31m
                    [33maria-hidden[31m=[32m"true"[31m
                    [33mclass[31m=[32m"lucide lucide-eye w-5 h-5"[31m
                    [33mfill[31m=[32m"none"[31m
                    [33mheight[31m=[32m"24"[31m
                    [33mstroke[31m=[32m"currentColor"[31m
                    [33mstroke-linecap[31m=[32m"round"[31m
                    [33mstroke-linejoin[31m=[32m"round"[31m
                    [33mstroke-width[31m=[32m"2"[31m
                    [33mviewBox[31m=[32m"0 0 24 24"[31m
                    [33mwidth[31m=[32m"24"[31m
                    [33mxmlns[31m=[32m"http://www.w3.org/2000/svg"[31m
                  [36m>[31m
                    [36m<path[31m
                      [33md[31m=[32m"M2.062 12.348a1 1 0 0 1 0-.696 10.75 10.75 0 0 1 19.876 0 1 1 0 0 1 0 .696 10.75 10.75 0 0 1-19.876 0"[31m
                    [36m/>[31m
                    [36m<circle[31m
                      [33mcx[31m=[32m"12"[31m
                      [33mcy[31m=[32m"12"[31m
                      [33mr[31m=[32m"3"[31m
                    [36m/>[31m
                  [36m</svg>[31m
                [36m</button>[31m
              [36m</div>[31m
            [36m</div>[31m
          [36m</div>[31m
          [36m<button[31m
            [33mclass[31m=[32m"btn-primary btn-lg w-full group"[31m
            [33mtype[31m=[32m"submit"[31m
          [36m>[31m
            [36m<span>[31m
              [0m╪¬╪│╪¼┘è┘ä ╪º┘ä╪»╪«┘ê┘ä[0m
            [36m</span>[31m
            [36m<svg[31m
              [33maria-hidden[31m=[32m"true"[31m
              [33mclass[31m=[32m"lucide lucide-arrow-left w-5 h-5 group-hover:translate-x-1 transition-transform"[31m
              [33mfill[31m=[32m"none"[31m
              [33mheight[31m=[32m"24"[31m
              [33mstroke[31m=[32m"currentColor"[31m
              [33mstroke-linecap[31m=[32m"round"[31m
              [33mstroke-linejoin[31m=[32m"round"[31m
              [33mstroke-width[31m=[32m"2"[31m
              [33mviewBox[31m=[32m"0 0 24 24"[31m
              [33mwidth[31m=[32m"24"[31m
              [33mxmlns[31m=[32m"http://www.w3.org/2000/svg"[31m
            [36m>[31m
              [36m<path[31m
                [33md[31m=[32m"m12 19-7-7 7-7"[31m
              [36m/>[31m
              [36m<path[31m
                [33md[31m=[32m"M19 12H5"[31m
              [36m/>[31m
            [36m</svg>[31m
          [36m</button>[31m
        [36m</form>[31m
      [36m</div>[31m
    [36m</div>[31m
  [36m</body>[31m
[36m</html>[31m[39m
 [32mΓ£ô[39m src/components/auth/__tests__/LoginForm.test.tsx[2m > [22mLoginForm[2m > [22mRendering[2m > [22mshould render switch to signup link when callback provided[32m 75[2mms[22m[39m
 [31m├ù[39m src/components/auth/__tests__/SignupForm.test.tsx[2m > [22mSignupForm[2m > [22mUser Type Selection[2m > [22mshould progress to email form when freelancer is selected[33m 1036[2mms[22m[39m
[31m   ΓåÆ Unable to find role="button" and name `/freelancer|┘à╪│╪¬┘é┘ä/i`

Ignored nodes: comments, script, style
[36m<body>[31m
  [36m<div>[31m
    [36m<div[31m
      [33mclass[31m=[32m"w-full max-w-md mx-auto"[31m
    [36m>[31m
      [36m<form[31m
        [33mclass[31m=[32m"space-y-6"[31m
      [36m>[31m
        [36m<div[31m
          [33mclass[31m=[32m"text-center mb-8"[31m
        [36m>[31m
          [36m<div[31m
            [33mclass[31m=[32m"relative inline-block"[31m
          [36m>[31m
            [36m<div[31m
              [33mclass[31m=[32m"w-20 h-20 rounded-2xl bg-gradient-to-br from-accent-500 to-accent-600 flex items-center justify-center mx-auto mb-5 shadow-lg shadow-accent-500/30"[31m
            [36m>[31m
              [36m<svg[31m
                [33maria-hidden[31m=[32m"true"[31m
                [33mclass[31m=[32m"lucide lucide-sparkles w-10 h-10 text-white"[31m
                [33mfill[31m=[32m"none"[31m
                [33mheight[31m=[32m"24"[31m
                [33mstroke[31m=[32m"currentColor"[31m
                [33mstroke-linecap[31m=[32m"round"[31m
                [33mstroke-linejoin[31m=[32m"round"[31m
                [33mstroke-width[31m=[32m"2"[31m
                [33mviewBox[31m=[32m"0 0 24 24"[31m
                [33mwidth[31m=[32m"24"[31m
                [33mxmlns[31m=[32m"http://www.w3.org/2000/svg"[31m
              [36m>[31m
                [36m<path[31m
                  [33md[31m=[32m"M11.017 2.814a1 1 0 0 1 1.966 0l1.051 5.558a2 2 0 0 0 1.594 1.594l5.558 1.051a1 1 0 0 1 0 1.966l-5.558 1.051a2 2 0 0 0-1.594 1.594l-1.051 5.558a1 1 0 0 1-1.966 0l-1.051-5.558a2 2 0 0 0-1.594-1.594l-5.558-1.051a1 1 0 0 1 0-1.966l5.558-1.051a2 2 0 0 0 1.594-1.594z"[31m
                [36m/>[31m
                [36m<path[31m
                  [33md[31m=[32m"M20 2v4"[31m
                [36m/>[31m
                [36m<path[31m
                  [33md[31m=[32m"M22 4h-4"[31m
                [36m/>[31m
                [36m<circle[31m
                  [33mcx[31m=[32m"4"[31m
                  [33mcy[31m=[32m"20"[31m
                  [33mr[31m=[32m"2"[31m
                [36m/>[31m
              [36m</svg>[31m
            [36m</div>[31m
            [36m<div[31m
              [33mclass[31m=[32m"absolute -top-1 -end-1 w-8 h-8 rounded-xl bg-gradient-to-r from-primary-400 to-primary-600 flex items-center justify-center shadow-lg"[31m
            [36m>[31m
              [36m<svg[31m
                [33maria-hidden[31m=[32m"true"[31m
                [33mclass[31m=[32m"lucide lucide-user w-4 h-4 text-white"[31m
                [33mfill[31m=[32m"none"[31m
                [33mheight[31m=[32m"24"[31m
                [33mstroke[31m=[32m"currentColor"[31m
                [33mstroke-linecap[31m=[32m"round"[31m
                [33mstroke-linejoin[31m=[32m"round"[31m
                [33mstroke-width[31m=[32m"2"[31m
                [33mviewBox[31m=[32m"0 0 24 24"[31m
                [33mwidth[31m=[32m"24"[31m
                [33mxmlns[31m=[32m"http://www.w3.org/2000/svg"[31m
              [36m>[31m
                [36m<path[31m
                  [33md[31m=[32m"M19 21v-2a4 4 0 0 0-4-4H9a4 4 0 0 0-4 4v2"[31m
                [36m/>[31m
                [36m<circle[31m
                  [33mcx[31m=[32m"12"[31m
                  [33mcy[31m=[32m"7"[31m
                  [33mr[31m=[32m"4"[31m
                [36m/>[31m
              [36m</svg>[31m
            [36m</div>[31m
          [36m</div>[31m
          [36m<h2[31m
            [33mclass[31m=[32m"text-2xl font-bold mb-2"[31m
          [36m>[31m
            [0m╪Ñ┘å╪┤╪º╪í ╪¡╪│╪º╪¿[0m
          [36m</h2>[31m
          [36m<p[31m
            [33mclass[31m=[32m"text-muted"[31m
          [36m>[31m
            [0m╪ú┘å╪┤╪ª ╪¡╪│╪º╪¿┘â ┘ä┘ä╪¿╪»╪í[0m
          [36m</p>[31m
        [36m</div>[31m
        [36m<div[31m
          [33mclass[31m=[32m"space-y-4"[31m
        [36m>[31m
          [36m<div[31m
            [33mclass[31m=[32m"relative"[31m
          [36m>[31m
            [36m<label[31m
              [33mclass[31m=[32m"label flex items-center gap-2"[31m
            [36m>[31m
              [36m<svg[31m
                [33maria-hidden[31m=[32m"true"[31m
                [33mclass[31m=[32m"lucide lucide-mail w-4 h-4 text-primary-500"[31m
                [33mfill[31m=[32m"none"[31m
                [33mheight[31m=[32m"24"[31m
                [33mstroke[31m=[32m"currentColor"[31m
                [33mstroke-linecap[31m=[32m"round"[31m
                [33mstroke-linejoin[31m=[32m"round"[31m
                [33mstroke-width[31m=[32m"2"[31m
                [33mviewBox[31m=[32m"0 0 24 24"[31m
                [33mwidth[31m=[32m"24"[31m
                [33mxmlns[31m=[32m"http://www.w3.org/2000/svg"[31m
              [36m>[31m
                [36m<path[31m
                  [33md[31m=[32m"m22 7-8.991 5.727a2 2 0 0 1-2.009 0L2 7"[31m
                [36m/>[31m
                [36m<rect[31m
                  [33mheight[31m=[32m"16"[31m
                  [33mrx[31m=[32m"2"[31m
                  [33mwidth[31m=[32m"20"[31m
                  [33mx[31m=[32m"2"[31m
                  [33my[31m=[32m"4"[31m
                [36m/>[31m
              [36m</svg>[31m
              [0m╪º┘ä╪¿╪▒┘è╪» ╪º┘ä╪Ñ┘ä┘â╪¬╪▒┘ê┘å┘è[0m
            [36m</label>[31m
            [36m<input[31m
              [33mclass[31m=[32m"input"[31m
              [33mdir[31m=[32m"ltr"[31m
              [33mname[31m=[32m"email"[31m
              [33mplaceholder[31m=[32m"╪ú╪»╪«┘ä ╪¿╪▒┘è╪»┘â ╪º┘ä╪Ñ┘ä┘â╪¬╪▒┘ê┘å┘è"[31m
              [33mtype[31m=[32m"email"[31m
            [36m/>[31m
          [36m</div>[31m
          [36m<div[31m
            [33mclass[31m=[32m"relative"[31m
          [36m>[31m
            [36m<label[31m
              [33mclass[31m=[32m"label flex items-center gap-2"[31m
            [36m>[31m
              [36m<svg[31m
                [33maria-hidden[31m=[32m"true"[31m
                [33mclass[31m=[32m"lucide lucide-lock w-4 h-4 text-primary-500"[31m
                [33mfill[31m=[32m"none"[31m
                [33mheight[31m=[32m"24"[31m
                [33mstroke[31m=[32m"currentColor"[31m
                [33mstroke-linecap[31m=[32m"round"[31m
                [33mstroke-linejoin[31m=[32m"round"[31m
                [33mstroke-width[31m=[32m"2"[31m
                [33mviewBox[31m=[32m"0 0 24 24"[31m
                [33mwidth[31m=[32m"24"[31m
                [33mxmlns[31m=[32m"http://www.w3.org/2000/svg"[31m
              [36m>[31m
                [36m<rect[31m
                  [33mheight[31m=[32m"11"[31m
                  [33mrx[31m=[32m"2"[31m
                  [33mry[31m=[32m"2"[31m
                  [33mwidth[31m=[32m"18"[31m
                  [33mx[31m=[32m"3"[31m
                  [33my[31m=[32m"11"[31m
                [36m/>[31m
                [36m<path[31m
                  [33md[31m=[32m"M7 11V7a5 5 0 0 1 10 0v4"[31m
                [36m/>[31m
              [36m</svg>[31m
              [0m┘â┘ä┘à╪⌐ ╪º┘ä┘à╪▒┘ê╪▒[0m
            [36m</label>[31m
            [36m<div[31m
              [33mclass[31m=[32m"relative"[31m
            [36m>[31m
              [36m<input[31m
                [33mclass[31m=[32m"input pe-12"[31m
                [33mdir[31m=[32m"ltr"[31m
                [33mname[31m=[32m"password"[31m
                [33mplaceholder[31m=[32m"╪ú╪»╪«┘ä ┘â┘ä┘à╪⌐ ╪º┘ä┘à╪▒┘ê╪▒"[31m
                [33mtype[31m=[32m"password"[31m
              [36m/>[31m
              [36m<button[31m
                [33mclass[31m=[32m"absolute end-3 top-1/2 -translate-y-1/2 w-8 h-8 rounded-lg flex items-center justify-center text-dark-400 hover:text-dark-600 dark:hover:text-dark-300 hover:bg-dark-100 dark:hover:bg-dark-700 transition-colors"[31m
                [33mtype[31m=[32m"button"[31m
              [36m>[31m
                [36m<svg[31m
                  [33maria-hidden[31m=[32m"true"[31m
                  [33mclass[31m=[32m"lucide lucide-eye w-5 h-5"[31m
                  [33mfill[31m=[32m"none"[31m
                  [33mheight[31m=[32m"24"[31m
                  [33mstroke[31m=[32m"currentColor"[31m
                  [33mstroke-linecap[31m=[32m"round"[31m
                  [33mstroke-linejoin[31m=[32m"round"[31m
                  [33mstroke-width[31m=[32m"2"[31m
                  [33mviewBox[31m=[32m"0 0 24 24"[31m
                  [33mwidth[31m=[32m"24"[31m
                  [33mxmlns[31m=[32m"http://www.w3.org/2000/svg"[31m
                [36m>[31m
                  [36m<path[31m
                    [33md[31m=[32m"M2.062 12.348a1 1 0 0 1 0-.696 10.75 10.75 0 0 1 19.876 0 1 1 0 0 1 0 .696 10.75 10.75 0 0 1-19.876 0"[31m
                  [36m/>[31m
                  [36m<circle[31m
                    [33mcx[31m=[32m"12"[31m
                    [33mcy[31m=[32m"12"[31m
                    [33mr[31m=[32m"3"[31m
                  [36m/>[31m
                [36m</svg>[31m
              [36m</button>[31m
            [36m</div>[31m
          [36m</div>[31m
          [36m<div[31m
            [33mclass[31m=[32m"relative"[31m
          [36m>[31m
            [36m<label[31m
              [33mclass[31m=[32m"label flex items-center gap-2"[31m
            [36m>[31m
              [36m<svg[31m
                [33maria-hidden[31m=[32m"true"[31m
                [33mclass[31m=[32m"lucide lucide-circle-check w-4 h-4 text-primary-500"[31m
                [33mfill[31m=[32m"none"[31m
                [33mheight[31m=[32m"24"[31m
                [33mstroke[31m=[32m"currentColor"[31m
                [33mstroke-linecap[31m=[32m"round"[31m
                [33mstroke-linejoin[31m=[32m"round"[31m
                [33mstroke-width[31m=[32m"2"[31m
                [33mviewBox[31m=[32m"0 0 24 24"[31m
                [33mwidth[31m=[32m"24"[31m
                [33mxmlns[31m=[32m"http://www.w3.org/2000/svg"[31m
              [36m>[31m
                [36m<circle[31m
                  [33mcx[31m=[32m"12"[31m
                  [33mcy[31m=[32m"12"[31m
                  [33mr[31m=[32m"10"[31m
                [36m/>[31m
                [36m<path[31m
                  [33md[31m=[32m"m9 12 2 2 4-4"[31m
                [36m/>[31m
              [36m</svg>[31m
              [0m╪¬╪ú┘â┘è╪» ┘â┘ä┘à╪⌐ ╪º┘ä┘à╪▒┘ê╪▒[0m
            [36m</label>[31m
            [36m<input[31m
              [33mclass[31m=[32m"input"[31m
              [33mdir[31m=[32m"ltr"[31m
              [33mname[31m=[32m"confirmPassword"[31m
              [33mplaceholder[31m=[32m"╪ú╪╣╪» ╪Ñ╪»╪«╪º┘ä ┘â┘ä┘à╪⌐ ╪º┘ä┘à╪▒┘ê╪▒"[31m
              [33mtype[31m=[32m"password"[31m
            [36m/>[31m
          [36m</div>[31m
        [36m</div>[31m
        [36m<button[31m
          [33mclass[31m=[32m"btn-primary btn-lg w-full group"[31m
          [33mtype[31m=[32m"submit"[31m
        [36m>[31m
          [36m<span>[31m
            [0m╪Ñ┘å╪┤╪º╪í ╪¡╪│╪º╪¿[0m
          [36m</span>[31m
          [36m<svg[31m
            [33maria-hidden[31m=[32m"true"[31m
            [33mclass[31m=[32m"lucide lucide-arrow-left w-5 h-5 group-hover:translate-x-1 transition-transform"[31m
            [33mfill[31m=[32m"none"[31m
            [33mheight[31m=[32m"24"[31m
            [33mstroke[31m=[32m"currentColor"[31m
            [33mstroke-linecap[31m=[32m"round"[31m
            [33mstroke-linejoin[31m=[32m"round"[31m
            [33mstroke-width[31m=[32m"2"[31m
            [33mviewBox[31m=[32m"0 0 24 24"[31m
            [33mwidth[31m=[32m"24"[31m
            [33mxmlns[31m=[32m"http://www.w3.org/2000/svg"[31m
          [36m>[31m
            [36m<path[31m
              [33md[31m=[32m"m12 19-7-7 7-7"[31m
            [36m/>[31m
            [36m<path[31m
              [33md[31m=[32m"M19 12H5"[31m
            [36m/>[31m
          [36m</svg>[31m
        [36m</button>[31m
        [36m<p[31m
          [33mclass[31m=[32m"text-center text-muted"[31m
        [36m>[31m
          [0m┘ä╪»┘è┘â ╪¡╪│╪º╪¿ ╪¿╪º┘ä┘ü╪╣┘ä╪ƒ[0m
          [0m [0m
          [36m<button[31m
            [33mclass[31m=[32m"text-primary-600 dark:text-primary-400 font-semibold hover:underline"[31m
            [33mtype[31m=[32m"button"[31m
          [36m>[31m
            [0m╪¬╪│╪¼┘è┘ä ╪º┘ä╪»╪«┘ê┘ä[0m
          [36m</button>[31m
        [36m</p>[31m
      [36m</form>[31m
    [36m</div>[31m
  [36m</div>[31m
[36m</body>[31m

Ignored nodes: comments, script, style
[36m<html[31m
  [33mdir[31m=[32m"rtl"[31m
  [33mlang[31m=[32m"ar"[31m
[36m>[31m
  [36m<head />[31m
  [36m<body>[31m
    [36m<div>[31m
      [36m<div[31m
        [33mclass[31m=[32m"w-full max-w-md mx-auto"[31m
      [36m>[31m
        [36m<form[31m
          [33mclass[31m=[32m"space-y-6"[31m
        [36m>[31m
          [36m<div[31m
            [33mclass[31m=[32m"text-center mb-8"[31m
          [36m>[31m
            [36m<div[31m
              [33mclass[31m=[32m"relative inline-block"[31m
            [36m>[31m
              [36m<div[31m
                [33mclass[31m=[32m"w-20 h-20 rounded-2xl bg-gradient-to-br from-accent-500 to-accent-600 flex items-center justify-center mx-auto mb-5 shadow-lg shadow-accent-500/30"[31m
              [36m>[31m
                [36m<svg[31m
                  [33maria-hidden[31m=[32m"true"[31m
                  [33mclass[31m=[32m"lucide lucide-sparkles w-10 h-10 text-white"[31m
                  [33mfill[31m=[32m"none"[31m
                  [33mheight[31m=[32m"24"[31m
                  [33mstroke[31m=[32m"currentColor"[31m
                  [33mstroke-linecap[31m=[32m"round"[31m
                  [33mstroke-linejoin[31m=[32m"round"[31m
                  [33mstroke-width[31m=[32m"2"[31m
                  [33mviewBox[31m=[32m"0 0 24 24"[31m
                  [33mwidth[31m=[32m"24"[31m
                  [33mxmlns[31m=[32m"http://www.w3.org/2000/svg"[31m
                [36m>[31m
                  [36m<path[31m
                    [33md[31m=[32m"M11.017 2.814a1 1 0 0 1 1.966 0l1.051 5.558a2 2 0 0 0 1.594 1.594l5.558 1.051a1 1 0 0 1 0 1.966l-5.558 1.051a2 2 0 0 0-1.594 1.594l-1.051 5.558a1 1 0 0 1-1.966 0l-1.051-5.558a2 2 0 0 0-1.594-1.594l-5.558-1.051a1 1 0 0 1 0-1.966l5.558-1.051a2 2 0 0 0 1.594-1.594z"[31m
                  [36m/>[31m
                  [36m<path[31m
                    [33md[31m=[32m"M20 2v4"[31m
                  [36m/>[31m
                  [36m<path[31m
                    [33md[31m=[32m"M22 4h-4"[31m
                  [36m/>[31m
                  [36m<circle[31m
                    [33mcx[31m=[32m"4"[31m
                    [33mcy[31m=[32m"20"[31m
                    [33mr[31m=[32m"2"[31m
                  [36m/>[31m
                [36m</svg>[31m
              [36m</div>[31m
              [36m<div[31m
                [33mclass[31m=[32m"absolute -top-1 -end-1 w-8 h-8 rounded-xl bg-gradient-to-r from-primary-400 to-primary-600 flex items-center justify-center shadow-lg"[31m
              [36m>[31m
                [36m<svg[31m
                  [33maria-hidden[31m=[32m"true"[31m
                  [33mclass[31m=[32m"lucide lucide-user w-4 h-4 text-white"[31m
                  [33mfill[31m=[32m"none"[31m
                  [33mheight[31m=[32m"24"[31m
                  [33mstroke[31m=[32m"currentColor"[31m
                  [33mstroke-linecap[31m=[32m"round"[31m
                  [33mstroke-linejoin[31m=[32m"round"[31m
                  [33mstroke-width[31m=[32m"2"[31m
                  [33mviewBox[31m=[32m"0 0 24 24"[31m
                  [33mwidth[31m=[32m"24"[31m
                  [33mxmlns[31m=[32m"http://www.w3.org/2000/svg"[31m
                [36m>[31m
                  [36m<path[31m
                    [33md[31m=[32m"M19 21v-2a4 4 0 0 0-4-4H9a4 4 0 0 0-4 4v2"[31m
                  [36m/>[31m
                  [36m<circle[31m
                    [33mcx[31m=[32m"12"[31m
                    [33mcy[31m=[32m"7"[31m
                    [33mr[31m=[32m"4"[31m
                  [36m/>[31m
                [36m</svg>[31m
              [36m</div>[31m
            [36m</div>[31m
            [36m<h2[31m
              [33mclass[31m=[32m"text-2xl font-bold mb-2"[31m
            [36m>[31m
              [0m╪Ñ┘å╪┤╪º╪í ╪¡╪│╪º╪¿[0m
            [36m</h2>[31m
            [36m<p[31m
              [33mclass[31m=[32m"text-muted"[31m
            [36m>[31m
              [0m╪ú┘å╪┤╪ª ╪¡╪│╪º╪¿┘â ┘ä┘ä╪¿╪»╪í[0m
            [36m</p>[31m
          [36m</div>[31m
          [36m<div[31m
            [33mclass[31m=[32m"space-y-4"[31m
          [36m>[31m
            [36m<div[31m
              [33mclass[31m=[32m"relative"[31m
            [36m>[31m
              [36m<label[31m
                [33mclass[31m=[32m"label flex items-center gap-2"[31m
              [36m>[31m
                [36m<svg[31m
                  [33maria-hidden[31m=[32m"true"[31m
                  [33mclass[31m=[32m"lucide lucide-mail w-4 h-4 text-primary-500"[31m
                  [33mfill[31m=[32m"none"[31m
                  [33mheight[31m=[32m"24"[31m
                  [33mstroke[31m=[32m"currentColor"[31m
                  [33mstroke-linecap[31m=[32m"round"[31m
                  [33mstroke-linejoin[31m=[32m"round"[31m
                  [33mstroke-width[31m=[32m"2"[31m
                  [33mviewBox[31m=[32m"0 0 24 24"[31m
                  [33mwidth[31m=[32m"24"[31m
                  [33mxmlns[31m=[32m"http://www.w3.org/2000/svg"[31m
                [36m>[31m
                  [36m<path[31m
                    [33md[31m=[32m"m22 7-8.991 5.727a2 2 0 0 1-2.009 0L2 7"[31m
                  [36m/>[31m
                  [36m<rect[31m
                    [33mheight[31m=[32m"16"[31m
                    [33mrx[31m=[32m"2"[31m
                    [33mwidth[31m=[32m"20"[31m
                    [33mx[31m=[32m"2"[31m
                    [33my[31m=[32m"4"[31m
                  [36m/>[31m
                [36m</svg>[31m
                [0m╪º┘ä╪¿╪▒┘è╪» ╪º┘ä╪Ñ┘ä┘â╪¬╪▒┘ê┘å┘è[0m
              [36m</label>[31m
              [36m<input[31m
                [33mclass[31m=[32m"input"[31m
                [33mdir[31m=[32m"ltr"[31m
                [33mname[31m=[32m"email"[31m
                [33mplaceholder[31m=[32m"╪ú╪»╪«┘ä ╪¿╪▒┘è╪»┘â ╪º┘ä╪Ñ┘ä┘â╪¬╪▒┘ê┘å┘è"[31m
                [33mtype[31m=[32m"email"[31m
              [36m/>[31m
            [36m</div>[31m
            [36m<div[31m
              [33mclass[31m=[32m"relative"[31m
            [36m>[31m
              [36m<label[31m
                [33mclass[31m=[32m"label flex items-center gap-2"[31m
              [36m>[31m
                [36m<svg[31m
                  [33maria-hidden[31m=[32m"true"[31m
                  [33mclass[31m=[32m"lucide lucide-lock w-4 h-4 text-primary-500"[31m
                  [33mfill[31m=[32m"none"[31m
                  [33mheight[31m=[32m"24"[31m
                  [33mstroke[31m=[32m"currentColor"[31m
                  [33mstroke-linecap[31m=[32m"round"[31m
                  [33mstroke-linejoin[31m=[32m"round"[31m
                  [33mstroke-width[31m=[32m"2"[31m
                  [33mviewBox[31m=[32m"0 0 24 24"[31m
                  [33mwidth[31m=[32m"24"[31m
                  [33mxmlns[31m=[32m"http://www.w3.org/2000/svg"[31m
                [36m>[31m
                  [36m<rect[31m
                    [33mheight[31m=[32m"11"[31m
                    [33mrx[31m=[32m"2"[31m
                    [33mry[31m=[32m"2"[31m
                    [33mwidth[31m=[32m"18"[31m
                    [33mx[31m=[32m"3"[31m
                    [33my[31m=[32m"11"[31m
                  [36m/>[31m
                  [36m<path[31m
                    [33md[31m=[32m"M7 11V7a5 5 0 0 1 10 0v4"[31m
                  [36m/>[31m
                [36m</svg>[31m
                [0m┘â┘ä┘à╪⌐ ╪º┘ä┘à╪▒┘ê╪▒[0m
              [36m</label>[31m
              [36m<div[31m
                [33mclass[31m=[32m"relative"[31m
              [36m>[31m
                [36m<input[31m
                  [33mclass[31m=[32m"input pe-12"[31m
                  [33mdir[31m=[32m"ltr"[31m
                  [33mname[31m=[32m"password"[31m
                  [33mplaceholder[31m=[32m"╪ú╪»╪«┘ä ┘â┘ä┘à╪⌐ ╪º┘ä┘à╪▒┘ê╪▒"[31m
                  [33mtype[31m=[32m"password"[31m
                [36m/>[31m
                [36m<button[31m
                  [33mclass[31m=[32m"absolute end-3 top-1/2 -translate-y-1/2 w-8 h-8 rounded-lg flex items-center justify-center text-dark-400 hover:text-dark-600 dark:hover:text-dark-300 hover:bg-dark-100 dark:hover:bg-dark-700 transition-colors"[31m
                  [33mtype[31m=[32m"button"[31m
                [36m>[31m
                  [36m<svg[31m
                    [33maria-hidden[31m=[32m"true"[31m
                    [33mclass[31m=[32m"lucide lucide-eye w-5 h-5"[31m
                    [33mfill[31m=[32m"none"[31m
                    [33mheight[31m=[32m"24"[31m
                    [33mstroke[31m=[32m"currentColor"[31m
                    [33mstroke-linecap[31m=[32m"round"[31m
                    [33mstroke-linejoin[31m=[32m"round"[31m
                    [33mstroke-width[31m=[32m"2"[31m
                    [33mviewBox[31m=[32m"0 0 24 24"[31m
                    [33mwidth[31m=[32m"24"[31m
                    [33mxmlns[31m=[32m"http://www.w3.org/2000/svg"[31m
                  [36m>[31m
                    [36m<path[31m
                      [33md[31m=[32m"M2.062 12.348a1 1 0 0 1 0-.696 10.75 10.75 0 0 1 19.876 0 1 1 0 0 1 0 .696 10.75 10.75 0 0 1-19.876 0"[31m
                    [36m/>[31m
                    [36m<circle[31m
                      [33mcx[31m=[32m"12"[31m
                      [33mcy[31m=[32m"12"[31m
                      [33mr[31m=[32m"3"[31m
                    [36m/>[31m
                  [36m</svg>[31m
                [36m</button>[31m
              [36m</div>[31m
            [36m</div>[31m
            [36m<div[31m
              [33mclass[31m=[32m"relative"[31m
            [36m>[31m
              [36m<label[31m
                [33mclass[31m=[32m"label flex items-center gap-2"[31m
              [36m>[31m
                [36m<svg[31m
                  [33maria-hidden[31m=[32m"true"[31m
                  [33mclass[31m=[32m"lucide lucide-circle-check w-4 h-4 text-primary-500"[31m
                  [33mfill[31m=[32m"none"[31m
                  [33mheight[31m=[32m"24"[31m
                  [33mstroke[31m=[32m"currentColor"[31m
                  [33mstroke-linecap[31m=[32m"round"[31m
                  [33mstroke-linejoin[31m=[32m"round"[31m
                  [33mstroke-width[31m=[32m"2"[31m
                  [33mviewBox[31m=[32m"0 0 24 24"[31m
                  [33mwidth[31m=[32m"24"[31m
                  [33mxmlns[31m=[32m"http://www.w3.org/2000/svg"[31m
                [36m>[31m
                  [36m<circle[31m
                    [33mcx[31m=[32m"12"[31m
                    [33mcy[31m=[32m"12"[31m
                    [33mr[31m=[32m"10"[31m
                  [36m/>[31m
                  [36m<path[31m
                    [33md[31m=[32m"m9 12 2 2 4-4"[31m
                  [36m/>[31m
                [36m</svg>[31m
                [0m╪¬╪ú┘â┘è╪» ┘â┘ä┘à╪⌐ ╪º┘ä┘à╪▒┘ê╪▒[0m
              [36m</label>[31m
              [36m<input[31m
                [33mclass[31m=[32m"input"[31m
                [33mdir[31m=[32m"ltr"[31m
                [33mname[31m=[32m"confirmPassword"[31m
                [33mplaceholder[31m=[32m"╪ú╪╣╪» ╪Ñ╪»╪«╪º┘ä ┘â┘ä┘à╪⌐ ╪º┘ä┘à╪▒┘ê╪▒"[31m
                [33mtype[31m=[32m"password"[31m
              [36m/>[31m
            [36m</div>[31m
          [36m</div>[31m
          [36m<button[31m
            [33mclass[31m=[32m"btn-primary btn-lg w-full group"[31m
            [33mtype[31m=[32m"submit"[31m
          [36m>[31m
            [36m<span>[31m
              [0m╪Ñ┘å╪┤╪º╪í ╪¡╪│╪º╪¿[0m
            [36m</span>[31m
            [36m<svg[31m
              [33maria-hidden[31m=[32m"true"[31m
              [33mclass[31m=[32m"lucide lucide-arrow-left w-5 h-5 group-hover:translate-x-1 transition-transform"[31m
              [33mfill[31m=[32m"none"[31m
              [33mheight[31m=[32m"24"[31m
              [33mstroke[31m=[32m"currentColor"[31m
              [33mstroke-linecap[31m=[32m"round"[31m
              [33mstroke-linejoin[31m=[32m"round"[31m
              [33mstroke-width[31m=[32m"2"[31m
              [33mviewBox[31m=[32m"0 0 24 24"[31m
              [33mwidth[31m=[32m"24"[31m
              [33mxmlns[31m=[32m"http://www.w3.org/2000/svg"[31m
            [36m>[31m
              [36m<path[31m
                [33md[31m=[32m"m12 19-7-7 7-7"[31m
              [36m/>[31m
              [36m<path[31m
                [33md[31m=[32m"M19 12H5"[31m
              [36m/>[31m
            [36m</svg>[31m
          [36m</button>[31m
          [36m<p[31m
            [33mclass[31m=[32m"text-center text-muted"[31m
          [36m>[31m
            [0m┘ä╪»┘è┘â ╪¡╪│╪º╪¿ ╪¿╪º┘ä┘ü╪╣┘ä╪ƒ[0m
            [0m [0m
            [36m<button[31m
              [33mclass[31m=[32m"text-primary-600 dark:text-primary-400 font-semibold hover:underline"[31m
              [33mtype[31m=[32m"button"[31m
            [36m>[31m
              [0m╪¬╪│╪¼┘è┘ä ╪º┘ä╪»╪«┘ê┘ä[0m
            [36m</button>[31m
          [36m</p>[31m
        [36m</form>[31m
      [36m</div>[31m
    [36m</div>[31m
  [36m</body>[31m
[36m</html>[31m[39m
 [31m├ù[39m src/components/auth/__tests__/LoginForm.test.tsx[2m > [22mLoginForm[2m > [22mValidation[2m > [22mshould show error for invalid email[33m 1024[2mms[22m[39m
[31m   ΓåÆ Unable to find an element with the placeholder text of: /example@email.com/i

Ignored nodes: comments, script, style
[36m<body>[31m
  [36m<div>[31m
    [36m<div[31m
      [33mclass[31m=[32m"w-full max-w-md mx-auto"[31m
    [36m>[31m
      [36m<form[31m
        [33mclass[31m=[32m"space-y-6"[31m
      [36m>[31m
        [36m<div[31m
          [33mclass[31m=[32m"text-center mb-8"[31m
        [36m>[31m
          [36m<div[31m
            [33mclass[31m=[32m"relative inline-block"[31m
          [36m>[31m
            [36m<div[31m
              [33mclass[31m=[32m"w-20 h-20 rounded-2xl gradient-primary flex items-center justify-center mx-auto mb-5 shadow-lg shadow-primary-600/30"[31m
            [36m>[31m
              [36m<svg[31m
                [33maria-hidden[31m=[32m"true"[31m
                [33mclass[31m=[32m"lucide lucide-mail w-10 h-10 text-white"[31m
                [33mfill[31m=[32m"none"[31m
                [33mheight[31m=[32m"24"[31m
                [33mstroke[31m=[32m"currentColor"[31m
                [33mstroke-linecap[31m=[32m"round"[31m
                [33mstroke-linejoin[31m=[32m"round"[31m
                [33mstroke-width[31m=[32m"2"[31m
                [33mviewBox[31m=[32m"0 0 24 24"[31m
                [33mwidth[31m=[32m"24"[31m
                [33mxmlns[31m=[32m"http://www.w3.org/2000/svg"[31m
              [36m>[31m
                [36m<path[31m
                  [33md[31m=[32m"m22 7-8.991 5.727a2 2 0 0 1-2.009 0L2 7"[31m
                [36m/>[31m
                [36m<rect[31m
                  [33mheight[31m=[32m"16"[31m
                  [33mrx[31m=[32m"2"[31m
                  [33mwidth[31m=[32m"20"[31m
                  [33mx[31m=[32m"2"[31m
                  [33my[31m=[32m"4"[31m
                [36m/>[31m
              [36m</svg>[31m
            [36m</div>[31m
            [36m<div[31m
              [33mclass[31m=[32m"absolute -top-1 -end-1 w-8 h-8 rounded-xl bg-gradient-to-r from-accent-400 to-accent-600 flex items-center justify-center shadow-lg"[31m
            [36m>[31m
              [36m<svg[31m
                [33maria-hidden[31m=[32m"true"[31m
                [33mclass[31m=[32m"lucide lucide-sparkles w-4 h-4 text-white"[31m
                [33mfill[31m=[32m"none"[31m
                [33mheight[31m=[32m"24"[31m
                [33mstroke[31m=[32m"currentColor"[31m
                [33mstroke-linecap[31m=[32m"round"[31m
                [33mstroke-linejoin[31m=[32m"round"[31m
                [33mstroke-width[31m=[32m"2"[31m
                [33mviewBox[31m=[32m"0 0 24 24"[31m
                [33mwidth[31m=[32m"24"[31m
                [33mxmlns[31m=[32m"http://www.w3.org/2000/svg"[31m
              [36m>[31m
                [36m<path[31m
                  [33md[31m=[32m"M11.017 2.814a1 1 0 0 1 1.966 0l1.051 5.558a2 2 0 0 0 1.594 1.594l5.558 1.051a1 1 0 0 1 0 1.966l-5.558 1.051a2 2 0 0 0-1.594 1.594l-1.051 5.558a1 1 0 0 1-1.966 0l-1.051-5.558a2 2 0 0 0-1.594-1.594l-5.558-1.051a1 1 0 0 1 0-1.966l5.558-1.051a2 2 0 0 0 1.594-1.594z"[31m
                [36m/>[31m
                [36m<path[31m
                  [33md[31m=[32m"M20 2v4"[31m
                [36m/>[31m
                [36m<path[31m
                  [33md[31m=[32m"M22 4h-4"[31m
                [36m/>[31m
                [36m<circle[31m
                  [33mcx[31m=[32m"4"[31m
                  [33mcy[31m=[32m"20"[31m
                  [33mr[31m=[32m"2"[31m
                [36m/>[31m
              [36m</svg>[31m
            [36m</div>[31m
          [36m</div>[31m
          [36m<h2[31m
            [33mclass[31m=[32m"text-2xl font-bold mb-2"[31m
          [36m>[31m
            [0m╪¬╪│╪¼┘è┘ä ╪º┘ä╪»╪«┘ê┘ä[0m
          [36m</h2>[31m
          [36m<p[31m
            [33mclass[31m=[32m"text-muted"[31m
          [36m>[31m
            [0m╪ú╪»╪«┘ä ╪¿╪▒┘è╪»┘â ╪º┘ä╪Ñ┘ä┘â╪¬╪▒┘ê┘å┘è ┘ê┘â┘ä┘à╪⌐ ╪º┘ä┘à╪▒┘ê╪▒[0m
          [36m</p>[31m
        [36m</div>[31m
        [36m<div[31m
          [33mclass[31m=[32m"space-y-5"[31m
        [36m>[31m
          [36m<div[31m
            [33mclass[31m=[32m"relative"[31m
          [36m>[31m
            [36m<label[31m
              [33mclass[31m=[32m"label flex items-center gap-2"[31m
            [36m>[31m
              [36m<svg[31m
                [33maria-hidden[31m=[32m"true"[31m
                [33mclass[31m=[32m"lucide lucide-mail w-4 h-4 text-primary-500"[31m
                [33mfill[31m=[32m"none"[31m
                [33mheight[31m=[32m"24"[31m
                [33mstroke[31m=[32m"currentColor"[31m
                [33mstroke-linecap[31m=[32m"round"[31m
                [33mstroke-linejoin[31m=[32m"round"[31m
                [33mstroke-width[31m=[32m"2"[31m
                [33mviewBox[31m=[32m"0 0 24 24"[31m
                [33mwidth[31m=[32m"24"[31m
                [33mxmlns[31m=[32m"http://www.w3.org/2000/svg"[31m
              [36m>[31m
                [36m<path[31m
                  [33md[31m=[32m"m22 7-8.991 5.727a2 2 0 0 1-2.009 0L2 7"[31m
                [36m/>[31m
                [36m<rect[31m
                  [33mheight[31m=[32m"16"[31m
                  [33mrx[31m=[32m"2"[31m
                  [33mwidth[31m=[32m"20"[31m
                  [33mx[31m=[32m"2"[31m
                  [33my[31m=[32m"4"[31m
                [36m/>[31m
              [36m</svg>[31m
              [0m╪º┘ä╪¿╪▒┘è╪» ╪º┘ä╪Ñ┘ä┘â╪¬╪▒┘ê┘å┘è[0m
            [36m</label>[31m
            [36m<input[31m
              [33mclass[31m=[32m"input"[31m
              [33mdir[31m=[32m"ltr"[31m
              [33mname[31m=[32m"email"[31m
              [33mplaceholder[31m=[32m"╪ú╪»╪«┘ä ╪¿╪▒┘è╪»┘â ╪º┘ä╪Ñ┘ä┘â╪¬╪▒┘ê┘å┘è"[31m
              [33mtype[31m=[32m"email"[31m
            [36m/>[31m
          [36m</div>[31m
          [36m<div[31m
            [33mclass[31m=[32m"relative"[31m
          [36m>[31m
            [36m<label[31m
              [33mclass[31m=[32m"label flex items-center gap-2"[31m
            [36m>[31m
              [36m<svg[31m
                [33maria-hidden[31m=[32m"true"[31m
                [33mclass[31m=[32m"lucide lucide-lock w-4 h-4 text-primary-500"[31m
                [33mfill[31m=[32m"none"[31m
                [33mheight[31m=[32m"24"[31m
                [33mstroke[31m=[32m"currentColor"[31m
                [33mstroke-linecap[31m=[32m"round"[31m
                [33mstroke-linejoin[31m=[32m"round"[31m
                [33mstroke-width[31m=[32m"2"[31m
                [33mviewBox[31m=[32m"0 0 24 24"[31m
                [33mwidth[31m=[32m"24"[31m
                [33mxmlns[31m=[32m"http://www.w3.org/2000/svg"[31m
              [36m>[31m
                [36m<rect[31m
                  [33mheight[31m=[32m"11"[31m
                  [33mrx[31m=[32m"2"[31m
                  [33mry[31m=[32m"2"[31m
                  [33mwidth[31m=[32m"18"[31m
                  [33mx[31m=[32m"3"[31m
                  [33my[31m=[32m"11"[31m
                [36m/>[31m
                [36m<path[31m
                  [33md[31m=[32m"M7 11V7a5 5 0 0 1 10 0v4"[31m
                [36m/>[31m
              [36m</svg>[31m
              [0m┘â┘ä┘à╪⌐ ╪º┘ä┘à╪▒┘ê╪▒[0m
            [36m</label>[31m
            [36m<div[31m
              [33mclass[31m=[32m"relative"[31m
            [36m>[31m
              [36m<input[31m
                [33mclass[31m=[32m"input pe-12"[31m
                [33mdir[31m=[32m"ltr"[31m
                [33mname[31m=[32m"password"[31m
                [33mplaceholder[31m=[32m"╪ú╪»╪«┘ä ┘â┘ä┘à╪⌐ ╪º┘ä┘à╪▒┘ê╪▒"[31m
                [33mtype[31m=[32m"password"[31m
              [36m/>[31m
              [36m<button[31m
                [33mclass[31m=[32m"absolute end-3 top-1/2 -translate-y-1/2 w-8 h-8 rounded-lg flex items-center justify-center text-dark-400 hover:text-dark-600 dark:hover:text-dark-300 hover:bg-dark-100 dark:hover:bg-dark-700 transition-colors"[31m
                [33mtype[31m=[32m"button"[31m
              [36m>[31m
                [36m<svg[31m
                  [33maria-hidden[31m=[32m"true"[31m
                  [33mclass[31m=[32m"lucide lucide-eye w-5 h-5"[31m
                  [33mfill[31m=[32m"none"[31m
                  [33mheight[31m=[32m"24"[31m
                  [33mstroke[31m=[32m"currentColor"[31m
                  [33mstroke-linecap[31m=[32m"round"[31m
                  [33mstroke-linejoin[31m=[32m"round"[31m
                  [33mstroke-width[31m=[32m"2"[31m
                  [33mviewBox[31m=[32m"0 0 24 24"[31m
                  [33mwidth[31m=[32m"24"[31m
                  [33mxmlns[31m=[32m"http://www.w3.org/2000/svg"[31m
                [36m>[31m
                  [36m<path[31m
                    [33md[31m=[32m"M2.062 12.348a1 1 0 0 1 0-.696 10.75 10.75 0 0 1 19.876 0 1 1 0 0 1 0 .696 10.75 10.75 0 0 1-19.876 0"[31m
                  [36m/>[31m
                  [36m<circle[31m
                    [33mcx[31m=[32m"12"[31m
                    [33mcy[31m=[32m"12"[31m
                    [33mr[31m=[32m"3"[31m
                  [36m/>[31m
                [36m</svg>[31m
              [36m</button>[31m
            [36m</div>[31m
          [36m</div>[31m
        [36m</div>[31m
        [36m<button[31m
          [33mclass[31m=[32m"btn-primary btn-lg w-full group"[31m
          [33mtype[31m=[32m"submit"[31m
        [36m>[31m
          [36m<span>[31m
            [0m╪¬╪│╪¼┘è┘ä ╪º┘ä╪»╪«┘ê┘ä[0m
          [36m</span>[31m
          [36m<svg[31m
            [33maria-hidden[31m=[32m"true"[31m
            [33mclass[31m=[32m"lucide lucide-arrow-left w-5 h-5 group-hover:translate-x-1 transition-transform"[31m
            [33mfill[31m=[32m"none"[31m
            [33mheight[31m=[32m"24"[31m
            [33mstroke[31m=[32m"currentColor"[31m
            [33mstroke-linecap[31m=[32m"round"[31m
            [33mstroke-linejoin[31m=[32m"round"[31m
            [33mstroke-width[31m=[32m"2"[31m
            [33mviewBox[31m=[32m"0 0 24 24"[31m
            [33mwidth[31m=[32m"24"[31m
            [33mxmlns[31m=[32m"http://www.w3.org/2000/svg"[31m
          [36m>[31m
            [36m<path[31m
              [33md[31m=[32m"m12 19-7-7 7-7"[31m
            [36m/>[31m
            [36m<path[31m
              [33md[31m=[32m"M19 12H5"[31m
            [36m/>[31m
          [36m</svg>[31m
        [36m</button>[31m
      [36m</form>[31m
    [36m</div>[31m
  [36m</div>[31m
[36m</body>[31m

Ignored nodes: comments, script, style
[36m<html[31m
  [33mdir[31m=[32m"rtl"[31m
  [33mlang[31m=[32m"ar"[31m
[36m>[31m
  [36m<head />[31m
  [36m<body>[31m
    [36m<div>[31m
      [36m<div[31m
        [33mclass[31m=[32m"w-full max-w-md mx-auto"[31m
      [36m>[31m
        [36m<form[31m
          [33mclass[31m=[32m"space-y-6"[31m
        [36m>[31m
          [36m<div[31m
            [33mclass[31m=[32m"text-center mb-8"[31m
          [36m>[31m
            [36m<div[31m
              [33mclass[31m=[32m"relative inline-block"[31m
            [36m>[31m
              [36m<div[31m
                [33mclass[31m=[32m"w-20 h-20 rounded-2xl gradient-primary flex items-center justify-center mx-auto mb-5 shadow-lg shadow-primary-600/30"[31m
              [36m>[31m
                [36m<svg[31m
                  [33maria-hidden[31m=[32m"true"[31m
                  [33mclass[31m=[32m"lucide lucide-mail w-10 h-10 text-white"[31m
                  [33mfill[31m=[32m"none"[31m
                  [33mheight[31m=[32m"24"[31m
                  [33mstroke[31m=[32m"currentColor"[31m
                  [33mstroke-linecap[31m=[32m"round"[31m
                  [33mstroke-linejoin[31m=[32m"round"[31m
                  [33mstroke-width[31m=[32m"2"[31m
                  [33mviewBox[31m=[32m"0 0 24 24"[31m
                  [33mwidth[31m=[32m"24"[31m
                  [33mxmlns[31m=[32m"http://www.w3.org/2000/svg"[31m
                [36m>[31m
                  [36m<path[31m
                    [33md[31m=[32m"m22 7-8.991 5.727a2 2 0 0 1-2.009 0L2 7"[31m
                  [36m/>[31m
                  [36m<rect[31m
                    [33mheight[31m=[32m"16"[31m
                    [33mrx[31m=[32m"2"[31m
                    [33mwidth[31m=[32m"20"[31m
                    [33mx[31m=[32m"2"[31m
                    [33my[31m=[32m"4"[31m
                  [36m/>[31m
                [36m</svg>[31m
              [36m</div>[31m
              [36m<div[31m
                [33mclass[31m=[32m"absolute -top-1 -end-1 w-8 h-8 rounded-xl bg-gradient-to-r from-accent-400 to-accent-600 flex items-center justify-center shadow-lg"[31m
              [36m>[31m
                [36m<svg[31m
                  [33maria-hidden[31m=[32m"true"[31m
                  [33mclass[31m=[32m"lucide lucide-sparkles w-4 h-4 text-white"[31m
                  [33mfill[31m=[32m"none"[31m
                  [33mheight[31m=[32m"24"[31m
                  [33mstroke[31m=[32m"currentColor"[31m
                  [33mstroke-linecap[31m=[32m"round"[31m
                  [33mstroke-linejoin[31m=[32m"round"[31m
                  [33mstroke-width[31m=[32m"2"[31m
                  [33mviewBox[31m=[32m"0 0 24 24"[31m
                  [33mwidth[31m=[32m"24"[31m
                  [33mxmlns[31m=[32m"http://www.w3.org/2000/svg"[31m
                [36m>[31m
                  [36m<path[31m
                    [33md[31m=[32m"M11.017 2.814a1 1 0 0 1 1.966 0l1.051 5.558a2 2 0 0 0 1.594 1.594l5.558 1.051a1 1 0 0 1 0 1.966l-5.558 1.051a2 2 0 0 0-1.594 1.594l-1.051 5.558a1 1 0 0 1-1.966 0l-1.051-5.558a2 2 0 0 0-1.594-1.594l-5.558-1.051a1 1 0 0 1 0-1.966l5.558-1.051a2 2 0 0 0 1.594-1.594z"[31m
                  [36m/>[31m
                  [36m<path[31m
                    [33md[31m=[32m"M20 2v4"[31m
                  [36m/>[31m
                  [36m<path[31m
                    [33md[31m=[32m"M22 4h-4"[31m
                  [36m/>[31m
                  [36m<circle[31m
                    [33mcx[31m=[32m"4"[31m
                    [33mcy[31m=[32m"20"[31m
                    [33mr[31m=[32m"2"[31m
                  [36m/>[31m
                [36m</svg>[31m
              [36m</div>[31m
            [36m</div>[31m
            [36m<h2[31m
              [33mclass[31m=[32m"text-2xl font-bold mb-2"[31m
            [36m>[31m
              [0m╪¬╪│╪¼┘è┘ä ╪º┘ä╪»╪«┘ê┘ä[0m
            [36m</h2>[31m
            [36m<p[31m
              [33mclass[31m=[32m"text-muted"[31m
            [36m>[31m
              [0m╪ú╪»╪«┘ä ╪¿╪▒┘è╪»┘â ╪º┘ä╪Ñ┘ä┘â╪¬╪▒┘ê┘å┘è ┘ê┘â┘ä┘à╪⌐ ╪º┘ä┘à╪▒┘ê╪▒[0m
            [36m</p>[31m
          [36m</div>[31m
          [36m<div[31m
            [33mclass[31m=[32m"space-y-5"[31m
          [36m>[31m
            [36m<div[31m
              [33mclass[31m=[32m"relative"[31m
            [36m>[31m
              [36m<label[31m
                [33mclass[31m=[32m"label flex items-center gap-2"[31m
              [36m>[31m
                [36m<svg[31m
                  [33maria-hidden[31m=[32m"true"[31m
                  [33mclass[31m=[32m"lucide lucide-mail w-4 h-4 text-primary-500"[31m
                  [33mfill[31m=[32m"none"[31m
                  [33mheight[31m=[32m"24"[31m
                  [33mstroke[31m=[32m"currentColor"[31m
                  [33mstroke-linecap[31m=[32m"round"[31m
                  [33mstroke-linejoin[31m=[32m"round"[31m
                  [33mstroke-width[31m=[32m"2"[31m
                  [33mviewBox[31m=[32m"0 0 24 24"[31m
                  [33mwidth[31m=[32m"24"[31m
                  [33mxmlns[31m=[32m"http://www.w3.org/2000/svg"[31m
                [36m>[31m
                  [36m<path[31m
                    [33md[31m=[32m"m22 7-8.991 5.727a2 2 0 0 1-2.009 0L2 7"[31m
                  [36m/>[31m
                  [36m<rect[31m
                    [33mheight[31m=[32m"16"[31m
                    [33mrx[31m=[32m"2"[31m
                    [33mwidth[31m=[32m"20"[31m
                    [33mx[31m=[32m"2"[31m
                    [33my[31m=[32m"4"[31m
                  [36m/>[31m
                [36m</svg>[31m
                [0m╪º┘ä╪¿╪▒┘è╪» ╪º┘ä╪Ñ┘ä┘â╪¬╪▒┘ê┘å┘è[0m
              [36m</label>[31m
              [36m<input[31m
                [33mclass[31m=[32m"input"[31m
                [33mdir[31m=[32m"ltr"[31m
                [33mname[31m=[32m"email"[31m
                [33mplaceholder[31m=[32m"╪ú╪»╪«┘ä ╪¿╪▒┘è╪»┘â ╪º┘ä╪Ñ┘ä┘â╪¬╪▒┘ê┘å┘è"[31m
                [33mtype[31m=[32m"email"[31m
              [36m/>[31m
            [36m</div>[31m
            [36m<div[31m
              [33mclass[31m=[32m"relative"[31m
            [36m>[31m
              [36m<label[31m
                [33mclass[31m=[32m"label flex items-center gap-2"[31m
              [36m>[31m
                [36m<svg[31m
                  [33maria-hidden[31m=[32m"true"[31m
                  [33mclass[31m=[32m"lucide lucide-lock w-4 h-4 text-primary-500"[31m
                  [33mfill[31m=[32m"none"[31m
                  [33mheight[31m=[32m"24"[31m
                  [33mstroke[31m=[32m"currentColor"[31m
                  [33mstroke-linecap[31m=[32m"round"[31m
                  [33mstroke-linejoin[31m=[32m"round"[31m
                  [33mstroke-width[31m=[32m"2"[31m
                  [33mviewBox[31m=[32m"0 0 24 24"[31m
                  [33mwidth[31m=[32m"24"[31m
                  [33mxmlns[31m=[32m"http://www.w3.org/2000/svg"[31m
                [36m>[31m
                  [36m<rect[31m
                    [33mheight[31m=[32m"11"[31m
                    [33mrx[31m=[32m"2"[31m
                    [33mry[31m=[32m"2"[31m
                    [33mwidth[31m=[32m"18"[31m
                    [33mx[31m=[32m"3"[31m
                    [33my[31m=[32m"11"[31m
                  [36m/>[31m
                  [36m<path[31m
                    [33md[31m=[32m"M7 11V7a5 5 0 0 1 10 0v4"[31m
                  [36m/>[31m
                [36m</svg>[31m
                [0m┘â┘ä┘à╪⌐ ╪º┘ä┘à╪▒┘ê╪▒[0m
              [36m</label>[31m
              [36m<div[31m
                [33mclass[31m=[32m"relative"[31m
              [36m>[31m
                [36m<input[31m
                  [33mclass[31m=[32m"input pe-12"[31m
                  [33mdir[31m=[32m"ltr"[31m
                  [33mname[31m=[32m"password"[31m
                  [33mplaceholder[31m=[32m"╪ú╪»╪«┘ä ┘â┘ä┘à╪⌐ ╪º┘ä┘à╪▒┘ê╪▒"[31m
                  [33mtype[31m=[32m"password"[31m
                [36m/>[31m
                [36m<button[31m
                  [33mclass[31m=[32m"absolute end-3 top-1/2 -translate-y-1/2 w-8 h-8 rounded-lg flex items-center justify-center text-dark-400 hover:text-dark-600 dark:hover:text-dark-300 hover:bg-dark-100 dark:hover:bg-dark-700 transition-colors"[31m
                  [33mtype[31m=[32m"button"[31m
                [36m>[31m
                  [36m<svg[31m
                    [33maria-hidden[31m=[32m"true"[31m
                    [33mclass[31m=[32m"lucide lucide-eye w-5 h-5"[31m
                    [33mfill[31m=[32m"none"[31m
                    [33mheight[31m=[32m"24"[31m
                    [33mstroke[31m=[32m"currentColor"[31m
                    [33mstroke-linecap[31m=[32m"round"[31m
                    [33mstroke-linejoin[31m=[32m"round"[31m
                    [33mstroke-width[31m=[32m"2"[31m
                    [33mviewBox[31m=[32m"0 0 24 24"[31m
                    [33mwidth[31m=[32m"24"[31m
                    [33mxmlns[31m=[32m"http://www.w3.org/2000/svg"[31m
                  [36m>[31m
                    [36m<path[31m
                      [33md[31m=[32m"M2.062 12.348a1 1 0 0 1 0-.696 10.75 10.75 0 0 1 19.876 0 1 1 0 0 1 0 .696 10.75 10.75 0 0 1-19.876 0"[31m
                    [36m/>[31m
                    [36m<circle[31m
                      [33mcx[31m=[32m"12"[31m
                      [33mcy[31m=[32m"12"[31m
                      [33mr[31m=[32m"3"[31m
                    [36m/>[31m
                  [36m</svg>[31m
                [36m</button>[31m
              [36m</div>[31m
            [36m</div>[31m
          [36m</div>[31m
          [36m<button[31m
            [33mclass[31m=[32m"btn-primary btn-lg w-full group"[31m
            [33mtype[31m=[32m"submit"[31m
          [36m>[31m
            [36m<span>[31m
              [0m╪¬╪│╪¼┘è┘ä ╪º┘ä╪»╪«┘ê┘ä[0m
            [36m</span>[31m
            [36m<svg[31m
              [33maria-hidden[31m=[32m"true"[31m
              [33mclass[31m=[32m"lucide lucide-arrow-left w-5 h-5 group-hover:translate-x-1 transition-transform"[31m
              [33mfill[31m=[32m"none"[31m
              [33mheight[31m=[32m"24"[31m
              [33mstroke[31m=[32m"currentColor"[31m
              [33mstroke-linecap[31m=[32m"round"[31m
              [33mstroke-linejoin[31m=[32m"round"[31m
              [33mstroke-width[31m=[32m"2"[31m
              [33mviewBox[31m=[32m"0 0 24 24"[31m
              [33mwidth[31m=[32m"24"[31m
              [33mxmlns[31m=[32m"http://www.w3.org/2000/svg"[31m
            [36m>[31m
              [36m<path[31m
                [33md[31m=[32m"m12 19-7-7 7-7"[31m
              [36m/>[31m
              [36m<path[31m
                [33md[31m=[32m"M19 12H5"[31m
              [36m/>[31m
            [36m</svg>[31m
          [36m</button>[31m
        [36m</form>[31m
      [36m</div>[31m
    [36m</div>[31m
  [36m</body>[31m
[36m</html>[31m[39m
 [31m├ù[39m src/components/auth/__tests__/SignupForm.test.tsx[2m > [22mSignupForm[2m > [22mUser Type Selection[2m > [22mshould progress to email form when client is selected[33m 1025[2mms[22m[39m
[31m   ΓåÆ Unable to find role="button" and name `/client|╪╡╪º╪¡╪¿ ╪╣┘à┘ä/i`

Ignored nodes: comments, script, style
[36m<body>[31m
  [36m<div>[31m
    [36m<div[31m
      [33mclass[31m=[32m"w-full max-w-md mx-auto"[31m
    [36m>[31m
      [36m<form[31m
        [33mclass[31m=[32m"space-y-6"[31m
      [36m>[31m
        [36m<div[31m
          [33mclass[31m=[32m"text-center mb-8"[31m
        [36m>[31m
          [36m<div[31m
            [33mclass[31m=[32m"relative inline-block"[31m
          [36m>[31m
            [36m<div[31m
              [33mclass[31m=[32m"w-20 h-20 rounded-2xl bg-gradient-to-br from-accent-500 to-accent-600 flex items-center justify-center mx-auto mb-5 shadow-lg shadow-accent-500/30"[31m
            [36m>[31m
              [36m<svg[31m
                [33maria-hidden[31m=[32m"true"[31m
                [33mclass[31m=[32m"lucide lucide-sparkles w-10 h-10 text-white"[31m
                [33mfill[31m=[32m"none"[31m
                [33mheight[31m=[32m"24"[31m
                [33mstroke[31m=[32m"currentColor"[31m
                [33mstroke-linecap[31m=[32m"round"[31m
                [33mstroke-linejoin[31m=[32m"round"[31m
                [33mstroke-width[31m=[32m"2"[31m
                [33mviewBox[31m=[32m"0 0 24 24"[31m
                [33mwidth[31m=[32m"24"[31m
                [33mxmlns[31m=[32m"http://www.w3.org/2000/svg"[31m
              [36m>[31m
                [36m<path[31m
                  [33md[31m=[32m"M11.017 2.814a1 1 0 0 1 1.966 0l1.051 5.558a2 2 0 0 0 1.594 1.594l5.558 1.051a1 1 0 0 1 0 1.966l-5.558 1.051a2 2 0 0 0-1.594 1.594l-1.051 5.558a1 1 0 0 1-1.966 0l-1.051-5.558a2 2 0 0 0-1.594-1.594l-5.558-1.051a1 1 0 0 1 0-1.966l5.558-1.051a2 2 0 0 0 1.594-1.594z"[31m
                [36m/>[31m
                [36m<path[31m
                  [33md[31m=[32m"M20 2v4"[31m
                [36m/>[31m
                [36m<path[31m
                  [33md[31m=[32m"M22 4h-4"[31m
                [36m/>[31m
                [36m<circle[31m
                  [33mcx[31m=[32m"4"[31m
                  [33mcy[31m=[32m"20"[31m
                  [33mr[31m=[32m"2"[31m
                [36m/>[31m
              [36m</svg>[31m
            [36m</div>[31m
            [36m<div[31m
              [33mclass[31m=[32m"absolute -top-1 -end-1 w-8 h-8 rounded-xl bg-gradient-to-r from-primary-400 to-primary-600 flex items-center justify-center shadow-lg"[31m
            [36m>[31m
              [36m<svg[31m
                [33maria-hidden[31m=[32m"true"[31m
                [33mclass[31m=[32m"lucide lucide-user w-4 h-4 text-white"[31m
                [33mfill[31m=[32m"none"[31m
                [33mheight[31m=[32m"24"[31m
                [33mstroke[31m=[32m"currentColor"[31m
                [33mstroke-linecap[31m=[32m"round"[31m
                [33mstroke-linejoin[31m=[32m"round"[31m
                [33mstroke-width[31m=[32m"2"[31m
                [33mviewBox[31m=[32m"0 0 24 24"[31m
                [33mwidth[31m=[32m"24"[31m
                [33mxmlns[31m=[32m"http://www.w3.org/2000/svg"[31m
              [36m>[31m
                [36m<path[31m
                  [33md[31m=[32m"M19 21v-2a4 4 0 0 0-4-4H9a4 4 0 0 0-4 4v2"[31m
                [36m/>[31m
                [36m<circle[31m
                  [33mcx[31m=[32m"12"[31m
                  [33mcy[31m=[32m"7"[31m
                  [33mr[31m=[32m"4"[31m
                [36m/>[31m
              [36m</svg>[31m
            [36m</div>[31m
          [36m</div>[31m
          [36m<h2[31m
            [33mclass[31m=[32m"text-2xl font-bold mb-2"[31m
          [36m>[31m
            [0m╪Ñ┘å╪┤╪º╪í ╪¡╪│╪º╪¿[0m
          [36m</h2>[31m
          [36m<p[31m
            [33mclass[31m=[32m"text-muted"[31m
          [36m>[31m
            [0m╪ú┘å╪┤╪ª ╪¡╪│╪º╪¿┘â ┘ä┘ä╪¿╪»╪í[0m
          [36m</p>[31m
        [36m</div>[31m
        [36m<div[31m
          [33mclass[31m=[32m"space-y-4"[31m
        [36m>[31m
          [36m<div[31m
            [33mclass[31m=[32m"relative"[31m
          [36m>[31m
            [36m<label[31m
              [33mclass[31m=[32m"label flex items-center gap-2"[31m
            [36m>[31m
              [36m<svg[31m
                [33maria-hidden[31m=[32m"true"[31m
                [33mclass[31m=[32m"lucide lucide-mail w-4 h-4 text-primary-500"[31m
                [33mfill[31m=[32m"none"[31m
                [33mheight[31m=[32m"24"[31m
                [33mstroke[31m=[32m"currentColor"[31m
                [33mstroke-linecap[31m=[32m"round"[31m
                [33mstroke-linejoin[31m=[32m"round"[31m
                [33mstroke-width[31m=[32m"2"[31m
                [33mviewBox[31m=[32m"0 0 24 24"[31m
                [33mwidth[31m=[32m"24"[31m
                [33mxmlns[31m=[32m"http://www.w3.org/2000/svg"[31m
              [36m>[31m
                [36m<path[31m
                  [33md[31m=[32m"m22 7-8.991 5.727a2 2 0 0 1-2.009 0L2 7"[31m
                [36m/>[31m
                [36m<rect[31m
                  [33mheight[31m=[32m"16"[31m
                  [33mrx[31m=[32m"2"[31m
                  [33mwidth[31m=[32m"20"[31m
                  [33mx[31m=[32m"2"[31m
                  [33my[31m=[32m"4"[31m
                [36m/>[31m
              [36m</svg>[31m
              [0m╪º┘ä╪¿╪▒┘è╪» ╪º┘ä╪Ñ┘ä┘â╪¬╪▒┘ê┘å┘è[0m
            [36m</label>[31m
            [36m<input[31m
              [33mclass[31m=[32m"input"[31m
              [33mdir[31m=[32m"ltr"[31m
              [33mname[31m=[32m"email"[31m
              [33mplaceholder[31m=[32m"╪ú╪»╪«┘ä ╪¿╪▒┘è╪»┘â ╪º┘ä╪Ñ┘ä┘â╪¬╪▒┘ê┘å┘è"[31m
              [33mtype[31m=[32m"email"[31m
            [36m/>[31m
          [36m</div>[31m
          [36m<div[31m
            [33mclass[31m=[32m"relative"[31m
          [36m>[31m
            [36m<label[31m
              [33mclass[31m=[32m"label flex items-center gap-2"[31m
            [36m>[31m
              [36m<svg[31m
                [33maria-hidden[31m=[32m"true"[31m
                [33mclass[31m=[32m"lucide lucide-lock w-4 h-4 text-primary-500"[31m
                [33mfill[31m=[32m"none"[31m
                [33mheight[31m=[32m"24"[31m
                [33mstroke[31m=[32m"currentColor"[31m
                [33mstroke-linecap[31m=[32m"round"[31m
                [33mstroke-linejoin[31m=[32m"round"[31m
                [33mstroke-width[31m=[32m"2"[31m
                [33mviewBox[31m=[32m"0 0 24 24"[31m
                [33mwidth[31m=[32m"24"[31m
                [33mxmlns[31m=[32m"http://www.w3.org/2000/svg"[31m
              [36m>[31m
                [36m<rect[31m
                  [33mheight[31m=[32m"11"[31m
                  [33mrx[31m=[32m"2"[31m
                  [33mry[31m=[32m"2"[31m
                  [33mwidth[31m=[32m"18"[31m
                  [33mx[31m=[32m"3"[31m
                  [33my[31m=[32m"11"[31m
                [36m/>[31m
                [36m<path[31m
                  [33md[31m=[32m"M7 11V7a5 5 0 0 1 10 0v4"[31m
                [36m/>[31m
              [36m</svg>[31m
              [0m┘â┘ä┘à╪⌐ ╪º┘ä┘à╪▒┘ê╪▒[0m
            [36m</label>[31m
            [36m<div[31m
              [33mclass[31m=[32m"relative"[31m
            [36m>[31m
              [36m<input[31m
                [33mclass[31m=[32m"input pe-12"[31m
                [33mdir[31m=[32m"ltr"[31m
                [33mname[31m=[32m"password"[31m
                [33mplaceholder[31m=[32m"╪ú╪»╪«┘ä ┘â┘ä┘à╪⌐ ╪º┘ä┘à╪▒┘ê╪▒"[31m
                [33mtype[31m=[32m"password"[31m
              [36m/>[31m
              [36m<button[31m
                [33mclass[31m=[32m"absolute end-3 top-1/2 -translate-y-1/2 w-8 h-8 rounded-lg flex items-center justify-center text-dark-400 hover:text-dark-600 dark:hover:text-dark-300 hover:bg-dark-100 dark:hover:bg-dark-700 transition-colors"[31m
                [33mtype[31m=[32m"button"[31m
              [36m>[31m
                [36m<svg[31m
                  [33maria-hidden[31m=[32m"true"[31m
                  [33mclass[31m=[32m"lucide lucide-eye w-5 h-5"[31m
                  [33mfill[31m=[32m"none"[31m
                  [33mheight[31m=[32m"24"[31m
                  [33mstroke[31m=[32m"currentColor"[31m
                  [33mstroke-linecap[31m=[32m"round"[31m
                  [33mstroke-linejoin[31m=[32m"round"[31m
                  [33mstroke-width[31m=[32m"2"[31m
                  [33mviewBox[31m=[32m"0 0 24 24"[31m
                  [33mwidth[31m=[32m"24"[31m
                  [33mxmlns[31m=[32m"http://www.w3.org/2000/svg"[31m
                [36m>[31m
                  [36m<path[31m
                    [33md[31m=[32m"M2.062 12.348a1 1 0 0 1 0-.696 10.75 10.75 0 0 1 19.876 0 1 1 0 0 1 0 .696 10.75 10.75 0 0 1-19.876 0"[31m
                  [36m/>[31m
                  [36m<circle[31m
                    [33mcx[31m=[32m"12"[31m
                    [33mcy[31m=[32m"12"[31m
                    [33mr[31m=[32m"3"[31m
                  [36m/>[31m
                [36m</svg>[31m
              [36m</button>[31m
            [36m</div>[31m
          [36m</div>[31m
          [36m<div[31m
            [33mclass[31m=[32m"relative"[31m
          [36m>[31m
            [36m<label[31m
              [33mclass[31m=[32m"label flex items-center gap-2"[31m
            [36m>[31m
              [36m<svg[31m
                [33maria-hidden[31m=[32m"true"[31m
                [33mclass[31m=[32m"lucide lucide-circle-check w-4 h-4 text-primary-500"[31m
                [33mfill[31m=[32m"none"[31m
                [33mheight[31m=[32m"24"[31m
                [33mstroke[31m=[32m"currentColor"[31m
                [33mstroke-linecap[31m=[32m"round"[31m
                [33mstroke-linejoin[31m=[32m"round"[31m
                [33mstroke-width[31m=[32m"2"[31m
                [33mviewBox[31m=[32m"0 0 24 24"[31m
                [33mwidth[31m=[32m"24"[31m
                [33mxmlns[31m=[32m"http://www.w3.org/2000/svg"[31m
              [36m>[31m
                [36m<circle[31m
                  [33mcx[31m=[32m"12"[31m
                  [33mcy[31m=[32m"12"[31m
                  [33mr[31m=[32m"10"[31m
                [36m/>[31m
                [36m<path[31m
                  [33md[31m=[32m"m9 12 2 2 4-4"[31m
                [36m/>[31m
              [36m</svg>[31m
              [0m╪¬╪ú┘â┘è╪» ┘â┘ä┘à╪⌐ ╪º┘ä┘à╪▒┘ê╪▒[0m
            [36m</label>[31m
            [36m<input[31m
              [33mclass[31m=[32m"input"[31m
              [33mdir[31m=[32m"ltr"[31m
              [33mname[31m=[32m"confirmPassword"[31m
              [33mplaceholder[31m=[32m"╪ú╪╣╪» ╪Ñ╪»╪«╪º┘ä ┘â┘ä┘à╪⌐ ╪º┘ä┘à╪▒┘ê╪▒"[31m
              [33mtype[31m=[32m"password"[31m
            [36m/>[31m
          [36m</div>[31m
        [36m</div>[31m
        [36m<button[31m
          [33mclass[31m=[32m"btn-primary btn-lg w-full group"[31m
          [33mtype[31m=[32m"submit"[31m
        [36m>[31m
          [36m<span>[31m
            [0m╪Ñ┘å╪┤╪º╪í ╪¡╪│╪º╪¿[0m
          [36m</span>[31m
          [36m<svg[31m
            [33maria-hidden[31m=[32m"true"[31m
            [33mclass[31m=[32m"lucide lucide-arrow-left w-5 h-5 group-hover:translate-x-1 transition-transform"[31m
            [33mfill[31m=[32m"none"[31m
            [33mheight[31m=[32m"24"[31m
            [33mstroke[31m=[32m"currentColor"[31m
            [33mstroke-linecap[31m=[32m"round"[31m
            [33mstroke-linejoin[31m=[32m"round"[31m
            [33mstroke-width[31m=[32m"2"[31m
            [33mviewBox[31m=[32m"0 0 24 24"[31m
            [33mwidth[31m=[32m"24"[31m
            [33mxmlns[31m=[32m"http://www.w3.org/2000/svg"[31m
          [36m>[31m
            [36m<path[31m
              [33md[31m=[32m"m12 19-7-7 7-7"[31m
            [36m/>[31m
            [36m<path[31m
              [33md[31m=[32m"M19 12H5"[31m
            [36m/>[31m
          [36m</svg>[31m
        [36m</button>[31m
        [36m<p[31m
          [33mclass[31m=[32m"text-center text-muted"[31m
        [36m>[31m
          [0m┘ä╪»┘è┘â ╪¡╪│╪º╪¿ ╪¿╪º┘ä┘ü╪╣┘ä╪ƒ[0m
          [0m [0m
          [36m<button[31m
            [33mclass[31m=[32m"text-primary-600 dark:text-primary-400 font-semibold hover:underline"[31m
            [33mtype[31m=[32m"button"[31m
          [36m>[31m
            [0m╪¬╪│╪¼┘è┘ä ╪º┘ä╪»╪«┘ê┘ä[0m
          [36m</button>[31m
        [36m</p>[31m
      [36m</form>[31m
    [36m</div>[31m
  [36m</div>[31m
[36m</body>[31m

Ignored nodes: comments, script, style
[36m<html[31m
  [33mdir[31m=[32m"rtl"[31m
  [33mlang[31m=[32m"ar"[31m
[36m>[31m
  [36m<head />[31m
  [36m<body>[31m
    [36m<div>[31m
      [36m<div[31m
        [33mclass[31m=[32m"w-full max-w-md mx-auto"[31m
      [36m>[31m
        [36m<form[31m
          [33mclass[31m=[32m"space-y-6"[31m
        [36m>[31m
          [36m<div[31m
            [33mclass[31m=[32m"text-center mb-8"[31m
          [36m>[31m
            [36m<div[31m
              [33mclass[31m=[32m"relative inline-block"[31m
            [36m>[31m
              [36m<div[31m
                [33mclass[31m=[32m"w-20 h-20 rounded-2xl bg-gradient-to-br from-accent-500 to-accent-600 flex items-center justify-center mx-auto mb-5 shadow-lg shadow-accent-500/30"[31m
              [36m>[31m
                [36m<svg[31m
                  [33maria-hidden[31m=[32m"true"[31m
                  [33mclass[31m=[32m"lucide lucide-sparkles w-10 h-10 text-white"[31m
                  [33mfill[31m=[32m"none"[31m
                  [33mheight[31m=[32m"24"[31m
                  [33mstroke[31m=[32m"currentColor"[31m
                  [33mstroke-linecap[31m=[32m"round"[31m
                  [33mstroke-linejoin[31m=[32m"round"[31m
                  [33mstroke-width[31m=[32m"2"[31m
                  [33mviewBox[31m=[32m"0 0 24 24"[31m
                  [33mwidth[31m=[32m"24"[31m
                  [33mxmlns[31m=[32m"http://www.w3.org/2000/svg"[31m
                [36m>[31m
                  [36m<path[31m
                    [33md[31m=[32m"M11.017 2.814a1 1 0 0 1 1.966 0l1.051 5.558a2 2 0 0 0 1.594 1.594l5.558 1.051a1 1 0 0 1 0 1.966l-5.558 1.051a2 2 0 0 0-1.594 1.594l-1.051 5.558a1 1 0 0 1-1.966 0l-1.051-5.558a2 2 0 0 0-1.594-1.594l-5.558-1.051a1 1 0 0 1 0-1.966l5.558-1.051a2 2 0 0 0 1.594-1.594z"[31m
                  [36m/>[31m
                  [36m<path[31m
                    [33md[31m=[32m"M20 2v4"[31m
                  [36m/>[31m
                  [36m<path[31m
                    [33md[31m=[32m"M22 4h-4"[31m
                  [36m/>[31m
                  [36m<circle[31m
                    [33mcx[31m=[32m"4"[31m
                    [33mcy[31m=[32m"20"[31m
                    [33mr[31m=[32m"2"[31m
                  [36m/>[31m
                [36m</svg>[31m
              [36m</div>[31m
              [36m<div[31m
                [33mclass[31m=[32m"absolute -top-1 -end-1 w-8 h-8 rounded-xl bg-gradient-to-r from-primary-400 to-primary-600 flex items-center justify-center shadow-lg"[31m
              [36m>[31m
                [36m<svg[31m
                  [33maria-hidden[31m=[32m"true"[31m
                  [33mclass[31m=[32m"lucide lucide-user w-4 h-4 text-white"[31m
                  [33mfill[31m=[32m"none"[31m
                  [33mheight[31m=[32m"24"[31m
                  [33mstroke[31m=[32m"currentColor"[31m
                  [33mstroke-linecap[31m=[32m"round"[31m
                  [33mstroke-linejoin[31m=[32m"round"[31m
                  [33mstroke-width[31m=[32m"2"[31m
                  [33mviewBox[31m=[32m"0 0 24 24"[31m
                  [33mwidth[31m=[32m"24"[31m
                  [33mxmlns[31m=[32m"http://www.w3.org/2000/svg"[31m
                [36m>[31m
                  [36m<path[31m
                    [33md[31m=[32m"M19 21v-2a4 4 0 0 0-4-4H9a4 4 0 0 0-4 4v2"[31m
                  [36m/>[31m
                  [36m<circle[31m
                    [33mcx[31m=[32m"12"[31m
                    [33mcy[31m=[32m"7"[31m
                    [33mr[31m=[32m"4"[31m
                  [36m/>[31m
                [36m</svg>[31m
              [36m</div>[31m
            [36m</div>[31m
            [36m<h2[31m
              [33mclass[31m=[32m"text-2xl font-bold mb-2"[31m
            [36m>[31m
              [0m╪Ñ┘å╪┤╪º╪í ╪¡╪│╪º╪¿[0m
            [36m</h2>[31m
            [36m<p[31m
              [33mclass[31m=[32m"text-muted"[31m
            [36m>[31m
              [0m╪ú┘å╪┤╪ª ╪¡╪│╪º╪¿┘â ┘ä┘ä╪¿╪»╪í[0m
            [36m</p>[31m
          [36m</div>[31m
          [36m<div[31m
            [33mclass[31m=[32m"space-y-4"[31m
          [36m>[31m
            [36m<div[31m
              [33mclass[31m=[32m"relative"[31m
            [36m>[31m
              [36m<label[31m
                [33mclass[31m=[32m"label flex items-center gap-2"[31m
              [36m>[31m
                [36m<svg[31m
                  [33maria-hidden[31m=[32m"true"[31m
                  [33mclass[31m=[32m"lucide lucide-mail w-4 h-4 text-primary-500"[31m
                  [33mfill[31m=[32m"none"[31m
                  [33mheight[31m=[32m"24"[31m
                  [33mstroke[31m=[32m"currentColor"[31m
                  [33mstroke-linecap[31m=[32m"round"[31m
                  [33mstroke-linejoin[31m=[32m"round"[31m
                  [33mstroke-width[31m=[32m"2"[31m
                  [33mviewBox[31m=[32m"0 0 24 24"[31m
                  [33mwidth[31m=[32m"24"[31m
                  [33mxmlns[31m=[32m"http://www.w3.org/2000/svg"[31m
                [36m>[31m
                  [36m<path[31m
                    [33md[31m=[32m"m22 7-8.991 5.727a2 2 0 0 1-2.009 0L2 7"[31m
                  [36m/>[31m
                  [36m<rect[31m
                    [33mheight[31m=[32m"16"[31m
                    [33mrx[31m=[32m"2"[31m
                    [33mwidth[31m=[32m"20"[31m
                    [33mx[31m=[32m"2"[31m
                    [33my[31m=[32m"4"[31m
                  [36m/>[31m
                [36m</svg>[31m
                [0m╪º┘ä╪¿╪▒┘è╪» ╪º┘ä╪Ñ┘ä┘â╪¬╪▒┘ê┘å┘è[0m
              [36m</label>[31m
              [36m<input[31m
                [33mclass[31m=[32m"input"[31m
                [33mdir[31m=[32m"ltr"[31m
                [33mname[31m=[32m"email"[31m
                [33mplaceholder[31m=[32m"╪ú╪»╪«┘ä ╪¿╪▒┘è╪»┘â ╪º┘ä╪Ñ┘ä┘â╪¬╪▒┘ê┘å┘è"[31m
                [33mtype[31m=[32m"email"[31m
              [36m/>[31m
            [36m</div>[31m
            [36m<div[31m
              [33mclass[31m=[32m"relative"[31m
            [36m>[31m
              [36m<label[31m
                [33mclass[31m=[32m"label flex items-center gap-2"[31m
              [36m>[31m
                [36m<svg[31m
                  [33maria-hidden[31m=[32m"true"[31m
                  [33mclass[31m=[32m"lucide lucide-lock w-4 h-4 text-primary-500"[31m
                  [33mfill[31m=[32m"none"[31m
                  [33mheight[31m=[32m"24"[31m
                  [33mstroke[31m=[32m"currentColor"[31m
                  [33mstroke-linecap[31m=[32m"round"[31m
                  [33mstroke-linejoin[31m=[32m"round"[31m
                  [33mstroke-width[31m=[32m"2"[31m
                  [33mviewBox[31m=[32m"0 0 24 24"[31m
                  [33mwidth[31m=[32m"24"[31m
                  [33mxmlns[31m=[32m"http://www.w3.org/2000/svg"[31m
                [36m>[31m
                  [36m<rect[31m
                    [33mheight[31m=[32m"11"[31m
                    [33mrx[31m=[32m"2"[31m
                    [33mry[31m=[32m"2"[31m
                    [33mwidth[31m=[32m"18"[31m
                    [33mx[31m=[32m"3"[31m
                    [33my[31m=[32m"11"[31m
                  [36m/>[31m
                  [36m<path[31m
                    [33md[31m=[32m"M7 11V7a5 5 0 0 1 10 0v4"[31m
                  [36m/>[31m
                [36m</svg>[31m
                [0m┘â┘ä┘à╪⌐ ╪º┘ä┘à╪▒┘ê╪▒[0m
              [36m</label>[31m
              [36m<div[31m
                [33mclass[31m=[32m"relative"[31m
              [36m>[31m
                [36m<input[31m
                  [33mclass[31m=[32m"input pe-12"[31m
                  [33mdir[31m=[32m"ltr"[31m
                  [33mname[31m=[32m"password"[31m
                  [33mplaceholder[31m=[32m"╪ú╪»╪«┘ä ┘â┘ä┘à╪⌐ ╪º┘ä┘à╪▒┘ê╪▒"[31m
                  [33mtype[31m=[32m"password"[31m
                [36m/>[31m
                [36m<button[31m
                  [33mclass[31m=[32m"absolute end-3 top-1/2 -translate-y-1/2 w-8 h-8 rounded-lg flex items-center justify-center text-dark-400 hover:text-dark-600 dark:hover:text-dark-300 hover:bg-dark-100 dark:hover:bg-dark-700 transition-colors"[31m
                  [33mtype[31m=[32m"button"[31m
                [36m>[31m
                  [36m<svg[31m
                    [33maria-hidden[31m=[32m"true"[31m
                    [33mclass[31m=[32m"lucide lucide-eye w-5 h-5"[31m
                    [33mfill[31m=[32m"none"[31m
                    [33mheight[31m=[32m"24"[31m
                    [33mstroke[31m=[32m"currentColor"[31m
                    [33mstroke-linecap[31m=[32m"round"[31m
                    [33mstroke-linejoin[31m=[32m"round"[31m
                    [33mstroke-width[31m=[32m"2"[31m
                    [33mviewBox[31m=[32m"0 0 24 24"[31m
                    [33mwidth[31m=[32m"24"[31m
                    [33mxmlns[31m=[32m"http://www.w3.org/2000/svg"[31m
                  [36m>[31m
                    [36m<path[31m
                      [33md[31m=[32m"M2.062 12.348a1 1 0 0 1 0-.696 10.75 10.75 0 0 1 19.876 0 1 1 0 0 1 0 .696 10.75 10.75 0 0 1-19.876 0"[31m
                    [36m/>[31m
                    [36m<circle[31m
                      [33mcx[31m=[32m"12"[31m
                      [33mcy[31m=[32m"12"[31m
                      [33mr[31m=[32m"3"[31m
                    [36m/>[31m
                  [36m</svg>[31m
                [36m</button>[31m
              [36m</div>[31m
            [36m</div>[31m
            [36m<div[31m
              [33mclass[31m=[32m"relative"[31m
            [36m>[31m
              [36m<label[31m
                [33mclass[31m=[32m"label flex items-center gap-2"[31m
              [36m>[31m
                [36m<svg[31m
                  [33maria-hidden[31m=[32m"true"[31m
                  [33mclass[31m=[32m"lucide lucide-circle-check w-4 h-4 text-primary-500"[31m
                  [33mfill[31m=[32m"none"[31m
                  [33mheight[31m=[32m"24"[31m
                  [33mstroke[31m=[32m"currentColor"[31m
                  [33mstroke-linecap[31m=[32m"round"[31m
                  [33mstroke-linejoin[31m=[32m"round"[31m
                  [33mstroke-width[31m=[32m"2"[31m
                  [33mviewBox[31m=[32m"0 0 24 24"[31m
                  [33mwidth[31m=[32m"24"[31m
                  [33mxmlns[31m=[32m"http://www.w3.org/2000/svg"[31m
                [36m>[31m
                  [36m<circle[31m
                    [33mcx[31m=[32m"12"[31m
                    [33mcy[31m=[32m"12"[31m
                    [33mr[31m=[32m"10"[31m
                  [36m/>[31m
                  [36m<path[31m
                    [33md[31m=[32m"m9 12 2 2 4-4"[31m
                  [36m/>[31m
                [36m</svg>[31m
                [0m╪¬╪ú┘â┘è╪» ┘â┘ä┘à╪⌐ ╪º┘ä┘à╪▒┘ê╪▒[0m
              [36m</label>[31m
              [36m<input[31m
                [33mclass[31m=[32m"input"[31m
                [33mdir[31m=[32m"ltr"[31m
                [33mname[31m=[32m"confirmPassword"[31m
                [33mplaceholder[31m=[32m"╪ú╪╣╪» ╪Ñ╪»╪«╪º┘ä ┘â┘ä┘à╪⌐ ╪º┘ä┘à╪▒┘ê╪▒"[31m
                [33mtype[31m=[32m"password"[31m
              [36m/>[31m
            [36m</div>[31m
          [36m</div>[31m
          [36m<button[31m
            [33mclass[31m=[32m"btn-primary btn-lg w-full group"[31m
            [33mtype[31m=[32m"submit"[31m
          [36m>[31m
            [36m<span>[31m
              [0m╪Ñ┘å╪┤╪º╪í ╪¡╪│╪º╪¿[0m
            [36m</span>[31m
            [36m<svg[31m
              [33maria-hidden[31m=[32m"true"[31m
              [33mclass[31m=[32m"lucide lucide-arrow-left w-5 h-5 group-hover:translate-x-1 transition-transform"[31m
              [33mfill[31m=[32m"none"[31m
              [33mheight[31m=[32m"24"[31m
              [33mstroke[31m=[32m"currentColor"[31m
              [33mstroke-linecap[31m=[32m"round"[31m
              [33mstroke-linejoin[31m=[32m"round"[31m
              [33mstroke-width[31m=[32m"2"[31m
              [33mviewBox[31m=[32m"0 0 24 24"[31m
              [33mwidth[31m=[32m"24"[31m
              [33mxmlns[31m=[32m"http://www.w3.org/2000/svg"[31m
            [36m>[31m
              [36m<path[31m
                [33md[31m=[32m"m12 19-7-7 7-7"[31m
              [36m/>[31m
              [36m<path[31m
                [33md[31m=[32m"M19 12H5"[31m
              [36m/>[31m
            [36m</svg>[31m
          [36m</button>[31m
          [36m<p[31m
            [33mclass[31m=[32m"text-center text-muted"[31m
          [36m>[31m
            [0m┘ä╪»┘è┘â ╪¡╪│╪º╪¿ ╪¿╪º┘ä┘ü╪╣┘ä╪ƒ[0m
            [0m [0m
            [36m<button[31m
              [33mclass[31m=[32m"text-primary-600 dark:text-primary-400 font-semibold hover:underline"[31m
              [33mtype[31m=[32m"button"[31m
            [36m>[31m
              [0m╪¬╪│╪¼┘è┘ä ╪º┘ä╪»╪«┘ê┘ä[0m
            [36m</button>[31m
          [36m</p>[31m
        [36m</form>[31m
      [36m</div>[31m
    [36m</div>[31m
  [36m</body>[31m
[36m</html>[31m[39m
 [31m├ù[39m src/components/auth/__tests__/LoginForm.test.tsx[2m > [22mLoginForm[2m > [22mValidation[2m > [22mshould show error for short password[33m 1028[2mms[22m[39m
[31m   ΓåÆ Unable to find an element with the placeholder text of: /example@email.com/i

Ignored nodes: comments, script, style
[36m<body>[31m
  [36m<div>[31m
    [36m<div[31m
      [33mclass[31m=[32m"w-full max-w-md mx-auto"[31m
    [36m>[31m
      [36m<form[31m
        [33mclass[31m=[32m"space-y-6"[31m
      [36m>[31m
        [36m<div[31m
          [33mclass[31m=[32m"text-center mb-8"[31m
        [36m>[31m
          [36m<div[31m
            [33mclass[31m=[32m"relative inline-block"[31m
          [36m>[31m
            [36m<div[31m
              [33mclass[31m=[32m"w-20 h-20 rounded-2xl gradient-primary flex items-center justify-center mx-auto mb-5 shadow-lg shadow-primary-600/30"[31m
            [36m>[31m
              [36m<svg[31m
                [33maria-hidden[31m=[32m"true"[31m
                [33mclass[31m=[32m"lucide lucide-mail w-10 h-10 text-white"[31m
                [33mfill[31m=[32m"none"[31m
                [33mheight[31m=[32m"24"[31m
                [33mstroke[31m=[32m"currentColor"[31m
                [33mstroke-linecap[31m=[32m"round"[31m
                [33mstroke-linejoin[31m=[32m"round"[31m
                [33mstroke-width[31m=[32m"2"[31m
                [33mviewBox[31m=[32m"0 0 24 24"[31m
                [33mwidth[31m=[32m"24"[31m
                [33mxmlns[31m=[32m"http://www.w3.org/2000/svg"[31m
              [36m>[31m
                [36m<path[31m
                  [33md[31m=[32m"m22 7-8.991 5.727a2 2 0 0 1-2.009 0L2 7"[31m
                [36m/>[31m
                [36m<rect[31m
                  [33mheight[31m=[32m"16"[31m
                  [33mrx[31m=[32m"2"[31m
                  [33mwidth[31m=[32m"20"[31m
                  [33mx[31m=[32m"2"[31m
                  [33my[31m=[32m"4"[31m
                [36m/>[31m
              [36m</svg>[31m
            [36m</div>[31m
            [36m<div[31m
              [33mclass[31m=[32m"absolute -top-1 -end-1 w-8 h-8 rounded-xl bg-gradient-to-r from-accent-400 to-accent-600 flex items-center justify-center shadow-lg"[31m
            [36m>[31m
              [36m<svg[31m
                [33maria-hidden[31m=[32m"true"[31m
                [33mclass[31m=[32m"lucide lucide-sparkles w-4 h-4 text-white"[31m
                [33mfill[31m=[32m"none"[31m
                [33mheight[31m=[32m"24"[31m
                [33mstroke[31m=[32m"currentColor"[31m
                [33mstroke-linecap[31m=[32m"round"[31m
                [33mstroke-linejoin[31m=[32m"round"[31m
                [33mstroke-width[31m=[32m"2"[31m
                [33mviewBox[31m=[32m"0 0 24 24"[31m
                [33mwidth[31m=[32m"24"[31m
                [33mxmlns[31m=[32m"http://www.w3.org/2000/svg"[31m
              [36m>[31m
                [36m<path[31m
                  [33md[31m=[32m"M11.017 2.814a1 1 0 0 1 1.966 0l1.051 5.558a2 2 0 0 0 1.594 1.594l5.558 1.051a1 1 0 0 1 0 1.966l-5.558 1.051a2 2 0 0 0-1.594 1.594l-1.051 5.558a1 1 0 0 1-1.966 0l-1.051-5.558a2 2 0 0 0-1.594-1.594l-5.558-1.051a1 1 0 0 1 0-1.966l5.558-1.051a2 2 0 0 0 1.594-1.594z"[31m
                [36m/>[31m
                [36m<path[31m
                  [33md[31m=[32m"M20 2v4"[31m
                [36m/>[31m
                [36m<path[31m
                  [33md[31m=[32m"M22 4h-4"[31m
                [36m/>[31m
                [36m<circle[31m
                  [33mcx[31m=[32m"4"[31m
                  [33mcy[31m=[32m"20"[31m
                  [33mr[31m=[32m"2"[31m
                [36m/>[31m
              [36m</svg>[31m
            [36m</div>[31m
          [36m</div>[31m
          [36m<h2[31m
            [33mclass[31m=[32m"text-2xl font-bold mb-2"[31m
          [36m>[31m
            [0m╪¬╪│╪¼┘è┘ä ╪º┘ä╪»╪«┘ê┘ä[0m
          [36m</h2>[31m
          [36m<p[31m
            [33mclass[31m=[32m"text-muted"[31m
          [36m>[31m
            [0m╪ú╪»╪«┘ä ╪¿╪▒┘è╪»┘â ╪º┘ä╪Ñ┘ä┘â╪¬╪▒┘ê┘å┘è ┘ê┘â┘ä┘à╪⌐ ╪º┘ä┘à╪▒┘ê╪▒[0m
          [36m</p>[31m
        [36m</div>[31m
        [36m<div[31m
          [33mclass[31m=[32m"space-y-5"[31m
        [36m>[31m
          [36m<div[31m
            [33mclass[31m=[32m"relative"[31m
          [36m>[31m
            [36m<label[31m
              [33mclass[31m=[32m"label flex items-center gap-2"[31m
            [36m>[31m
              [36m<svg[31m
                [33maria-hidden[31m=[32m"true"[31m
                [33mclass[31m=[32m"lucide lucide-mail w-4 h-4 text-primary-500"[31m
                [33mfill[31m=[32m"none"[31m
                [33mheight[31m=[32m"24"[31m
                [33mstroke[31m=[32m"currentColor"[31m
                [33mstroke-linecap[31m=[32m"round"[31m
                [33mstroke-linejoin[31m=[32m"round"[31m
                [33mstroke-width[31m=[32m"2"[31m
                [33mviewBox[31m=[32m"0 0 24 24"[31m
                [33mwidth[31m=[32m"24"[31m
                [33mxmlns[31m=[32m"http://www.w3.org/2000/svg"[31m
              [36m>[31m
                [36m<path[31m
                  [33md[31m=[32m"m22 7-8.991 5.727a2 2 0 0 1-2.009 0L2 7"[31m
                [36m/>[31m
                [36m<rect[31m
                  [33mheight[31m=[32m"16"[31m
                  [33mrx[31m=[32m"2"[31m
                  [33mwidth[31m=[32m"20"[31m
                  [33mx[31m=[32m"2"[31m
                  [33my[31m=[32m"4"[31m
                [36m/>[31m
              [36m</svg>[31m
              [0m╪º┘ä╪¿╪▒┘è╪» ╪º┘ä╪Ñ┘ä┘â╪¬╪▒┘ê┘å┘è[0m
            [36m</label>[31m
            [36m<input[31m
              [33mclass[31m=[32m"input"[31m
              [33mdir[31m=[32m"ltr"[31m
              [33mname[31m=[32m"email"[31m
              [33mplaceholder[31m=[32m"╪ú╪»╪«┘ä ╪¿╪▒┘è╪»┘â ╪º┘ä╪Ñ┘ä┘â╪¬╪▒┘ê┘å┘è"[31m
              [33mtype[31m=[32m"email"[31m
            [36m/>[31m
          [36m</div>[31m
          [36m<div[31m
            [33mclass[31m=[32m"relative"[31m
          [36m>[31m
            [36m<label[31m
              [33mclass[31m=[32m"label flex items-center gap-2"[31m
            [36m>[31m
              [36m<svg[31m
                [33maria-hidden[31m=[32m"true"[31m
                [33mclass[31m=[32m"lucide lucide-lock w-4 h-4 text-primary-500"[31m
                [33mfill[31m=[32m"none"[31m
                [33mheight[31m=[32m"24"[31m
                [33mstroke[31m=[32m"currentColor"[31m
                [33mstroke-linecap[31m=[32m"round"[31m
                [33mstroke-linejoin[31m=[32m"round"[31m
                [33mstroke-width[31m=[32m"2"[31m
                [33mviewBox[31m=[32m"0 0 24 24"[31m
                [33mwidth[31m=[32m"24"[31m
                [33mxmlns[31m=[32m"http://www.w3.org/2000/svg"[31m
              [36m>[31m
                [36m<rect[31m
                  [33mheight[31m=[32m"11"[31m
                  [33mrx[31m=[32m"2"[31m
                  [33mry[31m=[32m"2"[31m
                  [33mwidth[31m=[32m"18"[31m
                  [33mx[31m=[32m"3"[31m
                  [33my[31m=[32m"11"[31m
                [36m/>[31m
                [36m<path[31m
                  [33md[31m=[32m"M7 11V7a5 5 0 0 1 10 0v4"[31m
                [36m/>[31m
              [36m</svg>[31m
              [0m┘â┘ä┘à╪⌐ ╪º┘ä┘à╪▒┘ê╪▒[0m
            [36m</label>[31m
            [36m<div[31m
              [33mclass[31m=[32m"relative"[31m
            [36m>[31m
              [36m<input[31m
                [33mclass[31m=[32m"input pe-12"[31m
                [33mdir[31m=[32m"ltr"[31m
                [33mname[31m=[32m"password"[31m
                [33mplaceholder[31m=[32m"╪ú╪»╪«┘ä ┘â┘ä┘à╪⌐ ╪º┘ä┘à╪▒┘ê╪▒"[31m
                [33mtype[31m=[32m"password"[31m
              [36m/>[31m
              [36m<button[31m
                [33mclass[31m=[32m"absolute end-3 top-1/2 -translate-y-1/2 w-8 h-8 rounded-lg flex items-center justify-center text-dark-400 hover:text-dark-600 dark:hover:text-dark-300 hover:bg-dark-100 dark:hover:bg-dark-700 transition-colors"[31m
                [33mtype[31m=[32m"button"[31m
              [36m>[31m
                [36m<svg[31m
                  [33maria-hidden[31m=[32m"true"[31m
                  [33mclass[31m=[32m"lucide lucide-eye w-5 h-5"[31m
                  [33mfill[31m=[32m"none"[31m
                  [33mheight[31m=[32m"24"[31m
                  [33mstroke[31m=[32m"currentColor"[31m
                  [33mstroke-linecap[31m=[32m"round"[31m
                  [33mstroke-linejoin[31m=[32m"round"[31m
                  [33mstroke-width[31m=[32m"2"[31m
                  [33mviewBox[31m=[32m"0 0 24 24"[31m
                  [33mwidth[31m=[32m"24"[31m
                  [33mxmlns[31m=[32m"http://www.w3.org/2000/svg"[31m
                [36m>[31m
                  [36m<path[31m
                    [33md[31m=[32m"M2.062 12.348a1 1 0 0 1 0-.696 10.75 10.75 0 0 1 19.876 0 1 1 0 0 1 0 .696 10.75 10.75 0 0 1-19.876 0"[31m
                  [36m/>[31m
                  [36m<circle[31m
                    [33mcx[31m=[32m"12"[31m
                    [33mcy[31m=[32m"12"[31m
                    [33mr[31m=[32m"3"[31m
                  [36m/>[31m
                [36m</svg>[31m
              [36m</button>[31m
            [36m</div>[31m
          [36m</div>[31m
        [36m</div>[31m
        [36m<button[31m
          [33mclass[31m=[32m"btn-primary btn-lg w-full group"[31m
          [33mtype[31m=[32m"submit"[31m
        [36m>[31m
          [36m<span>[31m
            [0m╪¬╪│╪¼┘è┘ä ╪º┘ä╪»╪«┘ê┘ä[0m
          [36m</span>[31m
          [36m<svg[31m
            [33maria-hidden[31m=[32m"true"[31m
            [33mclass[31m=[32m"lucide lucide-arrow-left w-5 h-5 group-hover:translate-x-1 transition-transform"[31m
            [33mfill[31m=[32m"none"[31m
            [33mheight[31m=[32m"24"[31m
            [33mstroke[31m=[32m"currentColor"[31m
            [33mstroke-linecap[31m=[32m"round"[31m
            [33mstroke-linejoin[31m=[32m"round"[31m
            [33mstroke-width[31m=[32m"2"[31m
            [33mviewBox[31m=[32m"0 0 24 24"[31m
            [33mwidth[31m=[32m"24"[31m
            [33mxmlns[31m=[32m"http://www.w3.org/2000/svg"[31m
          [36m>[31m
            [36m<path[31m
              [33md[31m=[32m"m12 19-7-7 7-7"[31m
            [36m/>[31m
            [36m<path[31m
              [33md[31m=[32m"M19 12H5"[31m
            [36m/>[31m
          [36m</svg>[31m
        [36m</button>[31m
      [36m</form>[31m
    [36m</div>[31m
  [36m</div>[31m
[36m</body>[31m

Ignored nodes: comments, script, style
[36m<html[31m
  [33mdir[31m=[32m"rtl"[31m
  [33mlang[31m=[32m"ar"[31m
[36m>[31m
  [36m<head />[31m
  [36m<body>[31m
    [36m<div>[31m
      [36m<div[31m
        [33mclass[31m=[32m"w-full max-w-md mx-auto"[31m
      [36m>[31m
        [36m<form[31m
          [33mclass[31m=[32m"space-y-6"[31m
        [36m>[31m
          [36m<div[31m
            [33mclass[31m=[32m"text-center mb-8"[31m
          [36m>[31m
            [36m<div[31m
              [33mclass[31m=[32m"relative inline-block"[31m
            [36m>[31m
              [36m<div[31m
                [33mclass[31m=[32m"w-20 h-20 rounded-2xl gradient-primary flex items-center justify-center mx-auto mb-5 shadow-lg shadow-primary-600/30"[31m
              [36m>[31m
                [36m<svg[31m
                  [33maria-hidden[31m=[32m"true"[31m
                  [33mclass[31m=[32m"lucide lucide-mail w-10 h-10 text-white"[31m
                  [33mfill[31m=[32m"none"[31m
                  [33mheight[31m=[32m"24"[31m
                  [33mstroke[31m=[32m"currentColor"[31m
                  [33mstroke-linecap[31m=[32m"round"[31m
                  [33mstroke-linejoin[31m=[32m"round"[31m
                  [33mstroke-width[31m=[32m"2"[31m
                  [33mviewBox[31m=[32m"0 0 24 24"[31m
                  [33mwidth[31m=[32m"24"[31m
                  [33mxmlns[31m=[32m"http://www.w3.org/2000/svg"[31m
                [36m>[31m
                  [36m<path[31m
                    [33md[31m=[32m"m22 7-8.991 5.727a2 2 0 0 1-2.009 0L2 7"[31m
                  [36m/>[31m
                  [36m<rect[31m
                    [33mheight[31m=[32m"16"[31m
                    [33mrx[31m=[32m"2"[31m
                    [33mwidth[31m=[32m"20"[31m
                    [33mx[31m=[32m"2"[31m
                    [33my[31m=[32m"4"[31m
                  [36m/>[31m
                [36m</svg>[31m
              [36m</div>[31m
              [36m<div[31m
                [33mclass[31m=[32m"absolute -top-1 -end-1 w-8 h-8 rounded-xl bg-gradient-to-r from-accent-400 to-accent-600 flex items-center justify-center shadow-lg"[31m
              [36m>[31m
                [36m<svg[31m
                  [33maria-hidden[31m=[32m"true"[31m
                  [33mclass[31m=[32m"lucide lucide-sparkles w-4 h-4 text-white"[31m
                  [33mfill[31m=[32m"none"[31m
                  [33mheight[31m=[32m"24"[31m
                  [33mstroke[31m=[32m"currentColor"[31m
                  [33mstroke-linecap[31m=[32m"round"[31m
                  [33mstroke-linejoin[31m=[32m"round"[31m
                  [33mstroke-width[31m=[32m"2"[31m
                  [33mviewBox[31m=[32m"0 0 24 24"[31m
                  [33mwidth[31m=[32m"24"[31m
                  [33mxmlns[31m=[32m"http://www.w3.org/2000/svg"[31m
                [36m>[31m
                  [36m<path[31m
                    [33md[31m=[32m"M11.017 2.814a1 1 0 0 1 1.966 0l1.051 5.558a2 2 0 0 0 1.594 1.594l5.558 1.051a1 1 0 0 1 0 1.966l-5.558 1.051a2 2 0 0 0-1.594 1.594l-1.051 5.558a1 1 0 0 1-1.966 0l-1.051-5.558a2 2 0 0 0-1.594-1.594l-5.558-1.051a1 1 0 0 1 0-1.966l5.558-1.051a2 2 0 0 0 1.594-1.594z"[31m
                  [36m/>[31m
                  [36m<path[31m
                    [33md[31m=[32m"M20 2v4"[31m
                  [36m/>[31m
                  [36m<path[31m
                    [33md[31m=[32m"M22 4h-4"[31m
                  [36m/>[31m
                  [36m<circle[31m
                    [33mcx[31m=[32m"4"[31m
                    [33mcy[31m=[32m"20"[31m
                    [33mr[31m=[32m"2"[31m
                  [36m/>[31m
                [36m</svg>[31m
              [36m</div>[31m
            [36m</div>[31m
            [36m<h2[31m
              [33mclass[31m=[32m"text-2xl font-bold mb-2"[31m
            [36m>[31m
              [0m╪¬╪│╪¼┘è┘ä ╪º┘ä╪»╪«┘ê┘ä[0m
            [36m</h2>[31m
            [36m<p[31m
              [33mclass[31m=[32m"text-muted"[31m
            [36m>[31m
              [0m╪ú╪»╪«┘ä ╪¿╪▒┘è╪»┘â ╪º┘ä╪Ñ┘ä┘â╪¬╪▒┘ê┘å┘è ┘ê┘â┘ä┘à╪⌐ ╪º┘ä┘à╪▒┘ê╪▒[0m
            [36m</p>[31m
          [36m</div>[31m
          [36m<div[31m
            [33mclass[31m=[32m"space-y-5"[31m
          [36m>[31m
            [36m<div[31m
              [33mclass[31m=[32m"relative"[31m
            [36m>[31m
              [36m<label[31m
                [33mclass[31m=[32m"label flex items-center gap-2"[31m
              [36m>[31m
                [36m<svg[31m
                  [33maria-hidden[31m=[32m"true"[31m
                  [33mclass[31m=[32m"lucide lucide-mail w-4 h-4 text-primary-500"[31m
                  [33mfill[31m=[32m"none"[31m
                  [33mheight[31m=[32m"24"[31m
                  [33mstroke[31m=[32m"currentColor"[31m
                  [33mstroke-linecap[31m=[32m"round"[31m
                  [33mstroke-linejoin[31m=[32m"round"[31m
                  [33mstroke-width[31m=[32m"2"[31m
                  [33mviewBox[31m=[32m"0 0 24 24"[31m
                  [33mwidth[31m=[32m"24"[31m
                  [33mxmlns[31m=[32m"http://www.w3.org/2000/svg"[31m
                [36m>[31m
                  [36m<path[31m
                    [33md[31m=[32m"m22 7-8.991 5.727a2 2 0 0 1-2.009 0L2 7"[31m
                  [36m/>[31m
                  [36m<rect[31m
                    [33mheight[31m=[32m"16"[31m
                    [33mrx[31m=[32m"2"[31m
                    [33mwidth[31m=[32m"20"[31m
                    [33mx[31m=[32m"2"[31m
                    [33my[31m=[32m"4"[31m
                  [36m/>[31m
                [36m</svg>[31m
                [0m╪º┘ä╪¿╪▒┘è╪» ╪º┘ä╪Ñ┘ä┘â╪¬╪▒┘ê┘å┘è[0m
              [36m</label>[31m
              [36m<input[31m
                [33mclass[31m=[32m"input"[31m
                [33mdir[31m=[32m"ltr"[31m
                [33mname[31m=[32m"email"[31m
                [33mplaceholder[31m=[32m"╪ú╪»╪«┘ä ╪¿╪▒┘è╪»┘â ╪º┘ä╪Ñ┘ä┘â╪¬╪▒┘ê┘å┘è"[31m
                [33mtype[31m=[32m"email"[31m
              [36m/>[31m
            [36m</div>[31m
            [36m<div[31m
              [33mclass[31m=[32m"relative"[31m
            [36m>[31m
              [36m<label[31m
                [33mclass[31m=[32m"label flex items-center gap-2"[31m
              [36m>[31m
                [36m<svg[31m
                  [33maria-hidden[31m=[32m"true"[31m
                  [33mclass[31m=[32m"lucide lucide-lock w-4 h-4 text-primary-500"[31m
                  [33mfill[31m=[32m"none"[31m
                  [33mheight[31m=[32m"24"[31m
                  [33mstroke[31m=[32m"currentColor"[31m
                  [33mstroke-linecap[31m=[32m"round"[31m
                  [33mstroke-linejoin[31m=[32m"round"[31m
                  [33mstroke-width[31m=[32m"2"[31m
                  [33mviewBox[31m=[32m"0 0 24 24"[31m
                  [33mwidth[31m=[32m"24"[31m
                  [33mxmlns[31m=[32m"http://www.w3.org/2000/svg"[31m
                [36m>[31m
                  [36m<rect[31m
                    [33mheight[31m=[32m"11"[31m
                    [33mrx[31m=[32m"2"[31m
                    [33mry[31m=[32m"2"[31m
                    [33mwidth[31m=[32m"18"[31m
                    [33mx[31m=[32m"3"[31m
                    [33my[31m=[32m"11"[31m
                  [36m/>[31m
                  [36m<path[31m
                    [33md[31m=[32m"M7 11V7a5 5 0 0 1 10 0v4"[31m
                  [36m/>[31m
                [36m</svg>[31m
                [0m┘â┘ä┘à╪⌐ ╪º┘ä┘à╪▒┘ê╪▒[0m
              [36m</label>[31m
              [36m<div[31m
                [33mclass[31m=[32m"relative"[31m
              [36m>[31m
                [36m<input[31m
                  [33mclass[31m=[32m"input pe-12"[31m
                  [33mdir[31m=[32m"ltr"[31m
                  [33mname[31m=[32m"password"[31m
                  [33mplaceholder[31m=[32m"╪ú╪»╪«┘ä ┘â┘ä┘à╪⌐ ╪º┘ä┘à╪▒┘ê╪▒"[31m
                  [33mtype[31m=[32m"password"[31m
                [36m/>[31m
                [36m<button[31m
                  [33mclass[31m=[32m"absolute end-3 top-1/2 -translate-y-1/2 w-8 h-8 rounded-lg flex items-center justify-center text-dark-400 hover:text-dark-600 dark:hover:text-dark-300 hover:bg-dark-100 dark:hover:bg-dark-700 transition-colors"[31m
                  [33mtype[31m=[32m"button"[31m
                [36m>[31m
                  [36m<svg[31m
                    [33maria-hidden[31m=[32m"true"[31m
                    [33mclass[31m=[32m"lucide lucide-eye w-5 h-5"[31m
                    [33mfill[31m=[32m"none"[31m
                    [33mheight[31m=[32m"24"[31m
                    [33mstroke[31m=[32m"currentColor"[31m
                    [33mstroke-linecap[31m=[32m"round"[31m
                    [33mstroke-linejoin[31m=[32m"round"[31m
                    [33mstroke-width[31m=[32m"2"[31m
                    [33mviewBox[31m=[32m"0 0 24 24"[31m
                    [33mwidth[31m=[32m"24"[31m
                    [33mxmlns[31m=[32m"http://www.w3.org/2000/svg"[31m
                  [36m>[31m
                    [36m<path[31m
                      [33md[31m=[32m"M2.062 12.348a1 1 0 0 1 0-.696 10.75 10.75 0 0 1 19.876 0 1 1 0 0 1 0 .696 10.75 10.75 0 0 1-19.876 0"[31m
                    [36m/>[31m
                    [36m<circle[31m
                      [33mcx[31m=[32m"12"[31m
                      [33mcy[31m=[32m"12"[31m
                      [33mr[31m=[32m"3"[31m
                    [36m/>[31m
                  [36m</svg>[31m
                [36m</button>[31m
              [36m</div>[31m
            [36m</div>[31m
          [36m</div>[31m
          [36m<button[31m
            [33mclass[31m=[32m"btn-primary btn-lg w-full group"[31m
            [33mtype[31m=[32m"submit"[31m
          [36m>[31m
            [36m<span>[31m
              [0m╪¬╪│╪¼┘è┘ä ╪º┘ä╪»╪«┘ê┘ä[0m
            [36m</span>[31m
            [36m<svg[31m
              [33maria-hidden[31m=[32m"true"[31m
              [33mclass[31m=[32m"lucide lucide-arrow-left w-5 h-5 group-hover:translate-x-1 transition-transform"[31m
              [33mfill[31m=[32m"none"[31m
              [33mheight[31m=[32m"24"[31m
              [33mstroke[31m=[32m"currentColor"[31m
              [33mstroke-linecap[31m=[32m"round"[31m
              [33mstroke-linejoin[31m=[32m"round"[31m
              [33mstroke-width[31m=[32m"2"[31m
              [33mviewBox[31m=[32m"0 0 24 24"[31m
              [33mwidth[31m=[32m"24"[31m
              [33mxmlns[31m=[32m"http://www.w3.org/2000/svg"[31m
            [36m>[31m
              [36m<path[31m
                [33md[31m=[32m"m12 19-7-7 7-7"[31m
              [36m/>[31m
              [36m<path[31m
                [33md[31m=[32m"M19 12H5"[31m
              [36m/>[31m
            [36m</svg>[31m
          [36m</button>[31m
        [36m</form>[31m
      [36m</div>[31m
    [36m</div>[31m
  [36m</body>[31m
[36m</html>[31m[39m
 [31m├ù[39m src/components/auth/__tests__/SignupForm.test.tsx[2m > [22mSignupForm[2m > [22mEmail and Password Form[2m > [22mshould show password field after selecting user type[33m 1026[2mms[22m[39m
[31m   ΓåÆ Unable to find role="button" and name `/freelancer|┘à╪│╪¬┘é┘ä/i`

Ignored nodes: comments, script, style
[36m<body>[31m
  [36m<div>[31m
    [36m<div[31m
      [33mclass[31m=[32m"w-full max-w-md mx-auto"[31m
    [36m>[31m
      [36m<form[31m
        [33mclass[31m=[32m"space-y-6"[31m
      [36m>[31m
        [36m<div[31m
          [33mclass[31m=[32m"text-center mb-8"[31m
        [36m>[31m
          [36m<div[31m
            [33mclass[31m=[32m"relative inline-block"[31m
          [36m>[31m
            [36m<div[31m
              [33mclass[31m=[32m"w-20 h-20 rounded-2xl bg-gradient-to-br from-accent-500 to-accent-600 flex items-center justify-center mx-auto mb-5 shadow-lg shadow-accent-500/30"[31m
            [36m>[31m
              [36m<svg[31m
                [33maria-hidden[31m=[32m"true"[31m
                [33mclass[31m=[32m"lucide lucide-sparkles w-10 h-10 text-white"[31m
                [33mfill[31m=[32m"none"[31m
                [33mheight[31m=[32m"24"[31m
                [33mstroke[31m=[32m"currentColor"[31m
                [33mstroke-linecap[31m=[32m"round"[31m
                [33mstroke-linejoin[31m=[32m"round"[31m
                [33mstroke-width[31m=[32m"2"[31m
                [33mviewBox[31m=[32m"0 0 24 24"[31m
                [33mwidth[31m=[32m"24"[31m
                [33mxmlns[31m=[32m"http://www.w3.org/2000/svg"[31m
              [36m>[31m
                [36m<path[31m
                  [33md[31m=[32m"M11.017 2.814a1 1 0 0 1 1.966 0l1.051 5.558a2 2 0 0 0 1.594 1.594l5.558 1.051a1 1 0 0 1 0 1.966l-5.558 1.051a2 2 0 0 0-1.594 1.594l-1.051 5.558a1 1 0 0 1-1.966 0l-1.051-5.558a2 2 0 0 0-1.594-1.594l-5.558-1.051a1 1 0 0 1 0-1.966l5.558-1.051a2 2 0 0 0 1.594-1.594z"[31m
                [36m/>[31m
                [36m<path[31m
                  [33md[31m=[32m"M20 2v4"[31m
                [36m/>[31m
                [36m<path[31m
                  [33md[31m=[32m"M22 4h-4"[31m
                [36m/>[31m
                [36m<circle[31m
                  [33mcx[31m=[32m"4"[31m
                  [33mcy[31m=[32m"20"[31m
                  [33mr[31m=[32m"2"[31m
                [36m/>[31m
              [36m</svg>[31m
            [36m</div>[31m
            [36m<div[31m
              [33mclass[31m=[32m"absolute -top-1 -end-1 w-8 h-8 rounded-xl bg-gradient-to-r from-primary-400 to-primary-600 flex items-center justify-center shadow-lg"[31m
            [36m>[31m
              [36m<svg[31m
                [33maria-hidden[31m=[32m"true"[31m
                [33mclass[31m=[32m"lucide lucide-user w-4 h-4 text-white"[31m
                [33mfill[31m=[32m"none"[31m
                [33mheight[31m=[32m"24"[31m
                [33mstroke[31m=[32m"currentColor"[31m
                [33mstroke-linecap[31m=[32m"round"[31m
                [33mstroke-linejoin[31m=[32m"round"[31m
                [33mstroke-width[31m=[32m"2"[31m
                [33mviewBox[31m=[32m"0 0 24 24"[31m
                [33mwidth[31m=[32m"24"[31m
                [33mxmlns[31m=[32m"http://www.w3.org/2000/svg"[31m
              [36m>[31m
                [36m<path[31m
                  [33md[31m=[32m"M19 21v-2a4 4 0 0 0-4-4H9a4 4 0 0 0-4 4v2"[31m
                [36m/>[31m
                [36m<circle[31m
                  [33mcx[31m=[32m"12"[31m
                  [33mcy[31m=[32m"7"[31m
                  [33mr[31m=[32m"4"[31m
                [36m/>[31m
              [36m</svg>[31m
            [36m</div>[31m
          [36m</div>[31m
          [36m<h2[31m
            [33mclass[31m=[32m"text-2xl font-bold mb-2"[31m
          [36m>[31m
            [0m╪Ñ┘å╪┤╪º╪í ╪¡╪│╪º╪¿[0m
          [36m</h2>[31m
          [36m<p[31m
            [33mclass[31m=[32m"text-muted"[31m
          [36m>[31m
            [0m╪ú┘å╪┤╪ª ╪¡╪│╪º╪¿┘â ┘ä┘ä╪¿╪»╪í[0m
          [36m</p>[31m
        [36m</div>[31m
        [36m<div[31m
          [33mclass[31m=[32m"space-y-4"[31m
        [36m>[31m
          [36m<div[31m
            [33mclass[31m=[32m"relative"[31m
          [36m>[31m
            [36m<label[31m
              [33mclass[31m=[32m"label flex items-center gap-2"[31m
            [36m>[31m
              [36m<svg[31m
                [33maria-hidden[31m=[32m"true"[31m
                [33mclass[31m=[32m"lucide lucide-mail w-4 h-4 text-primary-500"[31m
                [33mfill[31m=[32m"none"[31m
                [33mheight[31m=[32m"24"[31m
                [33mstroke[31m=[32m"currentColor"[31m
                [33mstroke-linecap[31m=[32m"round"[31m
                [33mstroke-linejoin[31m=[32m"round"[31m
                [33mstroke-width[31m=[32m"2"[31m
                [33mviewBox[31m=[32m"0 0 24 24"[31m
                [33mwidth[31m=[32m"24"[31m
                [33mxmlns[31m=[32m"http://www.w3.org/2000/svg"[31m
              [36m>[31m
                [36m<path[31m
                  [33md[31m=[32m"m22 7-8.991 5.727a2 2 0 0 1-2.009 0L2 7"[31m
                [36m/>[31m
                [36m<rect[31m
                  [33mheight[31m=[32m"16"[31m
                  [33mrx[31m=[32m"2"[31m
                  [33mwidth[31m=[32m"20"[31m
                  [33mx[31m=[32m"2"[31m
                  [33my[31m=[32m"4"[31m
                [36m/>[31m
              [36m</svg>[31m
              [0m╪º┘ä╪¿╪▒┘è╪» ╪º┘ä╪Ñ┘ä┘â╪¬╪▒┘ê┘å┘è[0m
            [36m</label>[31m
            [36m<input[31m
              [33mclass[31m=[32m"input"[31m
              [33mdir[31m=[32m"ltr"[31m
              [33mname[31m=[32m"email"[31m
              [33mplaceholder[31m=[32m"╪ú╪»╪«┘ä ╪¿╪▒┘è╪»┘â ╪º┘ä╪Ñ┘ä┘â╪¬╪▒┘ê┘å┘è"[31m
              [33mtype[31m=[32m"email"[31m
            [36m/>[31m
          [36m</div>[31m
          [36m<div[31m
            [33mclass[31m=[32m"relative"[31m
          [36m>[31m
            [36m<label[31m
              [33mclass[31m=[32m"label flex items-center gap-2"[31m
            [36m>[31m
              [36m<svg[31m
                [33maria-hidden[31m=[32m"true"[31m
                [33mclass[31m=[32m"lucide lucide-lock w-4 h-4 text-primary-500"[31m
                [33mfill[31m=[32m"none"[31m
                [33mheight[31m=[32m"24"[31m
                [33mstroke[31m=[32m"currentColor"[31m
                [33mstroke-linecap[31m=[32m"round"[31m
                [33mstroke-linejoin[31m=[32m"round"[31m
                [33mstroke-width[31m=[32m"2"[31m
                [33mviewBox[31m=[32m"0 0 24 24"[31m
                [33mwidth[31m=[32m"24"[31m
                [33mxmlns[31m=[32m"http://www.w3.org/2000/svg"[31m
              [36m>[31m
                [36m<rect[31m
                  [33mheight[31m=[32m"11"[31m
                  [33mrx[31m=[32m"2"[31m
                  [33mry[31m=[32m"2"[31m
                  [33mwidth[31m=[32m"18"[31m
                  [33mx[31m=[32m"3"[31m
                  [33my[31m=[32m"11"[31m
                [36m/>[31m
                [36m<path[31m
                  [33md[31m=[32m"M7 11V7a5 5 0 0 1 10 0v4"[31m
                [36m/>[31m
              [36m</svg>[31m
              [0m┘â┘ä┘à╪⌐ ╪º┘ä┘à╪▒┘ê╪▒[0m
            [36m</label>[31m
            [36m<div[31m
              [33mclass[31m=[32m"relative"[31m
            [36m>[31m
              [36m<input[31m
                [33mclass[31m=[32m"input pe-12"[31m
                [33mdir[31m=[32m"ltr"[31m
                [33mname[31m=[32m"password"[31m
                [33mplaceholder[31m=[32m"╪ú╪»╪«┘ä ┘â┘ä┘à╪⌐ ╪º┘ä┘à╪▒┘ê╪▒"[31m
                [33mtype[31m=[32m"password"[31m
              [36m/>[31m
              [36m<button[31m
                [33mclass[31m=[32m"absolute end-3 top-1/2 -translate-y-1/2 w-8 h-8 rounded-lg flex items-center justify-center text-dark-400 hover:text-dark-600 dark:hover:text-dark-300 hover:bg-dark-100 dark:hover:bg-dark-700 transition-colors"[31m
                [33mtype[31m=[32m"button"[31m
              [36m>[31m
                [36m<svg[31m
                  [33maria-hidden[31m=[32m"true"[31m
                  [33mclass[31m=[32m"lucide lucide-eye w-5 h-5"[31m
                  [33mfill[31m=[32m"none"[31m
                  [33mheight[31m=[32m"24"[31m
                  [33mstroke[31m=[32m"currentColor"[31m
                  [33mstroke-linecap[31m=[32m"round"[31m
                  [33mstroke-linejoin[31m=[32m"round"[31m
                  [33mstroke-width[31m=[32m"2"[31m
                  [33mviewBox[31m=[32m"0 0 24 24"[31m
                  [33mwidth[31m=[32m"24"[31m
                  [33mxmlns[31m=[32m"http://www.w3.org/2000/svg"[31m
                [36m>[31m
                  [36m<path[31m
                    [33md[31m=[32m"M2.062 12.348a1 1 0 0 1 0-.696 10.75 10.75 0 0 1 19.876 0 1 1 0 0 1 0 .696 10.75 10.75 0 0 1-19.876 0"[31m
                  [36m/>[31m
                  [36m<circle[31m
                    [33mcx[31m=[32m"12"[31m
                    [33mcy[31m=[32m"12"[31m
                    [33mr[31m=[32m"3"[31m
                  [36m/>[31m
                [36m</svg>[31m
              [36m</button>[31m
            [36m</div>[31m
          [36m</div>[31m
          [36m<div[31m
            [33mclass[31m=[32m"relative"[31m
          [36m>[31m
            [36m<label[31m
              [33mclass[31m=[32m"label flex items-center gap-2"[31m
            [36m>[31m
              [36m<svg[31m
                [33maria-hidden[31m=[32m"true"[31m
                [33mclass[31m=[32m"lucide lucide-circle-check w-4 h-4 text-primary-500"[31m
                [33mfill[31m=[32m"none"[31m
                [33mheight[31m=[32m"24"[31m
                [33mstroke[31m=[32m"currentColor"[31m
                [33mstroke-linecap[31m=[32m"round"[31m
                [33mstroke-linejoin[31m=[32m"round"[31m
                [33mstroke-width[31m=[32m"2"[31m
                [33mviewBox[31m=[32m"0 0 24 24"[31m
                [33mwidth[31m=[32m"24"[31m
                [33mxmlns[31m=[32m"http://www.w3.org/2000/svg"[31m
              [36m>[31m
                [36m<circle[31m
                  [33mcx[31m=[32m"12"[31m
                  [33mcy[31m=[32m"12"[31m
                  [33mr[31m=[32m"10"[31m
                [36m/>[31m
                [36m<path[31m
                  [33md[31m=[32m"m9 12 2 2 4-4"[31m
                [36m/>[31m
              [36m</svg>[31m
              [0m╪¬╪ú┘â┘è╪» ┘â┘ä┘à╪⌐ ╪º┘ä┘à╪▒┘ê╪▒[0m
            [36m</label>[31m
            [36m<input[31m
              [33mclass[31m=[32m"input"[31m
              [33mdir[31m=[32m"ltr"[31m
              [33mname[31m=[32m"confirmPassword"[31m
              [33mplaceholder[31m=[32m"╪ú╪╣╪» ╪Ñ╪»╪«╪º┘ä ┘â┘ä┘à╪⌐ ╪º┘ä┘à╪▒┘ê╪▒"[31m
              [33mtype[31m=[32m"password"[31m
            [36m/>[31m
          [36m</div>[31m
        [36m</div>[31m
        [36m<button[31m
          [33mclass[31m=[32m"btn-primary btn-lg w-full group"[31m
          [33mtype[31m=[32m"submit"[31m
        [36m>[31m
          [36m<span>[31m
            [0m╪Ñ┘å╪┤╪º╪í ╪¡╪│╪º╪¿[0m
          [36m</span>[31m
          [36m<svg[31m
            [33maria-hidden[31m=[32m"true"[31m
            [33mclass[31m=[32m"lucide lucide-arrow-left w-5 h-5 group-hover:translate-x-1 transition-transform"[31m
            [33mfill[31m=[32m"none"[31m
            [33mheight[31m=[32m"24"[31m
            [33mstroke[31m=[32m"currentColor"[31m
            [33mstroke-linecap[31m=[32m"round"[31m
            [33mstroke-linejoin[31m=[32m"round"[31m
            [33mstroke-width[31m=[32m"2"[31m
            [33mviewBox[31m=[32m"0 0 24 24"[31m
            [33mwidth[31m=[32m"24"[31m
            [33mxmlns[31m=[32m"http://www.w3.org/2000/svg"[31m
          [36m>[31m
            [36m<path[31m
              [33md[31m=[32m"m12 19-7-7 7-7"[31m
            [36m/>[31m
            [36m<path[31m
              [33md[31m=[32m"M19 12H5"[31m
            [36m/>[31m
          [36m</svg>[31m
        [36m</button>[31m
        [36m<p[31m
          [33mclass[31m=[32m"text-center text-muted"[31m
        [36m>[31m
          [0m┘ä╪»┘è┘â ╪¡╪│╪º╪¿ ╪¿╪º┘ä┘ü╪╣┘ä╪ƒ[0m
          [0m [0m
          [36m<button[31m
            [33mclass[31m=[32m"text-primary-600 dark:text-primary-400 font-semibold hover:underline"[31m
            [33mtype[31m=[32m"button"[31m
          [36m>[31m
            [0m╪¬╪│╪¼┘è┘ä ╪º┘ä╪»╪«┘ê┘ä[0m
          [36m</button>[31m
        [36m</p>[31m
      [36m</form>[31m
    [36m</div>[31m
  [36m</div>[31m
[36m</body>[31m

Ignored nodes: comments, script, style
[36m<html[31m
  [33mdir[31m=[32m"rtl"[31m
  [33mlang[31m=[32m"ar"[31m
[36m>[31m
  [36m<head />[31m
  [36m<body>[31m
    [36m<div>[31m
      [36m<div[31m
        [33mclass[31m=[32m"w-full max-w-md mx-auto"[31m
      [36m>[31m
        [36m<form[31m
          [33mclass[31m=[32m"space-y-6"[31m
        [36m>[31m
          [36m<div[31m
            [33mclass[31m=[32m"text-center mb-8"[31m
          [36m>[31m
            [36m<div[31m
              [33mclass[31m=[32m"relative inline-block"[31m
            [36m>[31m
              [36m<div[31m
                [33mclass[31m=[32m"w-20 h-20 rounded-2xl bg-gradient-to-br from-accent-500 to-accent-600 flex items-center justify-center mx-auto mb-5 shadow-lg shadow-accent-500/30"[31m
              [36m>[31m
                [36m<svg[31m
                  [33maria-hidden[31m=[32m"true"[31m
                  [33mclass[31m=[32m"lucide lucide-sparkles w-10 h-10 text-white"[31m
                  [33mfill[31m=[32m"none"[31m
                  [33mheight[31m=[32m"24"[31m
                  [33mstroke[31m=[32m"currentColor"[31m
                  [33mstroke-linecap[31m=[32m"round"[31m
                  [33mstroke-linejoin[31m=[32m"round"[31m
                  [33mstroke-width[31m=[32m"2"[31m
                  [33mviewBox[31m=[32m"0 0 24 24"[31m
                  [33mwidth[31m=[32m"24"[31m
                  [33mxmlns[31m=[32m"http://www.w3.org/2000/svg"[31m
                [36m>[31m
                  [36m<path[31m
                    [33md[31m=[32m"M11.017 2.814a1 1 0 0 1 1.966 0l1.051 5.558a2 2 0 0 0 1.594 1.594l5.558 1.051a1 1 0 0 1 0 1.966l-5.558 1.051a2 2 0 0 0-1.594 1.594l-1.051 5.558a1 1 0 0 1-1.966 0l-1.051-5.558a2 2 0 0 0-1.594-1.594l-5.558-1.051a1 1 0 0 1 0-1.966l5.558-1.051a2 2 0 0 0 1.594-1.594z"[31m
                  [36m/>[31m
                  [36m<path[31m
                    [33md[31m=[32m"M20 2v4"[31m
                  [36m/>[31m
                  [36m<path[31m
                    [33md[31m=[32m"M22 4h-4"[31m
                  [36m/>[31m
                  [36m<circle[31m
                    [33mcx[31m=[32m"4"[31m
                    [33mcy[31m=[32m"20"[31m
                    [33mr[31m=[32m"2"[31m
                  [36m/>[31m
                [36m</svg>[31m
              [36m</div>[31m
              [36m<div[31m
                [33mclass[31m=[32m"absolute -top-1 -end-1 w-8 h-8 rounded-xl bg-gradient-to-r from-primary-400 to-primary-600 flex items-center justify-center shadow-lg"[31m
              [36m>[31m
                [36m<svg[31m
                  [33maria-hidden[31m=[32m"true"[31m
                  [33mclass[31m=[32m"lucide lucide-user w-4 h-4 text-white"[31m
                  [33mfill[31m=[32m"none"[31m
                  [33mheight[31m=[32m"24"[31m
                  [33mstroke[31m=[32m"currentColor"[31m
                  [33mstroke-linecap[31m=[32m"round"[31m
                  [33mstroke-linejoin[31m=[32m"round"[31m
                  [33mstroke-width[31m=[32m"2"[31m
                  [33mviewBox[31m=[32m"0 0 24 24"[31m
                  [33mwidth[31m=[32m"24"[31m
                  [33mxmlns[31m=[32m"http://www.w3.org/2000/svg"[31m
                [36m>[31m
                  [36m<path[31m
                    [33md[31m=[32m"M19 21v-2a4 4 0 0 0-4-4H9a4 4 0 0 0-4 4v2"[31m
                  [36m/>[31m
                  [36m<circle[31m
                    [33mcx[31m=[32m"12"[31m
                    [33mcy[31m=[32m"7"[31m
                    [33mr[31m=[32m"4"[31m
                  [36m/>[31m
                [36m</svg>[31m
              [36m</div>[31m
            [36m</div>[31m
            [36m<h2[31m
              [33mclass[31m=[32m"text-2xl font-bold mb-2"[31m
            [36m>[31m
              [0m╪Ñ┘å╪┤╪º╪í ╪¡╪│╪º╪¿[0m
            [36m</h2>[31m
            [36m<p[31m
              [33mclass[31m=[32m"text-muted"[31m
            [36m>[31m
              [0m╪ú┘å╪┤╪ª ╪¡╪│╪º╪¿┘â ┘ä┘ä╪¿╪»╪í[0m
            [36m</p>[31m
          [36m</div>[31m
          [36m<div[31m
            [33mclass[31m=[32m"space-y-4"[31m
          [36m>[31m
            [36m<div[31m
              [33mclass[31m=[32m"relative"[31m
            [36m>[31m
              [36m<label[31m
                [33mclass[31m=[32m"label flex items-center gap-2"[31m
              [36m>[31m
                [36m<svg[31m
                  [33maria-hidden[31m=[32m"true"[31m
                  [33mclass[31m=[32m"lucide lucide-mail w-4 h-4 text-primary-500"[31m
                  [33mfill[31m=[32m"none"[31m
                  [33mheight[31m=[32m"24"[31m
                  [33mstroke[31m=[32m"currentColor"[31m
                  [33mstroke-linecap[31m=[32m"round"[31m
                  [33mstroke-linejoin[31m=[32m"round"[31m
                  [33mstroke-width[31m=[32m"2"[31m
                  [33mviewBox[31m=[32m"0 0 24 24"[31m
                  [33mwidth[31m=[32m"24"[31m
                  [33mxmlns[31m=[32m"http://www.w3.org/2000/svg"[31m
                [36m>[31m
                  [36m<path[31m
                    [33md[31m=[32m"m22 7-8.991 5.727a2 2 0 0 1-2.009 0L2 7"[31m
                  [36m/>[31m
                  [36m<rect[31m
                    [33mheight[31m=[32m"16"[31m
                    [33mrx[31m=[32m"2"[31m
                    [33mwidth[31m=[32m"20"[31m
                    [33mx[31m=[32m"2"[31m
                    [33my[31m=[32m"4"[31m
                  [36m/>[31m
                [36m</svg>[31m
                [0m╪º┘ä╪¿╪▒┘è╪» ╪º┘ä╪Ñ┘ä┘â╪¬╪▒┘ê┘å┘è[0m
              [36m</label>[31m
              [36m<input[31m
                [33mclass[31m=[32m"input"[31m
                [33mdir[31m=[32m"ltr"[31m
                [33mname[31m=[32m"email"[31m
                [33mplaceholder[31m=[32m"╪ú╪»╪«┘ä ╪¿╪▒┘è╪»┘â ╪º┘ä╪Ñ┘ä┘â╪¬╪▒┘ê┘å┘è"[31m
                [33mtype[31m=[32m"email"[31m
              [36m/>[31m
            [36m</div>[31m
            [36m<div[31m
              [33mclass[31m=[32m"relative"[31m
            [36m>[31m
              [36m<label[31m
                [33mclass[31m=[32m"label flex items-center gap-2"[31m
              [36m>[31m
                [36m<svg[31m
                  [33maria-hidden[31m=[32m"true"[31m
                  [33mclass[31m=[32m"lucide lucide-lock w-4 h-4 text-primary-500"[31m
                  [33mfill[31m=[32m"none"[31m
                  [33mheight[31m=[32m"24"[31m
                  [33mstroke[31m=[32m"currentColor"[31m
                  [33mstroke-linecap[31m=[32m"round"[31m
                  [33mstroke-linejoin[31m=[32m"round"[31m
                  [33mstroke-width[31m=[32m"2"[31m
                  [33mviewBox[31m=[32m"0 0 24 24"[31m
                  [33mwidth[31m=[32m"24"[31m
                  [33mxmlns[31m=[32m"http://www.w3.org/2000/svg"[31m
                [36m>[31m
                  [36m<rect[31m
                    [33mheight[31m=[32m"11"[31m
                    [33mrx[31m=[32m"2"[31m
                    [33mry[31m=[32m"2"[31m
                    [33mwidth[31m=[32m"18"[31m
                    [33mx[31m=[32m"3"[31m
                    [33my[31m=[32m"11"[31m
                  [36m/>[31m
                  [36m<path[31m
                    [33md[31m=[32m"M7 11V7a5 5 0 0 1 10 0v4"[31m
                  [36m/>[31m
                [36m</svg>[31m
                [0m┘â┘ä┘à╪⌐ ╪º┘ä┘à╪▒┘ê╪▒[0m
              [36m</label>[31m
              [36m<div[31m
                [33mclass[31m=[32m"relative"[31m
              [36m>[31m
                [36m<input[31m
                  [33mclass[31m=[32m"input pe-12"[31m
                  [33mdir[31m=[32m"ltr"[31m
                  [33mname[31m=[32m"password"[31m
                  [33mplaceholder[31m=[32m"╪ú╪»╪«┘ä ┘â┘ä┘à╪⌐ ╪º┘ä┘à╪▒┘ê╪▒"[31m
                  [33mtype[31m=[32m"password"[31m
                [36m/>[31m
                [36m<button[31m
                  [33mclass[31m=[32m"absolute end-3 top-1/2 -translate-y-1/2 w-8 h-8 rounded-lg flex items-center justify-center text-dark-400 hover:text-dark-600 dark:hover:text-dark-300 hover:bg-dark-100 dark:hover:bg-dark-700 transition-colors"[31m
                  [33mtype[31m=[32m"button"[31m
                [36m>[31m
                  [36m<svg[31m
                    [33maria-hidden[31m=[32m"true"[31m
                    [33mclass[31m=[32m"lucide lucide-eye w-5 h-5"[31m
                    [33mfill[31m=[32m"none"[31m
                    [33mheight[31m=[32m"24"[31m
                    [33mstroke[31m=[32m"currentColor"[31m
                    [33mstroke-linecap[31m=[32m"round"[31m
                    [33mstroke-linejoin[31m=[32m"round"[31m
                    [33mstroke-width[31m=[32m"2"[31m
                    [33mviewBox[31m=[32m"0 0 24 24"[31m
                    [33mwidth[31m=[32m"24"[31m
                    [33mxmlns[31m=[32m"http://www.w3.org/2000/svg"[31m
                  [36m>[31m
                    [36m<path[31m
                      [33md[31m=[32m"M2.062 12.348a1 1 0 0 1 0-.696 10.75 10.75 0 0 1 19.876 0 1 1 0 0 1 0 .696 10.75 10.75 0 0 1-19.876 0"[31m
                    [36m/>[31m
                    [36m<circle[31m
                      [33mcx[31m=[32m"12"[31m
                      [33mcy[31m=[32m"12"[31m
                      [33mr[31m=[32m"3"[31m
                    [36m/>[31m
                  [36m</svg>[31m
                [36m</button>[31m
              [36m</div>[31m
            [36m</div>[31m
            [36m<div[31m
              [33mclass[31m=[32m"relative"[31m
            [36m>[31m
              [36m<label[31m
                [33mclass[31m=[32m"label flex items-center gap-2"[31m
              [36m>[31m
                [36m<svg[31m
                  [33maria-hidden[31m=[32m"true"[31m
                  [33mclass[31m=[32m"lucide lucide-circle-check w-4 h-4 text-primary-500"[31m
                  [33mfill[31m=[32m"none"[31m
                  [33mheight[31m=[32m"24"[31m
                  [33mstroke[31m=[32m"currentColor"[31m
                  [33mstroke-linecap[31m=[32m"round"[31m
                  [33mstroke-linejoin[31m=[32m"round"[31m
                  [33mstroke-width[31m=[32m"2"[31m
                  [33mviewBox[31m=[32m"0 0 24 24"[31m
                  [33mwidth[31m=[32m"24"[31m
                  [33mxmlns[31m=[32m"http://www.w3.org/2000/svg"[31m
                [36m>[31m
                  [36m<circle[31m
                    [33mcx[31m=[32m"12"[31m
                    [33mcy[31m=[32m"12"[31m
                    [33mr[31m=[32m"10"[31m
                  [36m/>[31m
                  [36m<path[31m
                    [33md[31m=[32m"m9 12 2 2 4-4"[31m
                  [36m/>[31m
                [36m</svg>[31m
                [0m╪¬╪ú┘â┘è╪» ┘â┘ä┘à╪⌐ ╪º┘ä┘à╪▒┘ê╪▒[0m
              [36m</label>[31m
              [36m<input[31m
                [33mclass[31m=[32m"input"[31m
                [33mdir[31m=[32m"ltr"[31m
                [33mname[31m=[32m"confirmPassword"[31m
                [33mplaceholder[31m=[32m"╪ú╪╣╪» ╪Ñ╪»╪«╪º┘ä ┘â┘ä┘à╪⌐ ╪º┘ä┘à╪▒┘ê╪▒"[31m
                [33mtype[31m=[32m"password"[31m
              [36m/>[31m
            [36m</div>[31m
          [36m</div>[31m
          [36m<button[31m
            [33mclass[31m=[32m"btn-primary btn-lg w-full group"[31m
            [33mtype[31m=[32m"submit"[31m
          [36m>[31m
            [36m<span>[31m
              [0m╪Ñ┘å╪┤╪º╪í ╪¡╪│╪º╪¿[0m
            [36m</span>[31m
            [36m<svg[31m
              [33maria-hidden[31m=[32m"true"[31m
              [33mclass[31m=[32m"lucide lucide-arrow-left w-5 h-5 group-hover:translate-x-1 transition-transform"[31m
              [33mfill[31m=[32m"none"[31m
              [33mheight[31m=[32m"24"[31m
              [33mstroke[31m=[32m"currentColor"[31m
              [33mstroke-linecap[31m=[32m"round"[31m
              [33mstroke-linejoin[31m=[32m"round"[31m
              [33mstroke-width[31m=[32m"2"[31m
              [33mviewBox[31m=[32m"0 0 24 24"[31m
              [33mwidth[31m=[32m"24"[31m
              [33mxmlns[31m=[32m"http://www.w3.org/2000/svg"[31m
            [36m>[31m
              [36m<path[31m
                [33md[31m=[32m"m12 19-7-7 7-7"[31m
              [36m/>[31m
              [36m<path[31m
                [33md[31m=[32m"M19 12H5"[31m
              [36m/>[31m
            [36m</svg>[31m
          [36m</button>[31m
          [36m<p[31m
            [33mclass[31m=[32m"text-center text-muted"[31m
          [36m>[31m
            [0m┘ä╪»┘è┘â ╪¡╪│╪º╪¿ ╪¿╪º┘ä┘ü╪╣┘ä╪ƒ[0m
            [0m [0m
            [36m<button[31m
              [33mclass[31m=[32m"text-primary-600 dark:text-primary-400 font-semibold hover:underline"[31m
              [33mtype[31m=[32m"button"[31m
            [36m>[31m
              [0m╪¬╪│╪¼┘è┘ä ╪º┘ä╪»╪«┘ê┘ä[0m
            [36m</button>[31m
          [36m</p>[31m
        [36m</form>[31m
      [36m</div>[31m
    [36m</div>[31m
  [36m</body>[31m
[36m</html>[31m[39m
 [31m├ù[39m src/components/auth/__tests__/LoginForm.test.tsx[2m > [22mLoginForm[2m > [22mForm Submission[2m > [22mshould call signInWithEmail on valid form submission[33m 1021[2mms[22m[39m
[31m   ΓåÆ Unable to find an element with the placeholder text of: /example@email.com/i

Ignored nodes: comments, script, style
[36m<body>[31m
  [36m<div>[31m
    [36m<div[31m
      [33mclass[31m=[32m"w-full max-w-md mx-auto"[31m
    [36m>[31m
      [36m<form[31m
        [33mclass[31m=[32m"space-y-6"[31m
      [36m>[31m
        [36m<div[31m
          [33mclass[31m=[32m"text-center mb-8"[31m
        [36m>[31m
          [36m<div[31m
            [33mclass[31m=[32m"relative inline-block"[31m
          [36m>[31m
            [36m<div[31m
              [33mclass[31m=[32m"w-20 h-20 rounded-2xl gradient-primary flex items-center justify-center mx-auto mb-5 shadow-lg shadow-primary-600/30"[31m
            [36m>[31m
              [36m<svg[31m
                [33maria-hidden[31m=[32m"true"[31m
                [33mclass[31m=[32m"lucide lucide-mail w-10 h-10 text-white"[31m
                [33mfill[31m=[32m"none"[31m
                [33mheight[31m=[32m"24"[31m
                [33mstroke[31m=[32m"currentColor"[31m
                [33mstroke-linecap[31m=[32m"round"[31m
                [33mstroke-linejoin[31m=[32m"round"[31m
                [33mstroke-width[31m=[32m"2"[31m
                [33mviewBox[31m=[32m"0 0 24 24"[31m
                [33mwidth[31m=[32m"24"[31m
                [33mxmlns[31m=[32m"http://www.w3.org/2000/svg"[31m
              [36m>[31m
                [36m<path[31m
                  [33md[31m=[32m"m22 7-8.991 5.727a2 2 0 0 1-2.009 0L2 7"[31m
                [36m/>[31m
                [36m<rect[31m
                  [33mheight[31m=[32m"16"[31m
                  [33mrx[31m=[32m"2"[31m
                  [33mwidth[31m=[32m"20"[31m
                  [33mx[31m=[32m"2"[31m
                  [33my[31m=[32m"4"[31m
                [36m/>[31m
              [36m</svg>[31m
            [36m</div>[31m
            [36m<div[31m
              [33mclass[31m=[32m"absolute -top-1 -end-1 w-8 h-8 rounded-xl bg-gradient-to-r from-accent-400 to-accent-600 flex items-center justify-center shadow-lg"[31m
            [36m>[31m
              [36m<svg[31m
                [33maria-hidden[31m=[32m"true"[31m
                [33mclass[31m=[32m"lucide lucide-sparkles w-4 h-4 text-white"[31m
                [33mfill[31m=[32m"none"[31m
                [33mheight[31m=[32m"24"[31m
                [33mstroke[31m=[32m"currentColor"[31m
                [33mstroke-linecap[31m=[32m"round"[31m
                [33mstroke-linejoin[31m=[32m"round"[31m
                [33mstroke-width[31m=[32m"2"[31m
                [33mviewBox[31m=[32m"0 0 24 24"[31m
                [33mwidth[31m=[32m"24"[31m
                [33mxmlns[31m=[32m"http://www.w3.org/2000/svg"[31m
              [36m>[31m
                [36m<path[31m
                  [33md[31m=[32m"M11.017 2.814a1 1 0 0 1 1.966 0l1.051 5.558a2 2 0 0 0 1.594 1.594l5.558 1.051a1 1 0 0 1 0 1.966l-5.558 1.051a2 2 0 0 0-1.594 1.594l-1.051 5.558a1 1 0 0 1-1.966 0l-1.051-5.558a2 2 0 0 0-1.594-1.594l-5.558-1.051a1 1 0 0 1 0-1.966l5.558-1.051a2 2 0 0 0 1.594-1.594z"[31m
                [36m/>[31m
                [36m<path[31m
                  [33md[31m=[32m"M20 2v4"[31m
                [36m/>[31m
                [36m<path[31m
                  [33md[31m=[32m"M22 4h-4"[31m
                [36m/>[31m
                [36m<circle[31m
                  [33mcx[31m=[32m"4"[31m
                  [33mcy[31m=[32m"20"[31m
                  [33mr[31m=[32m"2"[31m
                [36m/>[31m
              [36m</svg>[31m
            [36m</div>[31m
          [36m</div>[31m
          [36m<h2[31m
            [33mclass[31m=[32m"text-2xl font-bold mb-2"[31m
          [36m>[31m
            [0m╪¬╪│╪¼┘è┘ä ╪º┘ä╪»╪«┘ê┘ä[0m
          [36m</h2>[31m
          [36m<p[31m
            [33mclass[31m=[32m"text-muted"[31m
          [36m>[31m
            [0m╪ú╪»╪«┘ä ╪¿╪▒┘è╪»┘â ╪º┘ä╪Ñ┘ä┘â╪¬╪▒┘ê┘å┘è ┘ê┘â┘ä┘à╪⌐ ╪º┘ä┘à╪▒┘ê╪▒[0m
          [36m</p>[31m
        [36m</div>[31m
        [36m<div[31m
          [33mclass[31m=[32m"space-y-5"[31m
        [36m>[31m
          [36m<div[31m
            [33mclass[31m=[32m"relative"[31m
          [36m>[31m
            [36m<label[31m
              [33mclass[31m=[32m"label flex items-center gap-2"[31m
            [36m>[31m
              [36m<svg[31m
                [33maria-hidden[31m=[32m"true"[31m
                [33mclass[31m=[32m"lucide lucide-mail w-4 h-4 text-primary-500"[31m
                [33mfill[31m=[32m"none"[31m
                [33mheight[31m=[32m"24"[31m
                [33mstroke[31m=[32m"currentColor"[31m
                [33mstroke-linecap[31m=[32m"round"[31m
                [33mstroke-linejoin[31m=[32m"round"[31m
                [33mstroke-width[31m=[32m"2"[31m
                [33mviewBox[31m=[32m"0 0 24 24"[31m
                [33mwidth[31m=[32m"24"[31m
                [33mxmlns[31m=[32m"http://www.w3.org/2000/svg"[31m
              [36m>[31m
                [36m<path[31m
                  [33md[31m=[32m"m22 7-8.991 5.727a2 2 0 0 1-2.009 0L2 7"[31m
                [36m/>[31m
                [36m<rect[31m
                  [33mheight[31m=[32m"16"[31m
                  [33mrx[31m=[32m"2"[31m
                  [33mwidth[31m=[32m"20"[31m
                  [33mx[31m=[32m"2"[31m
                  [33my[31m=[32m"4"[31m
                [36m/>[31m
              [36m</svg>[31m
              [0m╪º┘ä╪¿╪▒┘è╪» ╪º┘ä╪Ñ┘ä┘â╪¬╪▒┘ê┘å┘è[0m
            [36m</label>[31m
            [36m<input[31m
              [33mclass[31m=[32m"input"[31m
              [33mdir[31m=[32m"ltr"[31m
              [33mname[31m=[32m"email"[31m
              [33mplaceholder[31m=[32m"╪ú╪»╪«┘ä ╪¿╪▒┘è╪»┘â ╪º┘ä╪Ñ┘ä┘â╪¬╪▒┘ê┘å┘è"[31m
              [33mtype[31m=[32m"email"[31m
            [36m/>[31m
          [36m</div>[31m
          [36m<div[31m
            [33mclass[31m=[32m"relative"[31m
          [36m>[31m
            [36m<label[31m
              [33mclass[31m=[32m"label flex items-center gap-2"[31m
            [36m>[31m
              [36m<svg[31m
                [33maria-hidden[31m=[32m"true"[31m
                [33mclass[31m=[32m"lucide lucide-lock w-4 h-4 text-primary-500"[31m
                [33mfill[31m=[32m"none"[31m
                [33mheight[31m=[32m"24"[31m
                [33mstroke[31m=[32m"currentColor"[31m
                [33mstroke-linecap[31m=[32m"round"[31m
                [33mstroke-linejoin[31m=[32m"round"[31m
                [33mstroke-width[31m=[32m"2"[31m
                [33mviewBox[31m=[32m"0 0 24 24"[31m
                [33mwidth[31m=[32m"24"[31m
                [33mxmlns[31m=[32m"http://www.w3.org/2000/svg"[31m
              [36m>[31m
                [36m<rect[31m
                  [33mheight[31m=[32m"11"[31m
                  [33mrx[31m=[32m"2"[31m
                  [33mry[31m=[32m"2"[31m
                  [33mwidth[31m=[32m"18"[31m
                  [33mx[31m=[32m"3"[31m
                  [33my[31m=[32m"11"[31m
                [36m/>[31m
                [36m<path[31m
                  [33md[31m=[32m"M7 11V7a5 5 0 0 1 10 0v4"[31m
                [36m/>[31m
              [36m</svg>[31m
              [0m┘â┘ä┘à╪⌐ ╪º┘ä┘à╪▒┘ê╪▒[0m
            [36m</label>[31m
            [36m<div[31m
              [33mclass[31m=[32m"relative"[31m
            [36m>[31m
              [36m<input[31m
                [33mclass[31m=[32m"input pe-12"[31m
                [33mdir[31m=[32m"ltr"[31m
                [33mname[31m=[32m"password"[31m
                [33mplaceholder[31m=[32m"╪ú╪»╪«┘ä ┘â┘ä┘à╪⌐ ╪º┘ä┘à╪▒┘ê╪▒"[31m
                [33mtype[31m=[32m"password"[31m
              [36m/>[31m
              [36m<button[31m
                [33mclass[31m=[32m"absolute end-3 top-1/2 -translate-y-1/2 w-8 h-8 rounded-lg flex items-center justify-center text-dark-400 hover:text-dark-600 dark:hover:text-dark-300 hover:bg-dark-100 dark:hover:bg-dark-700 transition-colors"[31m
                [33mtype[31m=[32m"button"[31m
              [36m>[31m
                [36m<svg[31m
                  [33maria-hidden[31m=[32m"true"[31m
                  [33mclass[31m=[32m"lucide lucide-eye w-5 h-5"[31m
                  [33mfill[31m=[32m"none"[31m
                  [33mheight[31m=[32m"24"[31m
                  [33mstroke[31m=[32m"currentColor"[31m
                  [33mstroke-linecap[31m=[32m"round"[31m
                  [33mstroke-linejoin[31m=[32m"round"[31m
                  [33mstroke-width[31m=[32m"2"[31m
                  [33mviewBox[31m=[32m"0 0 24 24"[31m
                  [33mwidth[31m=[32m"24"[31m
                  [33mxmlns[31m=[32m"http://www.w3.org/2000/svg"[31m
                [36m>[31m
                  [36m<path[31m
                    [33md[31m=[32m"M2.062 12.348a1 1 0 0 1 0-.696 10.75 10.75 0 0 1 19.876 0 1 1 0 0 1 0 .696 10.75 10.75 0 0 1-19.876 0"[31m
                  [36m/>[31m
                  [36m<circle[31m
                    [33mcx[31m=[32m"12"[31m
                    [33mcy[31m=[32m"12"[31m
                    [33mr[31m=[32m"3"[31m
                  [36m/>[31m
                [36m</svg>[31m
              [36m</button>[31m
            [36m</div>[31m
          [36m</div>[31m
        [36m</div>[31m
        [36m<button[31m
          [33mclass[31m=[32m"btn-primary btn-lg w-full group"[31m
          [33mtype[31m=[32m"submit"[31m
        [36m>[31m
          [36m<span>[31m
            [0m╪¬╪│╪¼┘è┘ä ╪º┘ä╪»╪«┘ê┘ä[0m
          [36m</span>[31m
          [36m<svg[31m
            [33maria-hidden[31m=[32m"true"[31m
            [33mclass[31m=[32m"lucide lucide-arrow-left w-5 h-5 group-hover:translate-x-1 transition-transform"[31m
            [33mfill[31m=[32m"none"[31m
            [33mheight[31m=[32m"24"[31m
            [33mstroke[31m=[32m"currentColor"[31m
            [33mstroke-linecap[31m=[32m"round"[31m
            [33mstroke-linejoin[31m=[32m"round"[31m
            [33mstroke-width[31m=[32m"2"[31m
            [33mviewBox[31m=[32m"0 0 24 24"[31m
            [33mwidth[31m=[32m"24"[31m
            [33mxmlns[31m=[32m"http://www.w3.org/2000/svg"[31m
          [36m>[31m
            [36m<path[31m
              [33md[31m=[32m"m12 19-7-7 7-7"[31m
            [36m/>[31m
            [36m<path[31m
              [33md[31m=[32m"M19 12H5"[31m
            [36m/>[31m
          [36m</svg>[31m
        [36m</button>[31m
      [36m</form>[31m
    [36m</div>[31m
  [36m</div>[31m
[36m</body>[31m

Ignored nodes: comments, script, style
[36m<html[31m
  [33mdir[31m=[32m"rtl"[31m
  [33mlang[31m=[32m"ar"[31m
[36m>[31m
  [36m<head />[31m
  [36m<body>[31m
    [36m<div>[31m
      [36m<div[31m
        [33mclass[31m=[32m"w-full max-w-md mx-auto"[31m
      [36m>[31m
        [36m<form[31m
          [33mclass[31m=[32m"space-y-6"[31m
        [36m>[31m
          [36m<div[31m
            [33mclass[31m=[32m"text-center mb-8"[31m
          [36m>[31m
            [36m<div[31m
              [33mclass[31m=[32m"relative inline-block"[31m
            [36m>[31m
              [36m<div[31m
                [33mclass[31m=[32m"w-20 h-20 rounded-2xl gradient-primary flex items-center justify-center mx-auto mb-5 shadow-lg shadow-primary-600/30"[31m
              [36m>[31m
                [36m<svg[31m
                  [33maria-hidden[31m=[32m"true"[31m
                  [33mclass[31m=[32m"lucide lucide-mail w-10 h-10 text-white"[31m
                  [33mfill[31m=[32m"none"[31m
                  [33mheight[31m=[32m"24"[31m
                  [33mstroke[31m=[32m"currentColor"[31m
                  [33mstroke-linecap[31m=[32m"round"[31m
                  [33mstroke-linejoin[31m=[32m"round"[31m
                  [33mstroke-width[31m=[32m"2"[31m
                  [33mviewBox[31m=[32m"0 0 24 24"[31m
                  [33mwidth[31m=[32m"24"[31m
                  [33mxmlns[31m=[32m"http://www.w3.org/2000/svg"[31m
                [36m>[31m
                  [36m<path[31m
                    [33md[31m=[32m"m22 7-8.991 5.727a2 2 0 0 1-2.009 0L2 7"[31m
                  [36m/>[31m
                  [36m<rect[31m
                    [33mheight[31m=[32m"16"[31m
                    [33mrx[31m=[32m"2"[31m
                    [33mwidth[31m=[32m"20"[31m
                    [33mx[31m=[32m"2"[31m
                    [33my[31m=[32m"4"[31m
                  [36m/>[31m
                [36m</svg>[31m
              [36m</div>[31m
              [36m<div[31m
                [33mclass[31m=[32m"absolute -top-1 -end-1 w-8 h-8 rounded-xl bg-gradient-to-r from-accent-400 to-accent-600 flex items-center justify-center shadow-lg"[31m
              [36m>[31m
                [36m<svg[31m
                  [33maria-hidden[31m=[32m"true"[31m
                  [33mclass[31m=[32m"lucide lucide-sparkles w-4 h-4 text-white"[31m
                  [33mfill[31m=[32m"none"[31m
                  [33mheight[31m=[32m"24"[31m
                  [33mstroke[31m=[32m"currentColor"[31m
                  [33mstroke-linecap[31m=[32m"round"[31m
                  [33mstroke-linejoin[31m=[32m"round"[31m
                  [33mstroke-width[31m=[32m"2"[31m
                  [33mviewBox[31m=[32m"0 0 24 24"[31m
                  [33mwidth[31m=[32m"24"[31m
                  [33mxmlns[31m=[32m"http://www.w3.org/2000/svg"[31m
                [36m>[31m
                  [36m<path[31m
                    [33md[31m=[32m"M11.017 2.814a1 1 0 0 1 1.966 0l1.051 5.558a2 2 0 0 0 1.594 1.594l5.558 1.051a1 1 0 0 1 0 1.966l-5.558 1.051a2 2 0 0 0-1.594 1.594l-1.051 5.558a1 1 0 0 1-1.966 0l-1.051-5.558a2 2 0 0 0-1.594-1.594l-5.558-1.051a1 1 0 0 1 0-1.966l5.558-1.051a2 2 0 0 0 1.594-1.594z"[31m
                  [36m/>[31m
                  [36m<path[31m
                    [33md[31m=[32m"M20 2v4"[31m
                  [36m/>[31m
                  [36m<path[31m
                    [33md[31m=[32m"M22 4h-4"[31m
                  [36m/>[31m
                  [36m<circle[31m
                    [33mcx[31m=[32m"4"[31m
                    [33mcy[31m=[32m"20"[31m
                    [33mr[31m=[32m"2"[31m
                  [36m/>[31m
                [36m</svg>[31m
              [36m</div>[31m
            [36m</div>[31m
            [36m<h2[31m
              [33mclass[31m=[32m"text-2xl font-bold mb-2"[31m
            [36m>[31m
              [0m╪¬╪│╪¼┘è┘ä ╪º┘ä╪»╪«┘ê┘ä[0m
            [36m</h2>[31m
            [36m<p[31m
              [33mclass[31m=[32m"text-muted"[31m
            [36m>[31m
              [0m╪ú╪»╪«┘ä ╪¿╪▒┘è╪»┘â ╪º┘ä╪Ñ┘ä┘â╪¬╪▒┘ê┘å┘è ┘ê┘â┘ä┘à╪⌐ ╪º┘ä┘à╪▒┘ê╪▒[0m
            [36m</p>[31m
          [36m</div>[31m
          [36m<div[31m
            [33mclass[31m=[32m"space-y-5"[31m
          [36m>[31m
            [36m<div[31m
              [33mclass[31m=[32m"relative"[31m
            [36m>[31m
              [36m<label[31m
                [33mclass[31m=[32m"label flex items-center gap-2"[31m
              [36m>[31m
                [36m<svg[31m
                  [33maria-hidden[31m=[32m"true"[31m
                  [33mclass[31m=[32m"lucide lucide-mail w-4 h-4 text-primary-500"[31m
                  [33mfill[31m=[32m"none"[31m
                  [33mheight[31m=[32m"24"[31m
                  [33mstroke[31m=[32m"currentColor"[31m
                  [33mstroke-linecap[31m=[32m"round"[31m
                  [33mstroke-linejoin[31m=[32m"round"[31m
                  [33mstroke-width[31m=[32m"2"[31m
                  [33mviewBox[31m=[32m"0 0 24 24"[31m
                  [33mwidth[31m=[32m"24"[31m
                  [33mxmlns[31m=[32m"http://www.w3.org/2000/svg"[31m
                [36m>[31m
                  [36m<path[31m
                    [33md[31m=[32m"m22 7-8.991 5.727a2 2 0 0 1-2.009 0L2 7"[31m
                  [36m/>[31m
                  [36m<rect[31m
                    [33mheight[31m=[32m"16"[31m
                    [33mrx[31m=[32m"2"[31m
                    [33mwidth[31m=[32m"20"[31m
                    [33mx[31m=[32m"2"[31m
                    [33my[31m=[32m"4"[31m
                  [36m/>[31m
                [36m</svg>[31m
                [0m╪º┘ä╪¿╪▒┘è╪» ╪º┘ä╪Ñ┘ä┘â╪¬╪▒┘ê┘å┘è[0m
              [36m</label>[31m
              [36m<input[31m
                [33mclass[31m=[32m"input"[31m
                [33mdir[31m=[32m"ltr"[31m
                [33mname[31m=[32m"email"[31m
                [33mplaceholder[31m=[32m"╪ú╪»╪«┘ä ╪¿╪▒┘è╪»┘â ╪º┘ä╪Ñ┘ä┘â╪¬╪▒┘ê┘å┘è"[31m
                [33mtype[31m=[32m"email"[31m
              [36m/>[31m
            [36m</div>[31m
            [36m<div[31m
              [33mclass[31m=[32m"relative"[31m
            [36m>[31m
              [36m<label[31m
                [33mclass[31m=[32m"label flex items-center gap-2"[31m
              [36m>[31m
                [36m<svg[31m
                  [33maria-hidden[31m=[32m"true"[31m
                  [33mclass[31m=[32m"lucide lucide-lock w-4 h-4 text-primary-500"[31m
                  [33mfill[31m=[32m"none"[31m
                  [33mheight[31m=[32m"24"[31m
                  [33mstroke[31m=[32m"currentColor"[31m
                  [33mstroke-linecap[31m=[32m"round"[31m
                  [33mstroke-linejoin[31m=[32m"round"[31m
                  [33mstroke-width[31m=[32m"2"[31m
                  [33mviewBox[31m=[32m"0 0 24 24"[31m
                  [33mwidth[31m=[32m"24"[31m
                  [33mxmlns[31m=[32m"http://www.w3.org/2000/svg"[31m
                [36m>[31m
                  [36m<rect[31m
                    [33mheight[31m=[32m"11"[31m
                    [33mrx[31m=[32m"2"[31m
                    [33mry[31m=[32m"2"[31m
                    [33mwidth[31m=[32m"18"[31m
                    [33mx[31m=[32m"3"[31m
                    [33my[31m=[32m"11"[31m
                  [36m/>[31m
                  [36m<path[31m
                    [33md[31m=[32m"M7 11V7a5 5 0 0 1 10 0v4"[31m
                  [36m/>[31m
                [36m</svg>[31m
                [0m┘â┘ä┘à╪⌐ ╪º┘ä┘à╪▒┘ê╪▒[0m
              [36m</label>[31m
              [36m<div[31m
                [33mclass[31m=[32m"relative"[31m
              [36m>[31m
                [36m<input[31m
                  [33mclass[31m=[32m"input pe-12"[31m
                  [33mdir[31m=[32m"ltr"[31m
                  [33mname[31m=[32m"password"[31m
                  [33mplaceholder[31m=[32m"╪ú╪»╪«┘ä ┘â┘ä┘à╪⌐ ╪º┘ä┘à╪▒┘ê╪▒"[31m
                  [33mtype[31m=[32m"password"[31m
                [36m/>[31m
                [36m<button[31m
                  [33mclass[31m=[32m"absolute end-3 top-1/2 -translate-y-1/2 w-8 h-8 rounded-lg flex items-center justify-center text-dark-400 hover:text-dark-600 dark:hover:text-dark-300 hover:bg-dark-100 dark:hover:bg-dark-700 transition-colors"[31m
                  [33mtype[31m=[32m"button"[31m
                [36m>[31m
                  [36m<svg[31m
                    [33maria-hidden[31m=[32m"true"[31m
                    [33mclass[31m=[32m"lucide lucide-eye w-5 h-5"[31m
                    [33mfill[31m=[32m"none"[31m
                    [33mheight[31m=[32m"24"[31m
                    [33mstroke[31m=[32m"currentColor"[31m
                    [33mstroke-linecap[31m=[32m"round"[31m
                    [33mstroke-linejoin[31m=[32m"round"[31m
                    [33mstroke-width[31m=[32m"2"[31m
                    [33mviewBox[31m=[32m"0 0 24 24"[31m
                    [33mwidth[31m=[32m"24"[31m
                    [33mxmlns[31m=[32m"http://www.w3.org/2000/svg"[31m
                  [36m>[31m
                    [36m<path[31m
                      [33md[31m=[32m"M2.062 12.348a1 1 0 0 1 0-.696 10.75 10.75 0 0 1 19.876 0 1 1 0 0 1 0 .696 10.75 10.75 0 0 1-19.876 0"[31m
                    [36m/>[31m
                    [36m<circle[31m
                      [33mcx[31m=[32m"12"[31m
                      [33mcy[31m=[32m"12"[31m
                      [33mr[31m=[32m"3"[31m
                    [36m/>[31m
                  [36m</svg>[31m
                [36m</button>[31m
              [36m</div>[31m
            [36m</div>[31m
          [36m</div>[31m
          [36m<button[31m
            [33mclass[31m=[32m"btn-primary btn-lg w-full group"[31m
            [33mtype[31m=[32m"submit"[31m
          [36m>[31m
            [36m<span>[31m
              [0m╪¬╪│╪¼┘è┘ä ╪º┘ä╪»╪«┘ê┘ä[0m
            [36m</span>[31m
            [36m<svg[31m
              [33maria-hidden[31m=[32m"true"[31m
              [33mclass[31m=[32m"lucide lucide-arrow-left w-5 h-5 group-hover:translate-x-1 transition-transform"[31m
              [33mfill[31m=[32m"none"[31m
              [33mheight[31m=[32m"24"[31m
              [33mstroke[31m=[32m"currentColor"[31m
              [33mstroke-linecap[31m=[32m"round"[31m
              [33mstroke-linejoin[31m=[32m"round"[31m
              [33mstroke-width[31m=[32m"2"[31m
              [33mviewBox[31m=[32m"0 0 24 24"[31m
              [33mwidth[31m=[32m"24"[31m
              [33mxmlns[31m=[32m"http://www.w3.org/2000/svg"[31m
            [36m>[31m
              [36m<path[31m
                [33md[31m=[32m"m12 19-7-7 7-7"[31m
              [36m/>[31m
              [36m<path[31m
                [33md[31m=[32m"M19 12H5"[31m
              [36m/>[31m
            [36m</svg>[31m
          [36m</button>[31m
        [36m</form>[31m
      [36m</div>[31m
    [36m</div>[31m
  [36m</body>[31m
[36m</html>[31m[39m
 [31m├ù[39m src/components/auth/__tests__/SignupForm.test.tsx[2m > [22mSignupForm[2m > [22mEmail and Password Form[2m > [22mshould validate email format[33m 1017[2mms[22m[39m
[31m   ΓåÆ Unable to find role="button" and name `/freelancer|┘à╪│╪¬┘é┘ä/i`

Ignored nodes: comments, script, style
[36m<body>[31m
  [36m<div>[31m
    [36m<div[31m
      [33mclass[31m=[32m"w-full max-w-md mx-auto"[31m
    [36m>[31m
      [36m<form[31m
        [33mclass[31m=[32m"space-y-6"[31m
      [36m>[31m
        [36m<div[31m
          [33mclass[31m=[32m"text-center mb-8"[31m
        [36m>[31m
          [36m<div[31m
            [33mclass[31m=[32m"relative inline-block"[31m
          [36m>[31m
            [36m<div[31m
              [33mclass[31m=[32m"w-20 h-20 rounded-2xl bg-gradient-to-br from-accent-500 to-accent-600 flex items-center justify-center mx-auto mb-5 shadow-lg shadow-accent-500/30"[31m
            [36m>[31m
              [36m<svg[31m
                [33maria-hidden[31m=[32m"true"[31m
                [33mclass[31m=[32m"lucide lucide-sparkles w-10 h-10 text-white"[31m
                [33mfill[31m=[32m"none"[31m
                [33mheight[31m=[32m"24"[31m
                [33mstroke[31m=[32m"currentColor"[31m
                [33mstroke-linecap[31m=[32m"round"[31m
                [33mstroke-linejoin[31m=[32m"round"[31m
                [33mstroke-width[31m=[32m"2"[31m
                [33mviewBox[31m=[32m"0 0 24 24"[31m
                [33mwidth[31m=[32m"24"[31m
                [33mxmlns[31m=[32m"http://www.w3.org/2000/svg"[31m
              [36m>[31m
                [36m<path[31m
                  [33md[31m=[32m"M11.017 2.814a1 1 0 0 1 1.966 0l1.051 5.558a2 2 0 0 0 1.594 1.594l5.558 1.051a1 1 0 0 1 0 1.966l-5.558 1.051a2 2 0 0 0-1.594 1.594l-1.051 5.558a1 1 0 0 1-1.966 0l-1.051-5.558a2 2 0 0 0-1.594-1.594l-5.558-1.051a1 1 0 0 1 0-1.966l5.558-1.051a2 2 0 0 0 1.594-1.594z"[31m
                [36m/>[31m
                [36m<path[31m
                  [33md[31m=[32m"M20 2v4"[31m
                [36m/>[31m
                [36m<path[31m
                  [33md[31m=[32m"M22 4h-4"[31m
                [36m/>[31m
                [36m<circle[31m
                  [33mcx[31m=[32m"4"[31m
                  [33mcy[31m=[32m"20"[31m
                  [33mr[31m=[32m"2"[31m
                [36m/>[31m
              [36m</svg>[31m
            [36m</div>[31m
            [36m<div[31m
              [33mclass[31m=[32m"absolute -top-1 -end-1 w-8 h-8 rounded-xl bg-gradient-to-r from-primary-400 to-primary-600 flex items-center justify-center shadow-lg"[31m
            [36m>[31m
              [36m<svg[31m
                [33maria-hidden[31m=[32m"true"[31m
                [33mclass[31m=[32m"lucide lucide-user w-4 h-4 text-white"[31m
                [33mfill[31m=[32m"none"[31m
                [33mheight[31m=[32m"24"[31m
                [33mstroke[31m=[32m"currentColor"[31m
                [33mstroke-linecap[31m=[32m"round"[31m
                [33mstroke-linejoin[31m=[32m"round"[31m
                [33mstroke-width[31m=[32m"2"[31m
                [33mviewBox[31m=[32m"0 0 24 24"[31m
                [33mwidth[31m=[32m"24"[31m
                [33mxmlns[31m=[32m"http://www.w3.org/2000/svg"[31m
              [36m>[31m
                [36m<path[31m
                  [33md[31m=[32m"M19 21v-2a4 4 0 0 0-4-4H9a4 4 0 0 0-4 4v2"[31m
                [36m/>[31m
                [36m<circle[31m
                  [33mcx[31m=[32m"12"[31m
                  [33mcy[31m=[32m"7"[31m
                  [33mr[31m=[32m"4"[31m
                [36m/>[31m
              [36m</svg>[31m
            [36m</div>[31m
          [36m</div>[31m
          [36m<h2[31m
            [33mclass[31m=[32m"text-2xl font-bold mb-2"[31m
          [36m>[31m
            [0m╪Ñ┘å╪┤╪º╪í ╪¡╪│╪º╪¿[0m
          [36m</h2>[31m
          [36m<p[31m
            [33mclass[31m=[32m"text-muted"[31m
          [36m>[31m
            [0m╪ú┘å╪┤╪ª ╪¡╪│╪º╪¿┘â ┘ä┘ä╪¿╪»╪í[0m
          [36m</p>[31m
        [36m</div>[31m
        [36m<div[31m
          [33mclass[31m=[32m"space-y-4"[31m
        [36m>[31m
          [36m<div[31m
            [33mclass[31m=[32m"relative"[31m
          [36m>[31m
            [36m<label[31m
              [33mclass[31m=[32m"label flex items-center gap-2"[31m
            [36m>[31m
              [36m<svg[31m
                [33maria-hidden[31m=[32m"true"[31m
                [33mclass[31m=[32m"lucide lucide-mail w-4 h-4 text-primary-500"[31m
                [33mfill[31m=[32m"none"[31m
                [33mheight[31m=[32m"24"[31m
                [33mstroke[31m=[32m"currentColor"[31m
                [33mstroke-linecap[31m=[32m"round"[31m
                [33mstroke-linejoin[31m=[32m"round"[31m
                [33mstroke-width[31m=[32m"2"[31m
                [33mviewBox[31m=[32m"0 0 24 24"[31m
                [33mwidth[31m=[32m"24"[31m
                [33mxmlns[31m=[32m"http://www.w3.org/2000/svg"[31m
              [36m>[31m
                [36m<path[31m
                  [33md[31m=[32m"m22 7-8.991 5.727a2 2 0 0 1-2.009 0L2 7"[31m
                [36m/>[31m
                [36m<rect[31m
                  [33mheight[31m=[32m"16"[31m
                  [33mrx[31m=[32m"2"[31m
                  [33mwidth[31m=[32m"20"[31m
                  [33mx[31m=[32m"2"[31m
                  [33my[31m=[32m"4"[31m
                [36m/>[31m
              [36m</svg>[31m
              [0m╪º┘ä╪¿╪▒┘è╪» ╪º┘ä╪Ñ┘ä┘â╪¬╪▒┘ê┘å┘è[0m
            [36m</label>[31m
            [36m<input[31m
              [33mclass[31m=[32m"input"[31m
              [33mdir[31m=[32m"ltr"[31m
              [33mname[31m=[32m"email"[31m
              [33mplaceholder[31m=[32m"╪ú╪»╪«┘ä ╪¿╪▒┘è╪»┘â ╪º┘ä╪Ñ┘ä┘â╪¬╪▒┘ê┘å┘è"[31m
              [33mtype[31m=[32m"email"[31m
            [36m/>[31m
          [36m</div>[31m
          [36m<div[31m
            [33mclass[31m=[32m"relative"[31m
          [36m>[31m
            [36m<label[31m
              [33mclass[31m=[32m"label flex items-center gap-2"[31m
            [36m>[31m
              [36m<svg[31m
                [33maria-hidden[31m=[32m"true"[31m
                [33mclass[31m=[32m"lucide lucide-lock w-4 h-4 text-primary-500"[31m
                [33mfill[31m=[32m"none"[31m
                [33mheight[31m=[32m"24"[31m
                [33mstroke[31m=[32m"currentColor"[31m
                [33mstroke-linecap[31m=[32m"round"[31m
                [33mstroke-linejoin[31m=[32m"round"[31m
                [33mstroke-width[31m=[32m"2"[31m
                [33mviewBox[31m=[32m"0 0 24 24"[31m
                [33mwidth[31m=[32m"24"[31m
                [33mxmlns[31m=[32m"http://www.w3.org/2000/svg"[31m
              [36m>[31m
                [36m<rect[31m
                  [33mheight[31m=[32m"11"[31m
                  [33mrx[31m=[32m"2"[31m
                  [33mry[31m=[32m"2"[31m
                  [33mwidth[31m=[32m"18"[31m
                  [33mx[31m=[32m"3"[31m
                  [33my[31m=[32m"11"[31m
                [36m/>[31m
                [36m<path[31m
                  [33md[31m=[32m"M7 11V7a5 5 0 0 1 10 0v4"[31m
                [36m/>[31m
              [36m</svg>[31m
              [0m┘â┘ä┘à╪⌐ ╪º┘ä┘à╪▒┘ê╪▒[0m
            [36m</label>[31m
            [36m<div[31m
              [33mclass[31m=[32m"relative"[31m
            [36m>[31m
              [36m<input[31m
                [33mclass[31m=[32m"input pe-12"[31m
                [33mdir[31m=[32m"ltr"[31m
                [33mname[31m=[32m"password"[31m
                [33mplaceholder[31m=[32m"╪ú╪»╪«┘ä ┘â┘ä┘à╪⌐ ╪º┘ä┘à╪▒┘ê╪▒"[31m
                [33mtype[31m=[32m"password"[31m
              [36m/>[31m
              [36m<button[31m
                [33mclass[31m=[32m"absolute end-3 top-1/2 -translate-y-1/2 w-8 h-8 rounded-lg flex items-center justify-center text-dark-400 hover:text-dark-600 dark:hover:text-dark-300 hover:bg-dark-100 dark:hover:bg-dark-700 transition-colors"[31m
                [33mtype[31m=[32m"button"[31m
              [36m>[31m
                [36m<svg[31m
                  [33maria-hidden[31m=[32m"true"[31m
                  [33mclass[31m=[32m"lucide lucide-eye w-5 h-5"[31m
                  [33mfill[31m=[32m"none"[31m
                  [33mheight[31m=[32m"24"[31m
                  [33mstroke[31m=[32m"currentColor"[31m
                  [33mstroke-linecap[31m=[32m"round"[31m
                  [33mstroke-linejoin[31m=[32m"round"[31m
                  [33mstroke-width[31m=[32m"2"[31m
                  [33mviewBox[31m=[32m"0 0 24 24"[31m
                  [33mwidth[31m=[32m"24"[31m
                  [33mxmlns[31m=[32m"http://www.w3.org/2000/svg"[31m
                [36m>[31m
                  [36m<path[31m
                    [33md[31m=[32m"M2.062 12.348a1 1 0 0 1 0-.696 10.75 10.75 0 0 1 19.876 0 1 1 0 0 1 0 .696 10.75 10.75 0 0 1-19.876 0"[31m
                  [36m/>[31m
                  [36m<circle[31m
                    [33mcx[31m=[32m"12"[31m
                    [33mcy[31m=[32m"12"[31m
                    [33mr[31m=[32m"3"[31m
                  [36m/>[31m
                [36m</svg>[31m
              [36m</button>[31m
            [36m</div>[31m
          [36m</div>[31m
          [36m<div[31m
            [33mclass[31m=[32m"relative"[31m
          [36m>[31m
            [36m<label[31m
              [33mclass[31m=[32m"label flex items-center gap-2"[31m
            [36m>[31m
              [36m<svg[31m
                [33maria-hidden[31m=[32m"true"[31m
                [33mclass[31m=[32m"lucide lucide-circle-check w-4 h-4 text-primary-500"[31m
                [33mfill[31m=[32m"none"[31m
                [33mheight[31m=[32m"24"[31m
                [33mstroke[31m=[32m"currentColor"[31m
                [33mstroke-linecap[31m=[32m"round"[31m
                [33mstroke-linejoin[31m=[32m"round"[31m
                [33mstroke-width[31m=[32m"2"[31m
                [33mviewBox[31m=[32m"0 0 24 24"[31m
                [33mwidth[31m=[32m"24"[31m
                [33mxmlns[31m=[32m"http://www.w3.org/2000/svg"[31m
              [36m>[31m
                [36m<circle[31m
                  [33mcx[31m=[32m"12"[31m
                  [33mcy[31m=[32m"12"[31m
                  [33mr[31m=[32m"10"[31m
                [36m/>[31m
                [36m<path[31m
                  [33md[31m=[32m"m9 12 2 2 4-4"[31m
                [36m/>[31m
              [36m</svg>[31m
              [0m╪¬╪ú┘â┘è╪» ┘â┘ä┘à╪⌐ ╪º┘ä┘à╪▒┘ê╪▒[0m
            [36m</label>[31m
            [36m<input[31m
              [33mclass[31m=[32m"input"[31m
              [33mdir[31m=[32m"ltr"[31m
              [33mname[31m=[32m"confirmPassword"[31m
              [33mplaceholder[31m=[32m"╪ú╪╣╪» ╪Ñ╪»╪«╪º┘ä ┘â┘ä┘à╪⌐ ╪º┘ä┘à╪▒┘ê╪▒"[31m
              [33mtype[31m=[32m"password"[31m
            [36m/>[31m
          [36m</div>[31m
        [36m</div>[31m
        [36m<button[31m
          [33mclass[31m=[32m"btn-primary btn-lg w-full group"[31m
          [33mtype[31m=[32m"submit"[31m
        [36m>[31m
          [36m<span>[31m
            [0m╪Ñ┘å╪┤╪º╪í ╪¡╪│╪º╪¿[0m
          [36m</span>[31m
          [36m<svg[31m
            [33maria-hidden[31m=[32m"true"[31m
            [33mclass[31m=[32m"lucide lucide-arrow-left w-5 h-5 group-hover:translate-x-1 transition-transform"[31m
            [33mfill[31m=[32m"none"[31m
            [33mheight[31m=[32m"24"[31m
            [33mstroke[31m=[32m"currentColor"[31m
            [33mstroke-linecap[31m=[32m"round"[31m
            [33mstroke-linejoin[31m=[32m"round"[31m
            [33mstroke-width[31m=[32m"2"[31m
            [33mviewBox[31m=[32m"0 0 24 24"[31m
            [33mwidth[31m=[32m"24"[31m
            [33mxmlns[31m=[32m"http://www.w3.org/2000/svg"[31m
          [36m>[31m
            [36m<path[31m
              [33md[31m=[32m"m12 19-7-7 7-7"[31m
            [36m/>[31m
            [36m<path[31m
              [33md[31m=[32m"M19 12H5"[31m
            [36m/>[31m
          [36m</svg>[31m
        [36m</button>[31m
        [36m<p[31m
          [33mclass[31m=[32m"text-center text-muted"[31m
        [36m>[31m
          [0m┘ä╪»┘è┘â ╪¡╪│╪º╪¿ ╪¿╪º┘ä┘ü╪╣┘ä╪ƒ[0m
          [0m [0m
          [36m<button[31m
            [33mclass[31m=[32m"text-primary-600 dark:text-primary-400 font-semibold hover:underline"[31m
            [33mtype[31m=[32m"button"[31m
          [36m>[31m
            [0m╪¬╪│╪¼┘è┘ä ╪º┘ä╪»╪«┘ê┘ä[0m
          [36m</button>[31m
        [36m</p>[31m
      [36m</form>[31m
    [36m</div>[31m
  [36m</div>[31m
[36m</body>[31m

Ignored nodes: comments, script, style
[36m<html[31m
  [33mdir[31m=[32m"rtl"[31m
  [33mlang[31m=[32m"ar"[31m
[36m>[31m
  [36m<head />[31m
  [36m<body>[31m
    [36m<div>[31m
      [36m<div[31m
        [33mclass[31m=[32m"w-full max-w-md mx-auto"[31m
      [36m>[31m
        [36m<form[31m
          [33mclass[31m=[32m"space-y-6"[31m
        [36m>[31m
          [36m<div[31m
            [33mclass[31m=[32m"text-center mb-8"[31m
          [36m>[31m
            [36m<div[31m
              [33mclass[31m=[32m"relative inline-block"[31m
            [36m>[31m
              [36m<div[31m
                [33mclass[31m=[32m"w-20 h-20 rounded-2xl bg-gradient-to-br from-accent-500 to-accent-600 flex items-center justify-center mx-auto mb-5 shadow-lg shadow-accent-500/30"[31m
              [36m>[31m
                [36m<svg[31m
                  [33maria-hidden[31m=[32m"true"[31m
                  [33mclass[31m=[32m"lucide lucide-sparkles w-10 h-10 text-white"[31m
                  [33mfill[31m=[32m"none"[31m
                  [33mheight[31m=[32m"24"[31m
                  [33mstroke[31m=[32m"currentColor"[31m
                  [33mstroke-linecap[31m=[32m"round"[31m
                  [33mstroke-linejoin[31m=[32m"round"[31m
                  [33mstroke-width[31m=[32m"2"[31m
                  [33mviewBox[31m=[32m"0 0 24 24"[31m
                  [33mwidth[31m=[32m"24"[31m
                  [33mxmlns[31m=[32m"http://www.w3.org/2000/svg"[31m
                [36m>[31m
                  [36m<path[31m
                    [33md[31m=[32m"M11.017 2.814a1 1 0 0 1 1.966 0l1.051 5.558a2 2 0 0 0 1.594 1.594l5.558 1.051a1 1 0 0 1 0 1.966l-5.558 1.051a2 2 0 0 0-1.594 1.594l-1.051 5.558a1 1 0 0 1-1.966 0l-1.051-5.558a2 2 0 0 0-1.594-1.594l-5.558-1.051a1 1 0 0 1 0-1.966l5.558-1.051a2 2 0 0 0 1.594-1.594z"[31m
                  [36m/>[31m
                  [36m<path[31m
                    [33md[31m=[32m"M20 2v4"[31m
                  [36m/>[31m
                  [36m<path[31m
                    [33md[31m=[32m"M22 4h-4"[31m
                  [36m/>[31m
                  [36m<circle[31m
                    [33mcx[31m=[32m"4"[31m
                    [33mcy[31m=[32m"20"[31m
                    [33mr[31m=[32m"2"[31m
                  [36m/>[31m
                [36m</svg>[31m
              [36m</div>[31m
              [36m<div[31m
                [33mclass[31m=[32m"absolute -top-1 -end-1 w-8 h-8 rounded-xl bg-gradient-to-r from-primary-400 to-primary-600 flex items-center justify-center shadow-lg"[31m
              [36m>[31m
                [36m<svg[31m
                  [33maria-hidden[31m=[32m"true"[31m
                  [33mclass[31m=[32m"lucide lucide-user w-4 h-4 text-white"[31m
                  [33mfill[31m=[32m"none"[31m
                  [33mheight[31m=[32m"24"[31m
                  [33mstroke[31m=[32m"currentColor"[31m
                  [33mstroke-linecap[31m=[32m"round"[31m
                  [33mstroke-linejoin[31m=[32m"round"[31m
                  [33mstroke-width[31m=[32m"2"[31m
                  [33mviewBox[31m=[32m"0 0 24 24"[31m
                  [33mwidth[31m=[32m"24"[31m
                  [33mxmlns[31m=[32m"http://www.w3.org/2000/svg"[31m
                [36m>[31m
                  [36m<path[31m
                    [33md[31m=[32m"M19 21v-2a4 4 0 0 0-4-4H9a4 4 0 0 0-4 4v2"[31m
                  [36m/>[31m
                  [36m<circle[31m
                    [33mcx[31m=[32m"12"[31m
                    [33mcy[31m=[32m"7"[31m
                    [33mr[31m=[32m"4"[31m
                  [36m/>[31m
                [36m</svg>[31m
              [36m</div>[31m
            [36m</div>[31m
            [36m<h2[31m
              [33mclass[31m=[32m"text-2xl font-bold mb-2"[31m
            [36m>[31m
              [0m╪Ñ┘å╪┤╪º╪í ╪¡╪│╪º╪¿[0m
            [36m</h2>[31m
            [36m<p[31m
              [33mclass[31m=[32m"text-muted"[31m
            [36m>[31m
              [0m╪ú┘å╪┤╪ª ╪¡╪│╪º╪¿┘â ┘ä┘ä╪¿╪»╪í[0m
            [36m</p>[31m
          [36m</div>[31m
          [36m<div[31m
            [33mclass[31m=[32m"space-y-4"[31m
          [36m>[31m
            [36m<div[31m
              [33mclass[31m=[32m"relative"[31m
            [36m>[31m
              [36m<label[31m
                [33mclass[31m=[32m"label flex items-center gap-2"[31m
              [36m>[31m
                [36m<svg[31m
                  [33maria-hidden[31m=[32m"true"[31m
                  [33mclass[31m=[32m"lucide lucide-mail w-4 h-4 text-primary-500"[31m
                  [33mfill[31m=[32m"none"[31m
                  [33mheight[31m=[32m"24"[31m
                  [33mstroke[31m=[32m"currentColor"[31m
                  [33mstroke-linecap[31m=[32m"round"[31m
                  [33mstroke-linejoin[31m=[32m"round"[31m
                  [33mstroke-width[31m=[32m"2"[31m
                  [33mviewBox[31m=[32m"0 0 24 24"[31m
                  [33mwidth[31m=[32m"24"[31m
                  [33mxmlns[31m=[32m"http://www.w3.org/2000/svg"[31m
                [36m>[31m
                  [36m<path[31m
                    [33md[31m=[32m"m22 7-8.991 5.727a2 2 0 0 1-2.009 0L2 7"[31m
                  [36m/>[31m
                  [36m<rect[31m
                    [33mheight[31m=[32m"16"[31m
                    [33mrx[31m=[32m"2"[31m
                    [33mwidth[31m=[32m"20"[31m
                    [33mx[31m=[32m"2"[31m
                    [33my[31m=[32m"4"[31m
                  [36m/>[31m
                [36m</svg>[31m
                [0m╪º┘ä╪¿╪▒┘è╪» ╪º┘ä╪Ñ┘ä┘â╪¬╪▒┘ê┘å┘è[0m
              [36m</label>[31m
              [36m<input[31m
                [33mclass[31m=[32m"input"[31m
                [33mdir[31m=[32m"ltr"[31m
                [33mname[31m=[32m"email"[31m
                [33mplaceholder[31m=[32m"╪ú╪»╪«┘ä ╪¿╪▒┘è╪»┘â ╪º┘ä╪Ñ┘ä┘â╪¬╪▒┘ê┘å┘è"[31m
                [33mtype[31m=[32m"email"[31m
              [36m/>[31m
            [36m</div>[31m
            [36m<div[31m
              [33mclass[31m=[32m"relative"[31m
            [36m>[31m
              [36m<label[31m
                [33mclass[31m=[32m"label flex items-center gap-2"[31m
              [36m>[31m
                [36m<svg[31m
                  [33maria-hidden[31m=[32m"true"[31m
                  [33mclass[31m=[32m"lucide lucide-lock w-4 h-4 text-primary-500"[31m
                  [33mfill[31m=[32m"none"[31m
                  [33mheight[31m=[32m"24"[31m
                  [33mstroke[31m=[32m"currentColor"[31m
                  [33mstroke-linecap[31m=[32m"round"[31m
                  [33mstroke-linejoin[31m=[32m"round"[31m
                  [33mstroke-width[31m=[32m"2"[31m
                  [33mviewBox[31m=[32m"0 0 24 24"[31m
                  [33mwidth[31m=[32m"24"[31m
                  [33mxmlns[31m=[32m"http://www.w3.org/2000/svg"[31m
                [36m>[31m
                  [36m<rect[31m
                    [33mheight[31m=[32m"11"[31m
                    [33mrx[31m=[32m"2"[31m
                    [33mry[31m=[32m"2"[31m
                    [33mwidth[31m=[32m"18"[31m
                    [33mx[31m=[32m"3"[31m
                    [33my[31m=[32m"11"[31m
                  [36m/>[31m
                  [36m<path[31m
                    [33md[31m=[32m"M7 11V7a5 5 0 0 1 10 0v4"[31m
                  [36m/>[31m
                [36m</svg>[31m
                [0m┘â┘ä┘à╪⌐ ╪º┘ä┘à╪▒┘ê╪▒[0m
              [36m</label>[31m
              [36m<div[31m
                [33mclass[31m=[32m"relative"[31m
              [36m>[31m
                [36m<input[31m
                  [33mclass[31m=[32m"input pe-12"[31m
                  [33mdir[31m=[32m"ltr"[31m
                  [33mname[31m=[32m"password"[31m
                  [33mplaceholder[31m=[32m"╪ú╪»╪«┘ä ┘â┘ä┘à╪⌐ ╪º┘ä┘à╪▒┘ê╪▒"[31m
                  [33mtype[31m=[32m"password"[31m
                [36m/>[31m
                [36m<button[31m
                  [33mclass[31m=[32m"absolute end-3 top-1/2 -translate-y-1/2 w-8 h-8 rounded-lg flex items-center justify-center text-dark-400 hover:text-dark-600 dark:hover:text-dark-300 hover:bg-dark-100 dark:hover:bg-dark-700 transition-colors"[31m
                  [33mtype[31m=[32m"button"[31m
                [36m>[31m
                  [36m<svg[31m
                    [33maria-hidden[31m=[32m"true"[31m
                    [33mclass[31m=[32m"lucide lucide-eye w-5 h-5"[31m
                    [33mfill[31m=[32m"none"[31m
                    [33mheight[31m=[32m"24"[31m
                    [33mstroke[31m=[32m"currentColor"[31m
                    [33mstroke-linecap[31m=[32m"round"[31m
                    [33mstroke-linejoin[31m=[32m"round"[31m
                    [33mstroke-width[31m=[32m"2"[31m
                    [33mviewBox[31m=[32m"0 0 24 24"[31m
                    [33mwidth[31m=[32m"24"[31m
                    [33mxmlns[31m=[32m"http://www.w3.org/2000/svg"[31m
                  [36m>[31m
                    [36m<path[31m
                      [33md[31m=[32m"M2.062 12.348a1 1 0 0 1 0-.696 10.75 10.75 0 0 1 19.876 0 1 1 0 0 1 0 .696 10.75 10.75 0 0 1-19.876 0"[31m
                    [36m/>[31m
                    [36m<circle[31m
                      [33mcx[31m=[32m"12"[31m
                      [33mcy[31m=[32m"12"[31m
                      [33mr[31m=[32m"3"[31m
                    [36m/>[31m
                  [36m</svg>[31m
                [36m</button>[31m
              [36m</div>[31m
            [36m</div>[31m
            [36m<div[31m
              [33mclass[31m=[32m"relative"[31m
            [36m>[31m
              [36m<label[31m
                [33mclass[31m=[32m"label flex items-center gap-2"[31m
              [36m>[31m
                [36m<svg[31m
                  [33maria-hidden[31m=[32m"true"[31m
                  [33mclass[31m=[32m"lucide lucide-circle-check w-4 h-4 text-primary-500"[31m
                  [33mfill[31m=[32m"none"[31m
                  [33mheight[31m=[32m"24"[31m
                  [33mstroke[31m=[32m"currentColor"[31m
                  [33mstroke-linecap[31m=[32m"round"[31m
                  [33mstroke-linejoin[31m=[32m"round"[31m
                  [33mstroke-width[31m=[32m"2"[31m
                  [33mviewBox[31m=[32m"0 0 24 24"[31m
                  [33mwidth[31m=[32m"24"[31m
                  [33mxmlns[31m=[32m"http://www.w3.org/2000/svg"[31m
                [36m>[31m
                  [36m<circle[31m
                    [33mcx[31m=[32m"12"[31m
                    [33mcy[31m=[32m"12"[31m
                    [33mr[31m=[32m"10"[31m
                  [36m/>[31m
                  [36m<path[31m
                    [33md[31m=[32m"m9 12 2 2 4-4"[31m
                  [36m/>[31m
                [36m</svg>[31m
                [0m╪¬╪ú┘â┘è╪» ┘â┘ä┘à╪⌐ ╪º┘ä┘à╪▒┘ê╪▒[0m
              [36m</label>[31m
              [36m<input[31m
                [33mclass[31m=[32m"input"[31m
                [33mdir[31m=[32m"ltr"[31m
                [33mname[31m=[32m"confirmPassword"[31m
                [33mplaceholder[31m=[32m"╪ú╪╣╪» ╪Ñ╪»╪«╪º┘ä ┘â┘ä┘à╪⌐ ╪º┘ä┘à╪▒┘ê╪▒"[31m
                [33mtype[31m=[32m"password"[31m
              [36m/>[31m
            [36m</div>[31m
          [36m</div>[31m
          [36m<button[31m
            [33mclass[31m=[32m"btn-primary btn-lg w-full group"[31m
            [33mtype[31m=[32m"submit"[31m
          [36m>[31m
            [36m<span>[31m
              [0m╪Ñ┘å╪┤╪º╪í ╪¡╪│╪º╪¿[0m
            [36m</span>[31m
            [36m<svg[31m
              [33maria-hidden[31m=[32m"true"[31m
              [33mclass[31m=[32m"lucide lucide-arrow-left w-5 h-5 group-hover:translate-x-1 transition-transform"[31m
              [33mfill[31m=[32m"none"[31m
              [33mheight[31m=[32m"24"[31m
              [33mstroke[31m=[32m"currentColor"[31m
              [33mstroke-linecap[31m=[32m"round"[31m
              [33mstroke-linejoin[31m=[32m"round"[31m
              [33mstroke-width[31m=[32m"2"[31m
              [33mviewBox[31m=[32m"0 0 24 24"[31m
              [33mwidth[31m=[32m"24"[31m
              [33mxmlns[31m=[32m"http://www.w3.org/2000/svg"[31m
            [36m>[31m
              [36m<path[31m
                [33md[31m=[32m"m12 19-7-7 7-7"[31m
              [36m/>[31m
              [36m<path[31m
                [33md[31m=[32m"M19 12H5"[31m
              [36m/>[31m
            [36m</svg>[31m
          [36m</button>[31m
          [36m<p[31m
            [33mclass[31m=[32m"text-center text-muted"[31m
          [36m>[31m
            [0m┘ä╪»┘è┘â ╪¡╪│╪º╪¿ ╪¿╪º┘ä┘ü╪╣┘ä╪ƒ[0m
            [0m [0m
            [36m<button[31m
              [33mclass[31m=[32m"text-primary-600 dark:text-primary-400 font-semibold hover:underline"[31m
              [33mtype[31m=[32m"button"[31m
            [36m>[31m
              [0m╪¬╪│╪¼┘è┘ä ╪º┘ä╪»╪«┘ê┘ä[0m
            [36m</button>[31m
          [36m</p>[31m
        [36m</form>[31m
      [36m</div>[31m
    [36m</div>[31m
  [36m</body>[31m
[36m</html>[31m[39m
 [31m├ù[39m src/components/auth/__tests__/LoginForm.test.tsx[2m > [22mLoginForm[2m > [22mPassword Visibility Toggle[2m > [22mshould toggle password visibility[33m 1018[2mms[22m[39m
[31m   ΓåÆ Unable to find an element with the placeholder text of: /\*\*\*\*\*\*/

Ignored nodes: comments, script, style
[36m<body>[31m
  [36m<div>[31m
    [36m<div[31m
      [33mclass[31m=[32m"w-full max-w-md mx-auto"[31m
    [36m>[31m
      [36m<form[31m
        [33mclass[31m=[32m"space-y-6"[31m
      [36m>[31m
        [36m<div[31m
          [33mclass[31m=[32m"text-center mb-8"[31m
        [36m>[31m
          [36m<div[31m
            [33mclass[31m=[32m"relative inline-block"[31m
          [36m>[31m
            [36m<div[31m
              [33mclass[31m=[32m"w-20 h-20 rounded-2xl gradient-primary flex items-center justify-center mx-auto mb-5 shadow-lg shadow-primary-600/30"[31m
            [36m>[31m
              [36m<svg[31m
                [33maria-hidden[31m=[32m"true"[31m
                [33mclass[31m=[32m"lucide lucide-mail w-10 h-10 text-white"[31m
                [33mfill[31m=[32m"none"[31m
                [33mheight[31m=[32m"24"[31m
                [33mstroke[31m=[32m"currentColor"[31m
                [33mstroke-linecap[31m=[32m"round"[31m
                [33mstroke-linejoin[31m=[32m"round"[31m
                [33mstroke-width[31m=[32m"2"[31m
                [33mviewBox[31m=[32m"0 0 24 24"[31m
                [33mwidth[31m=[32m"24"[31m
                [33mxmlns[31m=[32m"http://www.w3.org/2000/svg"[31m
              [36m>[31m
                [36m<path[31m
                  [33md[31m=[32m"m22 7-8.991 5.727a2 2 0 0 1-2.009 0L2 7"[31m
                [36m/>[31m
                [36m<rect[31m
                  [33mheight[31m=[32m"16"[31m
                  [33mrx[31m=[32m"2"[31m
                  [33mwidth[31m=[32m"20"[31m
                  [33mx[31m=[32m"2"[31m
                  [33my[31m=[32m"4"[31m
                [36m/>[31m
              [36m</svg>[31m
            [36m</div>[31m
            [36m<div[31m
              [33mclass[31m=[32m"absolute -top-1 -end-1 w-8 h-8 rounded-xl bg-gradient-to-r from-accent-400 to-accent-600 flex items-center justify-center shadow-lg"[31m
            [36m>[31m
              [36m<svg[31m
                [33maria-hidden[31m=[32m"true"[31m
                [33mclass[31m=[32m"lucide lucide-sparkles w-4 h-4 text-white"[31m
                [33mfill[31m=[32m"none"[31m
                [33mheight[31m=[32m"24"[31m
                [33mstroke[31m=[32m"currentColor"[31m
                [33mstroke-linecap[31m=[32m"round"[31m
                [33mstroke-linejoin[31m=[32m"round"[31m
                [33mstroke-width[31m=[32m"2"[31m
                [33mviewBox[31m=[32m"0 0 24 24"[31m
                [33mwidth[31m=[32m"24"[31m
                [33mxmlns[31m=[32m"http://www.w3.org/2000/svg"[31m
              [36m>[31m
                [36m<path[31m
                  [33md[31m=[32m"M11.017 2.814a1 1 0 0 1 1.966 0l1.051 5.558a2 2 0 0 0 1.594 1.594l5.558 1.051a1 1 0 0 1 0 1.966l-5.558 1.051a2 2 0 0 0-1.594 1.594l-1.051 5.558a1 1 0 0 1-1.966 0l-1.051-5.558a2 2 0 0 0-1.594-1.594l-5.558-1.051a1 1 0 0 1 0-1.966l5.558-1.051a2 2 0 0 0 1.594-1.594z"[31m
                [36m/>[31m
                [36m<path[31m
                  [33md[31m=[32m"M20 2v4"[31m
                [36m/>[31m
                [36m<path[31m
                  [33md[31m=[32m"M22 4h-4"[31m
                [36m/>[31m
                [36m<circle[31m
                  [33mcx[31m=[32m"4"[31m
                  [33mcy[31m=[32m"20"[31m
                  [33mr[31m=[32m"2"[31m
                [36m/>[31m
              [36m</svg>[31m
            [36m</div>[31m
          [36m</div>[31m
          [36m<h2[31m
            [33mclass[31m=[32m"text-2xl font-bold mb-2"[31m
          [36m>[31m
            [0m╪¬╪│╪¼┘è┘ä ╪º┘ä╪»╪«┘ê┘ä[0m
          [36m</h2>[31m
          [36m<p[31m
            [33mclass[31m=[32m"text-muted"[31m
          [36m>[31m
            [0m╪ú╪»╪«┘ä ╪¿╪▒┘è╪»┘â ╪º┘ä╪Ñ┘ä┘â╪¬╪▒┘ê┘å┘è ┘ê┘â┘ä┘à╪⌐ ╪º┘ä┘à╪▒┘ê╪▒[0m
          [36m</p>[31m
        [36m</div>[31m
        [36m<div[31m
          [33mclass[31m=[32m"space-y-5"[31m
        [36m>[31m
          [36m<div[31m
            [33mclass[31m=[32m"relative"[31m
          [36m>[31m
            [36m<label[31m
              [33mclass[31m=[32m"label flex items-center gap-2"[31m
            [36m>[31m
              [36m<svg[31m
                [33maria-hidden[31m=[32m"true"[31m
                [33mclass[31m=[32m"lucide lucide-mail w-4 h-4 text-primary-500"[31m
                [33mfill[31m=[32m"none"[31m
                [33mheight[31m=[32m"24"[31m
                [33mstroke[31m=[32m"currentColor"[31m
                [33mstroke-linecap[31m=[32m"round"[31m
                [33mstroke-linejoin[31m=[32m"round"[31m
                [33mstroke-width[31m=[32m"2"[31m
                [33mviewBox[31m=[32m"0 0 24 24"[31m
                [33mwidth[31m=[32m"24"[31m
                [33mxmlns[31m=[32m"http://www.w3.org/2000/svg"[31m
              [36m>[31m
                [36m<path[31m
                  [33md[31m=[32m"m22 7-8.991 5.727a2 2 0 0 1-2.009 0L2 7"[31m
                [36m/>[31m
                [36m<rect[31m
                  [33mheight[31m=[32m"16"[31m
                  [33mrx[31m=[32m"2"[31m
                  [33mwidth[31m=[32m"20"[31m
                  [33mx[31m=[32m"2"[31m
                  [33my[31m=[32m"4"[31m
                [36m/>[31m
              [36m</svg>[31m
              [0m╪º┘ä╪¿╪▒┘è╪» ╪º┘ä╪Ñ┘ä┘â╪¬╪▒┘ê┘å┘è[0m
            [36m</label>[31m
            [36m<input[31m
              [33mclass[31m=[32m"input"[31m
              [33mdir[31m=[32m"ltr"[31m
              [33mname[31m=[32m"email"[31m
              [33mplaceholder[31m=[32m"╪ú╪»╪«┘ä ╪¿╪▒┘è╪»┘â ╪º┘ä╪Ñ┘ä┘â╪¬╪▒┘ê┘å┘è"[31m
              [33mtype[31m=[32m"email"[31m
            [36m/>[31m
          [36m</div>[31m
          [36m<div[31m
            [33mclass[31m=[32m"relative"[31m
          [36m>[31m
            [36m<label[31m
              [33mclass[31m=[32m"label flex items-center gap-2"[31m
            [36m>[31m
              [36m<svg[31m
                [33maria-hidden[31m=[32m"true"[31m
                [33mclass[31m=[32m"lucide lucide-lock w-4 h-4 text-primary-500"[31m
                [33mfill[31m=[32m"none"[31m
                [33mheight[31m=[32m"24"[31m
                [33mstroke[31m=[32m"currentColor"[31m
                [33mstroke-linecap[31m=[32m"round"[31m
                [33mstroke-linejoin[31m=[32m"round"[31m
                [33mstroke-width[31m=[32m"2"[31m
                [33mviewBox[31m=[32m"0 0 24 24"[31m
                [33mwidth[31m=[32m"24"[31m
                [33mxmlns[31m=[32m"http://www.w3.org/2000/svg"[31m
              [36m>[31m
                [36m<rect[31m
                  [33mheight[31m=[32m"11"[31m
                  [33mrx[31m=[32m"2"[31m
                  [33mry[31m=[32m"2"[31m
                  [33mwidth[31m=[32m"18"[31m
                  [33mx[31m=[32m"3"[31m
                  [33my[31m=[32m"11"[31m
                [36m/>[31m
                [36m<path[31m
                  [33md[31m=[32m"M7 11V7a5 5 0 0 1 10 0v4"[31m
                [36m/>[31m
              [36m</svg>[31m
              [0m┘â┘ä┘à╪⌐ ╪º┘ä┘à╪▒┘ê╪▒[0m
            [36m</label>[31m
            [36m<div[31m
              [33mclass[31m=[32m"relative"[31m
            [36m>[31m
              [36m<input[31m
                [33mclass[31m=[32m"input pe-12"[31m
                [33mdir[31m=[32m"ltr"[31m
                [33mname[31m=[32m"password"[31m
                [33mplaceholder[31m=[32m"╪ú╪»╪«┘ä ┘â┘ä┘à╪⌐ ╪º┘ä┘à╪▒┘ê╪▒"[31m
                [33mtype[31m=[32m"password"[31m
              [36m/>[31m
              [36m<button[31m
                [33mclass[31m=[32m"absolute end-3 top-1/2 -translate-y-1/2 w-8 h-8 rounded-lg flex items-center justify-center text-dark-400 hover:text-dark-600 dark:hover:text-dark-300 hover:bg-dark-100 dark:hover:bg-dark-700 transition-colors"[31m
                [33mtype[31m=[32m"button"[31m
              [36m>[31m
                [36m<svg[31m
                  [33maria-hidden[31m=[32m"true"[31m
                  [33mclass[31m=[32m"lucide lucide-eye w-5 h-5"[31m
                  [33mfill[31m=[32m"none"[31m
                  [33mheight[31m=[32m"24"[31m
                  [33mstroke[31m=[32m"currentColor"[31m
                  [33mstroke-linecap[31m=[32m"round"[31m
                  [33mstroke-linejoin[31m=[32m"round"[31m
                  [33mstroke-width[31m=[32m"2"[31m
                  [33mviewBox[31m=[32m"0 0 24 24"[31m
                  [33mwidth[31m=[32m"24"[31m
                  [33mxmlns[31m=[32m"http://www.w3.org/2000/svg"[31m
                [36m>[31m
                  [36m<path[31m
                    [33md[31m=[32m"M2.062 12.348a1 1 0 0 1 0-.696 10.75 10.75 0 0 1 19.876 0 1 1 0 0 1 0 .696 10.75 10.75 0 0 1-19.876 0"[31m
                  [36m/>[31m
                  [36m<circle[31m
                    [33mcx[31m=[32m"12"[31m
                    [33mcy[31m=[32m"12"[31m
                    [33mr[31m=[32m"3"[31m
                  [36m/>[31m
                [36m</svg>[31m
              [36m</button>[31m
            [36m</div>[31m
          [36m</div>[31m
        [36m</div>[31m
        [36m<button[31m
          [33mclass[31m=[32m"btn-primary btn-lg w-full group"[31m
          [33mtype[31m=[32m"submit"[31m
        [36m>[31m
          [36m<span>[31m
            [0m╪¬╪│╪¼┘è┘ä ╪º┘ä╪»╪«┘ê┘ä[0m
          [36m</span>[31m
          [36m<svg[31m
            [33maria-hidden[31m=[32m"true"[31m
            [33mclass[31m=[32m"lucide lucide-arrow-left w-5 h-5 group-hover:translate-x-1 transition-transform"[31m
            [33mfill[31m=[32m"none"[31m
            [33mheight[31m=[32m"24"[31m
            [33mstroke[31m=[32m"currentColor"[31m
            [33mstroke-linecap[31m=[32m"round"[31m
            [33mstroke-linejoin[31m=[32m"round"[31m
            [33mstroke-width[31m=[32m"2"[31m
            [33mviewBox[31m=[32m"0 0 24 24"[31m
            [33mwidth[31m=[32m"24"[31m
            [33mxmlns[31m=[32m"http://www.w3.org/2000/svg"[31m
          [36m>[31m
            [36m<path[31m
              [33md[31m=[32m"m12 19-7-7 7-7"[31m
            [36m/>[31m
            [36m<path[31m
              [33md[31m=[32m"M19 12H5"[31m
            [36m/>[31m
          [36m</svg>[31m
        [36m</button>[31m
      [36m</form>[31m
    [36m</div>[31m
  [36m</div>[31m
[36m</body>[31m

Ignored nodes: comments, script, style
[36m<html[31m
  [33mdir[31m=[32m"rtl"[31m
  [33mlang[31m=[32m"ar"[31m
[36m>[31m
  [36m<head />[31m
  [36m<body>[31m
    [36m<div>[31m
      [36m<div[31m
        [33mclass[31m=[32m"w-full max-w-md mx-auto"[31m
      [36m>[31m
        [36m<form[31m
          [33mclass[31m=[32m"space-y-6"[31m
        [36m>[31m
          [36m<div[31m
            [33mclass[31m=[32m"text-center mb-8"[31m
          [36m>[31m
            [36m<div[31m
              [33mclass[31m=[32m"relative inline-block"[31m
            [36m>[31m
              [36m<div[31m
                [33mclass[31m=[32m"w-20 h-20 rounded-2xl gradient-primary flex items-center justify-center mx-auto mb-5 shadow-lg shadow-primary-600/30"[31m
              [36m>[31m
                [36m<svg[31m
                  [33maria-hidden[31m=[32m"true"[31m
                  [33mclass[31m=[32m"lucide lucide-mail w-10 h-10 text-white"[31m
                  [33mfill[31m=[32m"none"[31m
                  [33mheight[31m=[32m"24"[31m
                  [33mstroke[31m=[32m"currentColor"[31m
                  [33mstroke-linecap[31m=[32m"round"[31m
                  [33mstroke-linejoin[31m=[32m"round"[31m
                  [33mstroke-width[31m=[32m"2"[31m
                  [33mviewBox[31m=[32m"0 0 24 24"[31m
                  [33mwidth[31m=[32m"24"[31m
                  [33mxmlns[31m=[32m"http://www.w3.org/2000/svg"[31m
                [36m>[31m
                  [36m<path[31m
                    [33md[31m=[32m"m22 7-8.991 5.727a2 2 0 0 1-2.009 0L2 7"[31m
                  [36m/>[31m
                  [36m<rect[31m
                    [33mheight[31m=[32m"16"[31m
                    [33mrx[31m=[32m"2"[31m
                    [33mwidth[31m=[32m"20"[31m
                    [33mx[31m=[32m"2"[31m
                    [33my[31m=[32m"4"[31m
                  [36m/>[31m
                [36m</svg>[31m
              [36m</div>[31m
              [36m<div[31m
                [33mclass[31m=[32m"absolute -top-1 -end-1 w-8 h-8 rounded-xl bg-gradient-to-r from-accent-400 to-accent-600 flex items-center justify-center shadow-lg"[31m
              [36m>[31m
                [36m<svg[31m
                  [33maria-hidden[31m=[32m"true"[31m
                  [33mclass[31m=[32m"lucide lucide-sparkles w-4 h-4 text-white"[31m
                  [33mfill[31m=[32m"none"[31m
                  [33mheight[31m=[32m"24"[31m
                  [33mstroke[31m=[32m"currentColor"[31m
                  [33mstroke-linecap[31m=[32m"round"[31m
                  [33mstroke-linejoin[31m=[32m"round"[31m
                  [33mstroke-width[31m=[32m"2"[31m
                  [33mviewBox[31m=[32m"0 0 24 24"[31m
                  [33mwidth[31m=[32m"24"[31m
                  [33mxmlns[31m=[32m"http://www.w3.org/2000/svg"[31m
                [36m>[31m
                  [36m<path[31m
                    [33md[31m=[32m"M11.017 2.814a1 1 0 0 1 1.966 0l1.051 5.558a2 2 0 0 0 1.594 1.594l5.558 1.051a1 1 0 0 1 0 1.966l-5.558 1.051a2 2 0 0 0-1.594 1.594l-1.051 5.558a1 1 0 0 1-1.966 0l-1.051-5.558a2 2 0 0 0-1.594-1.594l-5.558-1.051a1 1 0 0 1 0-1.966l5.558-1.051a2 2 0 0 0 1.594-1.594z"[31m
                  [36m/>[31m
                  [36m<path[31m
                    [33md[31m=[32m"M20 2v4"[31m
                  [36m/>[31m
                  [36m<path[31m
                    [33md[31m=[32m"M22 4h-4"[31m
                  [36m/>[31m
                  [36m<circle[31m
                    [33mcx[31m=[32m"4"[31m
                    [33mcy[31m=[32m"20"[31m
                    [33mr[31m=[32m"2"[31m
                  [36m/>[31m
                [36m</svg>[31m
              [36m</div>[31m
            [36m</div>[31m
            [36m<h2[31m
              [33mclass[31m=[32m"text-2xl font-bold mb-2"[31m
            [36m>[31m
              [0m╪¬╪│╪¼┘è┘ä ╪º┘ä╪»╪«┘ê┘ä[0m
            [36m</h2>[31m
            [36m<p[31m
              [33mclass[31m=[32m"text-muted"[31m
            [36m>[31m
              [0m╪ú╪»╪«┘ä ╪¿╪▒┘è╪»┘â ╪º┘ä╪Ñ┘ä┘â╪¬╪▒┘ê┘å┘è ┘ê┘â┘ä┘à╪⌐ ╪º┘ä┘à╪▒┘ê╪▒[0m
            [36m</p>[31m
          [36m</div>[31m
          [36m<div[31m
            [33mclass[31m=[32m"space-y-5"[31m
          [36m>[31m
            [36m<div[31m
              [33mclass[31m=[32m"relative"[31m
            [36m>[31m
              [36m<label[31m
                [33mclass[31m=[32m"label flex items-center gap-2"[31m
              [36m>[31m
                [36m<svg[31m
                  [33maria-hidden[31m=[32m"true"[31m
                  [33mclass[31m=[32m"lucide lucide-mail w-4 h-4 text-primary-500"[31m
                  [33mfill[31m=[32m"none"[31m
                  [33mheight[31m=[32m"24"[31m
                  [33mstroke[31m=[32m"currentColor"[31m
                  [33mstroke-linecap[31m=[32m"round"[31m
                  [33mstroke-linejoin[31m=[32m"round"[31m
                  [33mstroke-width[31m=[32m"2"[31m
                  [33mviewBox[31m=[32m"0 0 24 24"[31m
                  [33mwidth[31m=[32m"24"[31m
                  [33mxmlns[31m=[32m"http://www.w3.org/2000/svg"[31m
                [36m>[31m
                  [36m<path[31m
                    [33md[31m=[32m"m22 7-8.991 5.727a2 2 0 0 1-2.009 0L2 7"[31m
                  [36m/>[31m
                  [36m<rect[31m
                    [33mheight[31m=[32m"16"[31m
                    [33mrx[31m=[32m"2"[31m
                    [33mwidth[31m=[32m"20"[31m
                    [33mx[31m=[32m"2"[31m
                    [33my[31m=[32m"4"[31m
                  [36m/>[31m
                [36m</svg>[31m
                [0m╪º┘ä╪¿╪▒┘è╪» ╪º┘ä╪Ñ┘ä┘â╪¬╪▒┘ê┘å┘è[0m
              [36m</label>[31m
              [36m<input[31m
                [33mclass[31m=[32m"input"[31m
                [33mdir[31m=[32m"ltr"[31m
                [33mname[31m=[32m"email"[31m
                [33mplaceholder[31m=[32m"╪ú╪»╪«┘ä ╪¿╪▒┘è╪»┘â ╪º┘ä╪Ñ┘ä┘â╪¬╪▒┘ê┘å┘è"[31m
                [33mtype[31m=[32m"email"[31m
              [36m/>[31m
            [36m</div>[31m
            [36m<div[31m
              [33mclass[31m=[32m"relative"[31m
            [36m>[31m
              [36m<label[31m
                [33mclass[31m=[32m"label flex items-center gap-2"[31m
              [36m>[31m
                [36m<svg[31m
                  [33maria-hidden[31m=[32m"true"[31m
                  [33mclass[31m=[32m"lucide lucide-lock w-4 h-4 text-primary-500"[31m
                  [33mfill[31m=[32m"none"[31m
                  [33mheight[31m=[32m"24"[31m
                  [33mstroke[31m=[32m"currentColor"[31m
                  [33mstroke-linecap[31m=[32m"round"[31m
                  [33mstroke-linejoin[31m=[32m"round"[31m
                  [33mstroke-width[31m=[32m"2"[31m
                  [33mviewBox[31m=[32m"0 0 24 24"[31m
                  [33mwidth[31m=[32m"24"[31m
                  [33mxmlns[31m=[32m"http://www.w3.org/2000/svg"[31m
                [36m>[31m
                  [36m<rect[31m
                    [33mheight[31m=[32m"11"[31m
                    [33mrx[31m=[32m"2"[31m
                    [33mry[31m=[32m"2"[31m
                    [33mwidth[31m=[32m"18"[31m
                    [33mx[31m=[32m"3"[31m
                    [33my[31m=[32m"11"[31m
                  [36m/>[31m
                  [36m<path[31m
                    [33md[31m=[32m"M7 11V7a5 5 0 0 1 10 0v4"[31m
                  [36m/>[31m
                [36m</svg>[31m
                [0m┘â┘ä┘à╪⌐ ╪º┘ä┘à╪▒┘ê╪▒[0m
              [36m</label>[31m
              [36m<div[31m
                [33mclass[31m=[32m"relative"[31m
              [36m>[31m
                [36m<input[31m
                  [33mclass[31m=[32m"input pe-12"[31m
                  [33mdir[31m=[32m"ltr"[31m
                  [33mname[31m=[32m"password"[31m
                  [33mplaceholder[31m=[32m"╪ú╪»╪«┘ä ┘â┘ä┘à╪⌐ ╪º┘ä┘à╪▒┘ê╪▒"[31m
                  [33mtype[31m=[32m"password"[31m
                [36m/>[31m
                [36m<button[31m
                  [33mclass[31m=[32m"absolute end-3 top-1/2 -translate-y-1/2 w-8 h-8 rounded-lg flex items-center justify-center text-dark-400 hover:text-dark-600 dark:hover:text-dark-300 hover:bg-dark-100 dark:hover:bg-dark-700 transition-colors"[31m
                  [33mtype[31m=[32m"button"[31m
                [36m>[31m
                  [36m<svg[31m
                    [33maria-hidden[31m=[32m"true"[31m
                    [33mclass[31m=[32m"lucide lucide-eye w-5 h-5"[31m
                    [33mfill[31m=[32m"none"[31m
                    [33mheight[31m=[32m"24"[31m
                    [33mstroke[31m=[32m"currentColor"[31m
                    [33mstroke-linecap[31m=[32m"round"[31m
                    [33mstroke-linejoin[31m=[32m"round"[31m
                    [33mstroke-width[31m=[32m"2"[31m
                    [33mviewBox[31m=[32m"0 0 24 24"[31m
                    [33mwidth[31m=[32m"24"[31m
                    [33mxmlns[31m=[32m"http://www.w3.org/2000/svg"[31m
                  [36m>[31m
                    [36m<path[31m
                      [33md[31m=[32m"M2.062 12.348a1 1 0 0 1 0-.696 10.75 10.75 0 0 1 19.876 0 1 1 0 0 1 0 .696 10.75 10.75 0 0 1-19.876 0"[31m
                    [36m/>[31m
                    [36m<circle[31m
                      [33mcx[31m=[32m"12"[31m
                      [33mcy[31m=[32m"12"[31m
                      [33mr[31m=[32m"3"[31m
                    [36m/>[31m
                  [36m</svg>[31m
                [36m</button>[31m
              [36m</div>[31m
            [36m</div>[31m
          [36m</div>[31m
          [36m<button[31m
            [33mclass[31m=[32m"btn-primary btn-lg w-full group"[31m
            [33mtype[31m=[32m"submit"[31m
          [36m>[31m
            [36m<span>[31m
              [0m╪¬╪│╪¼┘è┘ä ╪º┘ä╪»╪«┘ê┘ä[0m
            [36m</span>[31m
            [36m<svg[31m
              [33maria-hidden[31m=[32m"true"[31m
              [33mclass[31m=[32m"lucide lucide-arrow-left w-5 h-5 group-hover:translate-x-1 transition-transform"[31m
              [33mfill[31m=[32m"none"[31m
              [33mheight[31m=[32m"24"[31m
              [33mstroke[31m=[32m"currentColor"[31m
              [33mstroke-linecap[31m=[32m"round"[31m
              [33mstroke-linejoin[31m=[32m"round"[31m
              [33mstroke-width[31m=[32m"2"[31m
              [33mviewBox[31m=[32m"0 0 24 24"[31m
              [33mwidth[31m=[32m"24"[31m
              [33mxmlns[31m=[32m"http://www.w3.org/2000/svg"[31m
            [36m>[31m
              [36m<path[31m
                [33md[31m=[32m"m12 19-7-7 7-7"[31m
              [36m/>[31m
              [36m<path[31m
                [33md[31m=[32m"M19 12H5"[31m
              [36m/>[31m
            [36m</svg>[31m
          [36m</button>[31m
        [36m</form>[31m
      [36m</div>[31m
    [36m</div>[31m
  [36m</body>[31m
[36m</html>[31m[39m
 [32mΓ£ô[39m src/components/auth/__tests__/LoginForm.test.tsx[2m > [22mLoginForm[2m > [22mSwitch to Signup[2m > [22mshould call onSwitchToSignup when link clicked[32m 80[2mms[22m[39m
 [31m├ù[39m src/components/auth/__tests__/SignupForm.test.tsx[2m > [22mSignupForm[2m > [22mEmail and Password Form[2m > [22mshould validate password minimum length[33m 1025[2mms[22m[39m
[31m   ΓåÆ Unable to find role="button" and name `/freelancer|┘à╪│╪¬┘é┘ä/i`

Ignored nodes: comments, script, style
[36m<body>[31m
  [36m<div>[31m
    [36m<div[31m
      [33mclass[31m=[32m"w-full max-w-md mx-auto"[31m
    [36m>[31m
      [36m<form[31m
        [33mclass[31m=[32m"space-y-6"[31m
      [36m>[31m
        [36m<div[31m
          [33mclass[31m=[32m"text-center mb-8"[31m
        [36m>[31m
          [36m<div[31m
            [33mclass[31m=[32m"relative inline-block"[31m
          [36m>[31m
            [36m<div[31m
              [33mclass[31m=[32m"w-20 h-20 rounded-2xl bg-gradient-to-br from-accent-500 to-accent-600 flex items-center justify-center mx-auto mb-5 shadow-lg shadow-accent-500/30"[31m
            [36m>[31m
              [36m<svg[31m
                [33maria-hidden[31m=[32m"true"[31m
                [33mclass[31m=[32m"lucide lucide-sparkles w-10 h-10 text-white"[31m
                [33mfill[31m=[32m"none"[31m
                [33mheight[31m=[32m"24"[31m
                [33mstroke[31m=[32m"currentColor"[31m
                [33mstroke-linecap[31m=[32m"round"[31m
                [33mstroke-linejoin[31m=[32m"round"[31m
                [33mstroke-width[31m=[32m"2"[31m
                [33mviewBox[31m=[32m"0 0 24 24"[31m
                [33mwidth[31m=[32m"24"[31m
                [33mxmlns[31m=[32m"http://www.w3.org/2000/svg"[31m
              [36m>[31m
                [36m<path[31m
                  [33md[31m=[32m"M11.017 2.814a1 1 0 0 1 1.966 0l1.051 5.558a2 2 0 0 0 1.594 1.594l5.558 1.051a1 1 0 0 1 0 1.966l-5.558 1.051a2 2 0 0 0-1.594 1.594l-1.051 5.558a1 1 0 0 1-1.966 0l-1.051-5.558a2 2 0 0 0-1.594-1.594l-5.558-1.051a1 1 0 0 1 0-1.966l5.558-1.051a2 2 0 0 0 1.594-1.594z"[31m
                [36m/>[31m
                [36m<path[31m
                  [33md[31m=[32m"M20 2v4"[31m
                [36m/>[31m
                [36m<path[31m
                  [33md[31m=[32m"M22 4h-4"[31m
                [36m/>[31m
                [36m<circle[31m
                  [33mcx[31m=[32m"4"[31m
                  [33mcy[31m=[32m"20"[31m
                  [33mr[31m=[32m"2"[31m
                [36m/>[31m
              [36m</svg>[31m
            [36m</div>[31m
            [36m<div[31m
              [33mclass[31m=[32m"absolute -top-1 -end-1 w-8 h-8 rounded-xl bg-gradient-to-r from-primary-400 to-primary-600 flex items-center justify-center shadow-lg"[31m
            [36m>[31m
              [36m<svg[31m
                [33maria-hidden[31m=[32m"true"[31m
                [33mclass[31m=[32m"lucide lucide-user w-4 h-4 text-white"[31m
                [33mfill[31m=[32m"none"[31m
                [33mheight[31m=[32m"24"[31m
                [33mstroke[31m=[32m"currentColor"[31m
                [33mstroke-linecap[31m=[32m"round"[31m
                [33mstroke-linejoin[31m=[32m"round"[31m
                [33mstroke-width[31m=[32m"2"[31m
                [33mviewBox[31m=[32m"0 0 24 24"[31m
                [33mwidth[31m=[32m"24"[31m
                [33mxmlns[31m=[32m"http://www.w3.org/2000/svg"[31m
              [36m>[31m
                [36m<path[31m
                  [33md[31m=[32m"M19 21v-2a4 4 0 0 0-4-4H9a4 4 0 0 0-4 4v2"[31m
                [36m/>[31m
                [36m<circle[31m
                  [33mcx[31m=[32m"12"[31m
                  [33mcy[31m=[32m"7"[31m
                  [33mr[31m=[32m"4"[31m
                [36m/>[31m
              [36m</svg>[31m
            [36m</div>[31m
          [36m</div>[31m
          [36m<h2[31m
            [33mclass[31m=[32m"text-2xl font-bold mb-2"[31m
          [36m>[31m
            [0m╪Ñ┘å╪┤╪º╪í ╪¡╪│╪º╪¿[0m
          [36m</h2>[31m
          [36m<p[31m
            [33mclass[31m=[32m"text-muted"[31m
          [36m>[31m
            [0m╪ú┘å╪┤╪ª ╪¡╪│╪º╪¿┘â ┘ä┘ä╪¿╪»╪í[0m
          [36m</p>[31m
        [36m</div>[31m
        [36m<div[31m
          [33mclass[31m=[32m"space-y-4"[31m
        [36m>[31m
          [36m<div[31m
            [33mclass[31m=[32m"relative"[31m
          [36m>[31m
            [36m<label[31m
              [33mclass[31m=[32m"label flex items-center gap-2"[31m
            [36m>[31m
              [36m<svg[31m
                [33maria-hidden[31m=[32m"true"[31m
                [33mclass[31m=[32m"lucide lucide-mail w-4 h-4 text-primary-500"[31m
                [33mfill[31m=[32m"none"[31m
                [33mheight[31m=[32m"24"[31m
                [33mstroke[31m=[32m"currentColor"[31m
                [33mstroke-linecap[31m=[32m"round"[31m
                [33mstroke-linejoin[31m=[32m"round"[31m
                [33mstroke-width[31m=[32m"2"[31m
                [33mviewBox[31m=[32m"0 0 24 24"[31m
                [33mwidth[31m=[32m"24"[31m
                [33mxmlns[31m=[32m"http://www.w3.org/2000/svg"[31m
              [36m>[31m
                [36m<path[31m
                  [33md[31m=[32m"m22 7-8.991 5.727a2 2 0 0 1-2.009 0L2 7"[31m
                [36m/>[31m
                [36m<rect[31m
                  [33mheight[31m=[32m"16"[31m
                  [33mrx[31m=[32m"2"[31m
                  [33mwidth[31m=[32m"20"[31m
                  [33mx[31m=[32m"2"[31m
                  [33my[31m=[32m"4"[31m
                [36m/>[31m
              [36m</svg>[31m
              [0m╪º┘ä╪¿╪▒┘è╪» ╪º┘ä╪Ñ┘ä┘â╪¬╪▒┘ê┘å┘è[0m
            [36m</label>[31m
            [36m<input[31m
              [33mclass[31m=[32m"input"[31m
              [33mdir[31m=[32m"ltr"[31m
              [33mname[31m=[32m"email"[31m
              [33mplaceholder[31m=[32m"╪ú╪»╪«┘ä ╪¿╪▒┘è╪»┘â ╪º┘ä╪Ñ┘ä┘â╪¬╪▒┘ê┘å┘è"[31m
              [33mtype[31m=[32m"email"[31m
            [36m/>[31m
          [36m</div>[31m
          [36m<div[31m
            [33mclass[31m=[32m"relative"[31m
          [36m>[31m
            [36m<label[31m
              [33mclass[31m=[32m"label flex items-center gap-2"[31m
            [36m>[31m
              [36m<svg[31m
                [33maria-hidden[31m=[32m"true"[31m
                [33mclass[31m=[32m"lucide lucide-lock w-4 h-4 text-primary-500"[31m
                [33mfill[31m=[32m"none"[31m
                [33mheight[31m=[32m"24"[31m
                [33mstroke[31m=[32m"currentColor"[31m
                [33mstroke-linecap[31m=[32m"round"[31m
                [33mstroke-linejoin[31m=[32m"round"[31m
                [33mstroke-width[31m=[32m"2"[31m
                [33mviewBox[31m=[32m"0 0 24 24"[31m
                [33mwidth[31m=[32m"24"[31m
                [33mxmlns[31m=[32m"http://www.w3.org/2000/svg"[31m
              [36m>[31m
                [36m<rect[31m
                  [33mheight[31m=[32m"11"[31m
                  [33mrx[31m=[32m"2"[31m
                  [33mry[31m=[32m"2"[31m
                  [33mwidth[31m=[32m"18"[31m
                  [33mx[31m=[32m"3"[31m
                  [33my[31m=[32m"11"[31m
                [36m/>[31m
                [36m<path[31m
                  [33md[31m=[32m"M7 11V7a5 5 0 0 1 10 0v4"[31m
                [36m/>[31m
              [36m</svg>[31m
              [0m┘â┘ä┘à╪⌐ ╪º┘ä┘à╪▒┘ê╪▒[0m
            [36m</label>[31m
            [36m<div[31m
              [33mclass[31m=[32m"relative"[31m
            [36m>[31m
              [36m<input[31m
                [33mclass[31m=[32m"input pe-12"[31m
                [33mdir[31m=[32m"ltr"[31m
                [33mname[31m=[32m"password"[31m
                [33mplaceholder[31m=[32m"╪ú╪»╪«┘ä ┘â┘ä┘à╪⌐ ╪º┘ä┘à╪▒┘ê╪▒"[31m
                [33mtype[31m=[32m"password"[31m
              [36m/>[31m
              [36m<button[31m
                [33mclass[31m=[32m"absolute end-3 top-1/2 -translate-y-1/2 w-8 h-8 rounded-lg flex items-center justify-center text-dark-400 hover:text-dark-600 dark:hover:text-dark-300 hover:bg-dark-100 dark:hover:bg-dark-700 transition-colors"[31m
                [33mtype[31m=[32m"button"[31m
              [36m>[31m
                [36m<svg[31m
                  [33maria-hidden[31m=[32m"true"[31m
                  [33mclass[31m=[32m"lucide lucide-eye w-5 h-5"[31m
                  [33mfill[31m=[32m"none"[31m
                  [33mheight[31m=[32m"24"[31m
                  [33mstroke[31m=[32m"currentColor"[31m
                  [33mstroke-linecap[31m=[32m"round"[31m
                  [33mstroke-linejoin[31m=[32m"round"[31m
                  [33mstroke-width[31m=[32m"2"[31m
                  [33mviewBox[31m=[32m"0 0 24 24"[31m
                  [33mwidth[31m=[32m"24"[31m
                  [33mxmlns[31m=[32m"http://www.w3.org/2000/svg"[31m
                [36m>[31m
                  [36m<path[31m
                    [33md[31m=[32m"M2.062 12.348a1 1 0 0 1 0-.696 10.75 10.75 0 0 1 19.876 0 1 1 0 0 1 0 .696 10.75 10.75 0 0 1-19.876 0"[31m
                  [36m/>[31m
                  [36m<circle[31m
                    [33mcx[31m=[32m"12"[31m
                    [33mcy[31m=[32m"12"[31m
                    [33mr[31m=[32m"3"[31m
                  [36m/>[31m
                [36m</svg>[31m
              [36m</button>[31m
            [36m</div>[31m
          [36m</div>[31m
          [36m<div[31m
            [33mclass[31m=[32m"relative"[31m
          [36m>[31m
            [36m<label[31m
              [33mclass[31m=[32m"label flex items-center gap-2"[31m
            [36m>[31m
              [36m<svg[31m
                [33maria-hidden[31m=[32m"true"[31m
                [33mclass[31m=[32m"lucide lucide-circle-check w-4 h-4 text-primary-500"[31m
                [33mfill[31m=[32m"none"[31m
                [33mheight[31m=[32m"24"[31m
                [33mstroke[31m=[32m"currentColor"[31m
                [33mstroke-linecap[31m=[32m"round"[31m
                [33mstroke-linejoin[31m=[32m"round"[31m
                [33mstroke-width[31m=[32m"2"[31m
                [33mviewBox[31m=[32m"0 0 24 24"[31m
                [33mwidth[31m=[32m"24"[31m
                [33mxmlns[31m=[32m"http://www.w3.org/2000/svg"[31m
              [36m>[31m
                [36m<circle[31m
                  [33mcx[31m=[32m"12"[31m
                  [33mcy[31m=[32m"12"[31m
                  [33mr[31m=[32m"10"[31m
                [36m/>[31m
                [36m<path[31m
                  [33md[31m=[32m"m9 12 2 2 4-4"[31m
                [36m/>[31m
              [36m</svg>[31m
              [0m╪¬╪ú┘â┘è╪» ┘â┘ä┘à╪⌐ ╪º┘ä┘à╪▒┘ê╪▒[0m
            [36m</label>[31m
            [36m<input[31m
              [33mclass[31m=[32m"input"[31m
              [33mdir[31m=[32m"ltr"[31m
              [33mname[31m=[32m"confirmPassword"[31m
              [33mplaceholder[31m=[32m"╪ú╪╣╪» ╪Ñ╪»╪«╪º┘ä ┘â┘ä┘à╪⌐ ╪º┘ä┘à╪▒┘ê╪▒"[31m
              [33mtype[31m=[32m"password"[31m
            [36m/>[31m
          [36m</div>[31m
        [36m</div>[31m
        [36m<button[31m
          [33mclass[31m=[32m"btn-primary btn-lg w-full group"[31m
          [33mtype[31m=[32m"submit"[31m
        [36m>[31m
          [36m<span>[31m
            [0m╪Ñ┘å╪┤╪º╪í ╪¡╪│╪º╪¿[0m
          [36m</span>[31m
          [36m<svg[31m
            [33maria-hidden[31m=[32m"true"[31m
            [33mclass[31m=[32m"lucide lucide-arrow-left w-5 h-5 group-hover:translate-x-1 transition-transform"[31m
            [33mfill[31m=[32m"none"[31m
            [33mheight[31m=[32m"24"[31m
            [33mstroke[31m=[32m"currentColor"[31m
            [33mstroke-linecap[31m=[32m"round"[31m
            [33mstroke-linejoin[31m=[32m"round"[31m
            [33mstroke-width[31m=[32m"2"[31m
            [33mviewBox[31m=[32m"0 0 24 24"[31m
            [33mwidth[31m=[32m"24"[31m
            [33mxmlns[31m=[32m"http://www.w3.org/2000/svg"[31m
          [36m>[31m
            [36m<path[31m
              [33md[31m=[32m"m12 19-7-7 7-7"[31m
            [36m/>[31m
            [36m<path[31m
              [33md[31m=[32m"M19 12H5"[31m
            [36m/>[31m
          [36m</svg>[31m
        [36m</button>[31m
        [36m<p[31m
          [33mclass[31m=[32m"text-center text-muted"[31m
        [36m>[31m
          [0m┘ä╪»┘è┘â ╪¡╪│╪º╪¿ ╪¿╪º┘ä┘ü╪╣┘ä╪ƒ[0m
          [0m [0m
          [36m<button[31m
            [33mclass[31m=[32m"text-primary-600 dark:text-primary-400 font-semibold hover:underline"[31m
            [33mtype[31m=[32m"button"[31m
          [36m>[31m
            [0m╪¬╪│╪¼┘è┘ä ╪º┘ä╪»╪«┘ê┘ä[0m
          [36m</button>[31m
        [36m</p>[31m
      [36m</form>[31m
    [36m</div>[31m
  [36m</div>[31m
[36m</body>[31m

Ignored nodes: comments, script, style
[36m<html[31m
  [33mdir[31m=[32m"rtl"[31m
  [33mlang[31m=[32m"ar"[31m
[36m>[31m
  [36m<head />[31m
  [36m<body>[31m
    [36m<div>[31m
      [36m<div[31m
        [33mclass[31m=[32m"w-full max-w-md mx-auto"[31m
      [36m>[31m
        [36m<form[31m
          [33mclass[31m=[32m"space-y-6"[31m
        [36m>[31m
          [36m<div[31m
            [33mclass[31m=[32m"text-center mb-8"[31m
          [36m>[31m
            [36m<div[31m
              [33mclass[31m=[32m"relative inline-block"[31m
            [36m>[31m
              [36m<div[31m
                [33mclass[31m=[32m"w-20 h-20 rounded-2xl bg-gradient-to-br from-accent-500 to-accent-600 flex items-center justify-center mx-auto mb-5 shadow-lg shadow-accent-500/30"[31m
              [36m>[31m
                [36m<svg[31m
                  [33maria-hidden[31m=[32m"true"[31m
                  [33mclass[31m=[32m"lucide lucide-sparkles w-10 h-10 text-white"[31m
                  [33mfill[31m=[32m"none"[31m
                  [33mheight[31m=[32m"24"[31m
                  [33mstroke[31m=[32m"currentColor"[31m
                  [33mstroke-linecap[31m=[32m"round"[31m
                  [33mstroke-linejoin[31m=[32m"round"[31m
                  [33mstroke-width[31m=[32m"2"[31m
                  [33mviewBox[31m=[32m"0 0 24 24"[31m
                  [33mwidth[31m=[32m"24"[31m
                  [33mxmlns[31m=[32m"http://www.w3.org/2000/svg"[31m
                [36m>[31m
                  [36m<path[31m
                    [33md[31m=[32m"M11.017 2.814a1 1 0 0 1 1.966 0l1.051 5.558a2 2 0 0 0 1.594 1.594l5.558 1.051a1 1 0 0 1 0 1.966l-5.558 1.051a2 2 0 0 0-1.594 1.594l-1.051 5.558a1 1 0 0 1-1.966 0l-1.051-5.558a2 2 0 0 0-1.594-1.594l-5.558-1.051a1 1 0 0 1 0-1.966l5.558-1.051a2 2 0 0 0 1.594-1.594z"[31m
                  [36m/>[31m
                  [36m<path[31m
                    [33md[31m=[32m"M20 2v4"[31m
                  [36m/>[31m
                  [36m<path[31m
                    [33md[31m=[32m"M22 4h-4"[31m
                  [36m/>[31m
                  [36m<circle[31m
                    [33mcx[31m=[32m"4"[31m
                    [33mcy[31m=[32m"20"[31m
                    [33mr[31m=[32m"2"[31m
                  [36m/>[31m
                [36m</svg>[31m
              [36m</div>[31m
              [36m<div[31m
                [33mclass[31m=[32m"absolute -top-1 -end-1 w-8 h-8 rounded-xl bg-gradient-to-r from-primary-400 to-primary-600 flex items-center justify-center shadow-lg"[31m
              [36m>[31m
                [36m<svg[31m
                  [33maria-hidden[31m=[32m"true"[31m
                  [33mclass[31m=[32m"lucide lucide-user w-4 h-4 text-white"[31m
                  [33mfill[31m=[32m"none"[31m
                  [33mheight[31m=[32m"24"[31m
                  [33mstroke[31m=[32m"currentColor"[31m
                  [33mstroke-linecap[31m=[32m"round"[31m
                  [33mstroke-linejoin[31m=[32m"round"[31m
                  [33mstroke-width[31m=[32m"2"[31m
                  [33mviewBox[31m=[32m"0 0 24 24"[31m
                  [33mwidth[31m=[32m"24"[31m
                  [33mxmlns[31m=[32m"http://www.w3.org/2000/svg"[31m
                [36m>[31m
                  [36m<path[31m
                    [33md[31m=[32m"M19 21v-2a4 4 0 0 0-4-4H9a4 4 0 0 0-4 4v2"[31m
                  [36m/>[31m
                  [36m<circle[31m
                    [33mcx[31m=[32m"12"[31m
                    [33mcy[31m=[32m"7"[31m
                    [33mr[31m=[32m"4"[31m
                  [36m/>[31m
                [36m</svg>[31m
              [36m</div>[31m
            [36m</div>[31m
            [36m<h2[31m
              [33mclass[31m=[32m"text-2xl font-bold mb-2"[31m
            [36m>[31m
              [0m╪Ñ┘å╪┤╪º╪í ╪¡╪│╪º╪¿[0m
            [36m</h2>[31m
            [36m<p[31m
              [33mclass[31m=[32m"text-muted"[31m
            [36m>[31m
              [0m╪ú┘å╪┤╪ª ╪¡╪│╪º╪¿┘â ┘ä┘ä╪¿╪»╪í[0m
            [36m</p>[31m
          [36m</div>[31m
          [36m<div[31m
            [33mclass[31m=[32m"space-y-4"[31m
          [36m>[31m
            [36m<div[31m
              [33mclass[31m=[32m"relative"[31m
            [36m>[31m
              [36m<label[31m
                [33mclass[31m=[32m"label flex items-center gap-2"[31m
              [36m>[31m
                [36m<svg[31m
                  [33maria-hidden[31m=[32m"true"[31m
                  [33mclass[31m=[32m"lucide lucide-mail w-4 h-4 text-primary-500"[31m
                  [33mfill[31m=[32m"none"[31m
                  [33mheight[31m=[32m"24"[31m
                  [33mstroke[31m=[32m"currentColor"[31m
                  [33mstroke-linecap[31m=[32m"round"[31m
                  [33mstroke-linejoin[31m=[32m"round"[31m
                  [33mstroke-width[31m=[32m"2"[31m
                  [33mviewBox[31m=[32m"0 0 24 24"[31m
                  [33mwidth[31m=[32m"24"[31m
                  [33mxmlns[31m=[32m"http://www.w3.org/2000/svg"[31m
                [36m>[31m
                  [36m<path[31m
                    [33md[31m=[32m"m22 7-8.991 5.727a2 2 0 0 1-2.009 0L2 7"[31m
                  [36m/>[31m
                  [36m<rect[31m
                    [33mheight[31m=[32m"16"[31m
                    [33mrx[31m=[32m"2"[31m
                    [33mwidth[31m=[32m"20"[31m
                    [33mx[31m=[32m"2"[31m
                    [33my[31m=[32m"4"[31m
                  [36m/>[31m
                [36m</svg>[31m
                [0m╪º┘ä╪¿╪▒┘è╪» ╪º┘ä╪Ñ┘ä┘â╪¬╪▒┘ê┘å┘è[0m
              [36m</label>[31m
              [36m<input[31m
                [33mclass[31m=[32m"input"[31m
                [33mdir[31m=[32m"ltr"[31m
                [33mname[31m=[32m"email"[31m
                [33mplaceholder[31m=[32m"╪ú╪»╪«┘ä ╪¿╪▒┘è╪»┘â ╪º┘ä╪Ñ┘ä┘â╪¬╪▒┘ê┘å┘è"[31m
                [33mtype[31m=[32m"email"[31m
              [36m/>[31m
            [36m</div>[31m
            [36m<div[31m
              [33mclass[31m=[32m"relative"[31m
            [36m>[31m
              [36m<label[31m
                [33mclass[31m=[32m"label flex items-center gap-2"[31m
              [36m>[31m
                [36m<svg[31m
                  [33maria-hidden[31m=[32m"true"[31m
                  [33mclass[31m=[32m"lucide lucide-lock w-4 h-4 text-primary-500"[31m
                  [33mfill[31m=[32m"none"[31m
                  [33mheight[31m=[32m"24"[31m
                  [33mstroke[31m=[32m"currentColor"[31m
                  [33mstroke-linecap[31m=[32m"round"[31m
                  [33mstroke-linejoin[31m=[32m"round"[31m
                  [33mstroke-width[31m=[32m"2"[31m
                  [33mviewBox[31m=[32m"0 0 24 24"[31m
                  [33mwidth[31m=[32m"24"[31m
                  [33mxmlns[31m=[32m"http://www.w3.org/2000/svg"[31m
                [36m>[31m
                  [36m<rect[31m
                    [33mheight[31m=[32m"11"[31m
                    [33mrx[31m=[32m"2"[31m
                    [33mry[31m=[32m"2"[31m
                    [33mwidth[31m=[32m"18"[31m
                    [33mx[31m=[32m"3"[31m
                    [33my[31m=[32m"11"[31m
                  [36m/>[31m
                  [36m<path[31m
                    [33md[31m=[32m"M7 11V7a5 5 0 0 1 10 0v4"[31m
                  [36m/>[31m
                [36m</svg>[31m
                [0m┘â┘ä┘à╪⌐ ╪º┘ä┘à╪▒┘ê╪▒[0m
              [36m</label>[31m
              [36m<div[31m
                [33mclass[31m=[32m"relative"[31m
              [36m>[31m
                [36m<input[31m
                  [33mclass[31m=[32m"input pe-12"[31m
                  [33mdir[31m=[32m"ltr"[31m
                  [33mname[31m=[32m"password"[31m
                  [33mplaceholder[31m=[32m"╪ú╪»╪«┘ä ┘â┘ä┘à╪⌐ ╪º┘ä┘à╪▒┘ê╪▒"[31m
                  [33mtype[31m=[32m"password"[31m
                [36m/>[31m
                [36m<button[31m
                  [33mclass[31m=[32m"absolute end-3 top-1/2 -translate-y-1/2 w-8 h-8 rounded-lg flex items-center justify-center text-dark-400 hover:text-dark-600 dark:hover:text-dark-300 hover:bg-dark-100 dark:hover:bg-dark-700 transition-colors"[31m
                  [33mtype[31m=[32m"button"[31m
                [36m>[31m
                  [36m<svg[31m
                    [33maria-hidden[31m=[32m"true"[31m
                    [33mclass[31m=[32m"lucide lucide-eye w-5 h-5"[31m
                    [33mfill[31m=[32m"none"[31m
                    [33mheight[31m=[32m"24"[31m
                    [33mstroke[31m=[32m"currentColor"[31m
                    [33mstroke-linecap[31m=[32m"round"[31m
                    [33mstroke-linejoin[31m=[32m"round"[31m
                    [33mstroke-width[31m=[32m"2"[31m
                    [33mviewBox[31m=[32m"0 0 24 24"[31m
                    [33mwidth[31m=[32m"24"[31m
                    [33mxmlns[31m=[32m"http://www.w3.org/2000/svg"[31m
                  [36m>[31m
                    [36m<path[31m
                      [33md[31m=[32m"M2.062 12.348a1 1 0 0 1 0-.696 10.75 10.75 0 0 1 19.876 0 1 1 0 0 1 0 .696 10.75 10.75 0 0 1-19.876 0"[31m
                    [36m/>[31m
                    [36m<circle[31m
                      [33mcx[31m=[32m"12"[31m
                      [33mcy[31m=[32m"12"[31m
                      [33mr[31m=[32m"3"[31m
                    [36m/>[31m
                  [36m</svg>[31m
                [36m</button>[31m
              [36m</div>[31m
            [36m</div>[31m
            [36m<div[31m
              [33mclass[31m=[32m"relative"[31m
            [36m>[31m
              [36m<label[31m
                [33mclass[31m=[32m"label flex items-center gap-2"[31m
              [36m>[31m
                [36m<svg[31m
                  [33maria-hidden[31m=[32m"true"[31m
                  [33mclass[31m=[32m"lucide lucide-circle-check w-4 h-4 text-primary-500"[31m
                  [33mfill[31m=[32m"none"[31m
                  [33mheight[31m=[32m"24"[31m
                  [33mstroke[31m=[32m"currentColor"[31m
                  [33mstroke-linecap[31m=[32m"round"[31m
                  [33mstroke-linejoin[31m=[32m"round"[31m
                  [33mstroke-width[31m=[32m"2"[31m
                  [33mviewBox[31m=[32m"0 0 24 24"[31m
                  [33mwidth[31m=[32m"24"[31m
                  [33mxmlns[31m=[32m"http://www.w3.org/2000/svg"[31m
                [36m>[31m
                  [36m<circle[31m
                    [33mcx[31m=[32m"12"[31m
                    [33mcy[31m=[32m"12"[31m
                    [33mr[31m=[32m"10"[31m
                  [36m/>[31m
                  [36m<path[31m
                    [33md[31m=[32m"m9 12 2 2 4-4"[31m
                  [36m/>[31m
                [36m</svg>[31m
                [0m╪¬╪ú┘â┘è╪» ┘â┘ä┘à╪⌐ ╪º┘ä┘à╪▒┘ê╪▒[0m
              [36m</label>[31m
              [36m<input[31m
                [33mclass[31m=[32m"input"[31m
                [33mdir[31m=[32m"ltr"[31m
                [33mname[31m=[32m"confirmPassword"[31m
                [33mplaceholder[31m=[32m"╪ú╪╣╪» ╪Ñ╪»╪«╪º┘ä ┘â┘ä┘à╪⌐ ╪º┘ä┘à╪▒┘ê╪▒"[31m
                [33mtype[31m=[32m"password"[31m
              [36m/>[31m
            [36m</div>[31m
          [36m</div>[31m
          [36m<button[31m
            [33mclass[31m=[32m"btn-primary btn-lg w-full group"[31m
            [33mtype[31m=[32m"submit"[31m
          [36m>[31m
            [36m<span>[31m
              [0m╪Ñ┘å╪┤╪º╪í ╪¡╪│╪º╪¿[0m
            [36m</span>[31m
            [36m<svg[31m
              [33maria-hidden[31m=[32m"true"[31m
              [33mclass[31m=[32m"lucide lucide-arrow-left w-5 h-5 group-hover:translate-x-1 transition-transform"[31m
              [33mfill[31m=[32m"none"[31m
              [33mheight[31m=[32m"24"[31m
              [33mstroke[31m=[32m"currentColor"[31m
              [33mstroke-linecap[31m=[32m"round"[31m
              [33mstroke-linejoin[31m=[32m"round"[31m
              [33mstroke-width[31m=[32m"2"[31m
              [33mviewBox[31m=[32m"0 0 24 24"[31m
              [33mwidth[31m=[32m"24"[31m
              [33mxmlns[31m=[32m"http://www.w3.org/2000/svg"[31m
            [36m>[31m
              [36m<path[31m
                [33md[31m=[32m"m12 19-7-7 7-7"[31m
              [36m/>[31m
              [36m<path[31m
                [33md[31m=[32m"M19 12H5"[31m
              [36m/>[31m
            [36m</svg>[31m
          [36m</button>[31m
          [36m<p[31m
            [33mclass[31m=[32m"text-center text-muted"[31m
          [36m>[31m
            [0m┘ä╪»┘è┘â ╪¡╪│╪º╪¿ ╪¿╪º┘ä┘ü╪╣┘ä╪ƒ[0m
            [0m [0m
            [36m<button[31m
              [33mclass[31m=[32m"text-primary-600 dark:text-primary-400 font-semibold hover:underline"[31m
              [33mtype[31m=[32m"button"[31m
            [36m>[31m
              [0m╪¬╪│╪¼┘è┘ä ╪º┘ä╪»╪«┘ê┘ä[0m
            [36m</button>[31m
          [36m</p>[31m
        [36m</form>[31m
      [36m</div>[31m
    [36m</div>[31m
  [36m</body>[31m
[36m</html>[31m[39m
 [31m├ù[39m src/components/auth/__tests__/SignupForm.test.tsx[2m > [22mSignupForm[2m > [22mSuccessful Submission[2m > [22mshould call signUp on valid form submission[33m 1020[2mms[22m[39m
[31m   ΓåÆ Unable to find role="button" and name `/freelancer|┘à╪│╪¬┘é┘ä/i`

Ignored nodes: comments, script, style
[36m<body>[31m
  [36m<div>[31m
    [36m<div[31m
      [33mclass[31m=[32m"w-full max-w-md mx-auto"[31m
    [36m>[31m
      [36m<form[31m
        [33mclass[31m=[32m"space-y-6"[31m
      [36m>[31m
        [36m<div[31m
          [33mclass[31m=[32m"text-center mb-8"[31m
        [36m>[31m
          [36m<div[31m
            [33mclass[31m=[32m"relative inline-block"[31m
          [36m>[31m
            [36m<div[31m
              [33mclass[31m=[32m"w-20 h-20 rounded-2xl bg-gradient-to-br from-accent-500 to-accent-600 flex items-center justify-center mx-auto mb-5 shadow-lg shadow-accent-500/30"[31m
            [36m>[31m
              [36m<svg[31m
                [33maria-hidden[31m=[32m"true"[31m
                [33mclass[31m=[32m"lucide lucide-sparkles w-10 h-10 text-white"[31m
                [33mfill[31m=[32m"none"[31m
                [33mheight[31m=[32m"24"[31m
                [33mstroke[31m=[32m"currentColor"[31m
                [33mstroke-linecap[31m=[32m"round"[31m
                [33mstroke-linejoin[31m=[32m"round"[31m
                [33mstroke-width[31m=[32m"2"[31m
                [33mviewBox[31m=[32m"0 0 24 24"[31m
                [33mwidth[31m=[32m"24"[31m
                [33mxmlns[31m=[32m"http://www.w3.org/2000/svg"[31m
              [36m>[31m
                [36m<path[31m
                  [33md[31m=[32m"M11.017 2.814a1 1 0 0 1 1.966 0l1.051 5.558a2 2 0 0 0 1.594 1.594l5.558 1.051a1 1 0 0 1 0 1.966l-5.558 1.051a2 2 0 0 0-1.594 1.594l-1.051 5.558a1 1 0 0 1-1.966 0l-1.051-5.558a2 2 0 0 0-1.594-1.594l-5.558-1.051a1 1 0 0 1 0-1.966l5.558-1.051a2 2 0 0 0 1.594-1.594z"[31m
                [36m/>[31m
                [36m<path[31m
                  [33md[31m=[32m"M20 2v4"[31m
                [36m/>[31m
                [36m<path[31m
                  [33md[31m=[32m"M22 4h-4"[31m
                [36m/>[31m
                [36m<circle[31m
                  [33mcx[31m=[32m"4"[31m
                  [33mcy[31m=[32m"20"[31m
                  [33mr[31m=[32m"2"[31m
                [36m/>[31m
              [36m</svg>[31m
            [36m</div>[31m
            [36m<div[31m
              [33mclass[31m=[32m"absolute -top-1 -end-1 w-8 h-8 rounded-xl bg-gradient-to-r from-primary-400 to-primary-600 flex items-center justify-center shadow-lg"[31m
            [36m>[31m
              [36m<svg[31m
                [33maria-hidden[31m=[32m"true"[31m
                [33mclass[31m=[32m"lucide lucide-user w-4 h-4 text-white"[31m
                [33mfill[31m=[32m"none"[31m
                [33mheight[31m=[32m"24"[31m
                [33mstroke[31m=[32m"currentColor"[31m
                [33mstroke-linecap[31m=[32m"round"[31m
                [33mstroke-linejoin[31m=[32m"round"[31m
                [33mstroke-width[31m=[32m"2"[31m
                [33mviewBox[31m=[32m"0 0 24 24"[31m
                [33mwidth[31m=[32m"24"[31m
                [33mxmlns[31m=[32m"http://www.w3.org/2000/svg"[31m
              [36m>[31m
                [36m<path[31m
                  [33md[31m=[32m"M19 21v-2a4 4 0 0 0-4-4H9a4 4 0 0 0-4 4v2"[31m
                [36m/>[31m
                [36m<circle[31m
                  [33mcx[31m=[32m"12"[31m
                  [33mcy[31m=[32m"7"[31m
                  [33mr[31m=[32m"4"[31m
                [36m/>[31m
              [36m</svg>[31m
            [36m</div>[31m
          [36m</div>[31m
          [36m<h2[31m
            [33mclass[31m=[32m"text-2xl font-bold mb-2"[31m
          [36m>[31m
            [0m╪Ñ┘å╪┤╪º╪í ╪¡╪│╪º╪¿[0m
          [36m</h2>[31m
          [36m<p[31m
            [33mclass[31m=[32m"text-muted"[31m
          [36m>[31m
            [0m╪ú┘å╪┤╪ª ╪¡╪│╪º╪¿┘â ┘ä┘ä╪¿╪»╪í[0m
          [36m</p>[31m
        [36m</div>[31m
        [36m<div[31m
          [33mclass[31m=[32m"space-y-4"[31m
        [36m>[31m
          [36m<div[31m
            [33mclass[31m=[32m"relative"[31m
          [36m>[31m
            [36m<label[31m
              [33mclass[31m=[32m"label flex items-center gap-2"[31m
            [36m>[31m
              [36m<svg[31m
                [33maria-hidden[31m=[32m"true"[31m
                [33mclass[31m=[32m"lucide lucide-mail w-4 h-4 text-primary-500"[31m
                [33mfill[31m=[32m"none"[31m
                [33mheight[31m=[32m"24"[31m
                [33mstroke[31m=[32m"currentColor"[31m
                [33mstroke-linecap[31m=[32m"round"[31m
                [33mstroke-linejoin[31m=[32m"round"[31m
                [33mstroke-width[31m=[32m"2"[31m
                [33mviewBox[31m=[32m"0 0 24 24"[31m
                [33mwidth[31m=[32m"24"[31m
                [33mxmlns[31m=[32m"http://www.w3.org/2000/svg"[31m
              [36m>[31m
                [36m<path[31m
                  [33md[31m=[32m"m22 7-8.991 5.727a2 2 0 0 1-2.009 0L2 7"[31m
                [36m/>[31m
                [36m<rect[31m
                  [33mheight[31m=[32m"16"[31m
                  [33mrx[31m=[32m"2"[31m
                  [33mwidth[31m=[32m"20"[31m
                  [33mx[31m=[32m"2"[31m
                  [33my[31m=[32m"4"[31m
                [36m/>[31m
              [36m</svg>[31m
              [0m╪º┘ä╪¿╪▒┘è╪» ╪º┘ä╪Ñ┘ä┘â╪¬╪▒┘ê┘å┘è[0m
            [36m</label>[31m
            [36m<input[31m
              [33mclass[31m=[32m"input"[31m
              [33mdir[31m=[32m"ltr"[31m
              [33mname[31m=[32m"email"[31m
              [33mplaceholder[31m=[32m"╪ú╪»╪«┘ä ╪¿╪▒┘è╪»┘â ╪º┘ä╪Ñ┘ä┘â╪¬╪▒┘ê┘å┘è"[31m
              [33mtype[31m=[32m"email"[31m
            [36m/>[31m
          [36m</div>[31m
          [36m<div[31m
            [33mclass[31m=[32m"relative"[31m
          [36m>[31m
            [36m<label[31m
              [33mclass[31m=[32m"label flex items-center gap-2"[31m
            [36m>[31m
              [36m<svg[31m
                [33maria-hidden[31m=[32m"true"[31m
                [33mclass[31m=[32m"lucide lucide-lock w-4 h-4 text-primary-500"[31m
                [33mfill[31m=[32m"none"[31m
                [33mheight[31m=[32m"24"[31m
                [33mstroke[31m=[32m"currentColor"[31m
                [33mstroke-linecap[31m=[32m"round"[31m
                [33mstroke-linejoin[31m=[32m"round"[31m
                [33mstroke-width[31m=[32m"2"[31m
                [33mviewBox[31m=[32m"0 0 24 24"[31m
                [33mwidth[31m=[32m"24"[31m
                [33mxmlns[31m=[32m"http://www.w3.org/2000/svg"[31m
              [36m>[31m
                [36m<rect[31m
                  [33mheight[31m=[32m"11"[31m
                  [33mrx[31m=[32m"2"[31m
                  [33mry[31m=[32m"2"[31m
                  [33mwidth[31m=[32m"18"[31m
                  [33mx[31m=[32m"3"[31m
                  [33my[31m=[32m"11"[31m
                [36m/>[31m
                [36m<path[31m
                  [33md[31m=[32m"M7 11V7a5 5 0 0 1 10 0v4"[31m
                [36m/>[31m
              [36m</svg>[31m
              [0m┘â┘ä┘à╪⌐ ╪º┘ä┘à╪▒┘ê╪▒[0m
            [36m</label>[31m
            [36m<div[31m
              [33mclass[31m=[32m"relative"[31m
            [36m>[31m
              [36m<input[31m
                [33mclass[31m=[32m"input pe-12"[31m
                [33mdir[31m=[32m"ltr"[31m
                [33mname[31m=[32m"password"[31m
                [33mplaceholder[31m=[32m"╪ú╪»╪«┘ä ┘â┘ä┘à╪⌐ ╪º┘ä┘à╪▒┘ê╪▒"[31m
                [33mtype[31m=[32m"password"[31m
              [36m/>[31m
              [36m<button[31m
                [33mclass[31m=[32m"absolute end-3 top-1/2 -translate-y-1/2 w-8 h-8 rounded-lg flex items-center justify-center text-dark-400 hover:text-dark-600 dark:hover:text-dark-300 hover:bg-dark-100 dark:hover:bg-dark-700 transition-colors"[31m
                [33mtype[31m=[32m"button"[31m
              [36m>[31m
                [36m<svg[31m
                  [33maria-hidden[31m=[32m"true"[31m
                  [33mclass[31m=[32m"lucide lucide-eye w-5 h-5"[31m
                  [33mfill[31m=[32m"none"[31m
                  [33mheight[31m=[32m"24"[31m
                  [33mstroke[31m=[32m"currentColor"[31m
                  [33mstroke-linecap[31m=[32m"round"[31m
                  [33mstroke-linejoin[31m=[32m"round"[31m
                  [33mstroke-width[31m=[32m"2"[31m
                  [33mviewBox[31m=[32m"0 0 24 24"[31m
                  [33mwidth[31m=[32m"24"[31m
                  [33mxmlns[31m=[32m"http://www.w3.org/2000/svg"[31m
                [36m>[31m
                  [36m<path[31m
                    [33md[31m=[32m"M2.062 12.348a1 1 0 0 1 0-.696 10.75 10.75 0 0 1 19.876 0 1 1 0 0 1 0 .696 10.75 10.75 0 0 1-19.876 0"[31m
                  [36m/>[31m
                  [36m<circle[31m
                    [33mcx[31m=[32m"12"[31m
                    [33mcy[31m=[32m"12"[31m
                    [33mr[31m=[32m"3"[31m
                  [36m/>[31m
                [36m</svg>[31m
              [36m</button>[31m
            [36m</div>[31m
          [36m</div>[31m
          [36m<div[31m
            [33mclass[31m=[32m"relative"[31m
          [36m>[31m
            [36m<label[31m
              [33mclass[31m=[32m"label flex items-center gap-2"[31m
            [36m>[31m
              [36m<svg[31m
                [33maria-hidden[31m=[32m"true"[31m
                [33mclass[31m=[32m"lucide lucide-circle-check w-4 h-4 text-primary-500"[31m
                [33mfill[31m=[32m"none"[31m
                [33mheight[31m=[32m"24"[31m
                [33mstroke[31m=[32m"currentColor"[31m
                [33mstroke-linecap[31m=[32m"round"[31m
                [33mstroke-linejoin[31m=[32m"round"[31m
                [33mstroke-width[31m=[32m"2"[31m
                [33mviewBox[31m=[32m"0 0 24 24"[31m
                [33mwidth[31m=[32m"24"[31m
                [33mxmlns[31m=[32m"http://www.w3.org/2000/svg"[31m
              [36m>[31m
                [36m<circle[31m
                  [33mcx[31m=[32m"12"[31m
                  [33mcy[31m=[32m"12"[31m
                  [33mr[31m=[32m"10"[31m
                [36m/>[31m
                [36m<path[31m
                  [33md[31m=[32m"m9 12 2 2 4-4"[31m
                [36m/>[31m
              [36m</svg>[31m
              [0m╪¬╪ú┘â┘è╪» ┘â┘ä┘à╪⌐ ╪º┘ä┘à╪▒┘ê╪▒[0m
            [36m</label>[31m
            [36m<input[31m
              [33mclass[31m=[32m"input"[31m
              [33mdir[31m=[32m"ltr"[31m
              [33mname[31m=[32m"confirmPassword"[31m
              [33mplaceholder[31m=[32m"╪ú╪╣╪» ╪Ñ╪»╪«╪º┘ä ┘â┘ä┘à╪⌐ ╪º┘ä┘à╪▒┘ê╪▒"[31m
              [33mtype[31m=[32m"password"[31m
            [36m/>[31m
          [36m</div>[31m
        [36m</div>[31m
        [36m<button[31m
          [33mclass[31m=[32m"btn-primary btn-lg w-full group"[31m
          [33mtype[31m=[32m"submit"[31m
        [36m>[31m
          [36m<span>[31m
            [0m╪Ñ┘å╪┤╪º╪í ╪¡╪│╪º╪¿[0m
          [36m</span>[31m
          [36m<svg[31m
            [33maria-hidden[31m=[32m"true"[31m
            [33mclass[31m=[32m"lucide lucide-arrow-left w-5 h-5 group-hover:translate-x-1 transition-transform"[31m
            [33mfill[31m=[32m"none"[31m
            [33mheight[31m=[32m"24"[31m
            [33mstroke[31m=[32m"currentColor"[31m
            [33mstroke-linecap[31m=[32m"round"[31m
            [33mstroke-linejoin[31m=[32m"round"[31m
            [33mstroke-width[31m=[32m"2"[31m
            [33mviewBox[31m=[32m"0 0 24 24"[31m
            [33mwidth[31m=[32m"24"[31m
            [33mxmlns[31m=[32m"http://www.w3.org/2000/svg"[31m
          [36m>[31m
            [36m<path[31m
              [33md[31m=[32m"m12 19-7-7 7-7"[31m
            [36m/>[31m
            [36m<path[31m
              [33md[31m=[32m"M19 12H5"[31m
            [36m/>[31m
          [36m</svg>[31m
        [36m</button>[31m
        [36m<p[31m
          [33mclass[31m=[32m"text-center text-muted"[31m
        [36m>[31m
          [0m┘ä╪»┘è┘â ╪¡╪│╪º╪¿ ╪¿╪º┘ä┘ü╪╣┘ä╪ƒ[0m
          [0m [0m
          [36m<button[31m
            [33mclass[31m=[32m"text-primary-600 dark:text-primary-400 font-semibold hover:underline"[31m
            [33mtype[31m=[32m"button"[31m
          [36m>[31m
            [0m╪¬╪│╪¼┘è┘ä ╪º┘ä╪»╪«┘ê┘ä[0m
          [36m</button>[31m
        [36m</p>[31m
      [36m</form>[31m
    [36m</div>[31m
  [36m</div>[31m
[36m</body>[31m

Ignored nodes: comments, script, style
[36m<html[31m
  [33mdir[31m=[32m"rtl"[31m
  [33mlang[31m=[32m"ar"[31m
[36m>[31m
  [36m<head />[31m
  [36m<body>[31m
    [36m<div>[31m
      [36m<div[31m
        [33mclass[31m=[32m"w-full max-w-md mx-auto"[31m
      [36m>[31m
        [36m<form[31m
          [33mclass[31m=[32m"space-y-6"[31m
        [36m>[31m
          [36m<div[31m
            [33mclass[31m=[32m"text-center mb-8"[31m
          [36m>[31m
            [36m<div[31m
              [33mclass[31m=[32m"relative inline-block"[31m
            [36m>[31m
              [36m<div[31m
                [33mclass[31m=[32m"w-20 h-20 rounded-2xl bg-gradient-to-br from-accent-500 to-accent-600 flex items-center justify-center mx-auto mb-5 shadow-lg shadow-accent-500/30"[31m
              [36m>[31m
                [36m<svg[31m
                  [33maria-hidden[31m=[32m"true"[31m
                  [33mclass[31m=[32m"lucide lucide-sparkles w-10 h-10 text-white"[31m
                  [33mfill[31m=[32m"none"[31m
                  [33mheight[31m=[32m"24"[31m
                  [33mstroke[31m=[32m"currentColor"[31m
                  [33mstroke-linecap[31m=[32m"round"[31m
                  [33mstroke-linejoin[31m=[32m"round"[31m
                  [33mstroke-width[31m=[32m"2"[31m
                  [33mviewBox[31m=[32m"0 0 24 24"[31m
                  [33mwidth[31m=[32m"24"[31m
                  [33mxmlns[31m=[32m"http://www.w3.org/2000/svg"[31m
                [36m>[31m
                  [36m<path[31m
                    [33md[31m=[32m"M11.017 2.814a1 1 0 0 1 1.966 0l1.051 5.558a2 2 0 0 0 1.594 1.594l5.558 1.051a1 1 0 0 1 0 1.966l-5.558 1.051a2 2 0 0 0-1.594 1.594l-1.051 5.558a1 1 0 0 1-1.966 0l-1.051-5.558a2 2 0 0 0-1.594-1.594l-5.558-1.051a1 1 0 0 1 0-1.966l5.558-1.051a2 2 0 0 0 1.594-1.594z"[31m
                  [36m/>[31m
                  [36m<path[31m
                    [33md[31m=[32m"M20 2v4"[31m
                  [36m/>[31m
                  [36m<path[31m
                    [33md[31m=[32m"M22 4h-4"[31m
                  [36m/>[31m
                  [36m<circle[31m
                    [33mcx[31m=[32m"4"[31m
                    [33mcy[31m=[32m"20"[31m
                    [33mr[31m=[32m"2"[31m
                  [36m/>[31m
                [36m</svg>[31m
              [36m</div>[31m
              [36m<div[31m
                [33mclass[31m=[32m"absolute -top-1 -end-1 w-8 h-8 rounded-xl bg-gradient-to-r from-primary-400 to-primary-600 flex items-center justify-center shadow-lg"[31m
              [36m>[31m
                [36m<svg[31m
                  [33maria-hidden[31m=[32m"true"[31m
                  [33mclass[31m=[32m"lucide lucide-user w-4 h-4 text-white"[31m
                  [33mfill[31m=[32m"none"[31m
                  [33mheight[31m=[32m"24"[31m
                  [33mstroke[31m=[32m"currentColor"[31m
                  [33mstroke-linecap[31m=[32m"round"[31m
                  [33mstroke-linejoin[31m=[32m"round"[31m
                  [33mstroke-width[31m=[32m"2"[31m
                  [33mviewBox[31m=[32m"0 0 24 24"[31m
                  [33mwidth[31m=[32m"24"[31m
                  [33mxmlns[31m=[32m"http://www.w3.org/2000/svg"[31m
                [36m>[31m
                  [36m<path[31m
                    [33md[31m=[32m"M19 21v-2a4 4 0 0 0-4-4H9a4 4 0 0 0-4 4v2"[31m
                  [36m/>[31m
                  [36m<circle[31m
                    [33mcx[31m=[32m"12"[31m
                    [33mcy[31m=[32m"7"[31m
                    [33mr[31m=[32m"4"[31m
                  [36m/>[31m
                [36m</svg>[31m
              [36m</div>[31m
            [36m</div>[31m
            [36m<h2[31m
              [33mclass[31m=[32m"text-2xl font-bold mb-2"[31m
            [36m>[31m
              [0m╪Ñ┘å╪┤╪º╪í ╪¡╪│╪º╪¿[0m
            [36m</h2>[31m
            [36m<p[31m
              [33mclass[31m=[32m"text-muted"[31m
            [36m>[31m
              [0m╪ú┘å╪┤╪ª ╪¡╪│╪º╪¿┘â ┘ä┘ä╪¿╪»╪í[0m
            [36m</p>[31m
          [36m</div>[31m
          [36m<div[31m
            [33mclass[31m=[32m"space-y-4"[31m
          [36m>[31m
            [36m<div[31m
              [33mclass[31m=[32m"relative"[31m
            [36m>[31m
              [36m<label[31m
                [33mclass[31m=[32m"label flex items-center gap-2"[31m
              [36m>[31m
                [36m<svg[31m
                  [33maria-hidden[31m=[32m"true"[31m
                  [33mclass[31m=[32m"lucide lucide-mail w-4 h-4 text-primary-500"[31m
                  [33mfill[31m=[32m"none"[31m
                  [33mheight[31m=[32m"24"[31m
                  [33mstroke[31m=[32m"currentColor"[31m
                  [33mstroke-linecap[31m=[32m"round"[31m
                  [33mstroke-linejoin[31m=[32m"round"[31m
                  [33mstroke-width[31m=[32m"2"[31m
                  [33mviewBox[31m=[32m"0 0 24 24"[31m
                  [33mwidth[31m=[32m"24"[31m
                  [33mxmlns[31m=[32m"http://www.w3.org/2000/svg"[31m
                [36m>[31m
                  [36m<path[31m
                    [33md[31m=[32m"m22 7-8.991 5.727a2 2 0 0 1-2.009 0L2 7"[31m
                  [36m/>[31m
                  [36m<rect[31m
                    [33mheight[31m=[32m"16"[31m
                    [33mrx[31m=[32m"2"[31m
                    [33mwidth[31m=[32m"20"[31m
                    [33mx[31m=[32m"2"[31m
                    [33my[31m=[32m"4"[31m
                  [36m/>[31m
                [36m</svg>[31m
                [0m╪º┘ä╪¿╪▒┘è╪» ╪º┘ä╪Ñ┘ä┘â╪¬╪▒┘ê┘å┘è[0m
              [36m</label>[31m
              [36m<input[31m
                [33mclass[31m=[32m"input"[31m
                [33mdir[31m=[32m"ltr"[31m
                [33mname[31m=[32m"email"[31m
                [33mplaceholder[31m=[32m"╪ú╪»╪«┘ä ╪¿╪▒┘è╪»┘â ╪º┘ä╪Ñ┘ä┘â╪¬╪▒┘ê┘å┘è"[31m
                [33mtype[31m=[32m"email"[31m
              [36m/>[31m
            [36m</div>[31m
            [36m<div[31m
              [33mclass[31m=[32m"relative"[31m
            [36m>[31m
              [36m<label[31m
                [33mclass[31m=[32m"label flex items-center gap-2"[31m
              [36m>[31m
                [36m<svg[31m
                  [33maria-hidden[31m=[32m"true"[31m
                  [33mclass[31m=[32m"lucide lucide-lock w-4 h-4 text-primary-500"[31m
                  [33mfill[31m=[32m"none"[31m
                  [33mheight[31m=[32m"24"[31m
                  [33mstroke[31m=[32m"currentColor"[31m
                  [33mstroke-linecap[31m=[32m"round"[31m
                  [33mstroke-linejoin[31m=[32m"round"[31m
                  [33mstroke-width[31m=[32m"2"[31m
                  [33mviewBox[31m=[32m"0 0 24 24"[31m
                  [33mwidth[31m=[32m"24"[31m
                  [33mxmlns[31m=[32m"http://www.w3.org/2000/svg"[31m
                [36m>[31m
                  [36m<rect[31m
                    [33mheight[31m=[32m"11"[31m
                    [33mrx[31m=[32m"2"[31m
                    [33mry[31m=[32m"2"[31m
                    [33mwidth[31m=[32m"18"[31m
                    [33mx[31m=[32m"3"[31m
                    [33my[31m=[32m"11"[31m
                  [36m/>[31m
                  [36m<path[31m
                    [33md[31m=[32m"M7 11V7a5 5 0 0 1 10 0v4"[31m
                  [36m/>[31m
                [36m</svg>[31m
                [0m┘â┘ä┘à╪⌐ ╪º┘ä┘à╪▒┘ê╪▒[0m
              [36m</label>[31m
              [36m<div[31m
                [33mclass[31m=[32m"relative"[31m
              [36m>[31m
                [36m<input[31m
                  [33mclass[31m=[32m"input pe-12"[31m
                  [33mdir[31m=[32m"ltr"[31m
                  [33mname[31m=[32m"password"[31m
                  [33mplaceholder[31m=[32m"╪ú╪»╪«┘ä ┘â┘ä┘à╪⌐ ╪º┘ä┘à╪▒┘ê╪▒"[31m
                  [33mtype[31m=[32m"password"[31m
                [36m/>[31m
                [36m<button[31m
                  [33mclass[31m=[32m"absolute end-3 top-1/2 -translate-y-1/2 w-8 h-8 rounded-lg flex items-center justify-center text-dark-400 hover:text-dark-600 dark:hover:text-dark-300 hover:bg-dark-100 dark:hover:bg-dark-700 transition-colors"[31m
                  [33mtype[31m=[32m"button"[31m
                [36m>[31m
                  [36m<svg[31m
                    [33maria-hidden[31m=[32m"true"[31m
                    [33mclass[31m=[32m"lucide lucide-eye w-5 h-5"[31m
                    [33mfill[31m=[32m"none"[31m
                    [33mheight[31m=[32m"24"[31m
                    [33mstroke[31m=[32m"currentColor"[31m
                    [33mstroke-linecap[31m=[32m"round"[31m
                    [33mstroke-linejoin[31m=[32m"round"[31m
                    [33mstroke-width[31m=[32m"2"[31m
                    [33mviewBox[31m=[32m"0 0 24 24"[31m
                    [33mwidth[31m=[32m"24"[31m
                    [33mxmlns[31m=[32m"http://www.w3.org/2000/svg"[31m
                  [36m>[31m
                    [36m<path[31m
                      [33md[31m=[32m"M2.062 12.348a1 1 0 0 1 0-.696 10.75 10.75 0 0 1 19.876 0 1 1 0 0 1 0 .696 10.75 10.75 0 0 1-19.876 0"[31m
                    [36m/>[31m
                    [36m<circle[31m
                      [33mcx[31m=[32m"12"[31m
                      [33mcy[31m=[32m"12"[31m
                      [33mr[31m=[32m"3"[31m
                    [36m/>[31m
                  [36m</svg>[31m
                [36m</button>[31m
              [36m</div>[31m
            [36m</div>[31m
            [36m<div[31m
              [33mclass[31m=[32m"relative"[31m
            [36m>[31m
              [36m<label[31m
                [33mclass[31m=[32m"label flex items-center gap-2"[31m
              [36m>[31m
                [36m<svg[31m
                  [33maria-hidden[31m=[32m"true"[31m
                  [33mclass[31m=[32m"lucide lucide-circle-check w-4 h-4 text-primary-500"[31m
                  [33mfill[31m=[32m"none"[31m
                  [33mheight[31m=[32m"24"[31m
                  [33mstroke[31m=[32m"currentColor"[31m
                  [33mstroke-linecap[31m=[32m"round"[31m
                  [33mstroke-linejoin[31m=[32m"round"[31m
                  [33mstroke-width[31m=[32m"2"[31m
                  [33mviewBox[31m=[32m"0 0 24 24"[31m
                  [33mwidth[31m=[32m"24"[31m
                  [33mxmlns[31m=[32m"http://www.w3.org/2000/svg"[31m
                [36m>[31m
                  [36m<circle[31m
                    [33mcx[31m=[32m"12"[31m
                    [33mcy[31m=[32m"12"[31m
                    [33mr[31m=[32m"10"[31m
                  [36m/>[31m
                  [36m<path[31m
                    [33md[31m=[32m"m9 12 2 2 4-4"[31m
                  [36m/>[31m
                [36m</svg>[31m
                [0m╪¬╪ú┘â┘è╪» ┘â┘ä┘à╪⌐ ╪º┘ä┘à╪▒┘ê╪▒[0m
              [36m</label>[31m
              [36m<input[31m
                [33mclass[31m=[32m"input"[31m
                [33mdir[31m=[32m"ltr"[31m
                [33mname[31m=[32m"confirmPassword"[31m
                [33mplaceholder[31m=[32m"╪ú╪╣╪» ╪Ñ╪»╪«╪º┘ä ┘â┘ä┘à╪⌐ ╪º┘ä┘à╪▒┘ê╪▒"[31m
                [33mtype[31m=[32m"password"[31m
              [36m/>[31m
            [36m</div>[31m
          [36m</div>[31m
          [36m<button[31m
            [33mclass[31m=[32m"btn-primary btn-lg w-full group"[31m
            [33mtype[31m=[32m"submit"[31m
          [36m>[31m
            [36m<span>[31m
              [0m╪Ñ┘å╪┤╪º╪í ╪¡╪│╪º╪¿[0m
            [36m</span>[31m
            [36m<svg[31m
              [33maria-hidden[31m=[32m"true"[31m
              [33mclass[31m=[32m"lucide lucide-arrow-left w-5 h-5 group-hover:translate-x-1 transition-transform"[31m
              [33mfill[31m=[32m"none"[31m
              [33mheight[31m=[32m"24"[31m
              [33mstroke[31m=[32m"currentColor"[31m
              [33mstroke-linecap[31m=[32m"round"[31m
              [33mstroke-linejoin[31m=[32m"round"[31m
              [33mstroke-width[31m=[32m"2"[31m
              [33mviewBox[31m=[32m"0 0 24 24"[31m
              [33mwidth[31m=[32m"24"[31m
              [33mxmlns[31m=[32m"http://www.w3.org/2000/svg"[31m
            [36m>[31m
              [36m<path[31m
                [33md[31m=[32m"m12 19-7-7 7-7"[31m
              [36m/>[31m
              [36m<path[31m
                [33md[31m=[32m"M19 12H5"[31m
              [36m/>[31m
            [36m</svg>[31m
          [36m</button>[31m
          [36m<p[31m
            [33mclass[31m=[32m"text-center text-muted"[31m
          [36m>[31m
            [0m┘ä╪»┘è┘â ╪¡╪│╪º╪¿ ╪¿╪º┘ä┘ü╪╣┘ä╪ƒ[0m
            [0m [0m
            [36m<button[31m
              [33mclass[31m=[32m"text-primary-600 dark:text-primary-400 font-semibold hover:underline"[31m
              [33mtype[31m=[32m"button"[31m
            [36m>[31m
              [0m╪¬╪│╪¼┘è┘ä ╪º┘ä╪»╪«┘ê┘ä[0m
            [36m</button>[31m
          [36m</p>[31m
        [36m</form>[31m
      [36m</div>[31m
    [36m</div>[31m
  [36m</body>[31m
[36m</html>[31m[39m
 [31m├ù[39m src/components/auth/__tests__/SignupForm.test.tsx[2m > [22mSignupForm[2m > [22mPassword Visibility[2m > [22mshould toggle password visibility[33m 1028[2mms[22m[39m
[31m   ΓåÆ Unable to find role="button" and name `/freelancer|┘à╪│╪¬┘é┘ä/i`

Ignored nodes: comments, script, style
[36m<body>[31m
  [36m<div>[31m
    [36m<div[31m
      [33mclass[31m=[32m"w-full max-w-md mx-auto"[31m
    [36m>[31m
      [36m<form[31m
        [33mclass[31m=[32m"space-y-6"[31m
      [36m>[31m
        [36m<div[31m
          [33mclass[31m=[32m"text-center mb-8"[31m
        [36m>[31m
          [36m<div[31m
            [33mclass[31m=[32m"relative inline-block"[31m
          [36m>[31m
            [36m<div[31m
              [33mclass[31m=[32m"w-20 h-20 rounded-2xl bg-gradient-to-br from-accent-500 to-accent-600 flex items-center justify-center mx-auto mb-5 shadow-lg shadow-accent-500/30"[31m
            [36m>[31m
              [36m<svg[31m
                [33maria-hidden[31m=[32m"true"[31m
                [33mclass[31m=[32m"lucide lucide-sparkles w-10 h-10 text-white"[31m
                [33mfill[31m=[32m"none"[31m
                [33mheight[31m=[32m"24"[31m
                [33mstroke[31m=[32m"currentColor"[31m
                [33mstroke-linecap[31m=[32m"round"[31m
                [33mstroke-linejoin[31m=[32m"round"[31m
                [33mstroke-width[31m=[32m"2"[31m
                [33mviewBox[31m=[32m"0 0 24 24"[31m
                [33mwidth[31m=[32m"24"[31m
                [33mxmlns[31m=[32m"http://www.w3.org/2000/svg"[31m
              [36m>[31m
                [36m<path[31m
                  [33md[31m=[32m"M11.017 2.814a1 1 0 0 1 1.966 0l1.051 5.558a2 2 0 0 0 1.594 1.594l5.558 1.051a1 1 0 0 1 0 1.966l-5.558 1.051a2 2 0 0 0-1.594 1.594l-1.051 5.558a1 1 0 0 1-1.966 0l-1.051-5.558a2 2 0 0 0-1.594-1.594l-5.558-1.051a1 1 0 0 1 0-1.966l5.558-1.051a2 2 0 0 0 1.594-1.594z"[31m
                [36m/>[31m
                [36m<path[31m
                  [33md[31m=[32m"M20 2v4"[31m
                [36m/>[31m
                [36m<path[31m
                  [33md[31m=[32m"M22 4h-4"[31m
                [36m/>[31m
                [36m<circle[31m
                  [33mcx[31m=[32m"4"[31m
                  [33mcy[31m=[32m"20"[31m
                  [33mr[31m=[32m"2"[31m
                [36m/>[31m
              [36m</svg>[31m
            [36m</div>[31m
            [36m<div[31m
              [33mclass[31m=[32m"absolute -top-1 -end-1 w-8 h-8 rounded-xl bg-gradient-to-r from-primary-400 to-primary-600 flex items-center justify-center shadow-lg"[31m
            [36m>[31m
              [36m<svg[31m
                [33maria-hidden[31m=[32m"true"[31m
                [33mclass[31m=[32m"lucide lucide-user w-4 h-4 text-white"[31m
                [33mfill[31m=[32m"none"[31m
                [33mheight[31m=[32m"24"[31m
                [33mstroke[31m=[32m"currentColor"[31m
                [33mstroke-linecap[31m=[32m"round"[31m
                [33mstroke-linejoin[31m=[32m"round"[31m
                [33mstroke-width[31m=[32m"2"[31m
                [33mviewBox[31m=[32m"0 0 24 24"[31m
                [33mwidth[31m=[32m"24"[31m
                [33mxmlns[31m=[32m"http://www.w3.org/2000/svg"[31m
              [36m>[31m
                [36m<path[31m
                  [33md[31m=[32m"M19 21v-2a4 4 0 0 0-4-4H9a4 4 0 0 0-4 4v2"[31m
                [36m/>[31m
                [36m<circle[31m
                  [33mcx[31m=[32m"12"[31m
                  [33mcy[31m=[32m"7"[31m
                  [33mr[31m=[32m"4"[31m
                [36m/>[31m
              [36m</svg>[31m
            [36m</div>[31m
          [36m</div>[31m
          [36m<h2[31m
            [33mclass[31m=[32m"text-2xl font-bold mb-2"[31m
          [36m>[31m
            [0m╪Ñ┘å╪┤╪º╪í ╪¡╪│╪º╪¿[0m
          [36m</h2>[31m
          [36m<p[31m
            [33mclass[31m=[32m"text-muted"[31m
          [36m>[31m
            [0m╪ú┘å╪┤╪ª ╪¡╪│╪º╪¿┘â ┘ä┘ä╪¿╪»╪í[0m
          [36m</p>[31m
        [36m</div>[31m
        [36m<div[31m
          [33mclass[31m=[32m"space-y-4"[31m
        [36m>[31m
          [36m<div[31m
            [33mclass[31m=[32m"relative"[31m
          [36m>[31m
            [36m<label[31m
              [33mclass[31m=[32m"label flex items-center gap-2"[31m
            [36m>[31m
              [36m<svg[31m
                [33maria-hidden[31m=[32m"true"[31m
                [33mclass[31m=[32m"lucide lucide-mail w-4 h-4 text-primary-500"[31m
                [33mfill[31m=[32m"none"[31m
                [33mheight[31m=[32m"24"[31m
                [33mstroke[31m=[32m"currentColor"[31m
                [33mstroke-linecap[31m=[32m"round"[31m
                [33mstroke-linejoin[31m=[32m"round"[31m
                [33mstroke-width[31m=[32m"2"[31m
                [33mviewBox[31m=[32m"0 0 24 24"[31m
                [33mwidth[31m=[32m"24"[31m
                [33mxmlns[31m=[32m"http://www.w3.org/2000/svg"[31m
              [36m>[31m
                [36m<path[31m
                  [33md[31m=[32m"m22 7-8.991 5.727a2 2 0 0 1-2.009 0L2 7"[31m
                [36m/>[31m
                [36m<rect[31m
                  [33mheight[31m=[32m"16"[31m
                  [33mrx[31m=[32m"2"[31m
                  [33mwidth[31m=[32m"20"[31m
                  [33mx[31m=[32m"2"[31m
                  [33my[31m=[32m"4"[31m
                [36m/>[31m
              [36m</svg>[31m
              [0m╪º┘ä╪¿╪▒┘è╪» ╪º┘ä╪Ñ┘ä┘â╪¬╪▒┘ê┘å┘è[0m
            [36m</label>[31m
            [36m<input[31m
              [33mclass[31m=[32m"input"[31m
              [33mdir[31m=[32m"ltr"[31m
              [33mname[31m=[32m"email"[31m
              [33mplaceholder[31m=[32m"╪ú╪»╪«┘ä ╪¿╪▒┘è╪»┘â ╪º┘ä╪Ñ┘ä┘â╪¬╪▒┘ê┘å┘è"[31m
              [33mtype[31m=[32m"email"[31m
            [36m/>[31m
          [36m</div>[31m
          [36m<div[31m
            [33mclass[31m=[32m"relative"[31m
          [36m>[31m
            [36m<label[31m
              [33mclass[31m=[32m"label flex items-center gap-2"[31m
            [36m>[31m
              [36m<svg[31m
                [33maria-hidden[31m=[32m"true"[31m
                [33mclass[31m=[32m"lucide lucide-lock w-4 h-4 text-primary-500"[31m
                [33mfill[31m=[32m"none"[31m
                [33mheight[31m=[32m"24"[31m
                [33mstroke[31m=[32m"currentColor"[31m
                [33mstroke-linecap[31m=[32m"round"[31m
                [33mstroke-linejoin[31m=[32m"round"[31m
                [33mstroke-width[31m=[32m"2"[31m
                [33mviewBox[31m=[32m"0 0 24 24"[31m
                [33mwidth[31m=[32m"24"[31m
                [33mxmlns[31m=[32m"http://www.w3.org/2000/svg"[31m
              [36m>[31m
                [36m<rect[31m
                  [33mheight[31m=[32m"11"[31m
                  [33mrx[31m=[32m"2"[31m
                  [33mry[31m=[32m"2"[31m
                  [33mwidth[31m=[32m"18"[31m
                  [33mx[31m=[32m"3"[31m
                  [33my[31m=[32m"11"[31m
                [36m/>[31m
                [36m<path[31m
                  [33md[31m=[32m"M7 11V7a5 5 0 0 1 10 0v4"[31m
                [36m/>[31m
              [36m</svg>[31m
              [0m┘â┘ä┘à╪⌐ ╪º┘ä┘à╪▒┘ê╪▒[0m
            [36m</label>[31m
            [36m<div[31m
              [33mclass[31m=[32m"relative"[31m
            [36m>[31m
              [36m<input[31m
                [33mclass[31m=[32m"input pe-12"[31m
                [33mdir[31m=[32m"ltr"[31m
                [33mname[31m=[32m"password"[31m
                [33mplaceholder[31m=[32m"╪ú╪»╪«┘ä ┘â┘ä┘à╪⌐ ╪º┘ä┘à╪▒┘ê╪▒"[31m
                [33mtype[31m=[32m"password"[31m
              [36m/>[31m
              [36m<button[31m
                [33mclass[31m=[32m"absolute end-3 top-1/2 -translate-y-1/2 w-8 h-8 rounded-lg flex items-center justify-center text-dark-400 hover:text-dark-600 dark:hover:text-dark-300 hover:bg-dark-100 dark:hover:bg-dark-700 transition-colors"[31m
                [33mtype[31m=[32m"button"[31m
              [36m>[31m
                [36m<svg[31m
                  [33maria-hidden[31m=[32m"true"[31m
                  [33mclass[31m=[32m"lucide lucide-eye w-5 h-5"[31m
                  [33mfill[31m=[32m"none"[31m
                  [33mheight[31m=[32m"24"[31m
                  [33mstroke[31m=[32m"currentColor"[31m
                  [33mstroke-linecap[31m=[32m"round"[31m
                  [33mstroke-linejoin[31m=[32m"round"[31m
                  [33mstroke-width[31m=[32m"2"[31m
                  [33mviewBox[31m=[32m"0 0 24 24"[31m
                  [33mwidth[31m=[32m"24"[31m
                  [33mxmlns[31m=[32m"http://www.w3.org/2000/svg"[31m
                [36m>[31m
                  [36m<path[31m
                    [33md[31m=[32m"M2.062 12.348a1 1 0 0 1 0-.696 10.75 10.75 0 0 1 19.876 0 1 1 0 0 1 0 .696 10.75 10.75 0 0 1-19.876 0"[31m
                  [36m/>[31m
                  [36m<circle[31m
                    [33mcx[31m=[32m"12"[31m
                    [33mcy[31m=[32m"12"[31m
                    [33mr[31m=[32m"3"[31m
                  [36m/>[31m
                [36m</svg>[31m
              [36m</button>[31m
            [36m</div>[31m
          [36m</div>[31m
          [36m<div[31m
            [33mclass[31m=[32m"relative"[31m
          [36m>[31m
            [36m<label[31m
              [33mclass[31m=[32m"label flex items-center gap-2"[31m
            [36m>[31m
              [36m<svg[31m
                [33maria-hidden[31m=[32m"true"[31m
                [33mclass[31m=[32m"lucide lucide-circle-check w-4 h-4 text-primary-500"[31m
                [33mfill[31m=[32m"none"[31m
                [33mheight[31m=[32m"24"[31m
                [33mstroke[31m=[32m"currentColor"[31m
                [33mstroke-linecap[31m=[32m"round"[31m
                [33mstroke-linejoin[31m=[32m"round"[31m
                [33mstroke-width[31m=[32m"2"[31m
                [33mviewBox[31m=[32m"0 0 24 24"[31m
                [33mwidth[31m=[32m"24"[31m
                [33mxmlns[31m=[32m"http://www.w3.org/2000/svg"[31m
              [36m>[31m
                [36m<circle[31m
                  [33mcx[31m=[32m"12"[31m
                  [33mcy[31m=[32m"12"[31m
                  [33mr[31m=[32m"10"[31m
                [36m/>[31m
                [36m<path[31m
                  [33md[31m=[32m"m9 12 2 2 4-4"[31m
                [36m/>[31m
              [36m</svg>[31m
              [0m╪¬╪ú┘â┘è╪» ┘â┘ä┘à╪⌐ ╪º┘ä┘à╪▒┘ê╪▒[0m
            [36m</label>[31m
            [36m<input[31m
              [33mclass[31m=[32m"input"[31m
              [33mdir[31m=[32m"ltr"[31m
              [33mname[31m=[32m"confirmPassword"[31m
              [33mplaceholder[31m=[32m"╪ú╪╣╪» ╪Ñ╪»╪«╪º┘ä ┘â┘ä┘à╪⌐ ╪º┘ä┘à╪▒┘ê╪▒"[31m
              [33mtype[31m=[32m"password"[31m
            [36m/>[31m
          [36m</div>[31m
        [36m</div>[31m
        [36m<button[31m
          [33mclass[31m=[32m"btn-primary btn-lg w-full group"[31m
          [33mtype[31m=[32m"submit"[31m
        [36m>[31m
          [36m<span>[31m
            [0m╪Ñ┘å╪┤╪º╪í ╪¡╪│╪º╪¿[0m
          [36m</span>[31m
          [36m<svg[31m
            [33maria-hidden[31m=[32m"true"[31m
            [33mclass[31m=[32m"lucide lucide-arrow-left w-5 h-5 group-hover:translate-x-1 transition-transform"[31m
            [33mfill[31m=[32m"none"[31m
            [33mheight[31m=[32m"24"[31m
            [33mstroke[31m=[32m"currentColor"[31m
            [33mstroke-linecap[31m=[32m"round"[31m
            [33mstroke-linejoin[31m=[32m"round"[31m
            [33mstroke-width[31m=[32m"2"[31m
            [33mviewBox[31m=[32m"0 0 24 24"[31m
            [33mwidth[31m=[32m"24"[31m
            [33mxmlns[31m=[32m"http://www.w3.org/2000/svg"[31m
          [36m>[31m
            [36m<path[31m
              [33md[31m=[32m"m12 19-7-7 7-7"[31m
            [36m/>[31m
            [36m<path[31m
              [33md[31m=[32m"M19 12H5"[31m
            [36m/>[31m
          [36m</svg>[31m
        [36m</button>[31m
        [36m<p[31m
          [33mclass[31m=[32m"text-center text-muted"[31m
        [36m>[31m
          [0m┘ä╪»┘è┘â ╪¡╪│╪º╪¿ ╪¿╪º┘ä┘ü╪╣┘ä╪ƒ[0m
          [0m [0m
          [36m<button[31m
            [33mclass[31m=[32m"text-primary-600 dark:text-primary-400 font-semibold hover:underline"[31m
            [33mtype[31m=[32m"button"[31m
          [36m>[31m
            [0m╪¬╪│╪¼┘è┘ä ╪º┘ä╪»╪«┘ê┘ä[0m
          [36m</button>[31m
        [36m</p>[31m
      [36m</form>[31m
    [36m</div>[31m
  [36m</div>[31m
[36m</body>[31m

Ignored nodes: comments, script, style
[36m<html[31m
  [33mdir[31m=[32m"rtl"[31m
  [33mlang[31m=[32m"ar"[31m
[36m>[31m
  [36m<head />[31m
  [36m<body>[31m
    [36m<div>[31m
      [36m<div[31m
        [33mclass[31m=[32m"w-full max-w-md mx-auto"[31m
      [36m>[31m
        [36m<form[31m
          [33mclass[31m=[32m"space-y-6"[31m
        [36m>[31m
          [36m<div[31m
            [33mclass[31m=[32m"text-center mb-8"[31m
          [36m>[31m
            [36m<div[31m
              [33mclass[31m=[32m"relative inline-block"[31m
            [36m>[31m
              [36m<div[31m
                [33mclass[31m=[32m"w-20 h-20 rounded-2xl bg-gradient-to-br from-accent-500 to-accent-600 flex items-center justify-center mx-auto mb-5 shadow-lg shadow-accent-500/30"[31m
              [36m>[31m
                [36m<svg[31m
                  [33maria-hidden[31m=[32m"true"[31m
                  [33mclass[31m=[32m"lucide lucide-sparkles w-10 h-10 text-white"[31m
                  [33mfill[31m=[32m"none"[31m
                  [33mheight[31m=[32m"24"[31m
                  [33mstroke[31m=[32m"currentColor"[31m
                  [33mstroke-linecap[31m=[32m"round"[31m
                  [33mstroke-linejoin[31m=[32m"round"[31m
                  [33mstroke-width[31m=[32m"2"[31m
                  [33mviewBox[31m=[32m"0 0 24 24"[31m
                  [33mwidth[31m=[32m"24"[31m
                  [33mxmlns[31m=[32m"http://www.w3.org/2000/svg"[31m
                [36m>[31m
                  [36m<path[31m
                    [33md[31m=[32m"M11.017 2.814a1 1 0 0 1 1.966 0l1.051 5.558a2 2 0 0 0 1.594 1.594l5.558 1.051a1 1 0 0 1 0 1.966l-5.558 1.051a2 2 0 0 0-1.594 1.594l-1.051 5.558a1 1 0 0 1-1.966 0l-1.051-5.558a2 2 0 0 0-1.594-1.594l-5.558-1.051a1 1 0 0 1 0-1.966l5.558-1.051a2 2 0 0 0 1.594-1.594z"[31m
                  [36m/>[31m
                  [36m<path[31m
                    [33md[31m=[32m"M20 2v4"[31m
                  [36m/>[31m
                  [36m<path[31m
                    [33md[31m=[32m"M22 4h-4"[31m
                  [36m/>[31m
                  [36m<circle[31m
                    [33mcx[31m=[32m"4"[31m
                    [33mcy[31m=[32m"20"[31m
                    [33mr[31m=[32m"2"[31m
                  [36m/>[31m
                [36m</svg>[31m
              [36m</div>[31m
              [36m<div[31m
                [33mclass[31m=[32m"absolute -top-1 -end-1 w-8 h-8 rounded-xl bg-gradient-to-r from-primary-400 to-primary-600 flex items-center justify-center shadow-lg"[31m
              [36m>[31m
                [36m<svg[31m
                  [33maria-hidden[31m=[32m"true"[31m
                  [33mclass[31m=[32m"lucide lucide-user w-4 h-4 text-white"[31m
                  [33mfill[31m=[32m"none"[31m
                  [33mheight[31m=[32m"24"[31m
                  [33mstroke[31m=[32m"currentColor"[31m
                  [33mstroke-linecap[31m=[32m"round"[31m
                  [33mstroke-linejoin[31m=[32m"round"[31m
                  [33mstroke-width[31m=[32m"2"[31m
                  [33mviewBox[31m=[32m"0 0 24 24"[31m
                  [33mwidth[31m=[32m"24"[31m
                  [33mxmlns[31m=[32m"http://www.w3.org/2000/svg"[31m
                [36m>[31m
                  [36m<path[31m
                    [33md[31m=[32m"M19 21v-2a4 4 0 0 0-4-4H9a4 4 0 0 0-4 4v2"[31m
                  [36m/>[31m
                  [36m<circle[31m
                    [33mcx[31m=[32m"12"[31m
                    [33mcy[31m=[32m"7"[31m
                    [33mr[31m=[32m"4"[31m
                  [36m/>[31m
                [36m</svg>[31m
              [36m</div>[31m
            [36m</div>[31m
            [36m<h2[31m
              [33mclass[31m=[32m"text-2xl font-bold mb-2"[31m
            [36m>[31m
              [0m╪Ñ┘å╪┤╪º╪í ╪¡╪│╪º╪¿[0m
            [36m</h2>[31m
            [36m<p[31m
              [33mclass[31m=[32m"text-muted"[31m
            [36m>[31m
              [0m╪ú┘å╪┤╪ª ╪¡╪│╪º╪¿┘â ┘ä┘ä╪¿╪»╪í[0m
            [36m</p>[31m
          [36m</div>[31m
          [36m<div[31m
            [33mclass[31m=[32m"space-y-4"[31m
          [36m>[31m
            [36m<div[31m
              [33mclass[31m=[32m"relative"[31m
            [36m>[31m
              [36m<label[31m
                [33mclass[31m=[32m"label flex items-center gap-2"[31m
              [36m>[31m
                [36m<svg[31m
                  [33maria-hidden[31m=[32m"true"[31m
                  [33mclass[31m=[32m"lucide lucide-mail w-4 h-4 text-primary-500"[31m
                  [33mfill[31m=[32m"none"[31m
                  [33mheight[31m=[32m"24"[31m
                  [33mstroke[31m=[32m"currentColor"[31m
                  [33mstroke-linecap[31m=[32m"round"[31m
                  [33mstroke-linejoin[31m=[32m"round"[31m
                  [33mstroke-width[31m=[32m"2"[31m
                  [33mviewBox[31m=[32m"0 0 24 24"[31m
                  [33mwidth[31m=[32m"24"[31m
                  [33mxmlns[31m=[32m"http://www.w3.org/2000/svg"[31m
                [36m>[31m
                  [36m<path[31m
                    [33md[31m=[32m"m22 7-8.991 5.727a2 2 0 0 1-2.009 0L2 7"[31m
                  [36m/>[31m
                  [36m<rect[31m
                    [33mheight[31m=[32m"16"[31m
                    [33mrx[31m=[32m"2"[31m
                    [33mwidth[31m=[32m"20"[31m
                    [33mx[31m=[32m"2"[31m
                    [33my[31m=[32m"4"[31m
                  [36m/>[31m
                [36m</svg>[31m
                [0m╪º┘ä╪¿╪▒┘è╪» ╪º┘ä╪Ñ┘ä┘â╪¬╪▒┘ê┘å┘è[0m
              [36m</label>[31m
              [36m<input[31m
                [33mclass[31m=[32m"input"[31m
                [33mdir[31m=[32m"ltr"[31m
                [33mname[31m=[32m"email"[31m
                [33mplaceholder[31m=[32m"╪ú╪»╪«┘ä ╪¿╪▒┘è╪»┘â ╪º┘ä╪Ñ┘ä┘â╪¬╪▒┘ê┘å┘è"[31m
                [33mtype[31m=[32m"email"[31m
              [36m/>[31m
            [36m</div>[31m
            [36m<div[31m
              [33mclass[31m=[32m"relative"[31m
            [36m>[31m
              [36m<label[31m
                [33mclass[31m=[32m"label flex items-center gap-2"[31m
              [36m>[31m
                [36m<svg[31m
                  [33maria-hidden[31m=[32m"true"[31m
                  [33mclass[31m=[32m"lucide lucide-lock w-4 h-4 text-primary-500"[31m
                  [33mfill[31m=[32m"none"[31m
                  [33mheight[31m=[32m"24"[31m
                  [33mstroke[31m=[32m"currentColor"[31m
                  [33mstroke-linecap[31m=[32m"round"[31m
                  [33mstroke-linejoin[31m=[32m"round"[31m
                  [33mstroke-width[31m=[32m"2"[31m
                  [33mviewBox[31m=[32m"0 0 24 24"[31m
                  [33mwidth[31m=[32m"24"[31m
                  [33mxmlns[31m=[32m"http://www.w3.org/2000/svg"[31m
                [36m>[31m
                  [36m<rect[31m
                    [33mheight[31m=[32m"11"[31m
                    [33mrx[31m=[32m"2"[31m
                    [33mry[31m=[32m"2"[31m
                    [33mwidth[31m=[32m"18"[31m
                    [33mx[31m=[32m"3"[31m
                    [33my[31m=[32m"11"[31m
                  [36m/>[31m
                  [36m<path[31m
                    [33md[31m=[32m"M7 11V7a5 5 0 0 1 10 0v4"[31m
                  [36m/>[31m
                [36m</svg>[31m
                [0m┘â┘ä┘à╪⌐ ╪º┘ä┘à╪▒┘ê╪▒[0m
              [36m</label>[31m
              [36m<div[31m
                [33mclass[31m=[32m"relative"[31m
              [36m>[31m
                [36m<input[31m
                  [33mclass[31m=[32m"input pe-12"[31m
                  [33mdir[31m=[32m"ltr"[31m
                  [33mname[31m=[32m"password"[31m
                  [33mplaceholder[31m=[32m"╪ú╪»╪«┘ä ┘â┘ä┘à╪⌐ ╪º┘ä┘à╪▒┘ê╪▒"[31m
                  [33mtype[31m=[32m"password"[31m
                [36m/>[31m
                [36m<button[31m
                  [33mclass[31m=[32m"absolute end-3 top-1/2 -translate-y-1/2 w-8 h-8 rounded-lg flex items-center justify-center text-dark-400 hover:text-dark-600 dark:hover:text-dark-300 hover:bg-dark-100 dark:hover:bg-dark-700 transition-colors"[31m
                  [33mtype[31m=[32m"button"[31m
                [36m>[31m
                  [36m<svg[31m
                    [33maria-hidden[31m=[32m"true"[31m
                    [33mclass[31m=[32m"lucide lucide-eye w-5 h-5"[31m
                    [33mfill[31m=[32m"none"[31m
                    [33mheight[31m=[32m"24"[31m
                    [33mstroke[31m=[32m"currentColor"[31m
                    [33mstroke-linecap[31m=[32m"round"[31m
                    [33mstroke-linejoin[31m=[32m"round"[31m
                    [33mstroke-width[31m=[32m"2"[31m
                    [33mviewBox[31m=[32m"0 0 24 24"[31m
                    [33mwidth[31m=[32m"24"[31m
                    [33mxmlns[31m=[32m"http://www.w3.org/2000/svg"[31m
                  [36m>[31m
                    [36m<path[31m
                      [33md[31m=[32m"M2.062 12.348a1 1 0 0 1 0-.696 10.75 10.75 0 0 1 19.876 0 1 1 0 0 1 0 .696 10.75 10.75 0 0 1-19.876 0"[31m
                    [36m/>[31m
                    [36m<circle[31m
                      [33mcx[31m=[32m"12"[31m
                      [33mcy[31m=[32m"12"[31m
                      [33mr[31m=[32m"3"[31m
                    [36m/>[31m
                  [36m</svg>[31m
                [36m</button>[31m
              [36m</div>[31m
            [36m</div>[31m
            [36m<div[31m
              [33mclass[31m=[32m"relative"[31m
            [36m>[31m
              [36m<label[31m
                [33mclass[31m=[32m"label flex items-center gap-2"[31m
              [36m>[31m
                [36m<svg[31m
                  [33maria-hidden[31m=[32m"true"[31m
                  [33mclass[31m=[32m"lucide lucide-circle-check w-4 h-4 text-primary-500"[31m
                  [33mfill[31m=[32m"none"[31m
                  [33mheight[31m=[32m"24"[31m
                  [33mstroke[31m=[32m"currentColor"[31m
                  [33mstroke-linecap[31m=[32m"round"[31m
                  [33mstroke-linejoin[31m=[32m"round"[31m
                  [33mstroke-width[31m=[32m"2"[31m
                  [33mviewBox[31m=[32m"0 0 24 24"[31m
                  [33mwidth[31m=[32m"24"[31m
                  [33mxmlns[31m=[32m"http://www.w3.org/2000/svg"[31m
                [36m>[31m
                  [36m<circle[31m
                    [33mcx[31m=[32m"12"[31m
                    [33mcy[31m=[32m"12"[31m
                    [33mr[31m=[32m"10"[31m
                  [36m/>[31m
                  [36m<path[31m
                    [33md[31m=[32m"m9 12 2 2 4-4"[31m
                  [36m/>[31m
                [36m</svg>[31m
                [0m╪¬╪ú┘â┘è╪» ┘â┘ä┘à╪⌐ ╪º┘ä┘à╪▒┘ê╪▒[0m
              [36m</label>[31m
              [36m<input[31m
                [33mclass[31m=[32m"input"[31m
                [33mdir[31m=[32m"ltr"[31m
                [33mname[31m=[32m"confirmPassword"[31m
                [33mplaceholder[31m=[32m"╪ú╪╣╪» ╪Ñ╪»╪«╪º┘ä ┘â┘ä┘à╪⌐ ╪º┘ä┘à╪▒┘ê╪▒"[31m
                [33mtype[31m=[32m"password"[31m
              [36m/>[31m
            [36m</div>[31m
          [36m</div>[31m
          [36m<button[31m
            [33mclass[31m=[32m"btn-primary btn-lg w-full group"[31m
            [33mtype[31m=[32m"submit"[31m
          [36m>[31m
            [36m<span>[31m
              [0m╪Ñ┘å╪┤╪º╪í ╪¡╪│╪º╪¿[0m
            [36m</span>[31m
            [36m<svg[31m
              [33maria-hidden[31m=[32m"true"[31m
              [33mclass[31m=[32m"lucide lucide-arrow-left w-5 h-5 group-hover:translate-x-1 transition-transform"[31m
              [33mfill[31m=[32m"none"[31m
              [33mheight[31m=[32m"24"[31m
              [33mstroke[31m=[32m"currentColor"[31m
              [33mstroke-linecap[31m=[32m"round"[31m
              [33mstroke-linejoin[31m=[32m"round"[31m
              [33mstroke-width[31m=[32m"2"[31m
              [33mviewBox[31m=[32m"0 0 24 24"[31m
              [33mwidth[31m=[32m"24"[31m
              [33mxmlns[31m=[32m"http://www.w3.org/2000/svg"[31m
            [36m>[31m
              [36m<path[31m
                [33md[31m=[32m"m12 19-7-7 7-7"[31m
              [36m/>[31m
              [36m<path[31m
                [33md[31m=[32m"M19 12H5"[31m
              [36m/>[31m
            [36m</svg>[31m
          [36m</button>[31m
          [36m<p[31m
            [33mclass[31m=[32m"text-center text-muted"[31m
          [36m>[31m
            [0m┘ä╪»┘è┘â ╪¡╪│╪º╪¿ ╪¿╪º┘ä┘ü╪╣┘ä╪ƒ[0m
            [0m [0m
            [36m<button[31m
              [33mclass[31m=[32m"text-primary-600 dark:text-primary-400 font-semibold hover:underline"[31m
              [33mtype[31m=[32m"button"[31m
            [36m>[31m
              [0m╪¬╪│╪¼┘è┘ä ╪º┘ä╪»╪«┘ê┘ä[0m
            [36m</button>[31m
          [36m</p>[31m
        [36m</form>[31m
      [36m</div>[31m
    [36m</div>[31m
  [36m</body>[31m
[36m</html>[31m[39m
npx : 
Au caractère Ligne:1 
: 1
+ npx vitest run 2>&1 
| Out-File -FilePath 
test-output.txt 
-Encoding ut ...
+ ~~~~~~~~~~~~~~~~~~~
    + CategoryInfo    
          : NotSpeci  
  fied: (:String) [   
 ], RemoteExceptio    
n
    + FullyQualifiedE 
   rrorId : NativeCo  
  mmandError
 
[31mΓÄ»ΓÄ»ΓÄ»ΓÄ»ΓÄ»ΓÄ
»[39m[1m[41m 
Failed Tests 13 [49m
[22m[31mΓÄ»ΓÄ»ΓÄ»ΓÄ»Γ
Ä»ΓÄ»ΓÄ»[39m

[41m[1m FAIL 
[22m[49m src/compone
nts/auth/__tests__/Log
inForm.test.tsx[2m > 
[22mLoginForm[2m > 
[22mRendering[2m > 
[22mshould render 
the login form 
correctly
[31m[1mTestingLibrar
yElementError[22m[39
m: Unable to find an 
element with the 
placeholder text of: 
/example@email.com/i

Ignored nodes: 
comments, script, 
style
[36m<body>[39m
  [36m<div>[39m
    [36m<div[39m
      [33mclass[39m=
[32m"w-full max-w-md 
mx-auto"[39m
    [36m>[39m
      [36m<form[39m
        [33mclass[39
m=[32m"space-y-6"[39
m
      [36m>[39m
        [36m<div[39m
          [33mclass[
39m=[32m"text-center 
mb-8"[39m
        [36m>[39m
          
[36m<div[39m
            [33mclass
[39m=[32m"relative 
inline-block"[39m
          [36m>[39m
            
[36m<div[39m
              [33mcla
ss[39m=[32m"w-20 
h-20 rounded-2xl 
gradient-primary flex 
items-center 
justify-center 
mx-auto mb-5 
shadow-lg shadow-prima
ry-600/30"[39m
            
[36m>[39m
              
[36m<svg[39m
                [33ma
ria-hidden[39m=[32m"
true"[39m
                [33mc
lass[39m=[32m"lucide
 lucide-mail w-10 
h-10 text-white"[39m
                [33mf
ill[39m=[32m"none"[
39m
                [33mh
eight[39m=[32m"24"[
39m
                [33ms
troke[39m=[32m"curre
ntColor"[39m
                [33ms
troke-linecap[39m=[3
2m"round"[39m
                [33ms
troke-linejoin[39m=[
32m"round"[39m
                [33ms
troke-width[39m=[32m
"2"[39m
                [33mv
iewBox[39m=[32m"0 0 
24 24"[39m
                [33mw
idth[39m=[32m"24"[3
9m
                [33mx
mlns[39m=[32m"http:/
/www.w3.org/2000/svg"
[39m
              
[36m>[39m
                
[36m<path[39m
                  
[33md[39m=[32m"m22 
7-8.991 5.727a2 2 0 0 
1-2.009 0L2 7"[39m
                
[36m/>[39m
                
[36m<rect[39m
                  [33
mheight[39m=[32m"16"
[39m
                  [33
mrx[39m=[32m"2"[39m
                  [33
mwidth[39m=[32m"20"
[39m
                  [33
mx[39m=[32m"2"[39m
                  [33
my[39m=[32m"4"[39m
                
[36m/>[39m
              
[36m</svg>[39m
            
[36m</div>[39m
            
[36m<div[39m
              [33mcla
ss[39m=[32m"absolute
 -top-1 -end-1 w-8 
h-8 rounded-xl 
bg-gradient-to-r 
from-accent-400 
to-accent-600 flex 
items-center 
justify-center 
shadow-lg"[39m
            
[36m>[39m
              
[36m<svg[39m
                [33ma
ria-hidden[39m=[32m"
true"[39m
                [33mc
lass[39m=[32m"lucide
 lucide-sparkles w-4 
h-4 text-white"[39m
                [33mf
ill[39m=[32m"none"[
39m
                [33mh
eight[39m=[32m"24"[
39m
                [33ms
troke[39m=[32m"curre
ntColor"[39m
                [33ms
troke-linecap[39m=[3
2m"round"[39m
                [33ms
troke-linejoin[39m=[
32m"round"[39m
                [33ms
troke-width[39m=[32m
"2"[39m
                [33mv
iewBox[39m=[32m"0 0 
24 24"[39m
                [33mw
idth[39m=[32m"24"[3
9m
                [33mx
mlns[39m=[32m"http:/
/www.w3.org/2000/svg"
[39m
              
[36m>[39m
                
[36m<path[39m
                  [33
md[39m=[32m"M11.017 
2.814a1 1 0 0 1 1.966 
0l1.051 5.558a2 2 0 0 
0 1.594 1.594l5.558 
1.051a1 1 0 0 1 0 
1.966l-5.558 1.051a2 
2 0 0 0-1.594 
1.594l-1.051 5.558a1 
1 0 0 1-1.966 
0l-1.051-5.558a2 2 0 
0 0-1.594-1.594l-5.558
-1.051a1 1 0 0 1 
0-1.966l5.558-1.051a2 
2 0 0 0 
1.594-1.594z"[39m
                
[36m/>[39m
                
[36m<path[39m
                  
[33md[39m=[32m"M20 
2v4"[39m
                
[36m/>[39m
                
[36m<path[39m
                  
[33md[39m=[32m"M22 
4h-4"[39m
                
[36m/>[39m
                
[36m<circle[39m
                  [33
mcx[39m=[32m"4"[39m
                  [33
mcy[39m=[32m"20"[39
m
                  [33
mr[39m=[32m"2"[39m
                
[36m/>[39m
              
[36m</svg>[39m
            
[36m</div>[39m
          
[36m</div>[39m
          
[36m<h2[39m
            [33mclass
[39m=[32m"text-2xl 
font-bold mb-2"[39m
          [36m>[39m
            
[0m╪¬╪│╪¼┘è┘ä 
╪º┘ä╪»╪«┘ê┘ä[0m
          
[36m</h2>[39m
          [36m<p[39m
            [33mclass
[39m=[32m"text-muted
"[39m
          [36m>[39m
            
[0m╪ú╪»╪«┘ä 
╪¿╪▒┘è╪»┘â 
╪º┘ä╪Ñ┘ä┘â╪¬╪▒┘ê┘å┘è 
┘ê┘â┘ä┘à╪⌐ 
╪º┘ä┘à╪▒┘ê╪▒[0m
          
[36m</p>[39m
        
[36m</div>[39m
        [36m<div[39m
          [33mclass[
39m=[32m"space-y-5"[
39m
        [36m>[39m
          
[36m<div[39m
            [33mclass
[39m=[32m"relative"
[39m
          [36m>[39m
            
[36m<label[39m
              [33mcla
ss[39m=[32m"label 
flex items-center 
gap-2"[39m
            
[36m>[39m
              
[36m<svg[39m
                [33ma
ria-hidden[39m=[32m"
true"[39m
                [33mc
lass[39m=[32m"lucide
 lucide-mail w-4 h-4 
text-primary-500"[39m
                [33mf
ill[39m=[32m"none"[
39m
                [33mh
eight[39m=[32m"24"[
39m
                [33ms
troke[39m=[32m"curre
ntColor"[39m
                [33ms
troke-linecap[39m=[3
2m"round"[39m
                [33ms
troke-linejoin[39m=[
32m"round"[39m
                [33ms
troke-width[39m=[32m
"2"[39m
                [33mv
iewBox[39m=[32m"0 0 
24 24"[39m
                [33mw
idth[39m=[32m"24"[3
9m
                [33mx
mlns[39m=[32m"http:/
/www.w3.org/2000/svg"
[39m
              
[36m>[39m
                
[36m<path[39m
                  
[33md[39m=[32m"m22 
7-8.991 5.727a2 2 0 0 
1-2.009 0L2 7"[39m
                
[36m/>[39m
                
[36m<rect[39m
                  [33
mheight[39m=[32m"16"
[39m
                  [33
mrx[39m=[32m"2"[39m
                  [33
mwidth[39m=[32m"20"
[39m
                  [33
mx[39m=[32m"2"[39m
                  [33
my[39m=[32m"4"[39m
                
[36m/>[39m
              
[36m</svg>[39m
              
[0m╪º┘ä╪¿╪▒┘è╪» ╪º┘ä╪
Ñ┘ä┘â╪¬╪▒┘ê┘å┘è[0m
            
[36m</label>[39m
            
[36m<input[39m
              [33mcla
ss[39m=[32m"input"[
39m
              [33mdir
[39m=[32m"ltr"[39m
              [33mnam
e[39m=[32m"email"[3
9m
              [33mpla
ceholder[39m=[32m"╪ú
╪»╪«┘ä ╪¿╪▒┘è╪»┘â ╪º┘ä
╪Ñ┘ä┘â╪¬╪▒┘ê┘å┘è"[39m
              [33mtyp
e[39m=[32m"email"[3
9m
            
[36m/>[39m
          
[36m</div>[39m
          
[36m<div[39m
            [33mclass
[39m=[32m"relative"
[39m
          [36m>[39m
            
[36m<label[39m
              [33mcla
ss[39m=[32m"label 
flex items-center 
gap-2"[39m
            
[36m>[39m
              
[36m<svg[39m
                [33ma
ria-hidden[39m=[32m"
true"[39m
                [33mc
lass[39m=[32m"lucide
 lucide-lock w-4 h-4 
text-primary-500"[39m
                [33mf
ill[39m=[32m"none"[
39m
                [33mh
eight[39m=[32m"24"[
39m
                [33ms
troke[39m=[32m"curre
ntColor"[39m
                [33ms
troke-linecap[39m=[3
2m"round"[39m
                [33ms
troke-linejoin[39m=[
32m"round"[39m
                [33ms
troke-width[39m=[32m
"2"[39m
                [33mv
iewBox[39m=[32m"0 0 
24 24"[39m
                [33mw
idth[39m=[32m"24"[3
9m
                [33mx
mlns[39m=[32m"http:/
/www.w3.org/2000/svg"
[39m
              
[36m>[39m
                
[36m<rect[39m
                  [33
mheight[39m=[32m"11"
[39m
                  [33
mrx[39m=[32m"2"[39m
                  [33
mry[39m=[32m"2"[39m
                  [33
mwidth[39m=[32m"18"
[39m
                  [33
mx[39m=[32m"3"[39m
                  [33
my[39m=[32m"11"[39m
                
[36m/>[39m
                
[36m<path[39m
                  
[33md[39m=[32m"M7 
11V7a5 5 0 0 1 10 
0v4"[39m
                
[36m/>[39m
              
[36m</svg>[39m
              
[0m┘â┘ä┘à╪⌐ 
╪º┘ä┘à╪▒┘ê╪▒[0m
            
[36m</label>[39m
            
[36m<div[39m
              [33mcla
ss[39m=[32m"relative
"[39m
            
[36m>[39m
              
[36m<input[39m
                [33mc
lass[39m=[32m"input 
pe-12"[39m
                [33md
ir[39m=[32m"ltr"[39
m
                [33mn
ame[39m=[32m"passwor
d"[39m
                [33mp
laceholder[39m=[32m"
╪ú╪»╪«┘ä ┘â┘ä┘à╪⌐ 
╪º┘ä┘à╪▒┘ê╪▒"[39m
                [33mt
ype[39m=[32m"passwor
d"[39m
              
[36m/>[39m
              
[36m<button[39m
                [33mc
lass[39m=[32m"absolu
te end-3 top-1/2 
-translate-y-1/2 w-8 
h-8 rounded-lg flex 
items-center 
justify-center 
text-dark-400 
hover:text-dark-600 da
rk:hover:text-dark-300
 hover:bg-dark-100 dar
k:hover:bg-dark-700 tr
ansition-colors"[39m
                [33mt
ype[39m=[32m"button"
[39m
              
[36m>[39m
                
[36m<svg[39m
                  [33
maria-hidden[39m=[32
m"true"[39m
                  [33
mclass[39m=[32m"luci
de lucide-eye w-5 
h-5"[39m
                  [33
mfill[39m=[32m"none"
[39m
                  [33
mheight[39m=[32m"24"
[39m
                  [33
mstroke[39m=[32m"cur
rentColor"[39m
                  [33
mstroke-linecap[39m=
[32m"round"[39m
                  [33
mstroke-linejoin[39m=
[32m"round"[39m
                  [33
mstroke-width[39m=[3
2m"2"[39m
                  [33
mviewBox[39m=[32m"0 
0 24 24"[39m
                  [33
mwidth[39m=[32m"24"
[39m
                  [33
mxmlns[39m=[32m"http
://www.w3.org/2000/svg
"[39m
                
[36m>[39m
                  
[36m<path[39m
                    [
33md[39m=[32m"M2.062
 12.348a1 1 0 0 1 
0-.696 10.75 10.75 0 
0 1 19.876 0 1 1 0 0 
1 0 .696 10.75 10.75 
0 0 1-19.876 0"[39m
                  
[36m/>[39m
                  
[36m<circle[39m
                    [
33mcx[39m=[32m"12"[
39m
                    [
33mcy[39m=[32m"12"[
39m
                    [
33mr[39m=[32m"3"[39
m
                  
[36m/>[39m
                
[36m</svg>[39m
              
[36m</button>[39m
            
[36m</div>[39m
          
[36m</div>[39m
        
[36m</div>[39m
        
[36m<button[39m
          [33mclass[
39m=[32m"btn-primary 
btn-lg w-full 
group"[39m
          [33mtype[3
9m=[32m"submit"[39m
        [36m>[39m
          
[36m<span>[39m
            
[0m╪¬╪│╪¼┘è┘ä 
╪º┘ä╪»╪«┘ê┘ä[0m
          
[36m</span>[39m
          
[36m<svg[39m
            [33maria-
hidden[39m=[32m"true
"[39m
            [33mclass
[39m=[32m"lucide 
lucide-arrow-left w-5 
h-5 group-hover:transl
ate-x-1 transition-tra
nsform"[39m
            [33mfill
[39m=[32m"none"[39m
            [33mheigh
t[39m=[32m"24"[39m
            [33mstrok
e[39m=[32m"currentCo
lor"[39m
            [33mstrok
e-linecap[39m=[32m"r
ound"[39m
            [33mstrok
e-linejoin[39m=[32m"
round"[39m
            [33mstrok
e-width[39m=[32m"2"
[39m
            [33mviewB
ox[39m=[32m"0 0 24 
24"[39m
            [33mwidth
[39m=[32m"24"[39m
            [33mxmlns
[39m=[32m"http://www
.w3.org/2000/svg"[39m
          [36m>[39m
            
[36m<path[39m
              
[33md[39m=[32m"m12 
19-7-7 7-7"[39m
            
[36m/>[39m
            
[36m<path[39m
              
[33md[39m=[32m"M19 
12H5"[39m
            
[36m/>[39m
          
[36m</svg>[39m
        
[36m</button>[39m
      
[36m</form>[39m
    [36m</div>[39m
  [36m</div>[39m
[36m</body>[39m

Ignored nodes: 
comments, script, 
style
[36m<html[39m
  [33mdir[39m=[32m"
rtl"[39m
  [33mlang[39m=[32m
"ar"[39m
[36m>[39m
  [36m<head />[39m
  [36m<body>[39m
    [36m<div>[39m
      [36m<div[39m
        [33mclass[39
m=[32m"w-full 
max-w-md mx-auto"[39m
      [36m>[39m
        
[36m<form[39m
          [33mclass[
39m=[32m"space-y-6"[
39m
        [36m>[39m
          
[36m<div[39m
            [33mclass
[39m=[32m"text-cente
r mb-8"[39m
          [36m>[39m
            
[36m<div[39m
              [33mcla
ss[39m=[32m"relative
 inline-block"[39m
            
[36m>[39m
              
[36m<div[39m
                [33mc
lass[39m=[32m"w-20 
h-20 rounded-2xl 
gradient-primary flex 
items-center 
justify-center 
mx-auto mb-5 
shadow-lg shadow-prima
ry-600/30"[39m
              
[36m>[39m
                
[36m<svg[39m
                  [33
maria-hidden[39m=[32
m"true"[39m
                  [33
mclass[39m=[32m"luci
de lucide-mail w-10 
h-10 text-white"[39m
                  [33
mfill[39m=[32m"none"
[39m
                  [33
mheight[39m=[32m"24"
[39m
                  [33
mstroke[39m=[32m"cur
rentColor"[39m
                  [33
mstroke-linecap[39m=
[32m"round"[39m
                  [33
mstroke-linejoin[39m=
[32m"round"[39m
                  [33
mstroke-width[39m=[3
2m"2"[39m
                  [33
mviewBox[39m=[32m"0 
0 24 24"[39m
                  [33
mwidth[39m=[32m"24"
[39m
                  [33
mxmlns[39m=[32m"http
://www.w3.org/2000/svg
"[39m
                
[36m>[39m
                  
[36m<path[39m
                    
[33md[39m=[32m"m22 
7-8.991 5.727a2 2 0 0 
1-2.009 0L2 7"[39m
                  
[36m/>[39m
                  
[36m<rect[39m
                    [
33mheight[39m=[32m"1
6"[39m
                    [
33mrx[39m=[32m"2"[3
9m
                    [
33mwidth[39m=[32m"20
"[39m
                    [
33mx[39m=[32m"2"[39
m
                    [
33my[39m=[32m"4"[39
m
                  
[36m/>[39m
                
[36m</svg>[39m
              
[36m</div>[39m
              
[36m<div[39m
                [33mc
lass[39m=[32m"absolu
te -top-1 -end-1 w-8 
h-8 rounded-xl 
bg-gradient-to-r 
from-accent-400 
to-accent-600 flex 
items-center 
justify-center 
shadow-lg"[39m
              
[36m>[39m
                
[36m<svg[39m
                  [33
maria-hidden[39m=[32
m"true"[39m
                  [33
mclass[39m=[32m"luci
de lucide-sparkles 
w-4 h-4 
text-white"[39m
                  [33
mfill[39m=[32m"none"
[39m
                  [33
mheight[39m=[32m"24"
[39m
                  [33
mstroke[39m=[32m"cur
rentColor"[39m
                  [33
mstroke-linecap[39m=
[32m"round"[39m
                  [33
mstroke-linejoin[39m=
[32m"round"[39m
                  [33
mstroke-width[39m=[3
2m"2"[39m
                  [33
mviewBox[39m=[32m"0 
0 24 24"[39m
                  [33
mwidth[39m=[32m"24"
[39m
                  [33
mxmlns[39m=[32m"http
://www.w3.org/2000/svg
"[39m
                
[36m>[39m
                  
[36m<path[39m
                    [
33md[39m=[32m"M11.01
7 2.814a1 1 0 0 1 
1.966 0l1.051 5.558a2 
2 0 0 0 1.594 
1.594l5.558 1.051a1 1 
0 0 1 0 1.966l-5.558 
1.051a2 2 0 0 0-1.594 
1.594l-1.051 5.558a1 
1 0 0 1-1.966 
0l-1.051-5.558a2 2 0 
0 0-1.594-1.594l-5.558
-1.051a1 1 0 0 1 
0-1.966l5.558-1.051a2 
2 0 0 0 
1.594-1.594z"[39m
                  
[36m/>[39m
                  
[36m<path[39m
                    
[33md[39m=[32m"M20 
2v4"[39m
                  
[36m/>[39m
                  
[36m<path[39m
                    
[33md[39m=[32m"M22 
4h-4"[39m
                  
[36m/>[39m
                  
[36m<circle[39m
                    [
33mcx[39m=[32m"4"[3
9m
                    [
33mcy[39m=[32m"20"[
39m
                    [
33mr[39m=[32m"2"[39
m
                  
[36m/>[39m
                
[36m</svg>[39m
              
[36m</div>[39m
            
[36m</div>[39m
            
[36m<h2[39m
              [33mcla
ss[39m=[32m"text-2xl
 font-bold mb-2"[39m
            
[36m>[39m
              
[0m╪¬╪│╪¼┘è┘ä 
╪º┘ä╪»╪«┘ê┘ä[0m
            
[36m</h2>[39m
            
[36m<p[39m
              [33mcla
ss[39m=[32m"text-mut
ed"[39m
            
[36m>[39m
              
[0m╪ú╪»╪«┘ä 
╪¿╪▒┘è╪»┘â 
╪º┘ä╪Ñ┘ä┘â╪¬╪▒┘ê┘å┘è 
┘ê┘â┘ä┘à╪⌐ 
╪º┘ä┘à╪▒┘ê╪▒[0m
            
[36m</p>[39m
          
[36m</div>[39m
          
[36m<div[39m
            [33mclass
[39m=[32m"space-y-5"
[39m
          [36m>[39m
            
[36m<div[39m
              [33mcla
ss[39m=[32m"relative
"[39m
            
[36m>[39m
              
[36m<label[39m
                [33mc
lass[39m=[32m"label 
flex items-center 
gap-2"[39m
              
[36m>[39m
                
[36m<svg[39m
                  [33
maria-hidden[39m=[32
m"true"[39m
                  [33
mclass[39m=[32m"luci
de lucide-mail w-4 
h-4 
text-primary-500"[39m
                  [33
mfill[39m=[32m"none"
[39m
                  [33
mheight[39m=[32m"24"
[39m
                  [33
mstroke[39m=[32m"cur
rentColor"[39m
                  [33
mstroke-linecap[39m=
[32m"round"[39m
                  [33
mstroke-linejoin[39m=
[32m"round"[39m
                  [33
mstroke-width[39m=[3
2m"2"[39m
                  [33
mviewBox[39m=[32m"0 
0 24 24"[39m
                  [33
mwidth[39m=[32m"24"
[39m
                  [33
mxmlns[39m=[32m"http
://www.w3.org/2000/svg
"[39m
                
[36m>[39m
                  
[36m<path[39m
                    
[33md[39m=[32m"m22 
7-8.991 5.727a2 2 0 0 
1-2.009 0L2 7"[39m
                  
[36m/>[39m
                  
[36m<rect[39m
                    [
33mheight[39m=[32m"1
6"[39m
                    [
33mrx[39m=[32m"2"[3
9m
                    [
33mwidth[39m=[32m"20
"[39m
                    [
33mx[39m=[32m"2"[39
m
                    [
33my[39m=[32m"4"[39
m
                  
[36m/>[39m
                
[36m</svg>[39m
                
[0m╪º┘ä╪¿╪▒┘è╪» ╪º┘ä╪
Ñ┘ä┘â╪¬╪▒┘ê┘å┘è[0m
              
[36m</label>[39m
              
[36m<input[39m
                [33mc
lass[39m=[32m"input"
[39m
                [33md
ir[39m=[32m"ltr"[39
m
                [33mn
ame[39m=[32m"email"
[39m
                [33mp
laceholder[39m=[32m"
╪ú╪»╪«┘ä ╪¿╪▒┘è╪»┘â ╪º
┘ä╪Ñ┘ä┘â╪¬╪▒┘ê┘å┘è"[3
9m
                [33mt
ype[39m=[32m"email"
[39m
              
[36m/>[39m
            
[36m</div>[39m
            
[36m<div[39m
              [33mcla
ss[39m=[32m"relative
"[39m
            
[36m>[39m
              
[36m<label[39m
                [33mc
lass[39m=[32m"label 
flex items-center 
gap-2"[39m
              
[36m>[39m
                
[36m<svg[39m
                  [33
maria-hidden[39m=[32
m"true"[39m
                  [33
mclass[39m=[32m"luci
de lucide-lock w-4 
h-4 
text-primary-500"[39m
                  [33
mfill[39m=[32m"none"
[39m
                  [33
mheight[39m=[32m"24"
[39m
                  [33
mstroke[39m=[32m"cur
rentColor"[39m
                  [33
mstroke-linecap[39m=
[32m"round"[39m
                  [33
mstroke-linejoin[39m=
[32m"round"[39m
                  [33
mstroke-width[39m=[3
2m"2"[39m
                  [33
mviewBox[39m=[32m"0 
0 24 24"[39m
                  [33
mwidth[39m=[32m"24"
[39m
                  [33
mxmlns[39m=[32m"http
://www.w3.org/2000/svg
"[39m
                
[36m>[39m
                  
[36m<rect[39m
                    [
33mheight[39m=[32m"1
1"[39m
                    [
33mrx[39m=[32m"2"[3
9m
                    [
33mry[39m=[32m"2"[3
9m
                    [
33mwidth[39m=[32m"18
"[39m
                    [
33mx[39m=[32m"3"[39
m
                    [
33my[39m=[32m"11"[3
9m
                  
[36m/>[39m
                  
[36m<path[39m
                    
[33md[39m=[32m"M7 
11V7a5 5 0 0 1 10 
0v4"[39m
                  
[36m/>[39m
                
[36m</svg>[39m
                
[0m┘â┘ä┘à╪⌐ 
╪º┘ä┘à╪▒┘ê╪▒[0m
              
[36m</label>[39m
              
[36m<div[39m
                [33mc
lass[39m=[32m"relati
ve"[39m
              
[36m>[39m
                
[36m<input[39m
                  [33
mclass[39m=[32m"inpu
t pe-12"[39m
                  [33
mdir[39m=[32m"ltr"[
39m
                  [33
mname[39m=[32m"passw
ord"[39m
                  [33
mplaceholder[39m=[32
m"╪ú╪»╪«┘ä ┘â┘ä┘à╪⌐ 
╪º┘ä┘à╪▒┘ê╪▒"[39m
                  [33
mtype[39m=[32m"passw
ord"[39m
                
[36m/>[39m
                
[36m<button[39m
                  [33
mclass[39m=[32m"abso
lute end-3 top-1/2 
-translate-y-1/2 w-8 
h-8 rounded-lg flex 
items-center 
justify-center 
text-dark-400 
hover:text-dark-600 da
rk:hover:text-dark-300
 hover:bg-dark-100 dar
k:hover:bg-dark-700 tr
ansition-colors"[39m
                  [33
mtype[39m=[32m"butto
n"[39m
                
[36m>[39m
                  
[36m<svg[39m
                    [
33maria-hidden[39m=[
32m"true"[39m
                    [
33mclass[39m=[32m"lu
cide lucide-eye w-5 
h-5"[39m
                    [
33mfill[39m=[32m"non
e"[39m
                    [
33mheight[39m=[32m"2
4"[39m
                    [
33mstroke[39m=[32m"c
urrentColor"[39m
                    [
33mstroke-linecap[39m
=[32m"round"[39m
                    [
33mstroke-linejoin[39
m=[32m"round"[39m
                    [
33mstroke-width[39m=
[32m"2"[39m
                    [
33mviewBox[39m=[32m"
0 0 24 24"[39m
                    [
33mwidth[39m=[32m"24
"[39m
                    [
33mxmlns[39m=[32m"ht
tp://www.w3.org/2000/s
vg"[39m
                  
[36m>[39m
                    
[36m<path[39m
                      
[33md[39m=[32m"M2.0
62 12.348a1 1 0 0 1 
0-.696 10.75 10.75 0 
0 1 19.876 0 1 1 0 0 
1 0 .696 10.75 10.75 
0 0 1-19.876 0"[39m
                    
[36m/>[39m
                    
[36m<circle[39m
                      
[33mcx[39m=[32m"12"
[39m
                      
[33mcy[39m=[32m"12"
[39m
                      
[33mr[39m=[32m"3"[
39m
                    
[36m/>[39m
                  
[36m</svg>[39m
                
[36m</button>[39m
              
[36m</div>[39m
            
[36m</div>[39m
          
[36m</div>[39m
          
[36m<button[39m
            [33mclass
[39m=[32m"btn-primar
y btn-lg w-full 
group"[39m
            [33mtype
[39m=[32m"submit"[39
m
          [36m>[39m
            
[36m<span>[39m
              
[0m╪¬╪│╪¼┘è┘ä 
╪º┘ä╪»╪«┘ê┘ä[0m
            
[36m</span>[39m
            
[36m<svg[39m
              [33mari
a-hidden[39m=[32m"tr
ue"[39m
              [33mcla
ss[39m=[32m"lucide 
lucide-arrow-left w-5 
h-5 group-hover:transl
ate-x-1 transition-tra
nsform"[39m
              [33mfil
l[39m=[32m"none"[39
m
              [33mhei
ght[39m=[32m"24"[39
m
              [33mstr
oke[39m=[32m"current
Color"[39m
              [33mstr
oke-linecap[39m=[32m
"round"[39m
              [33mstr
oke-linejoin[39m=[32
m"round"[39m
              [33mstr
oke-width[39m=[32m"2
"[39m
              [33mvie
wBox[39m=[32m"0 0 
24 24"[39m
              [33mwid
th[39m=[32m"24"[39m
              [33mxml
ns[39m=[32m"http://w
ww.w3.org/2000/svg"[3
9m
            
[36m>[39m
              
[36m<path[39m
                
[33md[39m=[32m"m12 
19-7-7 7-7"[39m
              
[36m/>[39m
              
[36m<path[39m
                
[33md[39m=[32m"M19 
12H5"[39m
              
[36m/>[39m
            
[36m</svg>[39m
          
[36m</button>[39m
        
[36m</form>[39m
      [36m</div>[39m
    [36m</div>[39m
  [36m</body>[39m
[36m</html>[39m
[90m [2mΓ¥»[22m 
Proxy.waitForWrapper n
ode_modules/@testing-l
ibrary/dom/dist/wait-f
or.js:[2m163:27[22m
[39m
[36m [2mΓ¥»[22m src
/components/auth/__tes
ts__/LoginForm.test.ts
x:[2m71:19[22m[39m
    [90m 69| [39m
    [90m 70| [39m   
         [90m// Wait 
for auth to 
initialize[39m
    [90m 71| [39m   
         
[35mawait[39m 
[34mwaitFor[39m(() 
[33m=>[39m {
    [90m   | [39m   
               
[31m^[39m
    [90m 72| [39m   
             expect(sc
reen.getByPlaceholderT
ext(/example@email.com
/ΓÇª
    [90m 73| [39m   
         })[33m;[39m

[31m[2mΓÄ»ΓÄ»ΓÄ»ΓÄ»Γ
Ä»ΓÄ»ΓÄ»ΓÄ»ΓÄ»ΓÄ»ΓÄ»ΓÄ
»ΓÄ»ΓÄ»ΓÄ»ΓÄ»ΓÄ»ΓÄ»ΓÄ»
ΓÄ»ΓÄ»ΓÄ»ΓÄ»[1/13]ΓÄ»
[22m[39m

[41m[1m FAIL 
[22m[49m src/compone
nts/auth/__tests__/Log
inForm.test.tsx[2m > 
[22mLoginForm[2m > 
[22mValidation[2m > 
[22mshould show 
error for invalid 
email
[31m[1mTestingLibrar
yElementError[22m[39
m: Unable to find an 
element with the 
placeholder text of: 
/example@email.com/i

Ignored nodes: 
comments, script, 
style
[36m<body>[39m
  [36m<div>[39m
    [36m<div[39m
      [33mclass[39m=
[32m"w-full max-w-md 
mx-auto"[39m
    [36m>[39m
      [36m<form[39m
        [33mclass[39
m=[32m"space-y-6"[39
m
      [36m>[39m
        [36m<div[39m
          [33mclass[
39m=[32m"text-center 
mb-8"[39m
        [36m>[39m
          
[36m<div[39m
            [33mclass
[39m=[32m"relative 
inline-block"[39m
          [36m>[39m
            
[36m<div[39m
              [33mcla
ss[39m=[32m"w-20 
h-20 rounded-2xl 
gradient-primary flex 
items-center 
justify-center 
mx-auto mb-5 
shadow-lg shadow-prima
ry-600/30"[39m
            
[36m>[39m
              
[36m<svg[39m
                [33ma
ria-hidden[39m=[32m"
true"[39m
                [33mc
lass[39m=[32m"lucide
 lucide-mail w-10 
h-10 text-white"[39m
                [33mf
ill[39m=[32m"none"[
39m
                [33mh
eight[39m=[32m"24"[
39m
                [33ms
troke[39m=[32m"curre
ntColor"[39m
                [33ms
troke-linecap[39m=[3
2m"round"[39m
                [33ms
troke-linejoin[39m=[
32m"round"[39m
                [33ms
troke-width[39m=[32m
"2"[39m
                [33mv
iewBox[39m=[32m"0 0 
24 24"[39m
                [33mw
idth[39m=[32m"24"[3
9m
                [33mx
mlns[39m=[32m"http:/
/www.w3.org/2000/svg"
[39m
              
[36m>[39m
                
[36m<path[39m
                  
[33md[39m=[32m"m22 
7-8.991 5.727a2 2 0 0 
1-2.009 0L2 7"[39m
                
[36m/>[39m
                
[36m<rect[39m
                  [33
mheight[39m=[32m"16"
[39m
                  [33
mrx[39m=[32m"2"[39m
                  [33
mwidth[39m=[32m"20"
[39m
                  [33
mx[39m=[32m"2"[39m
                  [33
my[39m=[32m"4"[39m
                
[36m/>[39m
              
[36m</svg>[39m
            
[36m</div>[39m
            
[36m<div[39m
              [33mcla
ss[39m=[32m"absolute
 -top-1 -end-1 w-8 
h-8 rounded-xl 
bg-gradient-to-r 
from-accent-400 
to-accent-600 flex 
items-center 
justify-center 
shadow-lg"[39m
            
[36m>[39m
              
[36m<svg[39m
                [33ma
ria-hidden[39m=[32m"
true"[39m
                [33mc
lass[39m=[32m"lucide
 lucide-sparkles w-4 
h-4 text-white"[39m
                [33mf
ill[39m=[32m"none"[
39m
                [33mh
eight[39m=[32m"24"[
39m
                [33ms
troke[39m=[32m"curre
ntColor"[39m
                [33ms
troke-linecap[39m=[3
2m"round"[39m
                [33ms
troke-linejoin[39m=[
32m"round"[39m
                [33ms
troke-width[39m=[32m
"2"[39m
                [33mv
iewBox[39m=[32m"0 0 
24 24"[39m
                [33mw
idth[39m=[32m"24"[3
9m
                [33mx
mlns[39m=[32m"http:/
/www.w3.org/2000/svg"
[39m
              
[36m>[39m
                
[36m<path[39m
                  [33
md[39m=[32m"M11.017 
2.814a1 1 0 0 1 1.966 
0l1.051 5.558a2 2 0 0 
0 1.594 1.594l5.558 
1.051a1 1 0 0 1 0 
1.966l-5.558 1.051a2 
2 0 0 0-1.594 
1.594l-1.051 5.558a1 
1 0 0 1-1.966 
0l-1.051-5.558a2 2 0 
0 0-1.594-1.594l-5.558
-1.051a1 1 0 0 1 
0-1.966l5.558-1.051a2 
2 0 0 0 
1.594-1.594z"[39m
                
[36m/>[39m
                
[36m<path[39m
                  
[33md[39m=[32m"M20 
2v4"[39m
                
[36m/>[39m
                
[36m<path[39m
                  
[33md[39m=[32m"M22 
4h-4"[39m
                
[36m/>[39m
                
[36m<circle[39m
                  [33
mcx[39m=[32m"4"[39m
                  [33
mcy[39m=[32m"20"[39
m
                  [33
mr[39m=[32m"2"[39m
                
[36m/>[39m
              
[36m</svg>[39m
            
[36m</div>[39m
          
[36m</div>[39m
          
[36m<h2[39m
            [33mclass
[39m=[32m"text-2xl 
font-bold mb-2"[39m
          [36m>[39m
            
[0m╪¬╪│╪¼┘è┘ä 
╪º┘ä╪»╪«┘ê┘ä[0m
          
[36m</h2>[39m
          [36m<p[39m
            [33mclass
[39m=[32m"text-muted
"[39m
          [36m>[39m
            
[0m╪ú╪»╪«┘ä 
╪¿╪▒┘è╪»┘â 
╪º┘ä╪Ñ┘ä┘â╪¬╪▒┘ê┘å┘è 
┘ê┘â┘ä┘à╪⌐ 
╪º┘ä┘à╪▒┘ê╪▒[0m
          
[36m</p>[39m
        
[36m</div>[39m
        [36m<div[39m
          [33mclass[
39m=[32m"space-y-5"[
39m
        [36m>[39m
          
[36m<div[39m
            [33mclass
[39m=[32m"relative"
[39m
          [36m>[39m
            
[36m<label[39m
              [33mcla
ss[39m=[32m"label 
flex items-center 
gap-2"[39m
            
[36m>[39m
              
[36m<svg[39m
                [33ma
ria-hidden[39m=[32m"
true"[39m
                [33mc
lass[39m=[32m"lucide
 lucide-mail w-4 h-4 
text-primary-500"[39m
                [33mf
ill[39m=[32m"none"[
39m
                [33mh
eight[39m=[32m"24"[
39m
                [33ms
troke[39m=[32m"curre
ntColor"[39m
                [33ms
troke-linecap[39m=[3
2m"round"[39m
                [33ms
troke-linejoin[39m=[
32m"round"[39m
                [33ms
troke-width[39m=[32m
"2"[39m
                [33mv
iewBox[39m=[32m"0 0 
24 24"[39m
                [33mw
idth[39m=[32m"24"[3
9m
                [33mx
mlns[39m=[32m"http:/
/www.w3.org/2000/svg"
[39m
              
[36m>[39m
                
[36m<path[39m
                  
[33md[39m=[32m"m22 
7-8.991 5.727a2 2 0 0 
1-2.009 0L2 7"[39m
                
[36m/>[39m
                
[36m<rect[39m
                  [33
mheight[39m=[32m"16"
[39m
                  [33
mrx[39m=[32m"2"[39m
                  [33
mwidth[39m=[32m"20"
[39m
                  [33
mx[39m=[32m"2"[39m
                  [33
my[39m=[32m"4"[39m
                
[36m/>[39m
              
[36m</svg>[39m
              
[0m╪º┘ä╪¿╪▒┘è╪» ╪º┘ä╪
Ñ┘ä┘â╪¬╪▒┘ê┘å┘è[0m
            
[36m</label>[39m
            
[36m<input[39m
              [33mcla
ss[39m=[32m"input"[
39m
              [33mdir
[39m=[32m"ltr"[39m
              [33mnam
e[39m=[32m"email"[3
9m
              [33mpla
ceholder[39m=[32m"╪ú
╪»╪«┘ä ╪¿╪▒┘è╪»┘â ╪º┘ä
╪Ñ┘ä┘â╪¬╪▒┘ê┘å┘è"[39m
              [33mtyp
e[39m=[32m"email"[3
9m
            
[36m/>[39m
          
[36m</div>[39m
          
[36m<div[39m
            [33mclass
[39m=[32m"relative"
[39m
          [36m>[39m
            
[36m<label[39m
              [33mcla
ss[39m=[32m"label 
flex items-center 
gap-2"[39m
            
[36m>[39m
              
[36m<svg[39m
                [33ma
ria-hidden[39m=[32m"
true"[39m
                [33mc
lass[39m=[32m"lucide
 lucide-lock w-4 h-4 
text-primary-500"[39m
                [33mf
ill[39m=[32m"none"[
39m
                [33mh
eight[39m=[32m"24"[
39m
                [33ms
troke[39m=[32m"curre
ntColor"[39m
                [33ms
troke-linecap[39m=[3
2m"round"[39m
                [33ms
troke-linejoin[39m=[
32m"round"[39m
                [33ms
troke-width[39m=[32m
"2"[39m
                [33mv
iewBox[39m=[32m"0 0 
24 24"[39m
                [33mw
idth[39m=[32m"24"[3
9m
                [33mx
mlns[39m=[32m"http:/
/www.w3.org/2000/svg"
[39m
              
[36m>[39m
                
[36m<rect[39m
                  [33
mheight[39m=[32m"11"
[39m
                  [33
mrx[39m=[32m"2"[39m
                  [33
mry[39m=[32m"2"[39m
                  [33
mwidth[39m=[32m"18"
[39m
                  [33
mx[39m=[32m"3"[39m
                  [33
my[39m=[32m"11"[39m
                
[36m/>[39m
                
[36m<path[39m
                  
[33md[39m=[32m"M7 
11V7a5 5 0 0 1 10 
0v4"[39m
                
[36m/>[39m
              
[36m</svg>[39m
              
[0m┘â┘ä┘à╪⌐ 
╪º┘ä┘à╪▒┘ê╪▒[0m
            
[36m</label>[39m
            
[36m<div[39m
              [33mcla
ss[39m=[32m"relative
"[39m
            
[36m>[39m
              
[36m<input[39m
                [33mc
lass[39m=[32m"input 
pe-12"[39m
                [33md
ir[39m=[32m"ltr"[39
m
                [33mn
ame[39m=[32m"passwor
d"[39m
                [33mp
laceholder[39m=[32m"
╪ú╪»╪«┘ä ┘â┘ä┘à╪⌐ 
╪º┘ä┘à╪▒┘ê╪▒"[39m
                [33mt
ype[39m=[32m"passwor
d"[39m
              
[36m/>[39m
              
[36m<button[39m
                [33mc
lass[39m=[32m"absolu
te end-3 top-1/2 
-translate-y-1/2 w-8 
h-8 rounded-lg flex 
items-center 
justify-center 
text-dark-400 
hover:text-dark-600 da
rk:hover:text-dark-300
 hover:bg-dark-100 dar
k:hover:bg-dark-700 tr
ansition-colors"[39m
                [33mt
ype[39m=[32m"button"
[39m
              
[36m>[39m
                
[36m<svg[39m
                  [33
maria-hidden[39m=[32
m"true"[39m
                  [33
mclass[39m=[32m"luci
de lucide-eye w-5 
h-5"[39m
                  [33
mfill[39m=[32m"none"
[39m
                  [33
mheight[39m=[32m"24"
[39m
                  [33
mstroke[39m=[32m"cur
rentColor"[39m
                  [33
mstroke-linecap[39m=
[32m"round"[39m
                  [33
mstroke-linejoin[39m=
[32m"round"[39m
                  [33
mstroke-width[39m=[3
2m"2"[39m
                  [33
mviewBox[39m=[32m"0 
0 24 24"[39m
                  [33
mwidth[39m=[32m"24"
[39m
                  [33
mxmlns[39m=[32m"http
://www.w3.org/2000/svg
"[39m
                
[36m>[39m
                  
[36m<path[39m
                    [
33md[39m=[32m"M2.062
 12.348a1 1 0 0 1 
0-.696 10.75 10.75 0 
0 1 19.876 0 1 1 0 0 
1 0 .696 10.75 10.75 
0 0 1-19.876 0"[39m
                  
[36m/>[39m
                  
[36m<circle[39m
                    [
33mcx[39m=[32m"12"[
39m
                    [
33mcy[39m=[32m"12"[
39m
                    [
33mr[39m=[32m"3"[39
m
                  
[36m/>[39m
                
[36m</svg>[39m
              
[36m</button>[39m
            
[36m</div>[39m
          
[36m</div>[39m
        
[36m</div>[39m
        
[36m<button[39m
          [33mclass[
39m=[32m"btn-primary 
btn-lg w-full 
group"[39m
          [33mtype[3
9m=[32m"submit"[39m
        [36m>[39m
          
[36m<span>[39m
            
[0m╪¬╪│╪¼┘è┘ä 
╪º┘ä╪»╪«┘ê┘ä[0m
          
[36m</span>[39m
          
[36m<svg[39m
            [33maria-
hidden[39m=[32m"true
"[39m
            [33mclass
[39m=[32m"lucide 
lucide-arrow-left w-5 
h-5 group-hover:transl
ate-x-1 transition-tra
nsform"[39m
            [33mfill
[39m=[32m"none"[39m
            [33mheigh
t[39m=[32m"24"[39m
            [33mstrok
e[39m=[32m"currentCo
lor"[39m
            [33mstrok
e-linecap[39m=[32m"r
ound"[39m
            [33mstrok
e-linejoin[39m=[32m"
round"[39m
            [33mstrok
e-width[39m=[32m"2"
[39m
            [33mviewB
ox[39m=[32m"0 0 24 
24"[39m
            [33mwidth
[39m=[32m"24"[39m
            [33mxmlns
[39m=[32m"http://www
.w3.org/2000/svg"[39m
          [36m>[39m
            
[36m<path[39m
              
[33md[39m=[32m"m12 
19-7-7 7-7"[39m
            
[36m/>[39m
            
[36m<path[39m
              
[33md[39m=[32m"M19 
12H5"[39m
            
[36m/>[39m
          
[36m</svg>[39m
        
[36m</button>[39m
      
[36m</form>[39m
    [36m</div>[39m
  [36m</div>[39m
[36m</body>[39m

Ignored nodes: 
comments, script, 
style
[36m<html[39m
  [33mdir[39m=[32m"
rtl"[39m
  [33mlang[39m=[32m
"ar"[39m
[36m>[39m
  [36m<head />[39m
  [36m<body>[39m
    [36m<div>[39m
      [36m<div[39m
        [33mclass[39
m=[32m"w-full 
max-w-md mx-auto"[39m
      [36m>[39m
        
[36m<form[39m
          [33mclass[
39m=[32m"space-y-6"[
39m
        [36m>[39m
          
[36m<div[39m
            [33mclass
[39m=[32m"text-cente
r mb-8"[39m
          [36m>[39m
            
[36m<div[39m
              [33mcla
ss[39m=[32m"relative
 inline-block"[39m
            
[36m>[39m
              
[36m<div[39m
                [33mc
lass[39m=[32m"w-20 
h-20 rounded-2xl 
gradient-primary flex 
items-center 
justify-center 
mx-auto mb-5 
shadow-lg shadow-prima
ry-600/30"[39m
              
[36m>[39m
                
[36m<svg[39m
                  [33
maria-hidden[39m=[32
m"true"[39m
                  [33
mclass[39m=[32m"luci
de lucide-mail w-10 
h-10 text-white"[39m
                  [33
mfill[39m=[32m"none"
[39m
                  [33
mheight[39m=[32m"24"
[39m
                  [33
mstroke[39m=[32m"cur
rentColor"[39m
                  [33
mstroke-linecap[39m=
[32m"round"[39m
                  [33
mstroke-linejoin[39m=
[32m"round"[39m
                  [33
mstroke-width[39m=[3
2m"2"[39m
                  [33
mviewBox[39m=[32m"0 
0 24 24"[39m
                  [33
mwidth[39m=[32m"24"
[39m
                  [33
mxmlns[39m=[32m"http
://www.w3.org/2000/svg
"[39m
                
[36m>[39m
                  
[36m<path[39m
                    
[33md[39m=[32m"m22 
7-8.991 5.727a2 2 0 0 
1-2.009 0L2 7"[39m
                  
[36m/>[39m
                  
[36m<rect[39m
                    [
33mheight[39m=[32m"1
6"[39m
                    [
33mrx[39m=[32m"2"[3
9m
                    [
33mwidth[39m=[32m"20
"[39m
                    [
33mx[39m=[32m"2"[39
m
                    [
33my[39m=[32m"4"[39
m
                  
[36m/>[39m
                
[36m</svg>[39m
              
[36m</div>[39m
              
[36m<div[39m
                [33mc
lass[39m=[32m"absolu
te -top-1 -end-1 w-8 
h-8 rounded-xl 
bg-gradient-to-r 
from-accent-400 
to-accent-600 flex 
items-center 
justify-center 
shadow-lg"[39m
              
[36m>[39m
                
[36m<svg[39m
                  [33
maria-hidden[39m=[32
m"true"[39m
                  [33
mclass[39m=[32m"luci
de lucide-sparkles 
w-4 h-4 
text-white"[39m
                  [33
mfill[39m=[32m"none"
[39m
                  [33
mheight[39m=[32m"24"
[39m
                  [33
mstroke[39m=[32m"cur
rentColor"[39m
                  [33
mstroke-linecap[39m=
[32m"round"[39m
                  [33
mstroke-linejoin[39m=
[32m"round"[39m
                  [33
mstroke-width[39m=[3
2m"2"[39m
                  [33
mviewBox[39m=[32m"0 
0 24 24"[39m
                  [33
mwidth[39m=[32m"24"
[39m
                  [33
mxmlns[39m=[32m"http
://www.w3.org/2000/svg
"[39m
                
[36m>[39m
                  
[36m<path[39m
                    [
33md[39m=[32m"M11.01
7 2.814a1 1 0 0 1 
1.966 0l1.051 5.558a2 
2 0 0 0 1.594 
1.594l5.558 1.051a1 1 
0 0 1 0 1.966l-5.558 
1.051a2 2 0 0 0-1.594 
1.594l-1.051 5.558a1 
1 0 0 1-1.966 
0l-1.051-5.558a2 2 0 
0 0-1.594-1.594l-5.558
-1.051a1 1 0 0 1 
0-1.966l5.558-1.051a2 
2 0 0 0 
1.594-1.594z"[39m
                  
[36m/>[39m
                  
[36m<path[39m
                    
[33md[39m=[32m"M20 
2v4"[39m
                  
[36m/>[39m
                  
[36m<path[39m
                    
[33md[39m=[32m"M22 
4h-4"[39m
                  
[36m/>[39m
                  
[36m<circle[39m
                    [
33mcx[39m=[32m"4"[3
9m
                    [
33mcy[39m=[32m"20"[
39m
                    [
33mr[39m=[32m"2"[39
m
                  
[36m/>[39m
                
[36m</svg>[39m
              
[36m</div>[39m
            
[36m</div>[39m
            
[36m<h2[39m
              [33mcla
ss[39m=[32m"text-2xl
 font-bold mb-2"[39m
            
[36m>[39m
              
[0m╪¬╪│╪¼┘è┘ä 
╪º┘ä╪»╪«┘ê┘ä[0m
            
[36m</h2>[39m
            
[36m<p[39m
              [33mcla
ss[39m=[32m"text-mut
ed"[39m
            
[36m>[39m
              
[0m╪ú╪»╪«┘ä 
╪¿╪▒┘è╪»┘â 
╪º┘ä╪Ñ┘ä┘â╪¬╪▒┘ê┘å┘è 
┘ê┘â┘ä┘à╪⌐ 
╪º┘ä┘à╪▒┘ê╪▒[0m
            
[36m</p>[39m
          
[36m</div>[39m
          
[36m<div[39m
            [33mclass
[39m=[32m"space-y-5"
[39m
          [36m>[39m
            
[36m<div[39m
              [33mcla
ss[39m=[32m"relative
"[39m
            
[36m>[39m
              
[36m<label[39m
                [33mc
lass[39m=[32m"label 
flex items-center 
gap-2"[39m
              
[36m>[39m
                
[36m<svg[39m
                  [33
maria-hidden[39m=[32
m"true"[39m
                  [33
mclass[39m=[32m"luci
de lucide-mail w-4 
h-4 
text-primary-500"[39m
                  [33
mfill[39m=[32m"none"
[39m
                  [33
mheight[39m=[32m"24"
[39m
                  [33
mstroke[39m=[32m"cur
rentColor"[39m
                  [33
mstroke-linecap[39m=
[32m"round"[39m
                  [33
mstroke-linejoin[39m=
[32m"round"[39m
                  [33
mstroke-width[39m=[3
2m"2"[39m
                  [33
mviewBox[39m=[32m"0 
0 24 24"[39m
                  [33
mwidth[39m=[32m"24"
[39m
                  [33
mxmlns[39m=[32m"http
://www.w3.org/2000/svg
"[39m
                
[36m>[39m
                  
[36m<path[39m
                    
[33md[39m=[32m"m22 
7-8.991 5.727a2 2 0 0 
1-2.009 0L2 7"[39m
                  
[36m/>[39m
                  
[36m<rect[39m
                    [
33mheight[39m=[32m"1
6"[39m
                    [
33mrx[39m=[32m"2"[3
9m
                    [
33mwidth[39m=[32m"20
"[39m
                    [
33mx[39m=[32m"2"[39
m
                    [
33my[39m=[32m"4"[39
m
                  
[36m/>[39m
                
[36m</svg>[39m
                
[0m╪º┘ä╪¿╪▒┘è╪» ╪º┘ä╪
Ñ┘ä┘â╪¬╪▒┘ê┘å┘è[0m
              
[36m</label>[39m
              
[36m<input[39m
                [33mc
lass[39m=[32m"input"
[39m
                [33md
ir[39m=[32m"ltr"[39
m
                [33mn
ame[39m=[32m"email"
[39m
                [33mp
laceholder[39m=[32m"
╪ú╪»╪«┘ä ╪¿╪▒┘è╪»┘â ╪º
┘ä╪Ñ┘ä┘â╪¬╪▒┘ê┘å┘è"[3
9m
                [33mt
ype[39m=[32m"email"
[39m
              
[36m/>[39m
            
[36m</div>[39m
            
[36m<div[39m
              [33mcla
ss[39m=[32m"relative
"[39m
            
[36m>[39m
              
[36m<label[39m
                [33mc
lass[39m=[32m"label 
flex items-center 
gap-2"[39m
              
[36m>[39m
                
[36m<svg[39m
                  [33
maria-hidden[39m=[32
m"true"[39m
                  [33
mclass[39m=[32m"luci
de lucide-lock w-4 
h-4 
text-primary-500"[39m
                  [33
mfill[39m=[32m"none"
[39m
                  [33
mheight[39m=[32m"24"
[39m
                  [33
mstroke[39m=[32m"cur
rentColor"[39m
                  [33
mstroke-linecap[39m=
[32m"round"[39m
                  [33
mstroke-linejoin[39m=
[32m"round"[39m
                  [33
mstroke-width[39m=[3
2m"2"[39m
                  [33
mviewBox[39m=[32m"0 
0 24 24"[39m
                  [33
mwidth[39m=[32m"24"
[39m
                  [33
mxmlns[39m=[32m"http
://www.w3.org/2000/svg
"[39m
                
[36m>[39m
                  
[36m<rect[39m
                    [
33mheight[39m=[32m"1
1"[39m
                    [
33mrx[39m=[32m"2"[3
9m
                    [
33mry[39m=[32m"2"[3
9m
                    [
33mwidth[39m=[32m"18
"[39m
                    [
33mx[39m=[32m"3"[39
m
                    [
33my[39m=[32m"11"[3
9m
                  
[36m/>[39m
                  
[36m<path[39m
                    
[33md[39m=[32m"M7 
11V7a5 5 0 0 1 10 
0v4"[39m
                  
[36m/>[39m
                
[36m</svg>[39m
                
[0m┘â┘ä┘à╪⌐ 
╪º┘ä┘à╪▒┘ê╪▒[0m
              
[36m</label>[39m
              
[36m<div[39m
                [33mc
lass[39m=[32m"relati
ve"[39m
              
[36m>[39m
                
[36m<input[39m
                  [33
mclass[39m=[32m"inpu
t pe-12"[39m
                  [33
mdir[39m=[32m"ltr"[
39m
                  [33
mname[39m=[32m"passw
ord"[39m
                  [33
mplaceholder[39m=[32
m"╪ú╪»╪«┘ä ┘â┘ä┘à╪⌐ 
╪º┘ä┘à╪▒┘ê╪▒"[39m
                  [33
mtype[39m=[32m"passw
ord"[39m
                
[36m/>[39m
                
[36m<button[39m
                  [33
mclass[39m=[32m"abso
lute end-3 top-1/2 
-translate-y-1/2 w-8 
h-8 rounded-lg flex 
items-center 
justify-center 
text-dark-400 
hover:text-dark-600 da
rk:hover:text-dark-300
 hover:bg-dark-100 dar
k:hover:bg-dark-700 tr
ansition-colors"[39m
                  [33
mtype[39m=[32m"butto
n"[39m
                
[36m>[39m
                  
[36m<svg[39m
                    [
33maria-hidden[39m=[
32m"true"[39m
                    [
33mclass[39m=[32m"lu
cide lucide-eye w-5 
h-5"[39m
                    [
33mfill[39m=[32m"non
e"[39m
                    [
33mheight[39m=[32m"2
4"[39m
                    [
33mstroke[39m=[32m"c
urrentColor"[39m
                    [
33mstroke-linecap[39m
=[32m"round"[39m
                    [
33mstroke-linejoin[39
m=[32m"round"[39m
                    [
33mstroke-width[39m=
[32m"2"[39m
                    [
33mviewBox[39m=[32m"
0 0 24 24"[39m
                    [
33mwidth[39m=[32m"24
"[39m
                    [
33mxmlns[39m=[32m"ht
tp://www.w3.org/2000/s
vg"[39m
                  
[36m>[39m
                    
[36m<path[39m
                      
[33md[39m=[32m"M2.0
62 12.348a1 1 0 0 1 
0-.696 10.75 10.75 0 
0 1 19.876 0 1 1 0 0 
1 0 .696 10.75 10.75 
0 0 1-19.876 0"[39m
                    
[36m/>[39m
                    
[36m<circle[39m
                      
[33mcx[39m=[32m"12"
[39m
                      
[33mcy[39m=[32m"12"
[39m
                      
[33mr[39m=[32m"3"[
39m
                    
[36m/>[39m
                  
[36m</svg>[39m
                
[36m</button>[39m
              
[36m</div>[39m
            
[36m</div>[39m
          
[36m</div>[39m
          
[36m<button[39m
            [33mclass
[39m=[32m"btn-primar
y btn-lg w-full 
group"[39m
            [33mtype
[39m=[32m"submit"[39
m
          [36m>[39m
            
[36m<span>[39m
              
[0m╪¬╪│╪¼┘è┘ä 
╪º┘ä╪»╪«┘ê┘ä[0m
            
[36m</span>[39m
            
[36m<svg[39m
              [33mari
a-hidden[39m=[32m"tr
ue"[39m
              [33mcla
ss[39m=[32m"lucide 
lucide-arrow-left w-5 
h-5 group-hover:transl
ate-x-1 transition-tra
nsform"[39m
              [33mfil
l[39m=[32m"none"[39
m
              [33mhei
ght[39m=[32m"24"[39
m
              [33mstr
oke[39m=[32m"current
Color"[39m
              [33mstr
oke-linecap[39m=[32m
"round"[39m
              [33mstr
oke-linejoin[39m=[32
m"round"[39m
              [33mstr
oke-width[39m=[32m"2
"[39m
              [33mvie
wBox[39m=[32m"0 0 
24 24"[39m
              [33mwid
th[39m=[32m"24"[39m
              [33mxml
ns[39m=[32m"http://w
ww.w3.org/2000/svg"[3
9m
            
[36m>[39m
              
[36m<path[39m
                
[33md[39m=[32m"m12 
19-7-7 7-7"[39m
              
[36m/>[39m
              
[36m<path[39m
                
[33md[39m=[32m"M19 
12H5"[39m
              
[36m/>[39m
            
[36m</svg>[39m
          
[36m</button>[39m
        
[36m</form>[39m
      [36m</div>[39m
    [36m</div>[39m
  [36m</body>[39m
[36m</html>[39m
[90m [2mΓ¥»[22m 
Proxy.waitForWrapper n
ode_modules/@testing-l
ibrary/dom/dist/wait-f
or.js:[2m163:27[22m
[39m
[36m [2mΓ¥»[22m src
/components/auth/__tes
ts__/LoginForm.test.ts
x:[2m97:19[22m[39m
    [90m 95| [39m   
         [34mrender[
39m([33m<[39m[33mLo
ginForm[39m [33m/[3
9m[33m>[39m[33m,[3
9m { 
wrapper[33m:[39m 
[33mTestWrapper[39m 
})[33m;[39m
    [90m 96| [39m
    [90m 97| [39m   
         
[35mawait[39m 
[34mwaitFor[39m(() 
[33m=>[39m {
    [90m   | [39m   
               
[31m^[39m
    [90m 98| [39m   
             expect(sc
reen.getByPlaceholderT
ext(/example@email.com
/ΓÇª
    [90m 99| [39m   
         })[33m;[39m

[31m[2mΓÄ»ΓÄ»ΓÄ»ΓÄ»Γ
Ä»ΓÄ»ΓÄ»ΓÄ»ΓÄ»ΓÄ»ΓÄ»ΓÄ
»ΓÄ»ΓÄ»ΓÄ»ΓÄ»ΓÄ»ΓÄ»ΓÄ»
ΓÄ»ΓÄ»ΓÄ»ΓÄ»[2/13]ΓÄ»
[22m[39m

[41m[1m FAIL 
[22m[49m src/compone
nts/auth/__tests__/Log
inForm.test.tsx[2m > 
[22mLoginForm[2m > 
[22mValidation[2m > 
[22mshould show 
error for short 
password
[31m[1mTestingLibrar
yElementError[22m[39
m: Unable to find an 
element with the 
placeholder text of: 
/example@email.com/i

Ignored nodes: 
comments, script, 
style
[36m<body>[39m
  [36m<div>[39m
    [36m<div[39m
      [33mclass[39m=
[32m"w-full max-w-md 
mx-auto"[39m
    [36m>[39m
      [36m<form[39m
        [33mclass[39
m=[32m"space-y-6"[39
m
      [36m>[39m
        [36m<div[39m
          [33mclass[
39m=[32m"text-center 
mb-8"[39m
        [36m>[39m
          
[36m<div[39m
            [33mclass
[39m=[32m"relative 
inline-block"[39m
          [36m>[39m
            
[36m<div[39m
              [33mcla
ss[39m=[32m"w-20 
h-20 rounded-2xl 
gradient-primary flex 
items-center 
justify-center 
mx-auto mb-5 
shadow-lg shadow-prima
ry-600/30"[39m
            
[36m>[39m
              
[36m<svg[39m
                [33ma
ria-hidden[39m=[32m"
true"[39m
                [33mc
lass[39m=[32m"lucide
 lucide-mail w-10 
h-10 text-white"[39m
                [33mf
ill[39m=[32m"none"[
39m
                [33mh
eight[39m=[32m"24"[
39m
                [33ms
troke[39m=[32m"curre
ntColor"[39m
                [33ms
troke-linecap[39m=[3
2m"round"[39m
                [33ms
troke-linejoin[39m=[
32m"round"[39m
                [33ms
troke-width[39m=[32m
"2"[39m
                [33mv
iewBox[39m=[32m"0 0 
24 24"[39m
                [33mw
idth[39m=[32m"24"[3
9m
                [33mx
mlns[39m=[32m"http:/
/www.w3.org/2000/svg"
[39m
              
[36m>[39m
                
[36m<path[39m
                  
[33md[39m=[32m"m22 
7-8.991 5.727a2 2 0 0 
1-2.009 0L2 7"[39m
                
[36m/>[39m
                
[36m<rect[39m
                  [33
mheight[39m=[32m"16"
[39m
                  [33
mrx[39m=[32m"2"[39m
                  [33
mwidth[39m=[32m"20"
[39m
                  [33
mx[39m=[32m"2"[39m
                  [33
my[39m=[32m"4"[39m
                
[36m/>[39m
              
[36m</svg>[39m
            
[36m</div>[39m
            
[36m<div[39m
              [33mcla
ss[39m=[32m"absolute
 -top-1 -end-1 w-8 
h-8 rounded-xl 
bg-gradient-to-r 
from-accent-400 
to-accent-600 flex 
items-center 
justify-center 
shadow-lg"[39m
            
[36m>[39m
              
[36m<svg[39m
                [33ma
ria-hidden[39m=[32m"
true"[39m
                [33mc
lass[39m=[32m"lucide
 lucide-sparkles w-4 
h-4 text-white"[39m
                [33mf
ill[39m=[32m"none"[
39m
                [33mh
eight[39m=[32m"24"[
39m
                [33ms
troke[39m=[32m"curre
ntColor"[39m
                [33ms
troke-linecap[39m=[3
2m"round"[39m
                [33ms
troke-linejoin[39m=[
32m"round"[39m
                [33ms
troke-width[39m=[32m
"2"[39m
                [33mv
iewBox[39m=[32m"0 0 
24 24"[39m
                [33mw
idth[39m=[32m"24"[3
9m
                [33mx
mlns[39m=[32m"http:/
/www.w3.org/2000/svg"
[39m
              
[36m>[39m
                
[36m<path[39m
                  [33
md[39m=[32m"M11.017 
2.814a1 1 0 0 1 1.966 
0l1.051 5.558a2 2 0 0 
0 1.594 1.594l5.558 
1.051a1 1 0 0 1 0 
1.966l-5.558 1.051a2 
2 0 0 0-1.594 
1.594l-1.051 5.558a1 
1 0 0 1-1.966 
0l-1.051-5.558a2 2 0 
0 0-1.594-1.594l-5.558
-1.051a1 1 0 0 1 
0-1.966l5.558-1.051a2 
2 0 0 0 
1.594-1.594z"[39m
                
[36m/>[39m
                
[36m<path[39m
                  
[33md[39m=[32m"M20 
2v4"[39m
                
[36m/>[39m
                
[36m<path[39m
                  
[33md[39m=[32m"M22 
4h-4"[39m
                
[36m/>[39m
                
[36m<circle[39m
                  [33
mcx[39m=[32m"4"[39m
                  [33
mcy[39m=[32m"20"[39
m
                  [33
mr[39m=[32m"2"[39m
                
[36m/>[39m
              
[36m</svg>[39m
            
[36m</div>[39m
          
[36m</div>[39m
          
[36m<h2[39m
            [33mclass
[39m=[32m"text-2xl 
font-bold mb-2"[39m
          [36m>[39m
            
[0m╪¬╪│╪¼┘è┘ä 
╪º┘ä╪»╪«┘ê┘ä[0m
          
[36m</h2>[39m
          [36m<p[39m
            [33mclass
[39m=[32m"text-muted
"[39m
          [36m>[39m
            
[0m╪ú╪»╪«┘ä 
╪¿╪▒┘è╪»┘â 
╪º┘ä╪Ñ┘ä┘â╪¬╪▒┘ê┘å┘è 
┘ê┘â┘ä┘à╪⌐ 
╪º┘ä┘à╪▒┘ê╪▒[0m
          
[36m</p>[39m
        
[36m</div>[39m
        [36m<div[39m
          [33mclass[
39m=[32m"space-y-5"[
39m
        [36m>[39m
          
[36m<div[39m
            [33mclass
[39m=[32m"relative"
[39m
          [36m>[39m
            
[36m<label[39m
              [33mcla
ss[39m=[32m"label 
flex items-center 
gap-2"[39m
            
[36m>[39m
              
[36m<svg[39m
                [33ma
ria-hidden[39m=[32m"
true"[39m
                [33mc
lass[39m=[32m"lucide
 lucide-mail w-4 h-4 
text-primary-500"[39m
                [33mf
ill[39m=[32m"none"[
39m
                [33mh
eight[39m=[32m"24"[
39m
                [33ms
troke[39m=[32m"curre
ntColor"[39m
                [33ms
troke-linecap[39m=[3
2m"round"[39m
                [33ms
troke-linejoin[39m=[
32m"round"[39m
                [33ms
troke-width[39m=[32m
"2"[39m
                [33mv
iewBox[39m=[32m"0 0 
24 24"[39m
                [33mw
idth[39m=[32m"24"[3
9m
                [33mx
mlns[39m=[32m"http:/
/www.w3.org/2000/svg"
[39m
              
[36m>[39m
                
[36m<path[39m
                  
[33md[39m=[32m"m22 
7-8.991 5.727a2 2 0 0 
1-2.009 0L2 7"[39m
                
[36m/>[39m
                
[36m<rect[39m
                  [33
mheight[39m=[32m"16"
[39m
                  [33
mrx[39m=[32m"2"[39m
                  [33
mwidth[39m=[32m"20"
[39m
                  [33
mx[39m=[32m"2"[39m
                  [33
my[39m=[32m"4"[39m
                
[36m/>[39m
              
[36m</svg>[39m
              
[0m╪º┘ä╪¿╪▒┘è╪» ╪º┘ä╪
Ñ┘ä┘â╪¬╪▒┘ê┘å┘è[0m
            
[36m</label>[39m
            
[36m<input[39m
              [33mcla
ss[39m=[32m"input"[
39m
              [33mdir
[39m=[32m"ltr"[39m
              [33mnam
e[39m=[32m"email"[3
9m
              [33mpla
ceholder[39m=[32m"╪ú
╪»╪«┘ä ╪¿╪▒┘è╪»┘â ╪º┘ä
╪Ñ┘ä┘â╪¬╪▒┘ê┘å┘è"[39m
              [33mtyp
e[39m=[32m"email"[3
9m
            
[36m/>[39m
          
[36m</div>[39m
          
[36m<div[39m
            [33mclass
[39m=[32m"relative"
[39m
          [36m>[39m
            
[36m<label[39m
              [33mcla
ss[39m=[32m"label 
flex items-center 
gap-2"[39m
            
[36m>[39m
              
[36m<svg[39m
                [33ma
ria-hidden[39m=[32m"
true"[39m
                [33mc
lass[39m=[32m"lucide
 lucide-lock w-4 h-4 
text-primary-500"[39m
                [33mf
ill[39m=[32m"none"[
39m
                [33mh
eight[39m=[32m"24"[
39m
                [33ms
troke[39m=[32m"curre
ntColor"[39m
                [33ms
troke-linecap[39m=[3
2m"round"[39m
                [33ms
troke-linejoin[39m=[
32m"round"[39m
                [33ms
troke-width[39m=[32m
"2"[39m
                [33mv
iewBox[39m=[32m"0 0 
24 24"[39m
                [33mw
idth[39m=[32m"24"[3
9m
                [33mx
mlns[39m=[32m"http:/
/www.w3.org/2000/svg"
[39m
              
[36m>[39m
                
[36m<rect[39m
                  [33
mheight[39m=[32m"11"
[39m
                  [33
mrx[39m=[32m"2"[39m
                  [33
mry[39m=[32m"2"[39m
                  [33
mwidth[39m=[32m"18"
[39m
                  [33
mx[39m=[32m"3"[39m
                  [33
my[39m=[32m"11"[39m
                
[36m/>[39m
                
[36m<path[39m
                  
[33md[39m=[32m"M7 
11V7a5 5 0 0 1 10 
0v4"[39m
                
[36m/>[39m
              
[36m</svg>[39m
              
[0m┘â┘ä┘à╪⌐ 
╪º┘ä┘à╪▒┘ê╪▒[0m
            
[36m</label>[39m
            
[36m<div[39m
              [33mcla
ss[39m=[32m"relative
"[39m
            
[36m>[39m
              
[36m<input[39m
                [33mc
lass[39m=[32m"input 
pe-12"[39m
                [33md
ir[39m=[32m"ltr"[39
m
                [33mn
ame[39m=[32m"passwor
d"[39m
                [33mp
laceholder[39m=[32m"
╪ú╪»╪«┘ä ┘â┘ä┘à╪⌐ 
╪º┘ä┘à╪▒┘ê╪▒"[39m
                [33mt
ype[39m=[32m"passwor
d"[39m
              
[36m/>[39m
              
[36m<button[39m
                [33mc
lass[39m=[32m"absolu
te end-3 top-1/2 
-translate-y-1/2 w-8 
h-8 rounded-lg flex 
items-center 
justify-center 
text-dark-400 
hover:text-dark-600 da
rk:hover:text-dark-300
 hover:bg-dark-100 dar
k:hover:bg-dark-700 tr
ansition-colors"[39m
                [33mt
ype[39m=[32m"button"
[39m
              
[36m>[39m
                
[36m<svg[39m
                  [33
maria-hidden[39m=[32
m"true"[39m
                  [33
mclass[39m=[32m"luci
de lucide-eye w-5 
h-5"[39m
                  [33
mfill[39m=[32m"none"
[39m
                  [33
mheight[39m=[32m"24"
[39m
                  [33
mstroke[39m=[32m"cur
rentColor"[39m
                  [33
mstroke-linecap[39m=
[32m"round"[39m
                  [33
mstroke-linejoin[39m=
[32m"round"[39m
                  [33
mstroke-width[39m=[3
2m"2"[39m
                  [33
mviewBox[39m=[32m"0 
0 24 24"[39m
                  [33
mwidth[39m=[32m"24"
[39m
                  [33
mxmlns[39m=[32m"http
://www.w3.org/2000/svg
"[39m
                
[36m>[39m
                  
[36m<path[39m
                    [
33md[39m=[32m"M2.062
 12.348a1 1 0 0 1 
0-.696 10.75 10.75 0 
0 1 19.876 0 1 1 0 0 
1 0 .696 10.75 10.75 
0 0 1-19.876 0"[39m
                  
[36m/>[39m
                  
[36m<circle[39m
                    [
33mcx[39m=[32m"12"[
39m
                    [
33mcy[39m=[32m"12"[
39m
                    [
33mr[39m=[32m"3"[39
m
                  
[36m/>[39m
                
[36m</svg>[39m
              
[36m</button>[39m
            
[36m</div>[39m
          
[36m</div>[39m
        
[36m</div>[39m
        
[36m<button[39m
          [33mclass[
39m=[32m"btn-primary 
btn-lg w-full 
group"[39m
          [33mtype[3
9m=[32m"submit"[39m
        [36m>[39m
          
[36m<span>[39m
            
[0m╪¬╪│╪¼┘è┘ä 
╪º┘ä╪»╪«┘ê┘ä[0m
          
[36m</span>[39m
          
[36m<svg[39m
            [33maria-
hidden[39m=[32m"true
"[39m
            [33mclass
[39m=[32m"lucide 
lucide-arrow-left w-5 
h-5 group-hover:transl
ate-x-1 transition-tra
nsform"[39m
            [33mfill
[39m=[32m"none"[39m
            [33mheigh
t[39m=[32m"24"[39m
            [33mstrok
e[39m=[32m"currentCo
lor"[39m
            [33mstrok
e-linecap[39m=[32m"r
ound"[39m
            [33mstrok
e-linejoin[39m=[32m"
round"[39m
            [33mstrok
e-width[39m=[32m"2"
[39m
            [33mviewB
ox[39m=[32m"0 0 24 
24"[39m
            [33mwidth
[39m=[32m"24"[39m
            [33mxmlns
[39m=[32m"http://www
.w3.org/2000/svg"[39m
          [36m>[39m
            
[36m<path[39m
              
[33md[39m=[32m"m12 
19-7-7 7-7"[39m
            
[36m/>[39m
            
[36m<path[39m
              
[33md[39m=[32m"M19 
12H5"[39m
            
[36m/>[39m
          
[36m</svg>[39m
        
[36m</button>[39m
      
[36m</form>[39m
    [36m</div>[39m
  [36m</div>[39m
[36m</body>[39m

Ignored nodes: 
comments, script, 
style
[36m<html[39m
  [33mdir[39m=[32m"
rtl"[39m
  [33mlang[39m=[32m
"ar"[39m
[36m>[39m
  [36m<head />[39m
  [36m<body>[39m
    [36m<div>[39m
      [36m<div[39m
        [33mclass[39
m=[32m"w-full 
max-w-md mx-auto"[39m
      [36m>[39m
        
[36m<form[39m
          [33mclass[
39m=[32m"space-y-6"[
39m
        [36m>[39m
          
[36m<div[39m
            [33mclass
[39m=[32m"text-cente
r mb-8"[39m
          [36m>[39m
            
[36m<div[39m
              [33mcla
ss[39m=[32m"relative
 inline-block"[39m
            
[36m>[39m
              
[36m<div[39m
                [33mc
lass[39m=[32m"w-20 
h-20 rounded-2xl 
gradient-primary flex 
items-center 
justify-center 
mx-auto mb-5 
shadow-lg shadow-prima
ry-600/30"[39m
              
[36m>[39m
                
[36m<svg[39m
                  [33
maria-hidden[39m=[32
m"true"[39m
                  [33
mclass[39m=[32m"luci
de lucide-mail w-10 
h-10 text-white"[39m
                  [33
mfill[39m=[32m"none"
[39m
                  [33
mheight[39m=[32m"24"
[39m
                  [33
mstroke[39m=[32m"cur
rentColor"[39m
                  [33
mstroke-linecap[39m=
[32m"round"[39m
                  [33
mstroke-linejoin[39m=
[32m"round"[39m
                  [33
mstroke-width[39m=[3
2m"2"[39m
                  [33
mviewBox[39m=[32m"0 
0 24 24"[39m
                  [33
mwidth[39m=[32m"24"
[39m
                  [33
mxmlns[39m=[32m"http
://www.w3.org/2000/svg
"[39m
                
[36m>[39m
                  
[36m<path[39m
                    
[33md[39m=[32m"m22 
7-8.991 5.727a2 2 0 0 
1-2.009 0L2 7"[39m
                  
[36m/>[39m
                  
[36m<rect[39m
                    [
33mheight[39m=[32m"1
6"[39m
                    [
33mrx[39m=[32m"2"[3
9m
                    [
33mwidth[39m=[32m"20
"[39m
                    [
33mx[39m=[32m"2"[39
m
                    [
33my[39m=[32m"4"[39
m
                  
[36m/>[39m
                
[36m</svg>[39m
              
[36m</div>[39m
              
[36m<div[39m
                [33mc
lass[39m=[32m"absolu
te -top-1 -end-1 w-8 
h-8 rounded-xl 
bg-gradient-to-r 
from-accent-400 
to-accent-600 flex 
items-center 
justify-center 
shadow-lg"[39m
              
[36m>[39m
                
[36m<svg[39m
                  [33
maria-hidden[39m=[32
m"true"[39m
                  [33
mclass[39m=[32m"luci
de lucide-sparkles 
w-4 h-4 
text-white"[39m
                  [33
mfill[39m=[32m"none"
[39m
                  [33
mheight[39m=[32m"24"
[39m
                  [33
mstroke[39m=[32m"cur
rentColor"[39m
                  [33
mstroke-linecap[39m=
[32m"round"[39m
                  [33
mstroke-linejoin[39m=
[32m"round"[39m
                  [33
mstroke-width[39m=[3
2m"2"[39m
                  [33
mviewBox[39m=[32m"0 
0 24 24"[39m
                  [33
mwidth[39m=[32m"24"
[39m
                  [33
mxmlns[39m=[32m"http
://www.w3.org/2000/svg
"[39m
                
[36m>[39m
                  
[36m<path[39m
                    [
33md[39m=[32m"M11.01
7 2.814a1 1 0 0 1 
1.966 0l1.051 5.558a2 
2 0 0 0 1.594 
1.594l5.558 1.051a1 1 
0 0 1 0 1.966l-5.558 
1.051a2 2 0 0 0-1.594 
1.594l-1.051 5.558a1 
1 0 0 1-1.966 
0l-1.051-5.558a2 2 0 
0 0-1.594-1.594l-5.558
-1.051a1 1 0 0 1 
0-1.966l5.558-1.051a2 
2 0 0 0 
1.594-1.594z"[39m
                  
[36m/>[39m
                  
[36m<path[39m
                    
[33md[39m=[32m"M20 
2v4"[39m
                  
[36m/>[39m
                  
[36m<path[39m
                    
[33md[39m=[32m"M22 
4h-4"[39m
                  
[36m/>[39m
                  
[36m<circle[39m
                    [
33mcx[39m=[32m"4"[3
9m
                    [
33mcy[39m=[32m"20"[
39m
                    [
33mr[39m=[32m"2"[39
m
                  
[36m/>[39m
                
[36m</svg>[39m
              
[36m</div>[39m
            
[36m</div>[39m
            
[36m<h2[39m
              [33mcla
ss[39m=[32m"text-2xl
 font-bold mb-2"[39m
            
[36m>[39m
              
[0m╪¬╪│╪¼┘è┘ä 
╪º┘ä╪»╪«┘ê┘ä[0m
            
[36m</h2>[39m
            
[36m<p[39m
              [33mcla
ss[39m=[32m"text-mut
ed"[39m
            
[36m>[39m
              
[0m╪ú╪»╪«┘ä 
╪¿╪▒┘è╪»┘â 
╪º┘ä╪Ñ┘ä┘â╪¬╪▒┘ê┘å┘è 
┘ê┘â┘ä┘à╪⌐ 
╪º┘ä┘à╪▒┘ê╪▒[0m
            
[36m</p>[39m
          
[36m</div>[39m
          
[36m<div[39m
            [33mclass
[39m=[32m"space-y-5"
[39m
          [36m>[39m
            
[36m<div[39m
              [33mcla
ss[39m=[32m"relative
"[39m
            
[36m>[39m
              
[36m<label[39m
                [33mc
lass[39m=[32m"label 
flex items-center 
gap-2"[39m
              
[36m>[39m
                
[36m<svg[39m
                  [33
maria-hidden[39m=[32
m"true"[39m
                  [33
mclass[39m=[32m"luci
de lucide-mail w-4 
h-4 
text-primary-500"[39m
                  [33
mfill[39m=[32m"none"
[39m
                  [33
mheight[39m=[32m"24"
[39m
                  [33
mstroke[39m=[32m"cur
rentColor"[39m
                  [33
mstroke-linecap[39m=
[32m"round"[39m
                  [33
mstroke-linejoin[39m=
[32m"round"[39m
                  [33
mstroke-width[39m=[3
2m"2"[39m
                  [33
mviewBox[39m=[32m"0 
0 24 24"[39m
                  [33
mwidth[39m=[32m"24"
[39m
                  [33
mxmlns[39m=[32m"http
://www.w3.org/2000/svg
"[39m
                
[36m>[39m
                  
[36m<path[39m
                    
[33md[39m=[32m"m22 
7-8.991 5.727a2 2 0 0 
1-2.009 0L2 7"[39m
                  
[36m/>[39m
                  
[36m<rect[39m
                    [
33mheight[39m=[32m"1
6"[39m
                    [
33mrx[39m=[32m"2"[3
9m
                    [
33mwidth[39m=[32m"20
"[39m
                    [
33mx[39m=[32m"2"[39
m
                    [
33my[39m=[32m"4"[39
m
                  
[36m/>[39m
                
[36m</svg>[39m
                
[0m╪º┘ä╪¿╪▒┘è╪» ╪º┘ä╪
Ñ┘ä┘â╪¬╪▒┘ê┘å┘è[0m
              
[36m</label>[39m
              
[36m<input[39m
                [33mc
lass[39m=[32m"input"
[39m
                [33md
ir[39m=[32m"ltr"[39
m
                [33mn
ame[39m=[32m"email"
[39m
                [33mp
laceholder[39m=[32m"
╪ú╪»╪«┘ä ╪¿╪▒┘è╪»┘â ╪º
┘ä╪Ñ┘ä┘â╪¬╪▒┘ê┘å┘è"[3
9m
                [33mt
ype[39m=[32m"email"
[39m
              
[36m/>[39m
            
[36m</div>[39m
            
[36m<div[39m
              [33mcla
ss[39m=[32m"relative
"[39m
            
[36m>[39m
              
[36m<label[39m
                [33mc
lass[39m=[32m"label 
flex items-center 
gap-2"[39m
              
[36m>[39m
                
[36m<svg[39m
                  [33
maria-hidden[39m=[32
m"true"[39m
                  [33
mclass[39m=[32m"luci
de lucide-lock w-4 
h-4 
text-primary-500"[39m
                  [33
mfill[39m=[32m"none"
[39m
                  [33
mheight[39m=[32m"24"
[39m
                  [33
mstroke[39m=[32m"cur
rentColor"[39m
                  [33
mstroke-linecap[39m=
[32m"round"[39m
                  [33
mstroke-linejoin[39m=
[32m"round"[39m
                  [33
mstroke-width[39m=[3
2m"2"[39m
                  [33
mviewBox[39m=[32m"0 
0 24 24"[39m
                  [33
mwidth[39m=[32m"24"
[39m
                  [33
mxmlns[39m=[32m"http
://www.w3.org/2000/svg
"[39m
                
[36m>[39m
                  
[36m<rect[39m
                    [
33mheight[39m=[32m"1
1"[39m
                    [
33mrx[39m=[32m"2"[3
9m
                    [
33mry[39m=[32m"2"[3
9m
                    [
33mwidth[39m=[32m"18
"[39m
                    [
33mx[39m=[32m"3"[39
m
                    [
33my[39m=[32m"11"[3
9m
                  
[36m/>[39m
                  
[36m<path[39m
                    
[33md[39m=[32m"M7 
11V7a5 5 0 0 1 10 
0v4"[39m
                  
[36m/>[39m
                
[36m</svg>[39m
                
[0m┘â┘ä┘à╪⌐ 
╪º┘ä┘à╪▒┘ê╪▒[0m
              
[36m</label>[39m
              
[36m<div[39m
                [33mc
lass[39m=[32m"relati
ve"[39m
              
[36m>[39m
                
[36m<input[39m
                  [33
mclass[39m=[32m"inpu
t pe-12"[39m
                  [33
mdir[39m=[32m"ltr"[
39m
                  [33
mname[39m=[32m"passw
ord"[39m
                  [33
mplaceholder[39m=[32
m"╪ú╪»╪«┘ä ┘â┘ä┘à╪⌐ 
╪º┘ä┘à╪▒┘ê╪▒"[39m
                  [33
mtype[39m=[32m"passw
ord"[39m
                
[36m/>[39m
                
[36m<button[39m
                  [33
mclass[39m=[32m"abso
lute end-3 top-1/2 
-translate-y-1/2 w-8 
h-8 rounded-lg flex 
items-center 
justify-center 
text-dark-400 
hover:text-dark-600 da
rk:hover:text-dark-300
 hover:bg-dark-100 dar
k:hover:bg-dark-700 tr
ansition-colors"[39m
                  [33
mtype[39m=[32m"butto
n"[39m
                
[36m>[39m
                  
[36m<svg[39m
                    [
33maria-hidden[39m=[
32m"true"[39m
                    [
33mclass[39m=[32m"lu
cide lucide-eye w-5 
h-5"[39m
                    [
33mfill[39m=[32m"non
e"[39m
                    [
33mheight[39m=[32m"2
4"[39m
                    [
33mstroke[39m=[32m"c
urrentColor"[39m
                    [
33mstroke-linecap[39m
=[32m"round"[39m
                    [
33mstroke-linejoin[39
m=[32m"round"[39m
                    [
33mstroke-width[39m=
[32m"2"[39m
                    [
33mviewBox[39m=[32m"
0 0 24 24"[39m
                    [
33mwidth[39m=[32m"24
"[39m
                    [
33mxmlns[39m=[32m"ht
tp://www.w3.org/2000/s
vg"[39m
                  
[36m>[39m
                    
[36m<path[39m
                      
[33md[39m=[32m"M2.0
62 12.348a1 1 0 0 1 
0-.696 10.75 10.75 0 
0 1 19.876 0 1 1 0 0 
1 0 .696 10.75 10.75 
0 0 1-19.876 0"[39m
                    
[36m/>[39m
                    
[36m<circle[39m
                      
[33mcx[39m=[32m"12"
[39m
                      
[33mcy[39m=[32m"12"
[39m
                      
[33mr[39m=[32m"3"[
39m
                    
[36m/>[39m
                  
[36m</svg>[39m
                
[36m</button>[39m
              
[36m</div>[39m
            
[36m</div>[39m
          
[36m</div>[39m
          
[36m<button[39m
            [33mclass
[39m=[32m"btn-primar
y btn-lg w-full 
group"[39m
            [33mtype
[39m=[32m"submit"[39
m
          [36m>[39m
            
[36m<span>[39m
              
[0m╪¬╪│╪¼┘è┘ä 
╪º┘ä╪»╪«┘ê┘ä[0m
            
[36m</span>[39m
            
[36m<svg[39m
              [33mari
a-hidden[39m=[32m"tr
ue"[39m
              [33mcla
ss[39m=[32m"lucide 
lucide-arrow-left w-5 
h-5 group-hover:transl
ate-x-1 transition-tra
nsform"[39m
              [33mfil
l[39m=[32m"none"[39
m
              [33mhei
ght[39m=[32m"24"[39
m
              [33mstr
oke[39m=[32m"current
Color"[39m
              [33mstr
oke-linecap[39m=[32m
"round"[39m
              [33mstr
oke-linejoin[39m=[32
m"round"[39m
              [33mstr
oke-width[39m=[32m"2
"[39m
              [33mvie
wBox[39m=[32m"0 0 
24 24"[39m
              [33mwid
th[39m=[32m"24"[39m
              [33mxml
ns[39m=[32m"http://w
ww.w3.org/2000/svg"[3
9m
            
[36m>[39m
              
[36m<path[39m
                
[33md[39m=[32m"m12 
19-7-7 7-7"[39m
              
[36m/>[39m
              
[36m<path[39m
                
[33md[39m=[32m"M19 
12H5"[39m
              
[36m/>[39m
            
[36m</svg>[39m
          
[36m</button>[39m
        
[36m</form>[39m
      [36m</div>[39m
    [36m</div>[39m
  [36m</body>[39m
[36m</html>[39m
[90m [2mΓ¥»[22m 
Proxy.waitForWrapper n
ode_modules/@testing-l
ibrary/dom/dist/wait-f
or.js:[2m163:27[22m
[39m
[36m [2mΓ¥»[22m src
/components/auth/__tes
ts__/LoginForm.test.ts
x:[2m123:19[22m[39m
    [90m121| [39m   
         [34mrender[
39m([33m<[39m[33mLo
ginForm[39m [33m/[3
9m[33m>[39m[33m,[3
9m { 
wrapper[33m:[39m 
[33mTestWrapper[39m 
})[33m;[39m
    [90m122| [39m
    [90m123| [39m   
         
[35mawait[39m 
[34mwaitFor[39m(() 
[33m=>[39m {
    [90m   | [39m   
               
[31m^[39m
    [90m124| [39m   
             expect(sc
reen.getByPlaceholderT
ext(/example@email.com
/ΓÇª
    [90m125| [39m   
         })[33m;[39m

[31m[2mΓÄ»ΓÄ»ΓÄ»ΓÄ»Γ
Ä»ΓÄ»ΓÄ»ΓÄ»ΓÄ»ΓÄ»ΓÄ»ΓÄ
»ΓÄ»ΓÄ»ΓÄ»ΓÄ»ΓÄ»ΓÄ»ΓÄ»
ΓÄ»ΓÄ»ΓÄ»ΓÄ»[3/13]ΓÄ»
[22m[39m

[41m[1m FAIL 
[22m[49m src/compone
nts/auth/__tests__/Log
inForm.test.tsx[2m > 
[22mLoginForm[2m > 
[22mForm 
Submission[2m > 
[22mshould call 
signInWithEmail on 
valid form submission
[31m[1mTestingLibrar
yElementError[22m[39
m: Unable to find an 
element with the 
placeholder text of: 
/example@email.com/i

Ignored nodes: 
comments, script, 
style
[36m<body>[39m
  [36m<div>[39m
    [36m<div[39m
      [33mclass[39m=
[32m"w-full max-w-md 
mx-auto"[39m
    [36m>[39m
      [36m<form[39m
        [33mclass[39
m=[32m"space-y-6"[39
m
      [36m>[39m
        [36m<div[39m
          [33mclass[
39m=[32m"text-center 
mb-8"[39m
        [36m>[39m
          
[36m<div[39m
            [33mclass
[39m=[32m"relative 
inline-block"[39m
          [36m>[39m
            
[36m<div[39m
              [33mcla
ss[39m=[32m"w-20 
h-20 rounded-2xl 
gradient-primary flex 
items-center 
justify-center 
mx-auto mb-5 
shadow-lg shadow-prima
ry-600/30"[39m
            
[36m>[39m
              
[36m<svg[39m
                [33ma
ria-hidden[39m=[32m"
true"[39m
                [33mc
lass[39m=[32m"lucide
 lucide-mail w-10 
h-10 text-white"[39m
                [33mf
ill[39m=[32m"none"[
39m
                [33mh
eight[39m=[32m"24"[
39m
                [33ms
troke[39m=[32m"curre
ntColor"[39m
                [33ms
troke-linecap[39m=[3
2m"round"[39m
                [33ms
troke-linejoin[39m=[
32m"round"[39m
                [33ms
troke-width[39m=[32m
"2"[39m
                [33mv
iewBox[39m=[32m"0 0 
24 24"[39m
                [33mw
idth[39m=[32m"24"[3
9m
                [33mx
mlns[39m=[32m"http:/
/www.w3.org/2000/svg"
[39m
              
[36m>[39m
                
[36m<path[39m
                  
[33md[39m=[32m"m22 
7-8.991 5.727a2 2 0 0 
1-2.009 0L2 7"[39m
                
[36m/>[39m
                
[36m<rect[39m
                  [33
mheight[39m=[32m"16"
[39m
                  [33
mrx[39m=[32m"2"[39m
                  [33
mwidth[39m=[32m"20"
[39m
                  [33
mx[39m=[32m"2"[39m
                  [33
my[39m=[32m"4"[39m
                
[36m/>[39m
              
[36m</svg>[39m
            
[36m</div>[39m
            
[36m<div[39m
              [33mcla
ss[39m=[32m"absolute
 -top-1 -end-1 w-8 
h-8 rounded-xl 
bg-gradient-to-r 
from-accent-400 
to-accent-600 flex 
items-center 
justify-center 
shadow-lg"[39m
            
[36m>[39m
              
[36m<svg[39m
                [33ma
ria-hidden[39m=[32m"
true"[39m
                [33mc
lass[39m=[32m"lucide
 lucide-sparkles w-4 
h-4 text-white"[39m
                [33mf
ill[39m=[32m"none"[
39m
                [33mh
eight[39m=[32m"24"[
39m
                [33ms
troke[39m=[32m"curre
ntColor"[39m
                [33ms
troke-linecap[39m=[3
2m"round"[39m
                [33ms
troke-linejoin[39m=[
32m"round"[39m
                [33ms
troke-width[39m=[32m
"2"[39m
                [33mv
iewBox[39m=[32m"0 0 
24 24"[39m
                [33mw
idth[39m=[32m"24"[3
9m
                [33mx
mlns[39m=[32m"http:/
/www.w3.org/2000/svg"
[39m
              
[36m>[39m
                
[36m<path[39m
                  [33
md[39m=[32m"M11.017 
2.814a1 1 0 0 1 1.966 
0l1.051 5.558a2 2 0 0 
0 1.594 1.594l5.558 
1.051a1 1 0 0 1 0 
1.966l-5.558 1.051a2 
2 0 0 0-1.594 
1.594l-1.051 5.558a1 
1 0 0 1-1.966 
0l-1.051-5.558a2 2 0 
0 0-1.594-1.594l-5.558
-1.051a1 1 0 0 1 
0-1.966l5.558-1.051a2 
2 0 0 0 
1.594-1.594z"[39m
                
[36m/>[39m
                
[36m<path[39m
                  
[33md[39m=[32m"M20 
2v4"[39m
                
[36m/>[39m
                
[36m<path[39m
                  
[33md[39m=[32m"M22 
4h-4"[39m
                
[36m/>[39m
                
[36m<circle[39m
                  [33
mcx[39m=[32m"4"[39m
                  [33
mcy[39m=[32m"20"[39
m
                  [33
mr[39m=[32m"2"[39m
                
[36m/>[39m
              
[36m</svg>[39m
            
[36m</div>[39m
          
[36m</div>[39m
          
[36m<h2[39m
            [33mclass
[39m=[32m"text-2xl 
font-bold mb-2"[39m
          [36m>[39m
            
[0m╪¬╪│╪¼┘è┘ä 
╪º┘ä╪»╪«┘ê┘ä[0m
          
[36m</h2>[39m
          [36m<p[39m
            [33mclass
[39m=[32m"text-muted
"[39m
          [36m>[39m
            
[0m╪ú╪»╪«┘ä 
╪¿╪▒┘è╪»┘â 
╪º┘ä╪Ñ┘ä┘â╪¬╪▒┘ê┘å┘è 
┘ê┘â┘ä┘à╪⌐ 
╪º┘ä┘à╪▒┘ê╪▒[0m
          
[36m</p>[39m
        
[36m</div>[39m
        [36m<div[39m
          [33mclass[
39m=[32m"space-y-5"[
39m
        [36m>[39m
          
[36m<div[39m
            [33mclass
[39m=[32m"relative"
[39m
          [36m>[39m
            
[36m<label[39m
              [33mcla
ss[39m=[32m"label 
flex items-center 
gap-2"[39m
            
[36m>[39m
              
[36m<svg[39m
                [33ma
ria-hidden[39m=[32m"
true"[39m
                [33mc
lass[39m=[32m"lucide
 lucide-mail w-4 h-4 
text-primary-500"[39m
                [33mf
ill[39m=[32m"none"[
39m
                [33mh
eight[39m=[32m"24"[
39m
                [33ms
troke[39m=[32m"curre
ntColor"[39m
                [33ms
troke-linecap[39m=[3
2m"round"[39m
                [33ms
troke-linejoin[39m=[
32m"round"[39m
                [33ms
troke-width[39m=[32m
"2"[39m
                [33mv
iewBox[39m=[32m"0 0 
24 24"[39m
                [33mw
idth[39m=[32m"24"[3
9m
                [33mx
mlns[39m=[32m"http:/
/www.w3.org/2000/svg"
[39m
              
[36m>[39m
                
[36m<path[39m
                  
[33md[39m=[32m"m22 
7-8.991 5.727a2 2 0 0 
1-2.009 0L2 7"[39m
                
[36m/>[39m
                
[36m<rect[39m
                  [33
mheight[39m=[32m"16"
[39m
                  [33
mrx[39m=[32m"2"[39m
                  [33
mwidth[39m=[32m"20"
[39m
                  [33
mx[39m=[32m"2"[39m
                  [33
my[39m=[32m"4"[39m
                
[36m/>[39m
              
[36m</svg>[39m
              
[0m╪º┘ä╪¿╪▒┘è╪» ╪º┘ä╪
Ñ┘ä┘â╪¬╪▒┘ê┘å┘è[0m
            
[36m</label>[39m
            
[36m<input[39m
              [33mcla
ss[39m=[32m"input"[
39m
              [33mdir
[39m=[32m"ltr"[39m
              [33mnam
e[39m=[32m"email"[3
9m
              [33mpla
ceholder[39m=[32m"╪ú
╪»╪«┘ä ╪¿╪▒┘è╪»┘â ╪º┘ä
╪Ñ┘ä┘â╪¬╪▒┘ê┘å┘è"[39m
              [33mtyp
e[39m=[32m"email"[3
9m
            
[36m/>[39m
          
[36m</div>[39m
          
[36m<div[39m
            [33mclass
[39m=[32m"relative"
[39m
          [36m>[39m
            
[36m<label[39m
              [33mcla
ss[39m=[32m"label 
flex items-center 
gap-2"[39m
            
[36m>[39m
              
[36m<svg[39m
                [33ma
ria-hidden[39m=[32m"
true"[39m
                [33mc
lass[39m=[32m"lucide
 lucide-lock w-4 h-4 
text-primary-500"[39m
                [33mf
ill[39m=[32m"none"[
39m
                [33mh
eight[39m=[32m"24"[
39m
                [33ms
troke[39m=[32m"curre
ntColor"[39m
                [33ms
troke-linecap[39m=[3
2m"round"[39m
                [33ms
troke-linejoin[39m=[
32m"round"[39m
                [33ms
troke-width[39m=[32m
"2"[39m
                [33mv
iewBox[39m=[32m"0 0 
24 24"[39m
                [33mw
idth[39m=[32m"24"[3
9m
                [33mx
mlns[39m=[32m"http:/
/www.w3.org/2000/svg"
[39m
              
[36m>[39m
                
[36m<rect[39m
                  [33
mheight[39m=[32m"11"
[39m
                  [33
mrx[39m=[32m"2"[39m
                  [33
mry[39m=[32m"2"[39m
                  [33
mwidth[39m=[32m"18"
[39m
                  [33
mx[39m=[32m"3"[39m
                  [33
my[39m=[32m"11"[39m
                
[36m/>[39m
                
[36m<path[39m
                  
[33md[39m=[32m"M7 
11V7a5 5 0 0 1 10 
0v4"[39m
                
[36m/>[39m
              
[36m</svg>[39m
              
[0m┘â┘ä┘à╪⌐ 
╪º┘ä┘à╪▒┘ê╪▒[0m
            
[36m</label>[39m
            
[36m<div[39m
              [33mcla
ss[39m=[32m"relative
"[39m
            
[36m>[39m
              
[36m<input[39m
                [33mc
lass[39m=[32m"input 
pe-12"[39m
                [33md
ir[39m=[32m"ltr"[39
m
                [33mn
ame[39m=[32m"passwor
d"[39m
                [33mp
laceholder[39m=[32m"
╪ú╪»╪«┘ä ┘â┘ä┘à╪⌐ 
╪º┘ä┘à╪▒┘ê╪▒"[39m
                [33mt
ype[39m=[32m"passwor
d"[39m
              
[36m/>[39m
              
[36m<button[39m
                [33mc
lass[39m=[32m"absolu
te end-3 top-1/2 
-translate-y-1/2 w-8 
h-8 rounded-lg flex 
items-center 
justify-center 
text-dark-400 
hover:text-dark-600 da
rk:hover:text-dark-300
 hover:bg-dark-100 dar
k:hover:bg-dark-700 tr
ansition-colors"[39m
                [33mt
ype[39m=[32m"button"
[39m
              
[36m>[39m
                
[36m<svg[39m
                  [33
maria-hidden[39m=[32
m"true"[39m
                  [33
mclass[39m=[32m"luci
de lucide-eye w-5 
h-5"[39m
                  [33
mfill[39m=[32m"none"
[39m
                  [33
mheight[39m=[32m"24"
[39m
                  [33
mstroke[39m=[32m"cur
rentColor"[39m
                  [33
mstroke-linecap[39m=
[32m"round"[39m
                  [33
mstroke-linejoin[39m=
[32m"round"[39m
                  [33
mstroke-width[39m=[3
2m"2"[39m
                  [33
mviewBox[39m=[32m"0 
0 24 24"[39m
                  [33
mwidth[39m=[32m"24"
[39m
                  [33
mxmlns[39m=[32m"http
://www.w3.org/2000/svg
"[39m
                
[36m>[39m
                  
[36m<path[39m
                    [
33md[39m=[32m"M2.062
 12.348a1 1 0 0 1 
0-.696 10.75 10.75 0 
0 1 19.876 0 1 1 0 0 
1 0 .696 10.75 10.75 
0 0 1-19.876 0"[39m
                  
[36m/>[39m
                  
[36m<circle[39m
                    [
33mcx[39m=[32m"12"[
39m
                    [
33mcy[39m=[32m"12"[
39m
                    [
33mr[39m=[32m"3"[39
m
                  
[36m/>[39m
                
[36m</svg>[39m
              
[36m</button>[39m
            
[36m</div>[39m
          
[36m</div>[39m
        
[36m</div>[39m
        
[36m<button[39m
          [33mclass[
39m=[32m"btn-primary 
btn-lg w-full 
group"[39m
          [33mtype[3
9m=[32m"submit"[39m
        [36m>[39m
          
[36m<span>[39m
            
[0m╪¬╪│╪¼┘è┘ä 
╪º┘ä╪»╪«┘ê┘ä[0m
          
[36m</span>[39m
          
[36m<svg[39m
            [33maria-
hidden[39m=[32m"true
"[39m
            [33mclass
[39m=[32m"lucide 
lucide-arrow-left w-5 
h-5 group-hover:transl
ate-x-1 transition-tra
nsform"[39m
            [33mfill
[39m=[32m"none"[39m
            [33mheigh
t[39m=[32m"24"[39m
            [33mstrok
e[39m=[32m"currentCo
lor"[39m
            [33mstrok
e-linecap[39m=[32m"r
ound"[39m
            [33mstrok
e-linejoin[39m=[32m"
round"[39m
            [33mstrok
e-width[39m=[32m"2"
[39m
            [33mviewB
ox[39m=[32m"0 0 24 
24"[39m
            [33mwidth
[39m=[32m"24"[39m
            [33mxmlns
[39m=[32m"http://www
.w3.org/2000/svg"[39m
          [36m>[39m
            
[36m<path[39m
              
[33md[39m=[32m"m12 
19-7-7 7-7"[39m
            
[36m/>[39m
            
[36m<path[39m
              
[33md[39m=[32m"M19 
12H5"[39m
            
[36m/>[39m
          
[36m</svg>[39m
        
[36m</button>[39m
      
[36m</form>[39m
    [36m</div>[39m
  [36m</div>[39m
[36m</body>[39m

Ignored nodes: 
comments, script, 
style
[36m<html[39m
  [33mdir[39m=[32m"
rtl"[39m
  [33mlang[39m=[32m
"ar"[39m
[36m>[39m
  [36m<head />[39m
  [36m<body>[39m
    [36m<div>[39m
      [36m<div[39m
        [33mclass[39
m=[32m"w-full 
max-w-md mx-auto"[39m
      [36m>[39m
        
[36m<form[39m
          [33mclass[
39m=[32m"space-y-6"[
39m
        [36m>[39m
          
[36m<div[39m
            [33mclass
[39m=[32m"text-cente
r mb-8"[39m
          [36m>[39m
            
[36m<div[39m
              [33mcla
ss[39m=[32m"relative
 inline-block"[39m
            
[36m>[39m
              
[36m<div[39m
                [33mc
lass[39m=[32m"w-20 
h-20 rounded-2xl 
gradient-primary flex 
items-center 
justify-center 
mx-auto mb-5 
shadow-lg shadow-prima
ry-600/30"[39m
              
[36m>[39m
                
[36m<svg[39m
                  [33
maria-hidden[39m=[32
m"true"[39m
                  [33
mclass[39m=[32m"luci
de lucide-mail w-10 
h-10 text-white"[39m
                  [33
mfill[39m=[32m"none"
[39m
                  [33
mheight[39m=[32m"24"
[39m
                  [33
mstroke[39m=[32m"cur
rentColor"[39m
                  [33
mstroke-linecap[39m=
[32m"round"[39m
                  [33
mstroke-linejoin[39m=
[32m"round"[39m
                  [33
mstroke-width[39m=[3
2m"2"[39m
                  [33
mviewBox[39m=[32m"0 
0 24 24"[39m
                  [33
mwidth[39m=[32m"24"
[39m
                  [33
mxmlns[39m=[32m"http
://www.w3.org/2000/svg
"[39m
                
[36m>[39m
                  
[36m<path[39m
                    
[33md[39m=[32m"m22 
7-8.991 5.727a2 2 0 0 
1-2.009 0L2 7"[39m
                  
[36m/>[39m
                  
[36m<rect[39m
                    [
33mheight[39m=[32m"1
6"[39m
                    [
33mrx[39m=[32m"2"[3
9m
                    [
33mwidth[39m=[32m"20
"[39m
                    [
33mx[39m=[32m"2"[39
m
                    [
33my[39m=[32m"4"[39
m
                  
[36m/>[39m
                
[36m</svg>[39m
              
[36m</div>[39m
              
[36m<div[39m
                [33mc
lass[39m=[32m"absolu
te -top-1 -end-1 w-8 
h-8 rounded-xl 
bg-gradient-to-r 
from-accent-400 
to-accent-600 flex 
items-center 
justify-center 
shadow-lg"[39m
              
[36m>[39m
                
[36m<svg[39m
                  [33
maria-hidden[39m=[32
m"true"[39m
                  [33
mclass[39m=[32m"luci
de lucide-sparkles 
w-4 h-4 
text-white"[39m
                  [33
mfill[39m=[32m"none"
[39m
                  [33
mheight[39m=[32m"24"
[39m
                  [33
mstroke[39m=[32m"cur
rentColor"[39m
                  [33
mstroke-linecap[39m=
[32m"round"[39m
                  [33
mstroke-linejoin[39m=
[32m"round"[39m
                  [33
mstroke-width[39m=[3
2m"2"[39m
                  [33
mviewBox[39m=[32m"0 
0 24 24"[39m
                  [33
mwidth[39m=[32m"24"
[39m
                  [33
mxmlns[39m=[32m"http
://www.w3.org/2000/svg
"[39m
                
[36m>[39m
                  
[36m<path[39m
                    [
33md[39m=[32m"M11.01
7 2.814a1 1 0 0 1 
1.966 0l1.051 5.558a2 
2 0 0 0 1.594 
1.594l5.558 1.051a1 1 
0 0 1 0 1.966l-5.558 
1.051a2 2 0 0 0-1.594 
1.594l-1.051 5.558a1 
1 0 0 1-1.966 
0l-1.051-5.558a2 2 0 
0 0-1.594-1.594l-5.558
-1.051a1 1 0 0 1 
0-1.966l5.558-1.051a2 
2 0 0 0 
1.594-1.594z"[39m
                  
[36m/>[39m
                  
[36m<path[39m
                    
[33md[39m=[32m"M20 
2v4"[39m
                  
[36m/>[39m
                  
[36m<path[39m
                    
[33md[39m=[32m"M22 
4h-4"[39m
                  
[36m/>[39m
                  
[36m<circle[39m
                    [
33mcx[39m=[32m"4"[3
9m
                    [
33mcy[39m=[32m"20"[
39m
                    [
33mr[39m=[32m"2"[39
m
                  
[36m/>[39m
                
[36m</svg>[39m
              
[36m</div>[39m
            
[36m</div>[39m
            
[36m<h2[39m
              [33mcla
ss[39m=[32m"text-2xl
 font-bold mb-2"[39m
            
[36m>[39m
              
[0m╪¬╪│╪¼┘è┘ä 
╪º┘ä╪»╪«┘ê┘ä[0m
            
[36m</h2>[39m
            
[36m<p[39m
              [33mcla
ss[39m=[32m"text-mut
ed"[39m
            
[36m>[39m
              
[0m╪ú╪»╪«┘ä 
╪¿╪▒┘è╪»┘â 
╪º┘ä╪Ñ┘ä┘â╪¬╪▒┘ê┘å┘è 
┘ê┘â┘ä┘à╪⌐ 
╪º┘ä┘à╪▒┘ê╪▒[0m
            
[36m</p>[39m
          
[36m</div>[39m
          
[36m<div[39m
            [33mclass
[39m=[32m"space-y-5"
[39m
          [36m>[39m
            
[36m<div[39m
              [33mcla
ss[39m=[32m"relative
"[39m
            
[36m>[39m
              
[36m<label[39m
                [33mc
lass[39m=[32m"label 
flex items-center 
gap-2"[39m
              
[36m>[39m
                
[36m<svg[39m
                  [33
maria-hidden[39m=[32
m"true"[39m
                  [33
mclass[39m=[32m"luci
de lucide-mail w-4 
h-4 
text-primary-500"[39m
                  [33
mfill[39m=[32m"none"
[39m
                  [33
mheight[39m=[32m"24"
[39m
                  [33
mstroke[39m=[32m"cur
rentColor"[39m
                  [33
mstroke-linecap[39m=
[32m"round"[39m
                  [33
mstroke-linejoin[39m=
[32m"round"[39m
                  [33
mstroke-width[39m=[3
2m"2"[39m
                  [33
mviewBox[39m=[32m"0 
0 24 24"[39m
                  [33
mwidth[39m=[32m"24"
[39m
                  [33
mxmlns[39m=[32m"http
://www.w3.org/2000/svg
"[39m
                
[36m>[39m
                  
[36m<path[39m
                    
[33md[39m=[32m"m22 
7-8.991 5.727a2 2 0 0 
1-2.009 0L2 7"[39m
                  
[36m/>[39m
                  
[36m<rect[39m
                    [
33mheight[39m=[32m"1
6"[39m
                    [
33mrx[39m=[32m"2"[3
9m
                    [
33mwidth[39m=[32m"20
"[39m
                    [
33mx[39m=[32m"2"[39
m
                    [
33my[39m=[32m"4"[39
m
                  
[36m/>[39m
                
[36m</svg>[39m
                
[0m╪º┘ä╪¿╪▒┘è╪» ╪º┘ä╪
Ñ┘ä┘â╪¬╪▒┘ê┘å┘è[0m
              
[36m</label>[39m
              
[36m<input[39m
                [33mc
lass[39m=[32m"input"
[39m
                [33md
ir[39m=[32m"ltr"[39
m
                [33mn
ame[39m=[32m"email"
[39m
                [33mp
laceholder[39m=[32m"
╪ú╪»╪«┘ä ╪¿╪▒┘è╪»┘â ╪º
┘ä╪Ñ┘ä┘â╪¬╪▒┘ê┘å┘è"[3
9m
                [33mt
ype[39m=[32m"email"
[39m
              
[36m/>[39m
            
[36m</div>[39m
            
[36m<div[39m
              [33mcla
ss[39m=[32m"relative
"[39m
            
[36m>[39m
              
[36m<label[39m
                [33mc
lass[39m=[32m"label 
flex items-center 
gap-2"[39m
              
[36m>[39m
                
[36m<svg[39m
                  [33
maria-hidden[39m=[32
m"true"[39m
                  [33
mclass[39m=[32m"luci
de lucide-lock w-4 
h-4 
text-primary-500"[39m
                  [33
mfill[39m=[32m"none"
[39m
                  [33
mheight[39m=[32m"24"
[39m
                  [33
mstroke[39m=[32m"cur
rentColor"[39m
                  [33
mstroke-linecap[39m=
[32m"round"[39m
                  [33
mstroke-linejoin[39m=
[32m"round"[39m
                  [33
mstroke-width[39m=[3
2m"2"[39m
                  [33
mviewBox[39m=[32m"0 
0 24 24"[39m
                  [33
mwidth[39m=[32m"24"
[39m
                  [33
mxmlns[39m=[32m"http
://www.w3.org/2000/svg
"[39m
                
[36m>[39m
                  
[36m<rect[39m
                    [
33mheight[39m=[32m"1
1"[39m
                    [
33mrx[39m=[32m"2"[3
9m
                    [
33mry[39m=[32m"2"[3
9m
                    [
33mwidth[39m=[32m"18
"[39m
                    [
33mx[39m=[32m"3"[39
m
                    [
33my[39m=[32m"11"[3
9m
                  
[36m/>[39m
                  
[36m<path[39m
                    
[33md[39m=[32m"M7 
11V7a5 5 0 0 1 10 
0v4"[39m
                  
[36m/>[39m
                
[36m</svg>[39m
                
[0m┘â┘ä┘à╪⌐ 
╪º┘ä┘à╪▒┘ê╪▒[0m
              
[36m</label>[39m
              
[36m<div[39m
                [33mc
lass[39m=[32m"relati
ve"[39m
              
[36m>[39m
                
[36m<input[39m
                  [33
mclass[39m=[32m"inpu
t pe-12"[39m
                  [33
mdir[39m=[32m"ltr"[
39m
                  [33
mname[39m=[32m"passw
ord"[39m
                  [33
mplaceholder[39m=[32
m"╪ú╪»╪«┘ä ┘â┘ä┘à╪⌐ 
╪º┘ä┘à╪▒┘ê╪▒"[39m
                  [33
mtype[39m=[32m"passw
ord"[39m
                
[36m/>[39m
                
[36m<button[39m
                  [33
mclass[39m=[32m"abso
lute end-3 top-1/2 
-translate-y-1/2 w-8 
h-8 rounded-lg flex 
items-center 
justify-center 
text-dark-400 
hover:text-dark-600 da
rk:hover:text-dark-300
 hover:bg-dark-100 dar
k:hover:bg-dark-700 tr
ansition-colors"[39m
                  [33
mtype[39m=[32m"butto
n"[39m
                
[36m>[39m
                  
[36m<svg[39m
                    [
33maria-hidden[39m=[
32m"true"[39m
                    [
33mclass[39m=[32m"lu
cide lucide-eye w-5 
h-5"[39m
                    [
33mfill[39m=[32m"non
e"[39m
                    [
33mheight[39m=[32m"2
4"[39m
                    [
33mstroke[39m=[32m"c
urrentColor"[39m
                    [
33mstroke-linecap[39m
=[32m"round"[39m
                    [
33mstroke-linejoin[39
m=[32m"round"[39m
                    [
33mstroke-width[39m=
[32m"2"[39m
                    [
33mviewBox[39m=[32m"
0 0 24 24"[39m
                    [
33mwidth[39m=[32m"24
"[39m
                    [
33mxmlns[39m=[32m"ht
tp://www.w3.org/2000/s
vg"[39m
                  
[36m>[39m
                    
[36m<path[39m
                      
[33md[39m=[32m"M2.0
62 12.348a1 1 0 0 1 
0-.696 10.75 10.75 0 
0 1 19.876 0 1 1 0 0 
1 0 .696 10.75 10.75 
0 0 1-19.876 0"[39m
                    
[36m/>[39m
                    
[36m<circle[39m
                      
[33mcx[39m=[32m"12"
[39m
                      
[33mcy[39m=[32m"12"
[39m
                      
[33mr[39m=[32m"3"[
39m
                    
[36m/>[39m
                  
[36m</svg>[39m
                
[36m</button>[39m
              
[36m</div>[39m
            
[36m</div>[39m
          
[36m</div>[39m
          
[36m<button[39m
            [33mclass
[39m=[32m"btn-primar
y btn-lg w-full 
group"[39m
            [33mtype
[39m=[32m"submit"[39
m
          [36m>[39m
            
[36m<span>[39m
              
[0m╪¬╪│╪¼┘è┘ä 
╪º┘ä╪»╪«┘ê┘ä[0m
            
[36m</span>[39m
            
[36m<svg[39m
              [33mari
a-hidden[39m=[32m"tr
ue"[39m
              [33mcla
ss[39m=[32m"lucide 
lucide-arrow-left w-5 
h-5 group-hover:transl
ate-x-1 transition-tra
nsform"[39m
              [33mfil
l[39m=[32m"none"[39
m
              [33mhei
ght[39m=[32m"24"[39
m
              [33mstr
oke[39m=[32m"current
Color"[39m
              [33mstr
oke-linecap[39m=[32m
"round"[39m
              [33mstr
oke-linejoin[39m=[32
m"round"[39m
              [33mstr
oke-width[39m=[32m"2
"[39m
              [33mvie
wBox[39m=[32m"0 0 
24 24"[39m
              [33mwid
th[39m=[32m"24"[39m
              [33mxml
ns[39m=[32m"http://w
ww.w3.org/2000/svg"[3
9m
            
[36m>[39m
              
[36m<path[39m
                
[33md[39m=[32m"m12 
19-7-7 7-7"[39m
              
[36m/>[39m
              
[36m<path[39m
                
[33md[39m=[32m"M19 
12H5"[39m
              
[36m/>[39m
            
[36m</svg>[39m
          
[36m</button>[39m
        
[36m</form>[39m
      [36m</div>[39m
    [36m</div>[39m
  [36m</body>[39m
[36m</html>[39m
[90m [2mΓ¥»[22m 
Proxy.waitForWrapper n
ode_modules/@testing-l
ibrary/dom/dist/wait-f
or.js:[2m163:27[22m
[39m
[36m [2mΓ¥»[22m src
/components/auth/__tes
ts__/LoginForm.test.ts
x:[2m152:19[22m[39m
    [90m150| [39m   
         [34mrender[
39m([33m<[39m[33mLo
ginForm[39m [33m/[3
9m[33m>[39m[33m,[3
9m { 
wrapper[33m:[39m 
[33mTestWrapper[39m 
})[33m;[39m
    [90m151| [39m
    [90m152| [39m   
         
[35mawait[39m 
[34mwaitFor[39m(() 
[33m=>[39m {
    [90m   | [39m   
               
[31m^[39m
    [90m153| [39m   
             expect(sc
reen.getByPlaceholderT
ext(/example@email.com
/ΓÇª
    [90m154| [39m   
         })[33m;[39m

[31m[2mΓÄ»ΓÄ»ΓÄ»ΓÄ»Γ
Ä»ΓÄ»ΓÄ»ΓÄ»ΓÄ»ΓÄ»ΓÄ»ΓÄ
»ΓÄ»ΓÄ»ΓÄ»ΓÄ»ΓÄ»ΓÄ»ΓÄ»
ΓÄ»ΓÄ»ΓÄ»ΓÄ»[4/13]ΓÄ»
[22m[39m

[41m[1m FAIL 
[22m[49m src/compone
nts/auth/__tests__/Log
inForm.test.tsx[2m > 
[22mLoginForm[2m > 
[22mPassword 
Visibility Toggle[2m 
> [22mshould toggle 
password visibility
[31m[1mTestingLibrar
yElementError[22m[39
m: Unable to find an 
element with the 
placeholder text of: 
/\*\*\*\*\*\*/

Ignored nodes: 
comments, script, 
style
[36m<body>[39m
  [36m<div>[39m
    [36m<div[39m
      [33mclass[39m=
[32m"w-full max-w-md 
mx-auto"[39m
    [36m>[39m
      [36m<form[39m
        [33mclass[39
m=[32m"space-y-6"[39
m
      [36m>[39m
        [36m<div[39m
          [33mclass[
39m=[32m"text-center 
mb-8"[39m
        [36m>[39m
          
[36m<div[39m
            [33mclass
[39m=[32m"relative 
inline-block"[39m
          [36m>[39m
            
[36m<div[39m
              [33mcla
ss[39m=[32m"w-20 
h-20 rounded-2xl 
gradient-primary flex 
items-center 
justify-center 
mx-auto mb-5 
shadow-lg shadow-prima
ry-600/30"[39m
            
[36m>[39m
              
[36m<svg[39m
                [33ma
ria-hidden[39m=[32m"
true"[39m
                [33mc
lass[39m=[32m"lucide
 lucide-mail w-10 
h-10 text-white"[39m
                [33mf
ill[39m=[32m"none"[
39m
                [33mh
eight[39m=[32m"24"[
39m
                [33ms
troke[39m=[32m"curre
ntColor"[39m
                [33ms
troke-linecap[39m=[3
2m"round"[39m
                [33ms
troke-linejoin[39m=[
32m"round"[39m
                [33ms
troke-width[39m=[32m
"2"[39m
                [33mv
iewBox[39m=[32m"0 0 
24 24"[39m
                [33mw
idth[39m=[32m"24"[3
9m
                [33mx
mlns[39m=[32m"http:/
/www.w3.org/2000/svg"
[39m
              
[36m>[39m
                
[36m<path[39m
                  
[33md[39m=[32m"m22 
7-8.991 5.727a2 2 0 0 
1-2.009 0L2 7"[39m
                
[36m/>[39m
                
[36m<rect[39m
                  [33
mheight[39m=[32m"16"
[39m
                  [33
mrx[39m=[32m"2"[39m
                  [33
mwidth[39m=[32m"20"
[39m
                  [33
mx[39m=[32m"2"[39m
                  [33
my[39m=[32m"4"[39m
                
[36m/>[39m
              
[36m</svg>[39m
            
[36m</div>[39m
            
[36m<div[39m
              [33mcla
ss[39m=[32m"absolute
 -top-1 -end-1 w-8 
h-8 rounded-xl 
bg-gradient-to-r 
from-accent-400 
to-accent-600 flex 
items-center 
justify-center 
shadow-lg"[39m
            
[36m>[39m
              
[36m<svg[39m
                [33ma
ria-hidden[39m=[32m"
true"[39m
                [33mc
lass[39m=[32m"lucide
 lucide-sparkles w-4 
h-4 text-white"[39m
                [33mf
ill[39m=[32m"none"[
39m
                [33mh
eight[39m=[32m"24"[
39m
                [33ms
troke[39m=[32m"curre
ntColor"[39m
                [33ms
troke-linecap[39m=[3
2m"round"[39m
                [33ms
troke-linejoin[39m=[
32m"round"[39m
                [33ms
troke-width[39m=[32m
"2"[39m
                [33mv
iewBox[39m=[32m"0 0 
24 24"[39m
                [33mw
idth[39m=[32m"24"[3
9m
                [33mx
mlns[39m=[32m"http:/
/www.w3.org/2000/svg"
[39m
              
[36m>[39m
                
[36m<path[39m
                  [33
md[39m=[32m"M11.017 
2.814a1 1 0 0 1 1.966 
0l1.051 5.558a2 2 0 0 
0 1.594 1.594l5.558 
1.051a1 1 0 0 1 0 
1.966l-5.558 1.051a2 
2 0 0 0-1.594 
1.594l-1.051 5.558a1 
1 0 0 1-1.966 
0l-1.051-5.558a2 2 0 
0 0-1.594-1.594l-5.558
-1.051a1 1 0 0 1 
0-1.966l5.558-1.051a2 
2 0 0 0 
1.594-1.594z"[39m
                
[36m/>[39m
                
[36m<path[39m
                  
[33md[39m=[32m"M20 
2v4"[39m
                
[36m/>[39m
                
[36m<path[39m
                  
[33md[39m=[32m"M22 
4h-4"[39m
                
[36m/>[39m
                
[36m<circle[39m
                  [33
mcx[39m=[32m"4"[39m
                  [33
mcy[39m=[32m"20"[39
m
                  [33
mr[39m=[32m"2"[39m
                
[36m/>[39m
              
[36m</svg>[39m
            
[36m</div>[39m
          
[36m</div>[39m
          
[36m<h2[39m
            [33mclass
[39m=[32m"text-2xl 
font-bold mb-2"[39m
          [36m>[39m
            
[0m╪¬╪│╪¼┘è┘ä 
╪º┘ä╪»╪«┘ê┘ä[0m
          
[36m</h2>[39m
          [36m<p[39m
            [33mclass
[39m=[32m"text-muted
"[39m
          [36m>[39m
            
[0m╪ú╪»╪«┘ä 
╪¿╪▒┘è╪»┘â 
╪º┘ä╪Ñ┘ä┘â╪¬╪▒┘ê┘å┘è 
┘ê┘â┘ä┘à╪⌐ 
╪º┘ä┘à╪▒┘ê╪▒[0m
          
[36m</p>[39m
        
[36m</div>[39m
        [36m<div[39m
          [33mclass[
39m=[32m"space-y-5"[
39m
        [36m>[39m
          
[36m<div[39m
            [33mclass
[39m=[32m"relative"
[39m
          [36m>[39m
            
[36m<label[39m
              [33mcla
ss[39m=[32m"label 
flex items-center 
gap-2"[39m
            
[36m>[39m
              
[36m<svg[39m
                [33ma
ria-hidden[39m=[32m"
true"[39m
                [33mc
lass[39m=[32m"lucide
 lucide-mail w-4 h-4 
text-primary-500"[39m
                [33mf
ill[39m=[32m"none"[
39m
                [33mh
eight[39m=[32m"24"[
39m
                [33ms
troke[39m=[32m"curre
ntColor"[39m
                [33ms
troke-linecap[39m=[3
2m"round"[39m
                [33ms
troke-linejoin[39m=[
32m"round"[39m
                [33ms
troke-width[39m=[32m
"2"[39m
                [33mv
iewBox[39m=[32m"0 0 
24 24"[39m
                [33mw
idth[39m=[32m"24"[3
9m
                [33mx
mlns[39m=[32m"http:/
/www.w3.org/2000/svg"
[39m
              
[36m>[39m
                
[36m<path[39m
                  
[33md[39m=[32m"m22 
7-8.991 5.727a2 2 0 0 
1-2.009 0L2 7"[39m
                
[36m/>[39m
                
[36m<rect[39m
                  [33
mheight[39m=[32m"16"
[39m
                  [33
mrx[39m=[32m"2"[39m
                  [33
mwidth[39m=[32m"20"
[39m
                  [33
mx[39m=[32m"2"[39m
                  [33
my[39m=[32m"4"[39m
                
[36m/>[39m
              
[36m</svg>[39m
              
[0m╪º┘ä╪¿╪▒┘è╪» ╪º┘ä╪
Ñ┘ä┘â╪¬╪▒┘ê┘å┘è[0m
            
[36m</label>[39m
            
[36m<input[39m
              [33mcla
ss[39m=[32m"input"[
39m
              [33mdir
[39m=[32m"ltr"[39m
              [33mnam
e[39m=[32m"email"[3
9m
              [33mpla
ceholder[39m=[32m"╪ú
╪»╪«┘ä ╪¿╪▒┘è╪»┘â ╪º┘ä
╪Ñ┘ä┘â╪¬╪▒┘ê┘å┘è"[39m
              [33mtyp
e[39m=[32m"email"[3
9m
            
[36m/>[39m
          
[36m</div>[39m
          
[36m<div[39m
            [33mclass
[39m=[32m"relative"
[39m
          [36m>[39m
            
[36m<label[39m
              [33mcla
ss[39m=[32m"label 
flex items-center 
gap-2"[39m
            
[36m>[39m
              
[36m<svg[39m
                [33ma
ria-hidden[39m=[32m"
true"[39m
                [33mc
lass[39m=[32m"lucide
 lucide-lock w-4 h-4 
text-primary-500"[39m
                [33mf
ill[39m=[32m"none"[
39m
                [33mh
eight[39m=[32m"24"[
39m
                [33ms
troke[39m=[32m"curre
ntColor"[39m
                [33ms
troke-linecap[39m=[3
2m"round"[39m
                [33ms
troke-linejoin[39m=[
32m"round"[39m
                [33ms
troke-width[39m=[32m
"2"[39m
                [33mv
iewBox[39m=[32m"0 0 
24 24"[39m
                [33mw
idth[39m=[32m"24"[3
9m
                [33mx
mlns[39m=[32m"http:/
/www.w3.org/2000/svg"
[39m
              
[36m>[39m
                
[36m<rect[39m
                  [33
mheight[39m=[32m"11"
[39m
                  [33
mrx[39m=[32m"2"[39m
                  [33
mry[39m=[32m"2"[39m
                  [33
mwidth[39m=[32m"18"
[39m
                  [33
mx[39m=[32m"3"[39m
                  [33
my[39m=[32m"11"[39m
                
[36m/>[39m
                
[36m<path[39m
                  
[33md[39m=[32m"M7 
11V7a5 5 0 0 1 10 
0v4"[39m
                
[36m/>[39m
              
[36m</svg>[39m
              
[0m┘â┘ä┘à╪⌐ 
╪º┘ä┘à╪▒┘ê╪▒[0m
            
[36m</label>[39m
            
[36m<div[39m
              [33mcla
ss[39m=[32m"relative
"[39m
            
[36m>[39m
              
[36m<input[39m
                [33mc
lass[39m=[32m"input 
pe-12"[39m
                [33md
ir[39m=[32m"ltr"[39
m
                [33mn
ame[39m=[32m"passwor
d"[39m
                [33mp
laceholder[39m=[32m"
╪ú╪»╪«┘ä ┘â┘ä┘à╪⌐ 
╪º┘ä┘à╪▒┘ê╪▒"[39m
                [33mt
ype[39m=[32m"passwor
d"[39m
              
[36m/>[39m
              
[36m<button[39m
                [33mc
lass[39m=[32m"absolu
te end-3 top-1/2 
-translate-y-1/2 w-8 
h-8 rounded-lg flex 
items-center 
justify-center 
text-dark-400 
hover:text-dark-600 da
rk:hover:text-dark-300
 hover:bg-dark-100 dar
k:hover:bg-dark-700 tr
ansition-colors"[39m
                [33mt
ype[39m=[32m"button"
[39m
              
[36m>[39m
                
[36m<svg[39m
                  [33
maria-hidden[39m=[32
m"true"[39m
                  [33
mclass[39m=[32m"luci
de lucide-eye w-5 
h-5"[39m
                  [33
mfill[39m=[32m"none"
[39m
                  [33
mheight[39m=[32m"24"
[39m
                  [33
mstroke[39m=[32m"cur
rentColor"[39m
                  [33
mstroke-linecap[39m=
[32m"round"[39m
                  [33
mstroke-linejoin[39m=
[32m"round"[39m
                  [33
mstroke-width[39m=[3
2m"2"[39m
                  [33
mviewBox[39m=[32m"0 
0 24 24"[39m
                  [33
mwidth[39m=[32m"24"
[39m
                  [33
mxmlns[39m=[32m"http
://www.w3.org/2000/svg
"[39m
                
[36m>[39m
                  
[36m<path[39m
                    [
33md[39m=[32m"M2.062
 12.348a1 1 0 0 1 
0-.696 10.75 10.75 0 
0 1 19.876 0 1 1 0 0 
1 0 .696 10.75 10.75 
0 0 1-19.876 0"[39m
                  
[36m/>[39m
                  
[36m<circle[39m
                    [
33mcx[39m=[32m"12"[
39m
                    [
33mcy[39m=[32m"12"[
39m
                    [
33mr[39m=[32m"3"[39
m
                  
[36m/>[39m
                
[36m</svg>[39m
              
[36m</button>[39m
            
[36m</div>[39m
          
[36m</div>[39m
        
[36m</div>[39m
        
[36m<button[39m
          [33mclass[
39m=[32m"btn-primary 
btn-lg w-full 
group"[39m
          [33mtype[3
9m=[32m"submit"[39m
        [36m>[39m
          
[36m<span>[39m
            
[0m╪¬╪│╪¼┘è┘ä 
╪º┘ä╪»╪«┘ê┘ä[0m
          
[36m</span>[39m
          
[36m<svg[39m
            [33maria-
hidden[39m=[32m"true
"[39m
            [33mclass
[39m=[32m"lucide 
lucide-arrow-left w-5 
h-5 group-hover:transl
ate-x-1 transition-tra
nsform"[39m
            [33mfill
[39m=[32m"none"[39m
            [33mheigh
t[39m=[32m"24"[39m
            [33mstrok
e[39m=[32m"currentCo
lor"[39m
            [33mstrok
e-linecap[39m=[32m"r
ound"[39m
            [33mstrok
e-linejoin[39m=[32m"
round"[39m
            [33mstrok
e-width[39m=[32m"2"
[39m
            [33mviewB
ox[39m=[32m"0 0 24 
24"[39m
            [33mwidth
[39m=[32m"24"[39m
            [33mxmlns
[39m=[32m"http://www
.w3.org/2000/svg"[39m
          [36m>[39m
            
[36m<path[39m
              
[33md[39m=[32m"m12 
19-7-7 7-7"[39m
            
[36m/>[39m
            
[36m<path[39m
              
[33md[39m=[32m"M19 
12H5"[39m
            
[36m/>[39m
          
[36m</svg>[39m
        
[36m</button>[39m
      
[36m</form>[39m
    [36m</div>[39m
  [36m</div>[39m
[36m</body>[39m

Ignored nodes: 
comments, script, 
style
[36m<html[39m
  [33mdir[39m=[32m"
rtl"[39m
  [33mlang[39m=[32m
"ar"[39m
[36m>[39m
  [36m<head />[39m
  [36m<body>[39m
    [36m<div>[39m
      [36m<div[39m
        [33mclass[39
m=[32m"w-full 
max-w-md mx-auto"[39m
      [36m>[39m
        
[36m<form[39m
          [33mclass[
39m=[32m"space-y-6"[
39m
        [36m>[39m
          
[36m<div[39m
            [33mclass
[39m=[32m"text-cente
r mb-8"[39m
          [36m>[39m
            
[36m<div[39m
              [33mcla
ss[39m=[32m"relative
 inline-block"[39m
            
[36m>[39m
              
[36m<div[39m
                [33mc
lass[39m=[32m"w-20 
h-20 rounded-2xl 
gradient-primary flex 
items-center 
justify-center 
mx-auto mb-5 
shadow-lg shadow-prima
ry-600/30"[39m
              
[36m>[39m
                
[36m<svg[39m
                  [33
maria-hidden[39m=[32
m"true"[39m
                  [33
mclass[39m=[32m"luci
de lucide-mail w-10 
h-10 text-white"[39m
                  [33
mfill[39m=[32m"none"
[39m
                  [33
mheight[39m=[32m"24"
[39m
                  [33
mstroke[39m=[32m"cur
rentColor"[39m
                  [33
mstroke-linecap[39m=
[32m"round"[39m
                  [33
mstroke-linejoin[39m=
[32m"round"[39m
                  [33
mstroke-width[39m=[3
2m"2"[39m
                  [33
mviewBox[39m=[32m"0 
0 24 24"[39m
                  [33
mwidth[39m=[32m"24"
[39m
                  [33
mxmlns[39m=[32m"http
://www.w3.org/2000/svg
"[39m
                
[36m>[39m
                  
[36m<path[39m
                    
[33md[39m=[32m"m22 
7-8.991 5.727a2 2 0 0 
1-2.009 0L2 7"[39m
                  
[36m/>[39m
                  
[36m<rect[39m
                    [
33mheight[39m=[32m"1
6"[39m
                    [
33mrx[39m=[32m"2"[3
9m
                    [
33mwidth[39m=[32m"20
"[39m
                    [
33mx[39m=[32m"2"[39
m
                    [
33my[39m=[32m"4"[39
m
                  
[36m/>[39m
                
[36m</svg>[39m
              
[36m</div>[39m
              
[36m<div[39m
                [33mc
lass[39m=[32m"absolu
te -top-1 -end-1 w-8 
h-8 rounded-xl 
bg-gradient-to-r 
from-accent-400 
to-accent-600 flex 
items-center 
justify-center 
shadow-lg"[39m
              
[36m>[39m
                
[36m<svg[39m
                  [33
maria-hidden[39m=[32
m"true"[39m
                  [33
mclass[39m=[32m"luci
de lucide-sparkles 
w-4 h-4 
text-white"[39m
                  [33
mfill[39m=[32m"none"
[39m
                  [33
mheight[39m=[32m"24"
[39m
                  [33
mstroke[39m=[32m"cur
rentColor"[39m
                  [33
mstroke-linecap[39m=
[32m"round"[39m
                  [33
mstroke-linejoin[39m=
[32m"round"[39m
                  [33
mstroke-width[39m=[3
2m"2"[39m
                  [33
mviewBox[39m=[32m"0 
0 24 24"[39m
                  [33
mwidth[39m=[32m"24"
[39m
                  [33
mxmlns[39m=[32m"http
://www.w3.org/2000/svg
"[39m
                
[36m>[39m
                  
[36m<path[39m
                    [
33md[39m=[32m"M11.01
7 2.814a1 1 0 0 1 
1.966 0l1.051 5.558a2 
2 0 0 0 1.594 
1.594l5.558 1.051a1 1 
0 0 1 0 1.966l-5.558 
1.051a2 2 0 0 0-1.594 
1.594l-1.051 5.558a1 
1 0 0 1-1.966 
0l-1.051-5.558a2 2 0 
0 0-1.594-1.594l-5.558
-1.051a1 1 0 0 1 
0-1.966l5.558-1.051a2 
2 0 0 0 
1.594-1.594z"[39m
                  
[36m/>[39m
                  
[36m<path[39m
                    
[33md[39m=[32m"M20 
2v4"[39m
                  
[36m/>[39m
                  
[36m<path[39m
                    
[33md[39m=[32m"M22 
4h-4"[39m
                  
[36m/>[39m
                  
[36m<circle[39m
                    [
33mcx[39m=[32m"4"[3
9m
                    [
33mcy[39m=[32m"20"[
39m
                    [
33mr[39m=[32m"2"[39
m
                  
[36m/>[39m
                
[36m</svg>[39m
              
[36m</div>[39m
            
[36m</div>[39m
            
[36m<h2[39m
              [33mcla
ss[39m=[32m"text-2xl
 font-bold mb-2"[39m
            
[36m>[39m
              
[0m╪¬╪│╪¼┘è┘ä 
╪º┘ä╪»╪«┘ê┘ä[0m
            
[36m</h2>[39m
            
[36m<p[39m
              [33mcla
ss[39m=[32m"text-mut
ed"[39m
            
[36m>[39m
              
[0m╪ú╪»╪«┘ä 
╪¿╪▒┘è╪»┘â 
╪º┘ä╪Ñ┘ä┘â╪¬╪▒┘ê┘å┘è 
┘ê┘â┘ä┘à╪⌐ 
╪º┘ä┘à╪▒┘ê╪▒[0m
            
[36m</p>[39m
          
[36m</div>[39m
          
[36m<div[39m
            [33mclass
[39m=[32m"space-y-5"
[39m
          [36m>[39m
            
[36m<div[39m
              [33mcla
ss[39m=[32m"relative
"[39m
            
[36m>[39m
              
[36m<label[39m
                [33mc
lass[39m=[32m"label 
flex items-center 
gap-2"[39m
              
[36m>[39m
                
[36m<svg[39m
                  [33
maria-hidden[39m=[32
m"true"[39m
                  [33
mclass[39m=[32m"luci
de lucide-mail w-4 
h-4 
text-primary-500"[39m
                  [33
mfill[39m=[32m"none"
[39m
                  [33
mheight[39m=[32m"24"
[39m
                  [33
mstroke[39m=[32m"cur
rentColor"[39m
                  [33
mstroke-linecap[39m=
[32m"round"[39m
                  [33
mstroke-linejoin[39m=
[32m"round"[39m
                  [33
mstroke-width[39m=[3
2m"2"[39m
                  [33
mviewBox[39m=[32m"0 
0 24 24"[39m
                  [33
mwidth[39m=[32m"24"
[39m
                  [33
mxmlns[39m=[32m"http
://www.w3.org/2000/svg
"[39m
                
[36m>[39m
                  
[36m<path[39m
                    
[33md[39m=[32m"m22 
7-8.991 5.727a2 2 0 0 
1-2.009 0L2 7"[39m
                  
[36m/>[39m
                  
[36m<rect[39m
                    [
33mheight[39m=[32m"1
6"[39m
                    [
33mrx[39m=[32m"2"[3
9m
                    [
33mwidth[39m=[32m"20
"[39m
                    [
33mx[39m=[32m"2"[39
m
                    [
33my[39m=[32m"4"[39
m
                  
[36m/>[39m
                
[36m</svg>[39m
                
[0m╪º┘ä╪¿╪▒┘è╪» ╪º┘ä╪
Ñ┘ä┘â╪¬╪▒┘ê┘å┘è[0m
              
[36m</label>[39m
              
[36m<input[39m
                [33mc
lass[39m=[32m"input"
[39m
                [33md
ir[39m=[32m"ltr"[39
m
                [33mn
ame[39m=[32m"email"
[39m
                [33mp
laceholder[39m=[32m"
╪ú╪»╪«┘ä ╪¿╪▒┘è╪»┘â ╪º
┘ä╪Ñ┘ä┘â╪¬╪▒┘ê┘å┘è"[3
9m
                [33mt
ype[39m=[32m"email"
[39m
              
[36m/>[39m
            
[36m</div>[39m
            
[36m<div[39m
              [33mcla
ss[39m=[32m"relative
"[39m
            
[36m>[39m
              
[36m<label[39m
                [33mc
lass[39m=[32m"label 
flex items-center 
gap-2"[39m
              
[36m>[39m
                
[36m<svg[39m
                  [33
maria-hidden[39m=[32
m"true"[39m
                  [33
mclass[39m=[32m"luci
de lucide-lock w-4 
h-4 
text-primary-500"[39m
                  [33
mfill[39m=[32m"none"
[39m
                  [33
mheight[39m=[32m"24"
[39m
                  [33
mstroke[39m=[32m"cur
rentColor"[39m
                  [33
mstroke-linecap[39m=
[32m"round"[39m
                  [33
mstroke-linejoin[39m=
[32m"round"[39m
                  [33
mstroke-width[39m=[3
2m"2"[39m
                  [33
mviewBox[39m=[32m"0 
0 24 24"[39m
                  [33
mwidth[39m=[32m"24"
[39m
                  [33
mxmlns[39m=[32m"http
://www.w3.org/2000/svg
"[39m
                
[36m>[39m
                  
[36m<rect[39m
                    [
33mheight[39m=[32m"1
1"[39m
                    [
33mrx[39m=[32m"2"[3
9m
                    [
33mry[39m=[32m"2"[3
9m
                    [
33mwidth[39m=[32m"18
"[39m
                    [
33mx[39m=[32m"3"[39
m
                    [
33my[39m=[32m"11"[3
9m
                  
[36m/>[39m
                  
[36m<path[39m
                    
[33md[39m=[32m"M7 
11V7a5 5 0 0 1 10 
0v4"[39m
                  
[36m/>[39m
                
[36m</svg>[39m
                
[0m┘â┘ä┘à╪⌐ 
╪º┘ä┘à╪▒┘ê╪▒[0m
              
[36m</label>[39m
              
[36m<div[39m
                [33mc
lass[39m=[32m"relati
ve"[39m
              
[36m>[39m
                
[36m<input[39m
                  [33
mclass[39m=[32m"inpu
t pe-12"[39m
                  [33
mdir[39m=[32m"ltr"[
39m
                  [33
mname[39m=[32m"passw
ord"[39m
                  [33
mplaceholder[39m=[32
m"╪ú╪»╪«┘ä ┘â┘ä┘à╪⌐ 
╪º┘ä┘à╪▒┘ê╪▒"[39m
                  [33
mtype[39m=[32m"passw
ord"[39m
                
[36m/>[39m
                
[36m<button[39m
                  [33
mclass[39m=[32m"abso
lute end-3 top-1/2 
-translate-y-1/2 w-8 
h-8 rounded-lg flex 
items-center 
justify-center 
text-dark-400 
hover:text-dark-600 da
rk:hover:text-dark-300
 hover:bg-dark-100 dar
k:hover:bg-dark-700 tr
ansition-colors"[39m
                  [33
mtype[39m=[32m"butto
n"[39m
                
[36m>[39m
                  
[36m<svg[39m
                    [
33maria-hidden[39m=[
32m"true"[39m
                    [
33mclass[39m=[32m"lu
cide lucide-eye w-5 
h-5"[39m
                    [
33mfill[39m=[32m"non
e"[39m
                    [
33mheight[39m=[32m"2
4"[39m
                    [
33mstroke[39m=[32m"c
urrentColor"[39m
                    [
33mstroke-linecap[39m
=[32m"round"[39m
                    [
33mstroke-linejoin[39
m=[32m"round"[39m
                    [
33mstroke-width[39m=
[32m"2"[39m
                    [
33mviewBox[39m=[32m"
0 0 24 24"[39m
                    [
33mwidth[39m=[32m"24
"[39m
                    [
33mxmlns[39m=[32m"ht
tp://www.w3.org/2000/s
vg"[39m
                  
[36m>[39m
                    
[36m<path[39m
                      
[33md[39m=[32m"M2.0
62 12.348a1 1 0 0 1 
0-.696 10.75 10.75 0 
0 1 19.876 0 1 1 0 0 
1 0 .696 10.75 10.75 
0 0 1-19.876 0"[39m
                    
[36m/>[39m
                    
[36m<circle[39m
                      
[33mcx[39m=[32m"12"
[39m
                      
[33mcy[39m=[32m"12"
[39m
                      
[33mr[39m=[32m"3"[
39m
                    
[36m/>[39m
                  
[36m</svg>[39m
                
[36m</button>[39m
              
[36m</div>[39m
            
[36m</div>[39m
          
[36m</div>[39m
          
[36m<button[39m
            [33mclass
[39m=[32m"btn-primar
y btn-lg w-full 
group"[39m
            [33mtype
[39m=[32m"submit"[39
m
          [36m>[39m
            
[36m<span>[39m
              
[0m╪¬╪│╪¼┘è┘ä 
╪º┘ä╪»╪«┘ê┘ä[0m
            
[36m</span>[39m
            
[36m<svg[39m
              [33mari
a-hidden[39m=[32m"tr
ue"[39m
              [33mcla
ss[39m=[32m"lucide 
lucide-arrow-left w-5 
h-5 group-hover:transl
ate-x-1 transition-tra
nsform"[39m
              [33mfil
l[39m=[32m"none"[39
m
              [33mhei
ght[39m=[32m"24"[39
m
              [33mstr
oke[39m=[32m"current
Color"[39m
              [33mstr
oke-linecap[39m=[32m
"round"[39m
              [33mstr
oke-linejoin[39m=[32
m"round"[39m
              [33mstr
oke-width[39m=[32m"2
"[39m
              [33mvie
wBox[39m=[32m"0 0 
24 24"[39m
              [33mwid
th[39m=[32m"24"[39m
              [33mxml
ns[39m=[32m"http://w
ww.w3.org/2000/svg"[3
9m
            
[36m>[39m
              
[36m<path[39m
                
[33md[39m=[32m"m12 
19-7-7 7-7"[39m
              
[36m/>[39m
              
[36m<path[39m
                
[33md[39m=[32m"M19 
12H5"[39m
              
[36m/>[39m
            
[36m</svg>[39m
          
[36m</button>[39m
        
[36m</form>[39m
      [36m</div>[39m
    [36m</div>[39m
  [36m</body>[39m
[36m</html>[39m
[90m [2mΓ¥»[22m 
Proxy.waitForWrapper n
ode_modules/@testing-l
ibrary/dom/dist/wait-f
or.js:[2m163:27[22m
[39m
[36m [2mΓ¥»[22m src
/components/auth/__tes
ts__/LoginForm.test.ts
x:[2m182:19[22m[39m
    [90m180| [39m   
         [34mrender[
39m([33m<[39m[33mLo
ginForm[39m [33m/[3
9m[33m>[39m[33m,[3
9m { 
wrapper[33m:[39m 
[33mTestWrapper[39m 
})[33m;[39m
    [90m181| [39m
    [90m182| [39m   
         
[35mawait[39m 
[34mwaitFor[39m(() 
[33m=>[39m {
    [90m   | [39m   
               
[31m^[39m
    [90m183| [39m   
             expect(sc
reen.getByPlaceholderT
ext(/\*\*\*\*\*\*/)).t
oΓÇª
    [90m184| [39m   
         })[33m;[39m

[31m[2mΓÄ»ΓÄ»ΓÄ»ΓÄ»Γ
Ä»ΓÄ»ΓÄ»ΓÄ»ΓÄ»ΓÄ»ΓÄ»ΓÄ
»ΓÄ»ΓÄ»ΓÄ»ΓÄ»ΓÄ»ΓÄ»ΓÄ»
ΓÄ»ΓÄ»ΓÄ»ΓÄ»[5/13]ΓÄ»
[22m[39m

[41m[1m FAIL 
[22m[49m src/compone
nts/auth/__tests__/Sig
nupForm.test.tsx[2m 
> [22mSignupForm[2m 
> [22mRendering[2m 
> [22mshould render 
user type selection 
initially
[31m[1mTestingLibrar
yElementError[22m[39
m: Unable to find 
role="button" and 
name `/freelancer|┘à╪│
╪¬┘é┘ä/i`

Ignored nodes: 
comments, script, 
style
[36m<body>[39m
  [36m<div>[39m
    [36m<div[39m
      [33mclass[39m=
[32m"w-full max-w-md 
mx-auto"[39m
    [36m>[39m
      [36m<form[39m
        [33mclass[39
m=[32m"space-y-6"[39
m
      [36m>[39m
        [36m<div[39m
          [33mclass[
39m=[32m"text-center 
mb-8"[39m
        [36m>[39m
          
[36m<div[39m
            [33mclass
[39m=[32m"relative 
inline-block"[39m
          [36m>[39m
            
[36m<div[39m
              [33mcla
ss[39m=[32m"w-20 
h-20 rounded-2xl 
bg-gradient-to-br 
from-accent-500 
to-accent-600 flex 
items-center 
justify-center 
mx-auto mb-5 
shadow-lg shadow-accen
t-500/30"[39m
            
[36m>[39m
              
[36m<svg[39m
                [33ma
ria-hidden[39m=[32m"
true"[39m
                [33mc
lass[39m=[32m"lucide
 lucide-sparkles w-10 
h-10 text-white"[39m
                [33mf
ill[39m=[32m"none"[
39m
                [33mh
eight[39m=[32m"24"[
39m
                [33ms
troke[39m=[32m"curre
ntColor"[39m
                [33ms
troke-linecap[39m=[3
2m"round"[39m
                [33ms
troke-linejoin[39m=[
32m"round"[39m
                [33ms
troke-width[39m=[32m
"2"[39m
                [33mv
iewBox[39m=[32m"0 0 
24 24"[39m
                [33mw
idth[39m=[32m"24"[3
9m
                [33mx
mlns[39m=[32m"http:/
/www.w3.org/2000/svg"
[39m
              
[36m>[39m
                
[36m<path[39m
                  [33
md[39m=[32m"M11.017 
2.814a1 1 0 0 1 1.966 
0l1.051 5.558a2 2 0 0 
0 1.594 1.594l5.558 
1.051a1 1 0 0 1 0 
1.966l-5.558 1.051a2 
2 0 0 0-1.594 
1.594l-1.051 5.558a1 
1 0 0 1-1.966 
0l-1.051-5.558a2 2 0 
0 0-1.594-1.594l-5.558
-1.051a1 1 0 0 1 
0-1.966l5.558-1.051a2 
2 0 0 0 
1.594-1.594z"[39m
                
[36m/>[39m
                
[36m<path[39m
                  
[33md[39m=[32m"M20 
2v4"[39m
                
[36m/>[39m
                
[36m<path[39m
                  
[33md[39m=[32m"M22 
4h-4"[39m
                
[36m/>[39m
                
[36m<circle[39m
                  [33
mcx[39m=[32m"4"[39m
                  [33
mcy[39m=[32m"20"[39
m
                  [33
mr[39m=[32m"2"[39m
                
[36m/>[39m
              
[36m</svg>[39m
            
[36m</div>[39m
            
[36m<div[39m
              [33mcla
ss[39m=[32m"absolute
 -top-1 -end-1 w-8 
h-8 rounded-xl 
bg-gradient-to-r 
from-primary-400 
to-primary-600 flex 
items-center 
justify-center 
shadow-lg"[39m
            
[36m>[39m
              
[36m<svg[39m
                [33ma
ria-hidden[39m=[32m"
true"[39m
                [33mc
lass[39m=[32m"lucide
 lucide-user w-4 h-4 
text-white"[39m
                [33mf
ill[39m=[32m"none"[
39m
                [33mh
eight[39m=[32m"24"[
39m
                [33ms
troke[39m=[32m"curre
ntColor"[39m
                [33ms
troke-linecap[39m=[3
2m"round"[39m
                [33ms
troke-linejoin[39m=[
32m"round"[39m
                [33ms
troke-width[39m=[32m
"2"[39m
                [33mv
iewBox[39m=[32m"0 0 
24 24"[39m
                [33mw
idth[39m=[32m"24"[3
9m
                [33mx
mlns[39m=[32m"http:/
/www.w3.org/2000/svg"
[39m
              
[36m>[39m
                
[36m<path[39m
                  
[33md[39m=[32m"M19 
21v-2a4 4 0 0 
0-4-4H9a4 4 0 0 0-4 
4v2"[39m
                
[36m/>[39m
                
[36m<circle[39m
                  [33
mcx[39m=[32m"12"[39
m
                  [33
mcy[39m=[32m"7"[39m
                  [33
mr[39m=[32m"4"[39m
                
[36m/>[39m
              
[36m</svg>[39m
            
[36m</div>[39m
          
[36m</div>[39m
          
[36m<h2[39m
            [33mclass
[39m=[32m"text-2xl 
font-bold mb-2"[39m
          [36m>[39m
            
[0m╪Ñ┘å╪┤╪º╪í 
╪¡╪│╪º╪¿[0m
          
[36m</h2>[39m
          [36m<p[39m
            [33mclass
[39m=[32m"text-muted
"[39m
          [36m>[39m
            
[0m╪ú┘å╪┤╪ª 
╪¡╪│╪º╪¿┘â 
┘ä┘ä╪¿╪»╪í[0m
          
[36m</p>[39m
        
[36m</div>[39m
        [36m<div[39m
          [33mclass[
39m=[32m"space-y-4"[
39m
        [36m>[39m
          
[36m<div[39m
            [33mclass
[39m=[32m"relative"
[39m
          [36m>[39m
            
[36m<label[39m
              [33mcla
ss[39m=[32m"label 
flex items-center 
gap-2"[39m
            
[36m>[39m
              
[36m<svg[39m
                [33ma
ria-hidden[39m=[32m"
true"[39m
                [33mc
lass[39m=[32m"lucide
 lucide-mail w-4 h-4 
text-primary-500"[39m
                [33mf
ill[39m=[32m"none"[
39m
                [33mh
eight[39m=[32m"24"[
39m
                [33ms
troke[39m=[32m"curre
ntColor"[39m
                [33ms
troke-linecap[39m=[3
2m"round"[39m
                [33ms
troke-linejoin[39m=[
32m"round"[39m
                [33ms
troke-width[39m=[32m
"2"[39m
                [33mv
iewBox[39m=[32m"0 0 
24 24"[39m
                [33mw
idth[39m=[32m"24"[3
9m
                [33mx
mlns[39m=[32m"http:/
/www.w3.org/2000/svg"
[39m
              
[36m>[39m
                
[36m<path[39m
                  
[33md[39m=[32m"m22 
7-8.991 5.727a2 2 0 0 
1-2.009 0L2 7"[39m
                
[36m/>[39m
                
[36m<rect[39m
                  [33
mheight[39m=[32m"16"
[39m
                  [33
mrx[39m=[32m"2"[39m
                  [33
mwidth[39m=[32m"20"
[39m
                  [33
mx[39m=[32m"2"[39m
                  [33
my[39m=[32m"4"[39m
                
[36m/>[39m
              
[36m</svg>[39m
              
[0m╪º┘ä╪¿╪▒┘è╪» ╪º┘ä╪
Ñ┘ä┘â╪¬╪▒┘ê┘å┘è[0m
            
[36m</label>[39m
            
[36m<input[39m
              [33mcla
ss[39m=[32m"input"[
39m
              [33mdir
[39m=[32m"ltr"[39m
              [33mnam
e[39m=[32m"email"[3
9m
              [33mpla
ceholder[39m=[32m"╪ú
╪»╪«┘ä ╪¿╪▒┘è╪»┘â ╪º┘ä
╪Ñ┘ä┘â╪¬╪▒┘ê┘å┘è"[39m
              [33mtyp
e[39m=[32m"email"[3
9m
            
[36m/>[39m
          
[36m</div>[39m
          
[36m<div[39m
            [33mclass
[39m=[32m"relative"
[39m
          [36m>[39m
            
[36m<label[39m
              [33mcla
ss[39m=[32m"label 
flex items-center 
gap-2"[39m
            
[36m>[39m
              
[36m<svg[39m
                [33ma
ria-hidden[39m=[32m"
true"[39m
                [33mc
lass[39m=[32m"lucide
 lucide-lock w-4 h-4 
text-primary-500"[39m
                [33mf
ill[39m=[32m"none"[
39m
                [33mh
eight[39m=[32m"24"[
39m
                [33ms
troke[39m=[32m"curre
ntColor"[39m
                [33ms
troke-linecap[39m=[3
2m"round"[39m
                [33ms
troke-linejoin[39m=[
32m"round"[39m
                [33ms
troke-width[39m=[32m
"2"[39m
                [33mv
iewBox[39m=[32m"0 0 
24 24"[39m
                [33mw
idth[39m=[32m"24"[3
9m
                [33mx
mlns[39m=[32m"http:/
/www.w3.org/2000/svg"
[39m
              
[36m>[39m
                
[36m<rect[39m
                  [33
mheight[39m=[32m"11"
[39m
                  [33
mrx[39m=[32m"2"[39m
                  [33
mry[39m=[32m"2"[39m
                  [33
mwidth[39m=[32m"18"
[39m
                  [33
mx[39m=[32m"3"[39m
                  [33
my[39m=[32m"11"[39m
                
[36m/>[39m
                
[36m<path[39m
                  
[33md[39m=[32m"M7 
11V7a5 5 0 0 1 10 
0v4"[39m
                
[36m/>[39m
              
[36m</svg>[39m
              
[0m┘â┘ä┘à╪⌐ 
╪º┘ä┘à╪▒┘ê╪▒[0m
            
[36m</label>[39m
            
[36m<div[39m
              [33mcla
ss[39m=[32m"relative
"[39m
            
[36m>[39m
              
[36m<input[39m
                [33mc
lass[39m=[32m"input 
pe-12"[39m
                [33md
ir[39m=[32m"ltr"[39
m
                [33mn
ame[39m=[32m"passwor
d"[39m
                [33mp
laceholder[39m=[32m"
╪ú╪»╪«┘ä ┘â┘ä┘à╪⌐ 
╪º┘ä┘à╪▒┘ê╪▒"[39m
                [33mt
ype[39m=[32m"passwor
d"[39m
              
[36m/>[39m
              
[36m<button[39m
                [33mc
lass[39m=[32m"absolu
te end-3 top-1/2 
-translate-y-1/2 w-8 
h-8 rounded-lg flex 
items-center 
justify-center 
text-dark-400 
hover:text-dark-600 da
rk:hover:text-dark-300
 hover:bg-dark-100 dar
k:hover:bg-dark-700 tr
ansition-colors"[39m
                [33mt
ype[39m=[32m"button"
[39m
              
[36m>[39m
                
[36m<svg[39m
                  [33
maria-hidden[39m=[32
m"true"[39m
                  [33
mclass[39m=[32m"luci
de lucide-eye w-5 
h-5"[39m
                  [33
mfill[39m=[32m"none"
[39m
                  [33
mheight[39m=[32m"24"
[39m
                  [33
mstroke[39m=[32m"cur
rentColor"[39m
                  [33
mstroke-linecap[39m=
[32m"round"[39m
                  [33
mstroke-linejoin[39m=
[32m"round"[39m
                  [33
mstroke-width[39m=[3
2m"2"[39m
                  [33
mviewBox[39m=[32m"0 
0 24 24"[39m
                  [33
mwidth[39m=[32m"24"
[39m
                  [33
mxmlns[39m=[32m"http
://www.w3.org/2000/svg
"[39m
                
[36m>[39m
                  
[36m<path[39m
                    [
33md[39m=[32m"M2.062
 12.348a1 1 0 0 1 
0-.696 10.75 10.75 0 
0 1 19.876 0 1 1 0 0 
1 0 .696 10.75 10.75 
0 0 1-19.876 0"[39m
                  
[36m/>[39m
                  
[36m<circle[39m
                    [
33mcx[39m=[32m"12"[
39m
                    [
33mcy[39m=[32m"12"[
39m
                    [
33mr[39m=[32m"3"[39
m
                  
[36m/>[39m
                
[36m</svg>[39m
              
[36m</button>[39m
            
[36m</div>[39m
          
[36m</div>[39m
          
[36m<div[39m
            [33mclass
[39m=[32m"relative"
[39m
          [36m>[39m
            
[36m<label[39m
              [33mcla
ss[39m=[32m"label 
flex items-center 
gap-2"[39m
            
[36m>[39m
              
[36m<svg[39m
                [33ma
ria-hidden[39m=[32m"
true"[39m
                [33mc
lass[39m=[32m"lucide
 lucide-circle-check 
w-4 h-4 
text-primary-500"[39m
                [33mf
ill[39m=[32m"none"[
39m
                [33mh
eight[39m=[32m"24"[
39m
                [33ms
troke[39m=[32m"curre
ntColor"[39m
                [33ms
troke-linecap[39m=[3
2m"round"[39m
                [33ms
troke-linejoin[39m=[
32m"round"[39m
                [33ms
troke-width[39m=[32m
"2"[39m
                [33mv
iewBox[39m=[32m"0 0 
24 24"[39m
                [33mw
idth[39m=[32m"24"[3
9m
                [33mx
mlns[39m=[32m"http:/
/www.w3.org/2000/svg"
[39m
              
[36m>[39m
                
[36m<circle[39m
                  [33
mcx[39m=[32m"12"[39
m
                  [33
mcy[39m=[32m"12"[39
m
                  [33
mr[39m=[32m"10"[39m
                
[36m/>[39m
                
[36m<path[39m
                  
[33md[39m=[32m"m9 
12 2 2 4-4"[39m
                
[36m/>[39m
              
[36m</svg>[39m
              
[0m╪¬╪ú┘â┘è╪» 
┘â┘ä┘à╪⌐ 
╪º┘ä┘à╪▒┘ê╪▒[0m
            
[36m</label>[39m
            
[36m<input[39m
              [33mcla
ss[39m=[32m"input"[
39m
              [33mdir
[39m=[32m"ltr"[39m
              [33mnam
e[39m=[32m"confirmPa
ssword"[39m
              [33mpla
ceholder[39m=[32m"╪ú
╪╣╪» ╪Ñ╪»╪«╪º┘ä 
┘â┘ä┘à╪⌐ 
╪º┘ä┘à╪▒┘ê╪▒"[39m
              [33mtyp
e[39m=[32m"password"
[39m
            
[36m/>[39m
          
[36m</div>[39m
        
[36m</div>[39m
        
[36m<button[39m
          [33mclass[
39m=[32m"btn-primary 
btn-lg w-full 
group"[39m
          [33mtype[3
9m=[32m"submit"[39m
        [36m>[39m
          
[36m<span>[39m
            
[0m╪Ñ┘å╪┤╪º╪í 
╪¡╪│╪º╪¿[0m
          
[36m</span>[39m
          
[36m<svg[39m
            [33maria-
hidden[39m=[32m"true
"[39m
            [33mclass
[39m=[32m"lucide 
lucide-arrow-left w-5 
h-5 group-hover:transl
ate-x-1 transition-tra
nsform"[39m
            [33mfill
[39m=[32m"none"[39m
            [33mheigh
t[39m=[32m"24"[39m
            [33mstrok
e[39m=[32m"currentCo
lor"[39m
            [33mstrok
e-linecap[39m=[32m"r
ound"[39m
            [33mstrok
e-linejoin[39m=[32m"
round"[39m
            [33mstrok
e-width[39m=[32m"2"
[39m
            [33mviewB
ox[39m=[32m"0 0 24 
24"[39m
            [33mwidth
[39m=[32m"24"[39m
            [33mxmlns
[39m=[32m"http://www
.w3.org/2000/svg"[39m
          [36m>[39m
            
[36m<path[39m
              
[33md[39m=[32m"m12 
19-7-7 7-7"[39m
            
[36m/>[39m
            
[36m<path[39m
              
[33md[39m=[32m"M19 
12H5"[39m
            
[36m/>[39m
          
[36m</svg>[39m
        
[36m</button>[39m
        [36m<p[39m
          [33mclass[
39m=[32m"text-center 
text-muted"[39m
        [36m>[39m
          
[0m┘ä╪»┘è┘â ╪¡╪│╪º╪¿ 
╪¿╪º┘ä┘ü╪╣┘ä╪ƒ[0m
          [0m [0m
          
[36m<button[39m
            [33mclass
[39m=[32m"text-prima
ry-600 
dark:text-primary-400 
font-semibold 
hover:underline"[39m
            [33mtype
[39m=[32m"button"[39
m
          [36m>[39m
            
[0m╪¬╪│╪¼┘è┘ä 
╪º┘ä╪»╪«┘ê┘ä[0m
          
[36m</button>[39m
        [36m</p>[39m
      
[36m</form>[39m
    [36m</div>[39m
  [36m</div>[39m
[36m</body>[39m

Ignored nodes: 
comments, script, 
style
[36m<html[39m
  [33mdir[39m=[32m"
rtl"[39m
  [33mlang[39m=[32m
"ar"[39m
[36m>[39m
  [36m<head />[39m
  [36m<body>[39m
    [36m<div>[39m
      [36m<div[39m
        [33mclass[39
m=[32m"w-full 
max-w-md mx-auto"[39m
      [36m>[39m
        
[36m<form[39m
          [33mclass[
39m=[32m"space-y-6"[
39m
        [36m>[39m
          
[36m<div[39m
            [33mclass
[39m=[32m"text-cente
r mb-8"[39m
          [36m>[39m
            
[36m<div[39m
              [33mcla
ss[39m=[32m"relative
 inline-block"[39m
            
[36m>[39m
              
[36m<div[39m
                [33mc
lass[39m=[32m"w-20 
h-20 rounded-2xl 
bg-gradient-to-br 
from-accent-500 
to-accent-600 flex 
items-center 
justify-center 
mx-auto mb-5 
shadow-lg shadow-accen
t-500/30"[39m
              
[36m>[39m
                
[36m<svg[39m
                  [33
maria-hidden[39m=[32
m"true"[39m
                  [33
mclass[39m=[32m"luci
de lucide-sparkles 
w-10 h-10 
text-white"[39m
                  [33
mfill[39m=[32m"none"
[39m
                  [33
mheight[39m=[32m"24"
[39m
                  [33
mstroke[39m=[32m"cur
rentColor"[39m
                  [33
mstroke-linecap[39m=
[32m"round"[39m
                  [33
mstroke-linejoin[39m=
[32m"round"[39m
                  [33
mstroke-width[39m=[3
2m"2"[39m
                  [33
mviewBox[39m=[32m"0 
0 24 24"[39m
                  [33
mwidth[39m=[32m"24"
[39m
                  [33
mxmlns[39m=[32m"http
://www.w3.org/2000/svg
"[39m
                
[36m>[39m
                  
[36m<path[39m
                    [
33md[39m=[32m"M11.01
7 2.814a1 1 0 0 1 
1.966 0l1.051 5.558a2 
2 0 0 0 1.594 
1.594l5.558 1.051a1 1 
0 0 1 0 1.966l-5.558 
1.051a2 2 0 0 0-1.594 
1.594l-1.051 5.558a1 
1 0 0 1-1.966 
0l-1.051-5.558a2 2 0 
0 0-1.594-1.594l-5.558
-1.051a1 1 0 0 1 
0-1.966l5.558-1.051a2 
2 0 0 0 
1.594-1.594z"[39m
                  
[36m/>[39m
                  
[36m<path[39m
                    
[33md[39m=[32m"M20 
2v4"[39m
                  
[36m/>[39m
                  
[36m<path[39m
                    
[33md[39m=[32m"M22 
4h-4"[39m
                  
[36m/>[39m
                  
[36m<circle[39m
                    [
33mcx[39m=[32m"4"[3
9m
                    [
33mcy[39m=[32m"20"[
39m
                    [
33mr[39m=[32m"2"[39
m
                  
[36m/>[39m
                
[36m</svg>[39m
              
[36m</div>[39m
              
[36m<div[39m
                [33mc
lass[39m=[32m"absolu
te -top-1 -end-1 w-8 
h-8 rounded-xl 
bg-gradient-to-r 
from-primary-400 
to-primary-600 flex 
items-center 
justify-center 
shadow-lg"[39m
              
[36m>[39m
                
[36m<svg[39m
                  [33
maria-hidden[39m=[32
m"true"[39m
                  [33
mclass[39m=[32m"luci
de lucide-user w-4 
h-4 text-white"[39m
                  [33
mfill[39m=[32m"none"
[39m
                  [33
mheight[39m=[32m"24"
[39m
                  [33
mstroke[39m=[32m"cur
rentColor"[39m
                  [33
mstroke-linecap[39m=
[32m"round"[39m
                  [33
mstroke-linejoin[39m=
[32m"round"[39m
                  [33
mstroke-width[39m=[3
2m"2"[39m
                  [33
mviewBox[39m=[32m"0 
0 24 24"[39m
                  [33
mwidth[39m=[32m"24"
[39m
                  [33
mxmlns[39m=[32m"http
://www.w3.org/2000/svg
"[39m
                
[36m>[39m
                  
[36m<path[39m
                    
[33md[39m=[32m"M19 
21v-2a4 4 0 0 
0-4-4H9a4 4 0 0 0-4 
4v2"[39m
                  
[36m/>[39m
                  
[36m<circle[39m
                    [
33mcx[39m=[32m"12"[
39m
                    [
33mcy[39m=[32m"7"[3
9m
                    [
33mr[39m=[32m"4"[39
m
                  
[36m/>[39m
                
[36m</svg>[39m
              
[36m</div>[39m
            
[36m</div>[39m
            
[36m<h2[39m
              [33mcla
ss[39m=[32m"text-2xl
 font-bold mb-2"[39m
            
[36m>[39m
              
[0m╪Ñ┘å╪┤╪º╪í 
╪¡╪│╪º╪¿[0m
            
[36m</h2>[39m
            
[36m<p[39m
              [33mcla
ss[39m=[32m"text-mut
ed"[39m
            
[36m>[39m
              
[0m╪ú┘å╪┤╪ª 
╪¡╪│╪º╪¿┘â 
┘ä┘ä╪¿╪»╪í[0m
            
[36m</p>[39m
          
[36m</div>[39m
          
[36m<div[39m
            [33mclass
[39m=[32m"space-y-4"
[39m
          [36m>[39m
            
[36m<div[39m
              [33mcla
ss[39m=[32m"relative
"[39m
            
[36m>[39m
              
[36m<label[39m
                [33mc
lass[39m=[32m"label 
flex items-center 
gap-2"[39m
              
[36m>[39m
                
[36m<svg[39m
                  [33
maria-hidden[39m=[32
m"true"[39m
                  [33
mclass[39m=[32m"luci
de lucide-mail w-4 
h-4 
text-primary-500"[39m
                  [33
mfill[39m=[32m"none"
[39m
                  [33
mheight[39m=[32m"24"
[39m
                  [33
mstroke[39m=[32m"cur
rentColor"[39m
                  [33
mstroke-linecap[39m=
[32m"round"[39m
                  [33
mstroke-linejoin[39m=
[32m"round"[39m
                  [33
mstroke-width[39m=[3
2m"2"[39m
                  [33
mviewBox[39m=[32m"0 
0 24 24"[39m
                  [33
mwidth[39m=[32m"24"
[39m
                  [33
mxmlns[39m=[32m"http
://www.w3.org/2000/svg
"[39m
                
[36m>[39m
                  
[36m<path[39m
                    
[33md[39m=[32m"m22 
7-8.991 5.727a2 2 0 0 
1-2.009 0L2 7"[39m
                  
[36m/>[39m
                  
[36m<rect[39m
                    [
33mheight[39m=[32m"1
6"[39m
                    [
33mrx[39m=[32m"2"[3
9m
                    [
33mwidth[39m=[32m"20
"[39m
                    [
33mx[39m=[32m"2"[39
m
                    [
33my[39m=[32m"4"[39
m
                  
[36m/>[39m
                
[36m</svg>[39m
                
[0m╪º┘ä╪¿╪▒┘è╪» ╪º┘ä╪
Ñ┘ä┘â╪¬╪▒┘ê┘å┘è[0m
              
[36m</label>[39m
              
[36m<input[39m
                [33mc
lass[39m=[32m"input"
[39m
                [33md
ir[39m=[32m"ltr"[39
m
                [33mn
ame[39m=[32m"email"
[39m
                [33mp
laceholder[39m=[32m"
╪ú╪»╪«┘ä ╪¿╪▒┘è╪»┘â ╪º
┘ä╪Ñ┘ä┘â╪¬╪▒┘ê┘å┘è"[3
9m
                [33mt
ype[39m=[32m"email"
[39m
              
[36m/>[39m
            
[36m</div>[39m
            
[36m<div[39m
              [33mcla
ss[39m=[32m"relative
"[39m
            
[36m>[39m
              
[36m<label[39m
                [33mc
lass[39m=[32m"label 
flex items-center 
gap-2"[39m
              
[36m>[39m
                
[36m<svg[39m
                  [33
maria-hidden[39m=[32
m"true"[39m
                  [33
mclass[39m=[32m"luci
de lucide-lock w-4 
h-4 
text-primary-500"[39m
                  [33
mfill[39m=[32m"none"
[39m
                  [33
mheight[39m=[32m"24"
[39m
                  [33
mstroke[39m=[32m"cur
rentColor"[39m
                  [33
mstroke-linecap[39m=
[32m"round"[39m
                  [33
mstroke-linejoin[39m=
[32m"round"[39m
                  [33
mstroke-width[39m=[3
2m"2"[39m
                  [33
mviewBox[39m=[32m"0 
0 24 24"[39m
                  [33
mwidth[39m=[32m"24"
[39m
                  [33
mxmlns[39m=[32m"http
://www.w3.org/2000/svg
"[39m
                
[36m>[39m
                  
[36m<rect[39m
                    [
33mheight[39m=[32m"1
1"[39m
                    [
33mrx[39m=[32m"2"[3
9m
                    [
33mry[39m=[32m"2"[3
9m
                    [
33mwidth[39m=[32m"18
"[39m
                    [
33mx[39m=[32m"3"[39
m
                    [
33my[39m=[32m"11"[3
9m
                  
[36m/>[39m
                  
[36m<path[39m
                    
[33md[39m=[32m"M7 
11V7a5 5 0 0 1 10 
0v4"[39m
                  
[36m/>[39m
                
[36m</svg>[39m
                
[0m┘â┘ä┘à╪⌐ 
╪º┘ä┘à╪▒┘ê╪▒[0m
              
[36m</label>[39m
              
[36m<div[39m
                [33mc
lass[39m=[32m"relati
ve"[39m
              
[36m>[39m
                
[36m<input[39m
                  [33
mclass[39m=[32m"inpu
t pe-12"[39m
                  [33
mdir[39m=[32m"ltr"[
39m
                  [33
mname[39m=[32m"passw
ord"[39m
                  [33
mplaceholder[39m=[32
m"╪ú╪»╪«┘ä ┘â┘ä┘à╪⌐ 
╪º┘ä┘à╪▒┘ê╪▒"[39m
                  [33
mtype[39m=[32m"passw
ord"[39m
                
[36m/>[39m
                
[36m<button[39m
                  [33
mclass[39m=[32m"abso
lute end-3 top-1/2 
-translate-y-1/2 w-8 
h-8 rounded-lg flex 
items-center 
justify-center 
text-dark-400 
hover:text-dark-600 da
rk:hover:text-dark-300
 hover:bg-dark-100 dar
k:hover:bg-dark-700 tr
ansition-colors"[39m
                  [33
mtype[39m=[32m"butto
n"[39m
                
[36m>[39m
                  
[36m<svg[39m
                    [
33maria-hidden[39m=[
32m"true"[39m
                    [
33mclass[39m=[32m"lu
cide lucide-eye w-5 
h-5"[39m
                    [
33mfill[39m=[32m"non
e"[39m
                    [
33mheight[39m=[32m"2
4"[39m
                    [
33mstroke[39m=[32m"c
urrentColor"[39m
                    [
33mstroke-linecap[39m
=[32m"round"[39m
                    [
33mstroke-linejoin[39
m=[32m"round"[39m
                    [
33mstroke-width[39m=
[32m"2"[39m
                    [
33mviewBox[39m=[32m"
0 0 24 24"[39m
                    [
33mwidth[39m=[32m"24
"[39m
                    [
33mxmlns[39m=[32m"ht
tp://www.w3.org/2000/s
vg"[39m
                  
[36m>[39m
                    
[36m<path[39m
                      
[33md[39m=[32m"M2.0
62 12.348a1 1 0 0 1 
0-.696 10.75 10.75 0 
0 1 19.876 0 1 1 0 0 
1 0 .696 10.75 10.75 
0 0 1-19.876 0"[39m
                    
[36m/>[39m
                    
[36m<circle[39m
                      
[33mcx[39m=[32m"12"
[39m
                      
[33mcy[39m=[32m"12"
[39m
                      
[33mr[39m=[32m"3"[
39m
                    
[36m/>[39m
                  
[36m</svg>[39m
                
[36m</button>[39m
              
[36m</div>[39m
            
[36m</div>[39m
            
[36m<div[39m
              [33mcla
ss[39m=[32m"relative
"[39m
            
[36m>[39m
              
[36m<label[39m
                [33mc
lass[39m=[32m"label 
flex items-center 
gap-2"[39m
              
[36m>[39m
                
[36m<svg[39m
                  [33
maria-hidden[39m=[32
m"true"[39m
                  [33
mclass[39m=[32m"luci
de 
lucide-circle-check 
w-4 h-4 
text-primary-500"[39m
                  [33
mfill[39m=[32m"none"
[39m
                  [33
mheight[39m=[32m"24"
[39m
                  [33
mstroke[39m=[32m"cur
rentColor"[39m
                  [33
mstroke-linecap[39m=
[32m"round"[39m
                  [33
mstroke-linejoin[39m=
[32m"round"[39m
                  [33
mstroke-width[39m=[3
2m"2"[39m
                  [33
mviewBox[39m=[32m"0 
0 24 24"[39m
                  [33
mwidth[39m=[32m"24"
[39m
                  [33
mxmlns[39m=[32m"http
://www.w3.org/2000/svg
"[39m
                
[36m>[39m
                  
[36m<circle[39m
                    [
33mcx[39m=[32m"12"[
39m
                    [
33mcy[39m=[32m"12"[
39m
                    [
33mr[39m=[32m"10"[3
9m
                  
[36m/>[39m
                  
[36m<path[39m
                    
[33md[39m=[32m"m9 
12 2 2 4-4"[39m
                  
[36m/>[39m
                
[36m</svg>[39m
                
[0m╪¬╪ú┘â┘è╪» 
┘â┘ä┘à╪⌐ 
╪º┘ä┘à╪▒┘ê╪▒[0m
              
[36m</label>[39m
              
[36m<input[39m
                [33mc
lass[39m=[32m"input"
[39m
                [33md
ir[39m=[32m"ltr"[39
m
                [33mn
ame[39m=[32m"confirm
Password"[39m
                [33mp
laceholder[39m=[32m"
╪ú╪╣╪» ╪Ñ╪»╪«╪º┘ä 
┘â┘ä┘à╪⌐ 
╪º┘ä┘à╪▒┘ê╪▒"[39m
                [33mt
ype[39m=[32m"passwor
d"[39m
              
[36m/>[39m
            
[36m</div>[39m
          
[36m</div>[39m
          
[36m<button[39m
            [33mclass
[39m=[32m"btn-primar
y btn-lg w-full 
group"[39m
            [33mtype
[39m=[32m"submit"[39
m
          [36m>[39m
            
[36m<span>[39m
              
[0m╪Ñ┘å╪┤╪º╪í 
╪¡╪│╪º╪¿[0m
            
[36m</span>[39m
            
[36m<svg[39m
              [33mari
a-hidden[39m=[32m"tr
ue"[39m
              [33mcla
ss[39m=[32m"lucide 
lucide-arrow-left w-5 
h-5 group-hover:transl
ate-x-1 transition-tra
nsform"[39m
              [33mfil
l[39m=[32m"none"[39
m
              [33mhei
ght[39m=[32m"24"[39
m
              [33mstr
oke[39m=[32m"current
Color"[39m
              [33mstr
oke-linecap[39m=[32m
"round"[39m
              [33mstr
oke-linejoin[39m=[32
m"round"[39m
              [33mstr
oke-width[39m=[32m"2
"[39m
              [33mvie
wBox[39m=[32m"0 0 
24 24"[39m
              [33mwid
th[39m=[32m"24"[39m
              [33mxml
ns[39m=[32m"http://w
ww.w3.org/2000/svg"[3
9m
            
[36m>[39m
              
[36m<path[39m
                
[33md[39m=[32m"m12 
19-7-7 7-7"[39m
              
[36m/>[39m
              
[36m<path[39m
                
[33md[39m=[32m"M19 
12H5"[39m
              
[36m/>[39m
            
[36m</svg>[39m
          
[36m</button>[39m
          [36m<p[39m
            [33mclass
[39m=[32m"text-cente
r text-muted"[39m
          [36m>[39m
            
[0m┘ä╪»┘è┘â ╪¡╪│╪º╪¿ 
╪¿╪º┘ä┘ü╪╣┘ä╪ƒ[0m
            [0m [0m
            
[36m<button[39m
              [33mcla
ss[39m=[32m"text-pri
mary-600 
dark:text-primary-400 
font-semibold 
hover:underline"[39m
              [33mtyp
e[39m=[32m"button"[
39m
            
[36m>[39m
              
[0m╪¬╪│╪¼┘è┘ä 
╪º┘ä╪»╪«┘ê┘ä[0m
            
[36m</button>[39m
          
[36m</p>[39m
        
[36m</form>[39m
      [36m</div>[39m
    [36m</div>[39m
  [36m</body>[39m
[36m</html>[39m
[90m [2mΓ¥»[22m 
Proxy.waitForWrapper n
ode_modules/@testing-l
ibrary/dom/dist/wait-f
or.js:[2m163:27[22m
[39m
[36m [2mΓ¥»[22m src
/components/auth/__tes
ts__/SignupForm.test.t
sx:[2m71:19[22m[39m
    [90m 69| [39m   
         [34mrender[
39m([33m<[39m[33mSi
gnupForm[39m [33m/[
39m[33m>[39m[33m,[
39m { 
wrapper[33m:[39m 
[33mTestWrapper[39m 
})[33m;[39m
    [90m 70| [39m
    [90m 71| [39m   
         
[35mawait[39m 
[34mwaitFor[39m(() 
[33m=>[39m {
    [90m   | [39m   
               
[31m^[39m
    [90m 72| [39m   
             [90m// 
Look for user type 
selection buttons  
[39m
    [90m 73| [39m   
             expect(sc
reen.getByRole('button
', { name: 
/freelancer|ΓÇª

[31m[2mΓÄ»ΓÄ»ΓÄ»ΓÄ»Γ
Ä»ΓÄ»ΓÄ»ΓÄ»ΓÄ»ΓÄ»ΓÄ»ΓÄ
»ΓÄ»ΓÄ»ΓÄ»ΓÄ»ΓÄ»ΓÄ»ΓÄ»
ΓÄ»ΓÄ»ΓÄ»ΓÄ»[6/13]ΓÄ»
[22m[39m

[41m[1m FAIL 
[22m[49m src/compone
nts/auth/__tests__/Sig
nupForm.test.tsx[2m 
> [22mSignupForm[2m 
> [22mUser Type 
Selection[2m > 
[22mshould progress 
to email form when 
freelancer is selected
[31m[1mTestingLibrar
yElementError[22m[39
m: Unable to find 
role="button" and 
name `/freelancer|┘à╪│
╪¬┘é┘ä/i`

Ignored nodes: 
comments, script, 
style
[36m<body>[39m
  [36m<div>[39m
    [36m<div[39m
      [33mclass[39m=
[32m"w-full max-w-md 
mx-auto"[39m
    [36m>[39m
      [36m<form[39m
        [33mclass[39
m=[32m"space-y-6"[39
m
      [36m>[39m
        [36m<div[39m
          [33mclass[
39m=[32m"text-center 
mb-8"[39m
        [36m>[39m
          
[36m<div[39m
            [33mclass
[39m=[32m"relative 
inline-block"[39m
          [36m>[39m
            
[36m<div[39m
              [33mcla
ss[39m=[32m"w-20 
h-20 rounded-2xl 
bg-gradient-to-br 
from-accent-500 
to-accent-600 flex 
items-center 
justify-center 
mx-auto mb-5 
shadow-lg shadow-accen
t-500/30"[39m
            
[36m>[39m
              
[36m<svg[39m
                [33ma
ria-hidden[39m=[32m"
true"[39m
                [33mc
lass[39m=[32m"lucide
 lucide-sparkles w-10 
h-10 text-white"[39m
                [33mf
ill[39m=[32m"none"[
39m
                [33mh
eight[39m=[32m"24"[
39m
                [33ms
troke[39m=[32m"curre
ntColor"[39m
                [33ms
troke-linecap[39m=[3
2m"round"[39m
                [33ms
troke-linejoin[39m=[
32m"round"[39m
                [33ms
troke-width[39m=[32m
"2"[39m
                [33mv
iewBox[39m=[32m"0 0 
24 24"[39m
                [33mw
idth[39m=[32m"24"[3
9m
                [33mx
mlns[39m=[32m"http:/
/www.w3.org/2000/svg"
[39m
              
[36m>[39m
                
[36m<path[39m
                  [33
md[39m=[32m"M11.017 
2.814a1 1 0 0 1 1.966 
0l1.051 5.558a2 2 0 0 
0 1.594 1.594l5.558 
1.051a1 1 0 0 1 0 
1.966l-5.558 1.051a2 
2 0 0 0-1.594 
1.594l-1.051 5.558a1 
1 0 0 1-1.966 
0l-1.051-5.558a2 2 0 
0 0-1.594-1.594l-5.558
-1.051a1 1 0 0 1 
0-1.966l5.558-1.051a2 
2 0 0 0 
1.594-1.594z"[39m
                
[36m/>[39m
                
[36m<path[39m
                  
[33md[39m=[32m"M20 
2v4"[39m
                
[36m/>[39m
                
[36m<path[39m
                  
[33md[39m=[32m"M22 
4h-4"[39m
                
[36m/>[39m
                
[36m<circle[39m
                  [33
mcx[39m=[32m"4"[39m
                  [33
mcy[39m=[32m"20"[39
m
                  [33
mr[39m=[32m"2"[39m
                
[36m/>[39m
              
[36m</svg>[39m
            
[36m</div>[39m
            
[36m<div[39m
              [33mcla
ss[39m=[32m"absolute
 -top-1 -end-1 w-8 
h-8 rounded-xl 
bg-gradient-to-r 
from-primary-400 
to-primary-600 flex 
items-center 
justify-center 
shadow-lg"[39m
            
[36m>[39m
              
[36m<svg[39m
                [33ma
ria-hidden[39m=[32m"
true"[39m
                [33mc
lass[39m=[32m"lucide
 lucide-user w-4 h-4 
text-white"[39m
                [33mf
ill[39m=[32m"none"[
39m
                [33mh
eight[39m=[32m"24"[
39m
                [33ms
troke[39m=[32m"curre
ntColor"[39m
                [33ms
troke-linecap[39m=[3
2m"round"[39m
                [33ms
troke-linejoin[39m=[
32m"round"[39m
                [33ms
troke-width[39m=[32m
"2"[39m
                [33mv
iewBox[39m=[32m"0 0 
24 24"[39m
                [33mw
idth[39m=[32m"24"[3
9m
                [33mx
mlns[39m=[32m"http:/
/www.w3.org/2000/svg"
[39m
              
[36m>[39m
                
[36m<path[39m
                  
[33md[39m=[32m"M19 
21v-2a4 4 0 0 
0-4-4H9a4 4 0 0 0-4 
4v2"[39m
                
[36m/>[39m
                
[36m<circle[39m
                  [33
mcx[39m=[32m"12"[39
m
                  [33
mcy[39m=[32m"7"[39m
                  [33
mr[39m=[32m"4"[39m
                
[36m/>[39m
              
[36m</svg>[39m
            
[36m</div>[39m
          
[36m</div>[39m
          
[36m<h2[39m
            [33mclass
[39m=[32m"text-2xl 
font-bold mb-2"[39m
          [36m>[39m
            
[0m╪Ñ┘å╪┤╪º╪í 
╪¡╪│╪º╪¿[0m
          
[36m</h2>[39m
          [36m<p[39m
            [33mclass
[39m=[32m"text-muted
"[39m
          [36m>[39m
            
[0m╪ú┘å╪┤╪ª 
╪¡╪│╪º╪¿┘â 
┘ä┘ä╪¿╪»╪í[0m
          
[36m</p>[39m
        
[36m</div>[39m
        [36m<div[39m
          [33mclass[
39m=[32m"space-y-4"[
39m
        [36m>[39m
          
[36m<div[39m
            [33mclass
[39m=[32m"relative"
[39m
          [36m>[39m
            
[36m<label[39m
              [33mcla
ss[39m=[32m"label 
flex items-center 
gap-2"[39m
            
[36m>[39m
              
[36m<svg[39m
                [33ma
ria-hidden[39m=[32m"
true"[39m
                [33mc
lass[39m=[32m"lucide
 lucide-mail w-4 h-4 
text-primary-500"[39m
                [33mf
ill[39m=[32m"none"[
39m
                [33mh
eight[39m=[32m"24"[
39m
                [33ms
troke[39m=[32m"curre
ntColor"[39m
                [33ms
troke-linecap[39m=[3
2m"round"[39m
                [33ms
troke-linejoin[39m=[
32m"round"[39m
                [33ms
troke-width[39m=[32m
"2"[39m
                [33mv
iewBox[39m=[32m"0 0 
24 24"[39m
                [33mw
idth[39m=[32m"24"[3
9m
                [33mx
mlns[39m=[32m"http:/
/www.w3.org/2000/svg"
[39m
              
[36m>[39m
                
[36m<path[39m
                  
[33md[39m=[32m"m22 
7-8.991 5.727a2 2 0 0 
1-2.009 0L2 7"[39m
                
[36m/>[39m
                
[36m<rect[39m
                  [33
mheight[39m=[32m"16"
[39m
                  [33
mrx[39m=[32m"2"[39m
                  [33
mwidth[39m=[32m"20"
[39m
                  [33
mx[39m=[32m"2"[39m
                  [33
my[39m=[32m"4"[39m
                
[36m/>[39m
              
[36m</svg>[39m
              
[0m╪º┘ä╪¿╪▒┘è╪» ╪º┘ä╪
Ñ┘ä┘â╪¬╪▒┘ê┘å┘è[0m
            
[36m</label>[39m
            
[36m<input[39m
              [33mcla
ss[39m=[32m"input"[
39m
              [33mdir
[39m=[32m"ltr"[39m
              [33mnam
e[39m=[32m"email"[3
9m
              [33mpla
ceholder[39m=[32m"╪ú
╪»╪«┘ä ╪¿╪▒┘è╪»┘â ╪º┘ä
╪Ñ┘ä┘â╪¬╪▒┘ê┘å┘è"[39m
              [33mtyp
e[39m=[32m"email"[3
9m
            
[36m/>[39m
          
[36m</div>[39m
          
[36m<div[39m
            [33mclass
[39m=[32m"relative"
[39m
          [36m>[39m
            
[36m<label[39m
              [33mcla
ss[39m=[32m"label 
flex items-center 
gap-2"[39m
            
[36m>[39m
              
[36m<svg[39m
                [33ma
ria-hidden[39m=[32m"
true"[39m
                [33mc
lass[39m=[32m"lucide
 lucide-lock w-4 h-4 
text-primary-500"[39m
                [33mf
ill[39m=[32m"none"[
39m
                [33mh
eight[39m=[32m"24"[
39m
                [33ms
troke[39m=[32m"curre
ntColor"[39m
                [33ms
troke-linecap[39m=[3
2m"round"[39m
                [33ms
troke-linejoin[39m=[
32m"round"[39m
                [33ms
troke-width[39m=[32m
"2"[39m
                [33mv
iewBox[39m=[32m"0 0 
24 24"[39m
                [33mw
idth[39m=[32m"24"[3
9m
                [33mx
mlns[39m=[32m"http:/
/www.w3.org/2000/svg"
[39m
              
[36m>[39m
                
[36m<rect[39m
                  [33
mheight[39m=[32m"11"
[39m
                  [33
mrx[39m=[32m"2"[39m
                  [33
mry[39m=[32m"2"[39m
                  [33
mwidth[39m=[32m"18"
[39m
                  [33
mx[39m=[32m"3"[39m
                  [33
my[39m=[32m"11"[39m
                
[36m/>[39m
                
[36m<path[39m
                  
[33md[39m=[32m"M7 
11V7a5 5 0 0 1 10 
0v4"[39m
                
[36m/>[39m
              
[36m</svg>[39m
              
[0m┘â┘ä┘à╪⌐ 
╪º┘ä┘à╪▒┘ê╪▒[0m
            
[36m</label>[39m
            
[36m<div[39m
              [33mcla
ss[39m=[32m"relative
"[39m
            
[36m>[39m
              
[36m<input[39m
                [33mc
lass[39m=[32m"input 
pe-12"[39m
                [33md
ir[39m=[32m"ltr"[39
m
                [33mn
ame[39m=[32m"passwor
d"[39m
                [33mp
laceholder[39m=[32m"
╪ú╪»╪«┘ä ┘â┘ä┘à╪⌐ 
╪º┘ä┘à╪▒┘ê╪▒"[39m
                [33mt
ype[39m=[32m"passwor
d"[39m
              
[36m/>[39m
              
[36m<button[39m
                [33mc
lass[39m=[32m"absolu
te end-3 top-1/2 
-translate-y-1/2 w-8 
h-8 rounded-lg flex 
items-center 
justify-center 
text-dark-400 
hover:text-dark-600 da
rk:hover:text-dark-300
 hover:bg-dark-100 dar
k:hover:bg-dark-700 tr
ansition-colors"[39m
                [33mt
ype[39m=[32m"button"
[39m
              
[36m>[39m
                
[36m<svg[39m
                  [33
maria-hidden[39m=[32
m"true"[39m
                  [33
mclass[39m=[32m"luci
de lucide-eye w-5 
h-5"[39m
                  [33
mfill[39m=[32m"none"
[39m
                  [33
mheight[39m=[32m"24"
[39m
                  [33
mstroke[39m=[32m"cur
rentColor"[39m
                  [33
mstroke-linecap[39m=
[32m"round"[39m
                  [33
mstroke-linejoin[39m=
[32m"round"[39m
                  [33
mstroke-width[39m=[3
2m"2"[39m
                  [33
mviewBox[39m=[32m"0 
0 24 24"[39m
                  [33
mwidth[39m=[32m"24"
[39m
                  [33
mxmlns[39m=[32m"http
://www.w3.org/2000/svg
"[39m
                
[36m>[39m
                  
[36m<path[39m
                    [
33md[39m=[32m"M2.062
 12.348a1 1 0 0 1 
0-.696 10.75 10.75 0 
0 1 19.876 0 1 1 0 0 
1 0 .696 10.75 10.75 
0 0 1-19.876 0"[39m
                  
[36m/>[39m
                  
[36m<circle[39m
                    [
33mcx[39m=[32m"12"[
39m
                    [
33mcy[39m=[32m"12"[
39m
                    [
33mr[39m=[32m"3"[39
m
                  
[36m/>[39m
                
[36m</svg>[39m
              
[36m</button>[39m
            
[36m</div>[39m
          
[36m</div>[39m
          
[36m<div[39m
            [33mclass
[39m=[32m"relative"
[39m
          [36m>[39m
            
[36m<label[39m
              [33mcla
ss[39m=[32m"label 
flex items-center 
gap-2"[39m
            
[36m>[39m
              
[36m<svg[39m
                [33ma
ria-hidden[39m=[32m"
true"[39m
                [33mc
lass[39m=[32m"lucide
 lucide-circle-check 
w-4 h-4 
text-primary-500"[39m
                [33mf
ill[39m=[32m"none"[
39m
                [33mh
eight[39m=[32m"24"[
39m
                [33ms
troke[39m=[32m"curre
ntColor"[39m
                [33ms
troke-linecap[39m=[3
2m"round"[39m
                [33ms
troke-linejoin[39m=[
32m"round"[39m
                [33ms
troke-width[39m=[32m
"2"[39m
                [33mv
iewBox[39m=[32m"0 0 
24 24"[39m
                [33mw
idth[39m=[32m"24"[3
9m
                [33mx
mlns[39m=[32m"http:/
/www.w3.org/2000/svg"
[39m
              
[36m>[39m
                
[36m<circle[39m
                  [33
mcx[39m=[32m"12"[39
m
                  [33
mcy[39m=[32m"12"[39
m
                  [33
mr[39m=[32m"10"[39m
                
[36m/>[39m
                
[36m<path[39m
                  
[33md[39m=[32m"m9 
12 2 2 4-4"[39m
                
[36m/>[39m
              
[36m</svg>[39m
              
[0m╪¬╪ú┘â┘è╪» 
┘â┘ä┘à╪⌐ 
╪º┘ä┘à╪▒┘ê╪▒[0m
            
[36m</label>[39m
            
[36m<input[39m
              [33mcla
ss[39m=[32m"input"[
39m
              [33mdir
[39m=[32m"ltr"[39m
              [33mnam
e[39m=[32m"confirmPa
ssword"[39m
              [33mpla
ceholder[39m=[32m"╪ú
╪╣╪» ╪Ñ╪»╪«╪º┘ä 
┘â┘ä┘à╪⌐ 
╪º┘ä┘à╪▒┘ê╪▒"[39m
              [33mtyp
e[39m=[32m"password"
[39m
            
[36m/>[39m
          
[36m</div>[39m
        
[36m</div>[39m
        
[36m<button[39m
          [33mclass[
39m=[32m"btn-primary 
btn-lg w-full 
group"[39m
          [33mtype[3
9m=[32m"submit"[39m
        [36m>[39m
          
[36m<span>[39m
            
[0m╪Ñ┘å╪┤╪º╪í 
╪¡╪│╪º╪¿[0m
          
[36m</span>[39m
          
[36m<svg[39m
            [33maria-
hidden[39m=[32m"true
"[39m
            [33mclass
[39m=[32m"lucide 
lucide-arrow-left w-5 
h-5 group-hover:transl
ate-x-1 transition-tra
nsform"[39m
            [33mfill
[39m=[32m"none"[39m
            [33mheigh
t[39m=[32m"24"[39m
            [33mstrok
e[39m=[32m"currentCo
lor"[39m
            [33mstrok
e-linecap[39m=[32m"r
ound"[39m
            [33mstrok
e-linejoin[39m=[32m"
round"[39m
            [33mstrok
e-width[39m=[32m"2"
[39m
            [33mviewB
ox[39m=[32m"0 0 24 
24"[39m
            [33mwidth
[39m=[32m"24"[39m
            [33mxmlns
[39m=[32m"http://www
.w3.org/2000/svg"[39m
          [36m>[39m
            
[36m<path[39m
              
[33md[39m=[32m"m12 
19-7-7 7-7"[39m
            
[36m/>[39m
            
[36m<path[39m
              
[33md[39m=[32m"M19 
12H5"[39m
            
[36m/>[39m
          
[36m</svg>[39m
        
[36m</button>[39m
        [36m<p[39m
          [33mclass[
39m=[32m"text-center 
text-muted"[39m
        [36m>[39m
          
[0m┘ä╪»┘è┘â ╪¡╪│╪º╪¿ 
╪¿╪º┘ä┘ü╪╣┘ä╪ƒ[0m
          [0m [0m
          
[36m<button[39m
            [33mclass
[39m=[32m"text-prima
ry-600 
dark:text-primary-400 
font-semibold 
hover:underline"[39m
            [33mtype
[39m=[32m"button"[39
m
          [36m>[39m
            
[0m╪¬╪│╪¼┘è┘ä 
╪º┘ä╪»╪«┘ê┘ä[0m
          
[36m</button>[39m
        [36m</p>[39m
      
[36m</form>[39m
    [36m</div>[39m
  [36m</div>[39m
[36m</body>[39m

Ignored nodes: 
comments, script, 
style
[36m<html[39m
  [33mdir[39m=[32m"
rtl"[39m
  [33mlang[39m=[32m
"ar"[39m
[36m>[39m
  [36m<head />[39m
  [36m<body>[39m
    [36m<div>[39m
      [36m<div[39m
        [33mclass[39
m=[32m"w-full 
max-w-md mx-auto"[39m
      [36m>[39m
        
[36m<form[39m
          [33mclass[
39m=[32m"space-y-6"[
39m
        [36m>[39m
          
[36m<div[39m
            [33mclass
[39m=[32m"text-cente
r mb-8"[39m
          [36m>[39m
            
[36m<div[39m
              [33mcla
ss[39m=[32m"relative
 inline-block"[39m
            
[36m>[39m
              
[36m<div[39m
                [33mc
lass[39m=[32m"w-20 
h-20 rounded-2xl 
bg-gradient-to-br 
from-accent-500 
to-accent-600 flex 
items-center 
justify-center 
mx-auto mb-5 
shadow-lg shadow-accen
t-500/30"[39m
              
[36m>[39m
                
[36m<svg[39m
                  [33
maria-hidden[39m=[32
m"true"[39m
                  [33
mclass[39m=[32m"luci
de lucide-sparkles 
w-10 h-10 
text-white"[39m
                  [33
mfill[39m=[32m"none"
[39m
                  [33
mheight[39m=[32m"24"
[39m
                  [33
mstroke[39m=[32m"cur
rentColor"[39m
                  [33
mstroke-linecap[39m=
[32m"round"[39m
                  [33
mstroke-linejoin[39m=
[32m"round"[39m
                  [33
mstroke-width[39m=[3
2m"2"[39m
                  [33
mviewBox[39m=[32m"0 
0 24 24"[39m
                  [33
mwidth[39m=[32m"24"
[39m
                  [33
mxmlns[39m=[32m"http
://www.w3.org/2000/svg
"[39m
                
[36m>[39m
                  
[36m<path[39m
                    [
33md[39m=[32m"M11.01
7 2.814a1 1 0 0 1 
1.966 0l1.051 5.558a2 
2 0 0 0 1.594 
1.594l5.558 1.051a1 1 
0 0 1 0 1.966l-5.558 
1.051a2 2 0 0 0-1.594 
1.594l-1.051 5.558a1 
1 0 0 1-1.966 
0l-1.051-5.558a2 2 0 
0 0-1.594-1.594l-5.558
-1.051a1 1 0 0 1 
0-1.966l5.558-1.051a2 
2 0 0 0 
1.594-1.594z"[39m
                  
[36m/>[39m
                  
[36m<path[39m
                    
[33md[39m=[32m"M20 
2v4"[39m
                  
[36m/>[39m
                  
[36m<path[39m
                    
[33md[39m=[32m"M22 
4h-4"[39m
                  
[36m/>[39m
                  
[36m<circle[39m
                    [
33mcx[39m=[32m"4"[3
9m
                    [
33mcy[39m=[32m"20"[
39m
                    [
33mr[39m=[32m"2"[39
m
                  
[36m/>[39m
                
[36m</svg>[39m
              
[36m</div>[39m
              
[36m<div[39m
                [33mc
lass[39m=[32m"absolu
te -top-1 -end-1 w-8 
h-8 rounded-xl 
bg-gradient-to-r 
from-primary-400 
to-primary-600 flex 
items-center 
justify-center 
shadow-lg"[39m
              
[36m>[39m
                
[36m<svg[39m
                  [33
maria-hidden[39m=[32
m"true"[39m
                  [33
mclass[39m=[32m"luci
de lucide-user w-4 
h-4 text-white"[39m
                  [33
mfill[39m=[32m"none"
[39m
                  [33
mheight[39m=[32m"24"
[39m
                  [33
mstroke[39m=[32m"cur
rentColor"[39m
                  [33
mstroke-linecap[39m=
[32m"round"[39m
                  [33
mstroke-linejoin[39m=
[32m"round"[39m
                  [33
mstroke-width[39m=[3
2m"2"[39m
                  [33
mviewBox[39m=[32m"0 
0 24 24"[39m
                  [33
mwidth[39m=[32m"24"
[39m
                  [33
mxmlns[39m=[32m"http
://www.w3.org/2000/svg
"[39m
                
[36m>[39m
                  
[36m<path[39m
                    
[33md[39m=[32m"M19 
21v-2a4 4 0 0 
0-4-4H9a4 4 0 0 0-4 
4v2"[39m
                  
[36m/>[39m
                  
[36m<circle[39m
                    [
33mcx[39m=[32m"12"[
39m
                    [
33mcy[39m=[32m"7"[3
9m
                    [
33mr[39m=[32m"4"[39
m
                  
[36m/>[39m
                
[36m</svg>[39m
              
[36m</div>[39m
            
[36m</div>[39m
            
[36m<h2[39m
              [33mcla
ss[39m=[32m"text-2xl
 font-bold mb-2"[39m
            
[36m>[39m
              
[0m╪Ñ┘å╪┤╪º╪í 
╪¡╪│╪º╪¿[0m
            
[36m</h2>[39m
            
[36m<p[39m
              [33mcla
ss[39m=[32m"text-mut
ed"[39m
            
[36m>[39m
              
[0m╪ú┘å╪┤╪ª 
╪¡╪│╪º╪¿┘â 
┘ä┘ä╪¿╪»╪í[0m
            
[36m</p>[39m
          
[36m</div>[39m
          
[36m<div[39m
            [33mclass
[39m=[32m"space-y-4"
[39m
          [36m>[39m
            
[36m<div[39m
              [33mcla
ss[39m=[32m"relative
"[39m
            
[36m>[39m
              
[36m<label[39m
                [33mc
lass[39m=[32m"label 
flex items-center 
gap-2"[39m
              
[36m>[39m
                
[36m<svg[39m
                  [33
maria-hidden[39m=[32
m"true"[39m
                  [33
mclass[39m=[32m"luci
de lucide-mail w-4 
h-4 
text-primary-500"[39m
                  [33
mfill[39m=[32m"none"
[39m
                  [33
mheight[39m=[32m"24"
[39m
                  [33
mstroke[39m=[32m"cur
rentColor"[39m
                  [33
mstroke-linecap[39m=
[32m"round"[39m
                  [33
mstroke-linejoin[39m=
[32m"round"[39m
                  [33
mstroke-width[39m=[3
2m"2"[39m
                  [33
mviewBox[39m=[32m"0 
0 24 24"[39m
                  [33
mwidth[39m=[32m"24"
[39m
                  [33
mxmlns[39m=[32m"http
://www.w3.org/2000/svg
"[39m
                
[36m>[39m
                  
[36m<path[39m
                    
[33md[39m=[32m"m22 
7-8.991 5.727a2 2 0 0 
1-2.009 0L2 7"[39m
                  
[36m/>[39m
                  
[36m<rect[39m
                    [
33mheight[39m=[32m"1
6"[39m
                    [
33mrx[39m=[32m"2"[3
9m
                    [
33mwidth[39m=[32m"20
"[39m
                    [
33mx[39m=[32m"2"[39
m
                    [
33my[39m=[32m"4"[39
m
                  
[36m/>[39m
                
[36m</svg>[39m
                
[0m╪º┘ä╪¿╪▒┘è╪» ╪º┘ä╪
Ñ┘ä┘â╪¬╪▒┘ê┘å┘è[0m
              
[36m</label>[39m
              
[36m<input[39m
                [33mc
lass[39m=[32m"input"
[39m
                [33md
ir[39m=[32m"ltr"[39
m
                [33mn
ame[39m=[32m"email"
[39m
                [33mp
laceholder[39m=[32m"
╪ú╪»╪«┘ä ╪¿╪▒┘è╪»┘â ╪º
┘ä╪Ñ┘ä┘â╪¬╪▒┘ê┘å┘è"[3
9m
                [33mt
ype[39m=[32m"email"
[39m
              
[36m/>[39m
            
[36m</div>[39m
            
[36m<div[39m
              [33mcla
ss[39m=[32m"relative
"[39m
            
[36m>[39m
              
[36m<label[39m
                [33mc
lass[39m=[32m"label 
flex items-center 
gap-2"[39m
              
[36m>[39m
                
[36m<svg[39m
                  [33
maria-hidden[39m=[32
m"true"[39m
                  [33
mclass[39m=[32m"luci
de lucide-lock w-4 
h-4 
text-primary-500"[39m
                  [33
mfill[39m=[32m"none"
[39m
                  [33
mheight[39m=[32m"24"
[39m
                  [33
mstroke[39m=[32m"cur
rentColor"[39m
                  [33
mstroke-linecap[39m=
[32m"round"[39m
                  [33
mstroke-linejoin[39m=
[32m"round"[39m
                  [33
mstroke-width[39m=[3
2m"2"[39m
                  [33
mviewBox[39m=[32m"0 
0 24 24"[39m
                  [33
mwidth[39m=[32m"24"
[39m
                  [33
mxmlns[39m=[32m"http
://www.w3.org/2000/svg
"[39m
                
[36m>[39m
                  
[36m<rect[39m
                    [
33mheight[39m=[32m"1
1"[39m
                    [
33mrx[39m=[32m"2"[3
9m
                    [
33mry[39m=[32m"2"[3
9m
                    [
33mwidth[39m=[32m"18
"[39m
                    [
33mx[39m=[32m"3"[39
m
                    [
33my[39m=[32m"11"[3
9m
                  
[36m/>[39m
                  
[36m<path[39m
                    
[33md[39m=[32m"M7 
11V7a5 5 0 0 1 10 
0v4"[39m
                  
[36m/>[39m
                
[36m</svg>[39m
                
[0m┘â┘ä┘à╪⌐ 
╪º┘ä┘à╪▒┘ê╪▒[0m
              
[36m</label>[39m
              
[36m<div[39m
                [33mc
lass[39m=[32m"relati
ve"[39m
              
[36m>[39m
                
[36m<input[39m
                  [33
mclass[39m=[32m"inpu
t pe-12"[39m
                  [33
mdir[39m=[32m"ltr"[
39m
                  [33
mname[39m=[32m"passw
ord"[39m
                  [33
mplaceholder[39m=[32
m"╪ú╪»╪«┘ä ┘â┘ä┘à╪⌐ 
╪º┘ä┘à╪▒┘ê╪▒"[39m
                  [33
mtype[39m=[32m"passw
ord"[39m
                
[36m/>[39m
                
[36m<button[39m
                  [33
mclass[39m=[32m"abso
lute end-3 top-1/2 
-translate-y-1/2 w-8 
h-8 rounded-lg flex 
items-center 
justify-center 
text-dark-400 
hover:text-dark-600 da
rk:hover:text-dark-300
 hover:bg-dark-100 dar
k:hover:bg-dark-700 tr
ansition-colors"[39m
                  [33
mtype[39m=[32m"butto
n"[39m
                
[36m>[39m
                  
[36m<svg[39m
                    [
33maria-hidden[39m=[
32m"true"[39m
                    [
33mclass[39m=[32m"lu
cide lucide-eye w-5 
h-5"[39m
                    [
33mfill[39m=[32m"non
e"[39m
                    [
33mheight[39m=[32m"2
4"[39m
                    [
33mstroke[39m=[32m"c
urrentColor"[39m
                    [
33mstroke-linecap[39m
=[32m"round"[39m
                    [
33mstroke-linejoin[39
m=[32m"round"[39m
                    [
33mstroke-width[39m=
[32m"2"[39m
                    [
33mviewBox[39m=[32m"
0 0 24 24"[39m
                    [
33mwidth[39m=[32m"24
"[39m
                    [
33mxmlns[39m=[32m"ht
tp://www.w3.org/2000/s
vg"[39m
                  
[36m>[39m
                    
[36m<path[39m
                      
[33md[39m=[32m"M2.0
62 12.348a1 1 0 0 1 
0-.696 10.75 10.75 0 
0 1 19.876 0 1 1 0 0 
1 0 .696 10.75 10.75 
0 0 1-19.876 0"[39m
                    
[36m/>[39m
                    
[36m<circle[39m
                      
[33mcx[39m=[32m"12"
[39m
                      
[33mcy[39m=[32m"12"
[39m
                      
[33mr[39m=[32m"3"[
39m
                    
[36m/>[39m
                  
[36m</svg>[39m
                
[36m</button>[39m
              
[36m</div>[39m
            
[36m</div>[39m
            
[36m<div[39m
              [33mcla
ss[39m=[32m"relative
"[39m
            
[36m>[39m
              
[36m<label[39m
                [33mc
lass[39m=[32m"label 
flex items-center 
gap-2"[39m
              
[36m>[39m
                
[36m<svg[39m
                  [33
maria-hidden[39m=[32
m"true"[39m
                  [33
mclass[39m=[32m"luci
de 
lucide-circle-check 
w-4 h-4 
text-primary-500"[39m
                  [33
mfill[39m=[32m"none"
[39m
                  [33
mheight[39m=[32m"24"
[39m
                  [33
mstroke[39m=[32m"cur
rentColor"[39m
                  [33
mstroke-linecap[39m=
[32m"round"[39m
                  [33
mstroke-linejoin[39m=
[32m"round"[39m
                  [33
mstroke-width[39m=[3
2m"2"[39m
                  [33
mviewBox[39m=[32m"0 
0 24 24"[39m
                  [33
mwidth[39m=[32m"24"
[39m
                  [33
mxmlns[39m=[32m"http
://www.w3.org/2000/svg
"[39m
                
[36m>[39m
                  
[36m<circle[39m
                    [
33mcx[39m=[32m"12"[
39m
                    [
33mcy[39m=[32m"12"[
39m
                    [
33mr[39m=[32m"10"[3
9m
                  
[36m/>[39m
                  
[36m<path[39m
                    
[33md[39m=[32m"m9 
12 2 2 4-4"[39m
                  
[36m/>[39m
                
[36m</svg>[39m
                
[0m╪¬╪ú┘â┘è╪» 
┘â┘ä┘à╪⌐ 
╪º┘ä┘à╪▒┘ê╪▒[0m
              
[36m</label>[39m
              
[36m<input[39m
                [33mc
lass[39m=[32m"input"
[39m
                [33md
ir[39m=[32m"ltr"[39
m
                [33mn
ame[39m=[32m"confirm
Password"[39m
                [33mp
laceholder[39m=[32m"
╪ú╪╣╪» ╪Ñ╪»╪«╪º┘ä 
┘â┘ä┘à╪⌐ 
╪º┘ä┘à╪▒┘ê╪▒"[39m
                [33mt
ype[39m=[32m"passwor
d"[39m
              
[36m/>[39m
            
[36m</div>[39m
          
[36m</div>[39m
          
[36m<button[39m
            [33mclass
[39m=[32m"btn-primar
y btn-lg w-full 
group"[39m
            [33mtype
[39m=[32m"submit"[39
m
          [36m>[39m
            
[36m<span>[39m
              
[0m╪Ñ┘å╪┤╪º╪í 
╪¡╪│╪º╪¿[0m
            
[36m</span>[39m
            
[36m<svg[39m
              [33mari
a-hidden[39m=[32m"tr
ue"[39m
              [33mcla
ss[39m=[32m"lucide 
lucide-arrow-left w-5 
h-5 group-hover:transl
ate-x-1 transition-tra
nsform"[39m
              [33mfil
l[39m=[32m"none"[39
m
              [33mhei
ght[39m=[32m"24"[39
m
              [33mstr
oke[39m=[32m"current
Color"[39m
              [33mstr
oke-linecap[39m=[32m
"round"[39m
              [33mstr
oke-linejoin[39m=[32
m"round"[39m
              [33mstr
oke-width[39m=[32m"2
"[39m
              [33mvie
wBox[39m=[32m"0 0 
24 24"[39m
              [33mwid
th[39m=[32m"24"[39m
              [33mxml
ns[39m=[32m"http://w
ww.w3.org/2000/svg"[3
9m
            
[36m>[39m
              
[36m<path[39m
                
[33md[39m=[32m"m12 
19-7-7 7-7"[39m
              
[36m/>[39m
              
[36m<path[39m
                
[33md[39m=[32m"M19 
12H5"[39m
              
[36m/>[39m
            
[36m</svg>[39m
          
[36m</button>[39m
          [36m<p[39m
            [33mclass
[39m=[32m"text-cente
r text-muted"[39m
          [36m>[39m
            
[0m┘ä╪»┘è┘â ╪¡╪│╪º╪¿ 
╪¿╪º┘ä┘ü╪╣┘ä╪ƒ[0m
            [0m [0m
            
[36m<button[39m
              [33mcla
ss[39m=[32m"text-pri
mary-600 
dark:text-primary-400 
font-semibold 
hover:underline"[39m
              [33mtyp
e[39m=[32m"button"[
39m
            
[36m>[39m
              
[0m╪¬╪│╪¼┘è┘ä 
╪º┘ä╪»╪«┘ê┘ä[0m
            
[36m</button>[39m
          
[36m</p>[39m
        
[36m</form>[39m
      [36m</div>[39m
    [36m</div>[39m
  [36m</body>[39m
[36m</html>[39m
[90m [2mΓ¥»[22m 
Proxy.waitForWrapper n
ode_modules/@testing-l
ibrary/dom/dist/wait-f
or.js:[2m163:27[22m
[39m
[36m [2mΓ¥»[22m src
/components/auth/__tes
ts__/SignupForm.test.t
sx:[2m95:19[22m[39m
    [90m 93| [39m   
         [34mrender[
39m([33m<[39m[33mSi
gnupForm[39m [33m/[
39m[33m>[39m[33m,[
39m { 
wrapper[33m:[39m 
[33mTestWrapper[39m 
})[33m;[39m
    [90m 94| [39m
    [90m 95| [39m   
         
[35mawait[39m 
[34mwaitFor[39m(() 
[33m=>[39m {
    [90m   | [39m   
               
[31m^[39m
    [90m 96| [39m   
             expect(sc
reen.getByRole('button
', { name: 
/freelancer|ΓÇª
    [90m 97| [39m   
         })[33m;[39m

[31m[2mΓÄ»ΓÄ»ΓÄ»ΓÄ»Γ
Ä»ΓÄ»ΓÄ»ΓÄ»ΓÄ»ΓÄ»ΓÄ»ΓÄ
»ΓÄ»ΓÄ»ΓÄ»ΓÄ»ΓÄ»ΓÄ»ΓÄ»
ΓÄ»ΓÄ»ΓÄ»ΓÄ»[7/13]ΓÄ»
[22m[39m

[41m[1m FAIL 
[22m[49m src/compone
nts/auth/__tests__/Sig
nupForm.test.tsx[2m 
> [22mSignupForm[2m 
> [22mUser Type 
Selection[2m > 
[22mshould progress 
to email form when 
client is selected
[31m[1mTestingLibrar
yElementError[22m[39
m: Unable to find 
role="button" and 
name 
`/client|╪╡╪º╪¡╪¿ 
╪╣┘à┘ä/i`

Ignored nodes: 
comments, script, 
style
[36m<body>[39m
  [36m<div>[39m
    [36m<div[39m
      [33mclass[39m=
[32m"w-full max-w-md 
mx-auto"[39m
    [36m>[39m
      [36m<form[39m
        [33mclass[39
m=[32m"space-y-6"[39
m
      [36m>[39m
        [36m<div[39m
          [33mclass[
39m=[32m"text-center 
mb-8"[39m
        [36m>[39m
          
[36m<div[39m
            [33mclass
[39m=[32m"relative 
inline-block"[39m
          [36m>[39m
            
[36m<div[39m
              [33mcla
ss[39m=[32m"w-20 
h-20 rounded-2xl 
bg-gradient-to-br 
from-accent-500 
to-accent-600 flex 
items-center 
justify-center 
mx-auto mb-5 
shadow-lg shadow-accen
t-500/30"[39m
            
[36m>[39m
              
[36m<svg[39m
                [33ma
ria-hidden[39m=[32m"
true"[39m
                [33mc
lass[39m=[32m"lucide
 lucide-sparkles w-10 
h-10 text-white"[39m
                [33mf
ill[39m=[32m"none"[
39m
                [33mh
eight[39m=[32m"24"[
39m
                [33ms
troke[39m=[32m"curre
ntColor"[39m
                [33ms
troke-linecap[39m=[3
2m"round"[39m
                [33ms
troke-linejoin[39m=[
32m"round"[39m
                [33ms
troke-width[39m=[32m
"2"[39m
                [33mv
iewBox[39m=[32m"0 0 
24 24"[39m
                [33mw
idth[39m=[32m"24"[3
9m
                [33mx
mlns[39m=[32m"http:/
/www.w3.org/2000/svg"
[39m
              
[36m>[39m
                
[36m<path[39m
                  [33
md[39m=[32m"M11.017 
2.814a1 1 0 0 1 1.966 
0l1.051 5.558a2 2 0 0 
0 1.594 1.594l5.558 
1.051a1 1 0 0 1 0 
1.966l-5.558 1.051a2 
2 0 0 0-1.594 
1.594l-1.051 5.558a1 
1 0 0 1-1.966 
0l-1.051-5.558a2 2 0 
0 0-1.594-1.594l-5.558
-1.051a1 1 0 0 1 
0-1.966l5.558-1.051a2 
2 0 0 0 
1.594-1.594z"[39m
                
[36m/>[39m
                
[36m<path[39m
                  
[33md[39m=[32m"M20 
2v4"[39m
                
[36m/>[39m
                
[36m<path[39m
                  
[33md[39m=[32m"M22 
4h-4"[39m
                
[36m/>[39m
                
[36m<circle[39m
                  [33
mcx[39m=[32m"4"[39m
                  [33
mcy[39m=[32m"20"[39
m
                  [33
mr[39m=[32m"2"[39m
                
[36m/>[39m
              
[36m</svg>[39m
            
[36m</div>[39m
            
[36m<div[39m
              [33mcla
ss[39m=[32m"absolute
 -top-1 -end-1 w-8 
h-8 rounded-xl 
bg-gradient-to-r 
from-primary-400 
to-primary-600 flex 
items-center 
justify-center 
shadow-lg"[39m
            
[36m>[39m
              
[36m<svg[39m
                [33ma
ria-hidden[39m=[32m"
true"[39m
                [33mc
lass[39m=[32m"lucide
 lucide-user w-4 h-4 
text-white"[39m
                [33mf
ill[39m=[32m"none"[
39m
                [33mh
eight[39m=[32m"24"[
39m
                [33ms
troke[39m=[32m"curre
ntColor"[39m
                [33ms
troke-linecap[39m=[3
2m"round"[39m
                [33ms
troke-linejoin[39m=[
32m"round"[39m
                [33ms
troke-width[39m=[32m
"2"[39m
                [33mv
iewBox[39m=[32m"0 0 
24 24"[39m
                [33mw
idth[39m=[32m"24"[3
9m
                [33mx
mlns[39m=[32m"http:/
/www.w3.org/2000/svg"
[39m
              
[36m>[39m
                
[36m<path[39m
                  
[33md[39m=[32m"M19 
21v-2a4 4 0 0 
0-4-4H9a4 4 0 0 0-4 
4v2"[39m
                
[36m/>[39m
                
[36m<circle[39m
                  [33
mcx[39m=[32m"12"[39
m
                  [33
mcy[39m=[32m"7"[39m
                  [33
mr[39m=[32m"4"[39m
                
[36m/>[39m
              
[36m</svg>[39m
            
[36m</div>[39m
          
[36m</div>[39m
          
[36m<h2[39m
            [33mclass
[39m=[32m"text-2xl 
font-bold mb-2"[39m
          [36m>[39m
            
[0m╪Ñ┘å╪┤╪º╪í 
╪¡╪│╪º╪¿[0m
          
[36m</h2>[39m
          [36m<p[39m
            [33mclass
[39m=[32m"text-muted
"[39m
          [36m>[39m
            
[0m╪ú┘å╪┤╪ª 
╪¡╪│╪º╪¿┘â 
┘ä┘ä╪¿╪»╪í[0m
          
[36m</p>[39m
        
[36m</div>[39m
        [36m<div[39m
          [33mclass[
39m=[32m"space-y-4"[
39m
        [36m>[39m
          
[36m<div[39m
            [33mclass
[39m=[32m"relative"
[39m
          [36m>[39m
            
[36m<label[39m
              [33mcla
ss[39m=[32m"label 
flex items-center 
gap-2"[39m
            
[36m>[39m
              
[36m<svg[39m
                [33ma
ria-hidden[39m=[32m"
true"[39m
                [33mc
lass[39m=[32m"lucide
 lucide-mail w-4 h-4 
text-primary-500"[39m
                [33mf
ill[39m=[32m"none"[
39m
                [33mh
eight[39m=[32m"24"[
39m
                [33ms
troke[39m=[32m"curre
ntColor"[39m
                [33ms
troke-linecap[39m=[3
2m"round"[39m
                [33ms
troke-linejoin[39m=[
32m"round"[39m
                [33ms
troke-width[39m=[32m
"2"[39m
                [33mv
iewBox[39m=[32m"0 0 
24 24"[39m
                [33mw
idth[39m=[32m"24"[3
9m
                [33mx
mlns[39m=[32m"http:/
/www.w3.org/2000/svg"
[39m
              
[36m>[39m
                
[36m<path[39m
                  
[33md[39m=[32m"m22 
7-8.991 5.727a2 2 0 0 
1-2.009 0L2 7"[39m
                
[36m/>[39m
                
[36m<rect[39m
                  [33
mheight[39m=[32m"16"
[39m
                  [33
mrx[39m=[32m"2"[39m
                  [33
mwidth[39m=[32m"20"
[39m
                  [33
mx[39m=[32m"2"[39m
                  [33
my[39m=[32m"4"[39m
                
[36m/>[39m
              
[36m</svg>[39m
              
[0m╪º┘ä╪¿╪▒┘è╪» ╪º┘ä╪
Ñ┘ä┘â╪¬╪▒┘ê┘å┘è[0m
            
[36m</label>[39m
            
[36m<input[39m
              [33mcla
ss[39m=[32m"input"[
39m
              [33mdir
[39m=[32m"ltr"[39m
              [33mnam
e[39m=[32m"email"[3
9m
              [33mpla
ceholder[39m=[32m"╪ú
╪»╪«┘ä ╪¿╪▒┘è╪»┘â ╪º┘ä
╪Ñ┘ä┘â╪¬╪▒┘ê┘å┘è"[39m
              [33mtyp
e[39m=[32m"email"[3
9m
            
[36m/>[39m
          
[36m</div>[39m
          
[36m<div[39m
            [33mclass
[39m=[32m"relative"
[39m
          [36m>[39m
            
[36m<label[39m
              [33mcla
ss[39m=[32m"label 
flex items-center 
gap-2"[39m
            
[36m>[39m
              
[36m<svg[39m
                [33ma
ria-hidden[39m=[32m"
true"[39m
                [33mc
lass[39m=[32m"lucide
 lucide-lock w-4 h-4 
text-primary-500"[39m
                [33mf
ill[39m=[32m"none"[
39m
                [33mh
eight[39m=[32m"24"[
39m
                [33ms
troke[39m=[32m"curre
ntColor"[39m
                [33ms
troke-linecap[39m=[3
2m"round"[39m
                [33ms
troke-linejoin[39m=[
32m"round"[39m
                [33ms
troke-width[39m=[32m
"2"[39m
                [33mv
iewBox[39m=[32m"0 0 
24 24"[39m
                [33mw
idth[39m=[32m"24"[3
9m
                [33mx
mlns[39m=[32m"http:/
/www.w3.org/2000/svg"
[39m
              
[36m>[39m
                
[36m<rect[39m
                  [33
mheight[39m=[32m"11"
[39m
                  [33
mrx[39m=[32m"2"[39m
                  [33
mry[39m=[32m"2"[39m
                  [33
mwidth[39m=[32m"18"
[39m
                  [33
mx[39m=[32m"3"[39m
                  [33
my[39m=[32m"11"[39m
                
[36m/>[39m
                
[36m<path[39m
                  
[33md[39m=[32m"M7 
11V7a5 5 0 0 1 10 
0v4"[39m
                
[36m/>[39m
              
[36m</svg>[39m
              
[0m┘â┘ä┘à╪⌐ 
╪º┘ä┘à╪▒┘ê╪▒[0m
            
[36m</label>[39m
            
[36m<div[39m
              [33mcla
ss[39m=[32m"relative
"[39m
            
[36m>[39m
              
[36m<input[39m
                [33mc
lass[39m=[32m"input 
pe-12"[39m
                [33md
ir[39m=[32m"ltr"[39
m
                [33mn
ame[39m=[32m"passwor
d"[39m
                [33mp
laceholder[39m=[32m"
╪ú╪»╪«┘ä ┘â┘ä┘à╪⌐ 
╪º┘ä┘à╪▒┘ê╪▒"[39m
                [33mt
ype[39m=[32m"passwor
d"[39m
              
[36m/>[39m
              
[36m<button[39m
                [33mc
lass[39m=[32m"absolu
te end-3 top-1/2 
-translate-y-1/2 w-8 
h-8 rounded-lg flex 
items-center 
justify-center 
text-dark-400 
hover:text-dark-600 da
rk:hover:text-dark-300
 hover:bg-dark-100 dar
k:hover:bg-dark-700 tr
ansition-colors"[39m
                [33mt
ype[39m=[32m"button"
[39m
              
[36m>[39m
                
[36m<svg[39m
                  [33
maria-hidden[39m=[32
m"true"[39m
                  [33
mclass[39m=[32m"luci
de lucide-eye w-5 
h-5"[39m
                  [33
mfill[39m=[32m"none"
[39m
                  [33
mheight[39m=[32m"24"
[39m
                  [33
mstroke[39m=[32m"cur
rentColor"[39m
                  [33
mstroke-linecap[39m=
[32m"round"[39m
                  [33
mstroke-linejoin[39m=
[32m"round"[39m
                  [33
mstroke-width[39m=[3
2m"2"[39m
                  [33
mviewBox[39m=[32m"0 
0 24 24"[39m
                  [33
mwidth[39m=[32m"24"
[39m
                  [33
mxmlns[39m=[32m"http
://www.w3.org/2000/svg
"[39m
                
[36m>[39m
                  
[36m<path[39m
                    [
33md[39m=[32m"M2.062
 12.348a1 1 0 0 1 
0-.696 10.75 10.75 0 
0 1 19.876 0 1 1 0 0 
1 0 .696 10.75 10.75 
0 0 1-19.876 0"[39m
                  
[36m/>[39m
                  
[36m<circle[39m
                    [
33mcx[39m=[32m"12"[
39m
                    [
33mcy[39m=[32m"12"[
39m
                    [
33mr[39m=[32m"3"[39
m
                  
[36m/>[39m
                
[36m</svg>[39m
              
[36m</button>[39m
            
[36m</div>[39m
          
[36m</div>[39m
          
[36m<div[39m
            [33mclass
[39m=[32m"relative"
[39m
          [36m>[39m
            
[36m<label[39m
              [33mcla
ss[39m=[32m"label 
flex items-center 
gap-2"[39m
            
[36m>[39m
              
[36m<svg[39m
                [33ma
ria-hidden[39m=[32m"
true"[39m
                [33mc
lass[39m=[32m"lucide
 lucide-circle-check 
w-4 h-4 
text-primary-500"[39m
                [33mf
ill[39m=[32m"none"[
39m
                [33mh
eight[39m=[32m"24"[
39m
                [33ms
troke[39m=[32m"curre
ntColor"[39m
                [33ms
troke-linecap[39m=[3
2m"round"[39m
                [33ms
troke-linejoin[39m=[
32m"round"[39m
                [33ms
troke-width[39m=[32m
"2"[39m
                [33mv
iewBox[39m=[32m"0 0 
24 24"[39m
                [33mw
idth[39m=[32m"24"[3
9m
                [33mx
mlns[39m=[32m"http:/
/www.w3.org/2000/svg"
[39m
              
[36m>[39m
                
[36m<circle[39m
                  [33
mcx[39m=[32m"12"[39
m
                  [33
mcy[39m=[32m"12"[39
m
                  [33
mr[39m=[32m"10"[39m
                
[36m/>[39m
                
[36m<path[39m
                  
[33md[39m=[32m"m9 
12 2 2 4-4"[39m
                
[36m/>[39m
              
[36m</svg>[39m
              
[0m╪¬╪ú┘â┘è╪» 
┘â┘ä┘à╪⌐ 
╪º┘ä┘à╪▒┘ê╪▒[0m
            
[36m</label>[39m
            
[36m<input[39m
              [33mcla
ss[39m=[32m"input"[
39m
              [33mdir
[39m=[32m"ltr"[39m
              [33mnam
e[39m=[32m"confirmPa
ssword"[39m
              [33mpla
ceholder[39m=[32m"╪ú
╪╣╪» ╪Ñ╪»╪«╪º┘ä 
┘â┘ä┘à╪⌐ 
╪º┘ä┘à╪▒┘ê╪▒"[39m
              [33mtyp
e[39m=[32m"password"
[39m
            
[36m/>[39m
          
[36m</div>[39m
        
[36m</div>[39m
        
[36m<button[39m
          [33mclass[
39m=[32m"btn-primary 
btn-lg w-full 
group"[39m
          [33mtype[3
9m=[32m"submit"[39m
        [36m>[39m
          
[36m<span>[39m
            
[0m╪Ñ┘å╪┤╪º╪í 
╪¡╪│╪º╪¿[0m
          
[36m</span>[39m
          
[36m<svg[39m
            [33maria-
hidden[39m=[32m"true
"[39m
            [33mclass
[39m=[32m"lucide 
lucide-arrow-left w-5 
h-5 group-hover:transl
ate-x-1 transition-tra
nsform"[39m
            [33mfill
[39m=[32m"none"[39m
            [33mheigh
t[39m=[32m"24"[39m
            [33mstrok
e[39m=[32m"currentCo
lor"[39m
            [33mstrok
e-linecap[39m=[32m"r
ound"[39m
            [33mstrok
e-linejoin[39m=[32m"
round"[39m
            [33mstrok
e-width[39m=[32m"2"
[39m
            [33mviewB
ox[39m=[32m"0 0 24 
24"[39m
            [33mwidth
[39m=[32m"24"[39m
            [33mxmlns
[39m=[32m"http://www
.w3.org/2000/svg"[39m
          [36m>[39m
            
[36m<path[39m
              
[33md[39m=[32m"m12 
19-7-7 7-7"[39m
            
[36m/>[39m
            
[36m<path[39m
              
[33md[39m=[32m"M19 
12H5"[39m
            
[36m/>[39m
          
[36m</svg>[39m
        
[36m</button>[39m
        [36m<p[39m
          [33mclass[
39m=[32m"text-center 
text-muted"[39m
        [36m>[39m
          
[0m┘ä╪»┘è┘â ╪¡╪│╪º╪¿ 
╪¿╪º┘ä┘ü╪╣┘ä╪ƒ[0m
          [0m [0m
          
[36m<button[39m
            [33mclass
[39m=[32m"text-prima
ry-600 
dark:text-primary-400 
font-semibold 
hover:underline"[39m
            [33mtype
[39m=[32m"button"[39
m
          [36m>[39m
            
[0m╪¬╪│╪¼┘è┘ä 
╪º┘ä╪»╪«┘ê┘ä[0m
          
[36m</button>[39m
        [36m</p>[39m
      
[36m</form>[39m
    [36m</div>[39m
  [36m</div>[39m
[36m</body>[39m

Ignored nodes: 
comments, script, 
style
[36m<html[39m
  [33mdir[39m=[32m"
rtl"[39m
  [33mlang[39m=[32m
"ar"[39m
[36m>[39m
  [36m<head />[39m
  [36m<body>[39m
    [36m<div>[39m
      [36m<div[39m
        [33mclass[39
m=[32m"w-full 
max-w-md mx-auto"[39m
      [36m>[39m
        
[36m<form[39m
          [33mclass[
39m=[32m"space-y-6"[
39m
        [36m>[39m
          
[36m<div[39m
            [33mclass
[39m=[32m"text-cente
r mb-8"[39m
          [36m>[39m
            
[36m<div[39m
              [33mcla
ss[39m=[32m"relative
 inline-block"[39m
            
[36m>[39m
              
[36m<div[39m
                [33mc
lass[39m=[32m"w-20 
h-20 rounded-2xl 
bg-gradient-to-br 
from-accent-500 
to-accent-600 flex 
items-center 
justify-center 
mx-auto mb-5 
shadow-lg shadow-accen
t-500/30"[39m
              
[36m>[39m
                
[36m<svg[39m
                  [33
maria-hidden[39m=[32
m"true"[39m
                  [33
mclass[39m=[32m"luci
de lucide-sparkles 
w-10 h-10 
text-white"[39m
                  [33
mfill[39m=[32m"none"
[39m
                  [33
mheight[39m=[32m"24"
[39m
                  [33
mstroke[39m=[32m"cur
rentColor"[39m
                  [33
mstroke-linecap[39m=
[32m"round"[39m
                  [33
mstroke-linejoin[39m=
[32m"round"[39m
                  [33
mstroke-width[39m=[3
2m"2"[39m
                  [33
mviewBox[39m=[32m"0 
0 24 24"[39m
                  [33
mwidth[39m=[32m"24"
[39m
                  [33
mxmlns[39m=[32m"http
://www.w3.org/2000/svg
"[39m
                
[36m>[39m
                  
[36m<path[39m
                    [
33md[39m=[32m"M11.01
7 2.814a1 1 0 0 1 
1.966 0l1.051 5.558a2 
2 0 0 0 1.594 
1.594l5.558 1.051a1 1 
0 0 1 0 1.966l-5.558 
1.051a2 2 0 0 0-1.594 
1.594l-1.051 5.558a1 
1 0 0 1-1.966 
0l-1.051-5.558a2 2 0 
0 0-1.594-1.594l-5.558
-1.051a1 1 0 0 1 
0-1.966l5.558-1.051a2 
2 0 0 0 
1.594-1.594z"[39m
                  
[36m/>[39m
                  
[36m<path[39m
                    
[33md[39m=[32m"M20 
2v4"[39m
                  
[36m/>[39m
                  
[36m<path[39m
                    
[33md[39m=[32m"M22 
4h-4"[39m
                  
[36m/>[39m
                  
[36m<circle[39m
                    [
33mcx[39m=[32m"4"[3
9m
                    [
33mcy[39m=[32m"20"[
39m
                    [
33mr[39m=[32m"2"[39
m
                  
[36m/>[39m
                
[36m</svg>[39m
              
[36m</div>[39m
              
[36m<div[39m
                [33mc
lass[39m=[32m"absolu
te -top-1 -end-1 w-8 
h-8 rounded-xl 
bg-gradient-to-r 
from-primary-400 
to-primary-600 flex 
items-center 
justify-center 
shadow-lg"[39m
              
[36m>[39m
                
[36m<svg[39m
                  [33
maria-hidden[39m=[32
m"true"[39m
                  [33
mclass[39m=[32m"luci
de lucide-user w-4 
h-4 text-white"[39m
                  [33
mfill[39m=[32m"none"
[39m
                  [33
mheight[39m=[32m"24"
[39m
                  [33
mstroke[39m=[32m"cur
rentColor"[39m
                  [33
mstroke-linecap[39m=
[32m"round"[39m
                  [33
mstroke-linejoin[39m=
[32m"round"[39m
                  [33
mstroke-width[39m=[3
2m"2"[39m
                  [33
mviewBox[39m=[32m"0 
0 24 24"[39m
                  [33
mwidth[39m=[32m"24"
[39m
                  [33
mxmlns[39m=[32m"http
://www.w3.org/2000/svg
"[39m
                
[36m>[39m
                  
[36m<path[39m
                    
[33md[39m=[32m"M19 
21v-2a4 4 0 0 
0-4-4H9a4 4 0 0 0-4 
4v2"[39m
                  
[36m/>[39m
                  
[36m<circle[39m
                    [
33mcx[39m=[32m"12"[
39m
                    [
33mcy[39m=[32m"7"[3
9m
                    [
33mr[39m=[32m"4"[39
m
                  
[36m/>[39m
                
[36m</svg>[39m
              
[36m</div>[39m
            
[36m</div>[39m
            
[36m<h2[39m
              [33mcla
ss[39m=[32m"text-2xl
 font-bold mb-2"[39m
            
[36m>[39m
              
[0m╪Ñ┘å╪┤╪º╪í 
╪¡╪│╪º╪¿[0m
            
[36m</h2>[39m
            
[36m<p[39m
              [33mcla
ss[39m=[32m"text-mut
ed"[39m
            
[36m>[39m
              
[0m╪ú┘å╪┤╪ª 
╪¡╪│╪º╪¿┘â 
┘ä┘ä╪¿╪»╪í[0m
            
[36m</p>[39m
          
[36m</div>[39m
          
[36m<div[39m
            [33mclass
[39m=[32m"space-y-4"
[39m
          [36m>[39m
            
[36m<div[39m
              [33mcla
ss[39m=[32m"relative
"[39m
            
[36m>[39m
              
[36m<label[39m
                [33mc
lass[39m=[32m"label 
flex items-center 
gap-2"[39m
              
[36m>[39m
                
[36m<svg[39m
                  [33
maria-hidden[39m=[32
m"true"[39m
                  [33
mclass[39m=[32m"luci
de lucide-mail w-4 
h-4 
text-primary-500"[39m
                  [33
mfill[39m=[32m"none"
[39m
                  [33
mheight[39m=[32m"24"
[39m
                  [33
mstroke[39m=[32m"cur
rentColor"[39m
                  [33
mstroke-linecap[39m=
[32m"round"[39m
                  [33
mstroke-linejoin[39m=
[32m"round"[39m
                  [33
mstroke-width[39m=[3
2m"2"[39m
                  [33
mviewBox[39m=[32m"0 
0 24 24"[39m
                  [33
mwidth[39m=[32m"24"
[39m
                  [33
mxmlns[39m=[32m"http
://www.w3.org/2000/svg
"[39m
                
[36m>[39m
                  
[36m<path[39m
                    
[33md[39m=[32m"m22 
7-8.991 5.727a2 2 0 0 
1-2.009 0L2 7"[39m
                  
[36m/>[39m
                  
[36m<rect[39m
                    [
33mheight[39m=[32m"1
6"[39m
                    [
33mrx[39m=[32m"2"[3
9m
                    [
33mwidth[39m=[32m"20
"[39m
                    [
33mx[39m=[32m"2"[39
m
                    [
33my[39m=[32m"4"[39
m
                  
[36m/>[39m
                
[36m</svg>[39m
                
[0m╪º┘ä╪¿╪▒┘è╪» ╪º┘ä╪
Ñ┘ä┘â╪¬╪▒┘ê┘å┘è[0m
              
[36m</label>[39m
              
[36m<input[39m
                [33mc
lass[39m=[32m"input"
[39m
                [33md
ir[39m=[32m"ltr"[39
m
                [33mn
ame[39m=[32m"email"
[39m
                [33mp
laceholder[39m=[32m"
╪ú╪»╪«┘ä ╪¿╪▒┘è╪»┘â ╪º
┘ä╪Ñ┘ä┘â╪¬╪▒┘ê┘å┘è"[3
9m
                [33mt
ype[39m=[32m"email"
[39m
              
[36m/>[39m
            
[36m</div>[39m
            
[36m<div[39m
              [33mcla
ss[39m=[32m"relative
"[39m
            
[36m>[39m
              
[36m<label[39m
                [33mc
lass[39m=[32m"label 
flex items-center 
gap-2"[39m
              
[36m>[39m
                
[36m<svg[39m
                  [33
maria-hidden[39m=[32
m"true"[39m
                  [33
mclass[39m=[32m"luci
de lucide-lock w-4 
h-4 
text-primary-500"[39m
                  [33
mfill[39m=[32m"none"
[39m
                  [33
mheight[39m=[32m"24"
[39m
                  [33
mstroke[39m=[32m"cur
rentColor"[39m
                  [33
mstroke-linecap[39m=
[32m"round"[39m
                  [33
mstroke-linejoin[39m=
[32m"round"[39m
                  [33
mstroke-width[39m=[3
2m"2"[39m
                  [33
mviewBox[39m=[32m"0 
0 24 24"[39m
                  [33
mwidth[39m=[32m"24"
[39m
                  [33
mxmlns[39m=[32m"http
://www.w3.org/2000/svg
"[39m
                
[36m>[39m
                  
[36m<rect[39m
                    [
33mheight[39m=[32m"1
1"[39m
                    [
33mrx[39m=[32m"2"[3
9m
                    [
33mry[39m=[32m"2"[3
9m
                    [
33mwidth[39m=[32m"18
"[39m
                    [
33mx[39m=[32m"3"[39
m
                    [
33my[39m=[32m"11"[3
9m
                  
[36m/>[39m
                  
[36m<path[39m
                    
[33md[39m=[32m"M7 
11V7a5 5 0 0 1 10 
0v4"[39m
                  
[36m/>[39m
                
[36m</svg>[39m
                
[0m┘â┘ä┘à╪⌐ 
╪º┘ä┘à╪▒┘ê╪▒[0m
              
[36m</label>[39m
              
[36m<div[39m
                [33mc
lass[39m=[32m"relati
ve"[39m
              
[36m>[39m
                
[36m<input[39m
                  [33
mclass[39m=[32m"inpu
t pe-12"[39m
                  [33
mdir[39m=[32m"ltr"[
39m
                  [33
mname[39m=[32m"passw
ord"[39m
                  [33
mplaceholder[39m=[32
m"╪ú╪»╪«┘ä ┘â┘ä┘à╪⌐ 
╪º┘ä┘à╪▒┘ê╪▒"[39m
                  [33
mtype[39m=[32m"passw
ord"[39m
                
[36m/>[39m
                
[36m<button[39m
                  [33
mclass[39m=[32m"abso
lute end-3 top-1/2 
-translate-y-1/2 w-8 
h-8 rounded-lg flex 
items-center 
justify-center 
text-dark-400 
hover:text-dark-600 da
rk:hover:text-dark-300
 hover:bg-dark-100 dar
k:hover:bg-dark-700 tr
ansition-colors"[39m
                  [33
mtype[39m=[32m"butto
n"[39m
                
[36m>[39m
                  
[36m<svg[39m
                    [
33maria-hidden[39m=[
32m"true"[39m
                    [
33mclass[39m=[32m"lu
cide lucide-eye w-5 
h-5"[39m
                    [
33mfill[39m=[32m"non
e"[39m
                    [
33mheight[39m=[32m"2
4"[39m
                    [
33mstroke[39m=[32m"c
urrentColor"[39m
                    [
33mstroke-linecap[39m
=[32m"round"[39m
                    [
33mstroke-linejoin[39
m=[32m"round"[39m
                    [
33mstroke-width[39m=
[32m"2"[39m
                    [
33mviewBox[39m=[32m"
0 0 24 24"[39m
                    [
33mwidth[39m=[32m"24
"[39m
                    [
33mxmlns[39m=[32m"ht
tp://www.w3.org/2000/s
vg"[39m
                  
[36m>[39m
                    
[36m<path[39m
                      
[33md[39m=[32m"M2.0
62 12.348a1 1 0 0 1 
0-.696 10.75 10.75 0 
0 1 19.876 0 1 1 0 0 
1 0 .696 10.75 10.75 
0 0 1-19.876 0"[39m
                    
[36m/>[39m
                    
[36m<circle[39m
                      
[33mcx[39m=[32m"12"
[39m
                      
[33mcy[39m=[32m"12"
[39m
                      
[33mr[39m=[32m"3"[
39m
                    
[36m/>[39m
                  
[36m</svg>[39m
                
[36m</button>[39m
              
[36m</div>[39m
            
[36m</div>[39m
            
[36m<div[39m
              [33mcla
ss[39m=[32m"relative
"[39m
            
[36m>[39m
              
[36m<label[39m
                [33mc
lass[39m=[32m"label 
flex items-center 
gap-2"[39m
              
[36m>[39m
                
[36m<svg[39m
                  [33
maria-hidden[39m=[32
m"true"[39m
                  [33
mclass[39m=[32m"luci
de 
lucide-circle-check 
w-4 h-4 
text-primary-500"[39m
                  [33
mfill[39m=[32m"none"
[39m
                  [33
mheight[39m=[32m"24"
[39m
                  [33
mstroke[39m=[32m"cur
rentColor"[39m
                  [33
mstroke-linecap[39m=
[32m"round"[39m
                  [33
mstroke-linejoin[39m=
[32m"round"[39m
                  [33
mstroke-width[39m=[3
2m"2"[39m
                  [33
mviewBox[39m=[32m"0 
0 24 24"[39m
                  [33
mwidth[39m=[32m"24"
[39m
                  [33
mxmlns[39m=[32m"http
://www.w3.org/2000/svg
"[39m
                
[36m>[39m
                  
[36m<circle[39m
                    [
33mcx[39m=[32m"12"[
39m
                    [
33mcy[39m=[32m"12"[
39m
                    [
33mr[39m=[32m"10"[3
9m
                  
[36m/>[39m
                  
[36m<path[39m
                    
[33md[39m=[32m"m9 
12 2 2 4-4"[39m
                  
[36m/>[39m
                
[36m</svg>[39m
                
[0m╪¬╪ú┘â┘è╪» 
┘â┘ä┘à╪⌐ 
╪º┘ä┘à╪▒┘ê╪▒[0m
              
[36m</label>[39m
              
[36m<input[39m
                [33mc
lass[39m=[32m"input"
[39m
                [33md
ir[39m=[32m"ltr"[39
m
                [33mn
ame[39m=[32m"confirm
Password"[39m
                [33mp
laceholder[39m=[32m"
╪ú╪╣╪» ╪Ñ╪»╪«╪º┘ä 
┘â┘ä┘à╪⌐ 
╪º┘ä┘à╪▒┘ê╪▒"[39m
                [33mt
ype[39m=[32m"passwor
d"[39m
              
[36m/>[39m
            
[36m</div>[39m
          
[36m</div>[39m
          
[36m<button[39m
            [33mclass
[39m=[32m"btn-primar
y btn-lg w-full 
group"[39m
            [33mtype
[39m=[32m"submit"[39
m
          [36m>[39m
            
[36m<span>[39m
              
[0m╪Ñ┘å╪┤╪º╪í 
╪¡╪│╪º╪¿[0m
            
[36m</span>[39m
            
[36m<svg[39m
              [33mari
a-hidden[39m=[32m"tr
ue"[39m
              [33mcla
ss[39m=[32m"lucide 
lucide-arrow-left w-5 
h-5 group-hover:transl
ate-x-1 transition-tra
nsform"[39m
              [33mfil
l[39m=[32m"none"[39
m
              [33mhei
ght[39m=[32m"24"[39
m
              [33mstr
oke[39m=[32m"current
Color"[39m
              [33mstr
oke-linecap[39m=[32m
"round"[39m
              [33mstr
oke-linejoin[39m=[32
m"round"[39m
              [33mstr
oke-width[39m=[32m"2
"[39m
              [33mvie
wBox[39m=[32m"0 0 
24 24"[39m
              [33mwid
th[39m=[32m"24"[39m
              [33mxml
ns[39m=[32m"http://w
ww.w3.org/2000/svg"[3
9m
            
[36m>[39m
              
[36m<path[39m
                
[33md[39m=[32m"m12 
19-7-7 7-7"[39m
              
[36m/>[39m
              
[36m<path[39m
                
[33md[39m=[32m"M19 
12H5"[39m
              
[36m/>[39m
            
[36m</svg>[39m
          
[36m</button>[39m
          [36m<p[39m
            [33mclass
[39m=[32m"text-cente
r text-muted"[39m
          [36m>[39m
            
[0m┘ä╪»┘è┘â ╪¡╪│╪º╪¿ 
╪¿╪º┘ä┘ü╪╣┘ä╪ƒ[0m
            [0m [0m
            
[36m<button[39m
              [33mcla
ss[39m=[32m"text-pri
mary-600 
dark:text-primary-400 
font-semibold 
hover:underline"[39m
              [33mtyp
e[39m=[32m"button"[
39m
            
[36m>[39m
              
[0m╪¬╪│╪¼┘è┘ä 
╪º┘ä╪»╪«┘ê┘ä[0m
            
[36m</button>[39m
          
[36m</p>[39m
        
[36m</form>[39m
      [36m</div>[39m
    [36m</div>[39m
  [36m</body>[39m
[36m</html>[39m
[90m [2mΓ¥»[22m 
Proxy.waitForWrapper n
ode_modules/@testing-l
ibrary/dom/dist/wait-f
or.js:[2m163:27[22m
[39m
[36m [2mΓ¥»[22m src
/components/auth/__tes
ts__/SignupForm.test.t
sx:[2m112:19[22m[39
m
    [90m110| [39m   
         [34mrender[
39m([33m<[39m[33mSi
gnupForm[39m [33m/[
39m[33m>[39m[33m,[
39m { 
wrapper[33m:[39m 
[33mTestWrapper[39m 
})[33m;[39m
    [90m111| [39m
    [90m112| [39m   
         
[35mawait[39m 
[34mwaitFor[39m(() 
[33m=>[39m {
    [90m   | [39m   
               
[31m^[39m
    [90m113| [39m   
             expect(sc
reen.getByRole('button
', { name: 
/client|╪╡╪º╪¡╪¿ΓÇª
    [90m114| [39m   
         })[33m;[39m

[31m[2mΓÄ»ΓÄ»ΓÄ»ΓÄ»Γ
Ä»ΓÄ»ΓÄ»ΓÄ»ΓÄ»ΓÄ»ΓÄ»ΓÄ
»ΓÄ»ΓÄ»ΓÄ»ΓÄ»ΓÄ»ΓÄ»ΓÄ»
ΓÄ»ΓÄ»ΓÄ»ΓÄ»[8/13]ΓÄ»
[22m[39m

[41m[1m FAIL 
[22m[49m src/compone
nts/auth/__tests__/Sig
nupForm.test.tsx[2m 
> [22mSignupForm[2m 
> [22mEmail and 
Password Form[2m > 
[22mshould show 
password field after 
selecting user type
[31m[1mTestingLibrar
yElementError[22m[39
m: Unable to find 
role="button" and 
name `/freelancer|┘à╪│
╪¬┘é┘ä/i`

Ignored nodes: 
comments, script, 
style
[36m<body>[39m
  [36m<div>[39m
    [36m<div[39m
      [33mclass[39m=
[32m"w-full max-w-md 
mx-auto"[39m
    [36m>[39m
      [36m<form[39m
        [33mclass[39
m=[32m"space-y-6"[39
m
      [36m>[39m
        [36m<div[39m
          [33mclass[
39m=[32m"text-center 
mb-8"[39m
        [36m>[39m
          
[36m<div[39m
            [33mclass
[39m=[32m"relative 
inline-block"[39m
          [36m>[39m
            
[36m<div[39m
              [33mcla
ss[39m=[32m"w-20 
h-20 rounded-2xl 
bg-gradient-to-br 
from-accent-500 
to-accent-600 flex 
items-center 
justify-center 
mx-auto mb-5 
shadow-lg shadow-accen
t-500/30"[39m
            
[36m>[39m
              
[36m<svg[39m
                [33ma
ria-hidden[39m=[32m"
true"[39m
                [33mc
lass[39m=[32m"lucide
 lucide-sparkles w-10 
h-10 text-white"[39m
                [33mf
ill[39m=[32m"none"[
39m
                [33mh
eight[39m=[32m"24"[
39m
                [33ms
troke[39m=[32m"curre
ntColor"[39m
                [33ms
troke-linecap[39m=[3
2m"round"[39m
                [33ms
troke-linejoin[39m=[
32m"round"[39m
                [33ms
troke-width[39m=[32m
"2"[39m
                [33mv
iewBox[39m=[32m"0 0 
24 24"[39m
                [33mw
idth[39m=[32m"24"[3
9m
                [33mx
mlns[39m=[32m"http:/
/www.w3.org/2000/svg"
[39m
              
[36m>[39m
                
[36m<path[39m
                  [33
md[39m=[32m"M11.017 
2.814a1 1 0 0 1 1.966 
0l1.051 5.558a2 2 0 0 
0 1.594 1.594l5.558 
1.051a1 1 0 0 1 0 
1.966l-5.558 1.051a2 
2 0 0 0-1.594 
1.594l-1.051 5.558a1 
1 0 0 1-1.966 
0l-1.051-5.558a2 2 0 
0 0-1.594-1.594l-5.558
-1.051a1 1 0 0 1 
0-1.966l5.558-1.051a2 
2 0 0 0 
1.594-1.594z"[39m
                
[36m/>[39m
                
[36m<path[39m
                  
[33md[39m=[32m"M20 
2v4"[39m
                
[36m/>[39m
                
[36m<path[39m
                  
[33md[39m=[32m"M22 
4h-4"[39m
                
[36m/>[39m
                
[36m<circle[39m
                  [33
mcx[39m=[32m"4"[39m
                  [33
mcy[39m=[32m"20"[39
m
                  [33
mr[39m=[32m"2"[39m
                
[36m/>[39m
              
[36m</svg>[39m
            
[36m</div>[39m
            
[36m<div[39m
              [33mcla
ss[39m=[32m"absolute
 -top-1 -end-1 w-8 
h-8 rounded-xl 
bg-gradient-to-r 
from-primary-400 
to-primary-600 flex 
items-center 
justify-center 
shadow-lg"[39m
            
[36m>[39m
              
[36m<svg[39m
                [33ma
ria-hidden[39m=[32m"
true"[39m
                [33mc
lass[39m=[32m"lucide
 lucide-user w-4 h-4 
text-white"[39m
                [33mf
ill[39m=[32m"none"[
39m
                [33mh
eight[39m=[32m"24"[
39m
                [33ms
troke[39m=[32m"curre
ntColor"[39m
                [33ms
troke-linecap[39m=[3
2m"round"[39m
                [33ms
troke-linejoin[39m=[
32m"round"[39m
                [33ms
troke-width[39m=[32m
"2"[39m
                [33mv
iewBox[39m=[32m"0 0 
24 24"[39m
                [33mw
idth[39m=[32m"24"[3
9m
                [33mx
mlns[39m=[32m"http:/
/www.w3.org/2000/svg"
[39m
              
[36m>[39m
                
[36m<path[39m
                  
[33md[39m=[32m"M19 
21v-2a4 4 0 0 
0-4-4H9a4 4 0 0 0-4 
4v2"[39m
                
[36m/>[39m
                
[36m<circle[39m
                  [33
mcx[39m=[32m"12"[39
m
                  [33
mcy[39m=[32m"7"[39m
                  [33
mr[39m=[32m"4"[39m
                
[36m/>[39m
              
[36m</svg>[39m
            
[36m</div>[39m
          
[36m</div>[39m
          
[36m<h2[39m
            [33mclass
[39m=[32m"text-2xl 
font-bold mb-2"[39m
          [36m>[39m
            
[0m╪Ñ┘å╪┤╪º╪í 
╪¡╪│╪º╪¿[0m
          
[36m</h2>[39m
          [36m<p[39m
            [33mclass
[39m=[32m"text-muted
"[39m
          [36m>[39m
            
[0m╪ú┘å╪┤╪ª 
╪¡╪│╪º╪¿┘â 
┘ä┘ä╪¿╪»╪í[0m
          
[36m</p>[39m
        
[36m</div>[39m
        [36m<div[39m
          [33mclass[
39m=[32m"space-y-4"[
39m
        [36m>[39m
          
[36m<div[39m
            [33mclass
[39m=[32m"relative"
[39m
          [36m>[39m
            
[36m<label[39m
              [33mcla
ss[39m=[32m"label 
flex items-center 
gap-2"[39m
            
[36m>[39m
              
[36m<svg[39m
                [33ma
ria-hidden[39m=[32m"
true"[39m
                [33mc
lass[39m=[32m"lucide
 lucide-mail w-4 h-4 
text-primary-500"[39m
                [33mf
ill[39m=[32m"none"[
39m
                [33mh
eight[39m=[32m"24"[
39m
                [33ms
troke[39m=[32m"curre
ntColor"[39m
                [33ms
troke-linecap[39m=[3
2m"round"[39m
                [33ms
troke-linejoin[39m=[
32m"round"[39m
                [33ms
troke-width[39m=[32m
"2"[39m
                [33mv
iewBox[39m=[32m"0 0 
24 24"[39m
                [33mw
idth[39m=[32m"24"[3
9m
                [33mx
mlns[39m=[32m"http:/
/www.w3.org/2000/svg"
[39m
              
[36m>[39m
                
[36m<path[39m
                  
[33md[39m=[32m"m22 
7-8.991 5.727a2 2 0 0 
1-2.009 0L2 7"[39m
                
[36m/>[39m
                
[36m<rect[39m
                  [33
mheight[39m=[32m"16"
[39m
                  [33
mrx[39m=[32m"2"[39m
                  [33
mwidth[39m=[32m"20"
[39m
                  [33
mx[39m=[32m"2"[39m
                  [33
my[39m=[32m"4"[39m
                
[36m/>[39m
              
[36m</svg>[39m
              
[0m╪º┘ä╪¿╪▒┘è╪» ╪º┘ä╪
Ñ┘ä┘â╪¬╪▒┘ê┘å┘è[0m
            
[36m</label>[39m
            
[36m<input[39m
              [33mcla
ss[39m=[32m"input"[
39m
              [33mdir
[39m=[32m"ltr"[39m
              [33mnam
e[39m=[32m"email"[3
9m
              [33mpla
ceholder[39m=[32m"╪ú
╪»╪«┘ä ╪¿╪▒┘è╪»┘â ╪º┘ä
╪Ñ┘ä┘â╪¬╪▒┘ê┘å┘è"[39m
              [33mtyp
e[39m=[32m"email"[3
9m
            
[36m/>[39m
          
[36m</div>[39m
          
[36m<div[39m
            [33mclass
[39m=[32m"relative"
[39m
          [36m>[39m
            
[36m<label[39m
              [33mcla
ss[39m=[32m"label 
flex items-center 
gap-2"[39m
            
[36m>[39m
              
[36m<svg[39m
                [33ma
ria-hidden[39m=[32m"
true"[39m
                [33mc
lass[39m=[32m"lucide
 lucide-lock w-4 h-4 
text-primary-500"[39m
                [33mf
ill[39m=[32m"none"[
39m
                [33mh
eight[39m=[32m"24"[
39m
                [33ms
troke[39m=[32m"curre
ntColor"[39m
                [33ms
troke-linecap[39m=[3
2m"round"[39m
                [33ms
troke-linejoin[39m=[
32m"round"[39m
                [33ms
troke-width[39m=[32m
"2"[39m
                [33mv
iewBox[39m=[32m"0 0 
24 24"[39m
                [33mw
idth[39m=[32m"24"[3
9m
                [33mx
mlns[39m=[32m"http:/
/www.w3.org/2000/svg"
[39m
              
[36m>[39m
                
[36m<rect[39m
                  [33
mheight[39m=[32m"11"
[39m
                  [33
mrx[39m=[32m"2"[39m
                  [33
mry[39m=[32m"2"[39m
                  [33
mwidth[39m=[32m"18"
[39m
                  [33
mx[39m=[32m"3"[39m
                  [33
my[39m=[32m"11"[39m
                
[36m/>[39m
                
[36m<path[39m
                  
[33md[39m=[32m"M7 
11V7a5 5 0 0 1 10 
0v4"[39m
                
[36m/>[39m
              
[36m</svg>[39m
              
[0m┘â┘ä┘à╪⌐ 
╪º┘ä┘à╪▒┘ê╪▒[0m
            
[36m</label>[39m
            
[36m<div[39m
              [33mcla
ss[39m=[32m"relative
"[39m
            
[36m>[39m
              
[36m<input[39m
                [33mc
lass[39m=[32m"input 
pe-12"[39m
                [33md
ir[39m=[32m"ltr"[39
m
                [33mn
ame[39m=[32m"passwor
d"[39m
                [33mp
laceholder[39m=[32m"
╪ú╪»╪«┘ä ┘â┘ä┘à╪⌐ 
╪º┘ä┘à╪▒┘ê╪▒"[39m
                [33mt
ype[39m=[32m"passwor
d"[39m
              
[36m/>[39m
              
[36m<button[39m
                [33mc
lass[39m=[32m"absolu
te end-3 top-1/2 
-translate-y-1/2 w-8 
h-8 rounded-lg flex 
items-center 
justify-center 
text-dark-400 
hover:text-dark-600 da
rk:hover:text-dark-300
 hover:bg-dark-100 dar
k:hover:bg-dark-700 tr
ansition-colors"[39m
                [33mt
ype[39m=[32m"button"
[39m
              
[36m>[39m
                
[36m<svg[39m
                  [33
maria-hidden[39m=[32
m"true"[39m
                  [33
mclass[39m=[32m"luci
de lucide-eye w-5 
h-5"[39m
                  [33
mfill[39m=[32m"none"
[39m
                  [33
mheight[39m=[32m"24"
[39m
                  [33
mstroke[39m=[32m"cur
rentColor"[39m
                  [33
mstroke-linecap[39m=
[32m"round"[39m
                  [33
mstroke-linejoin[39m=
[32m"round"[39m
                  [33
mstroke-width[39m=[3
2m"2"[39m
                  [33
mviewBox[39m=[32m"0 
0 24 24"[39m
                  [33
mwidth[39m=[32m"24"
[39m
                  [33
mxmlns[39m=[32m"http
://www.w3.org/2000/svg
"[39m
                
[36m>[39m
                  
[36m<path[39m
                    [
33md[39m=[32m"M2.062
 12.348a1 1 0 0 1 
0-.696 10.75 10.75 0 
0 1 19.876 0 1 1 0 0 
1 0 .696 10.75 10.75 
0 0 1-19.876 0"[39m
                  
[36m/>[39m
                  
[36m<circle[39m
                    [
33mcx[39m=[32m"12"[
39m
                    [
33mcy[39m=[32m"12"[
39m
                    [
33mr[39m=[32m"3"[39
m
                  
[36m/>[39m
                
[36m</svg>[39m
              
[36m</button>[39m
            
[36m</div>[39m
          
[36m</div>[39m
          
[36m<div[39m
            [33mclass
[39m=[32m"relative"
[39m
          [36m>[39m
            
[36m<label[39m
              [33mcla
ss[39m=[32m"label 
flex items-center 
gap-2"[39m
            
[36m>[39m
              
[36m<svg[39m
                [33ma
ria-hidden[39m=[32m"
true"[39m
                [33mc
lass[39m=[32m"lucide
 lucide-circle-check 
w-4 h-4 
text-primary-500"[39m
                [33mf
ill[39m=[32m"none"[
39m
                [33mh
eight[39m=[32m"24"[
39m
                [33ms
troke[39m=[32m"curre
ntColor"[39m
                [33ms
troke-linecap[39m=[3
2m"round"[39m
                [33ms
troke-linejoin[39m=[
32m"round"[39m
                [33ms
troke-width[39m=[32m
"2"[39m
                [33mv
iewBox[39m=[32m"0 0 
24 24"[39m
                [33mw
idth[39m=[32m"24"[3
9m
                [33mx
mlns[39m=[32m"http:/
/www.w3.org/2000/svg"
[39m
              
[36m>[39m
                
[36m<circle[39m
                  [33
mcx[39m=[32m"12"[39
m
                  [33
mcy[39m=[32m"12"[39
m
                  [33
mr[39m=[32m"10"[39m
                
[36m/>[39m
                
[36m<path[39m
                  
[33md[39m=[32m"m9 
12 2 2 4-4"[39m
                
[36m/>[39m
              
[36m</svg>[39m
              
[0m╪¬╪ú┘â┘è╪» 
┘â┘ä┘à╪⌐ 
╪º┘ä┘à╪▒┘ê╪▒[0m
            
[36m</label>[39m
            
[36m<input[39m
              [33mcla
ss[39m=[32m"input"[
39m
              [33mdir
[39m=[32m"ltr"[39m
              [33mnam
e[39m=[32m"confirmPa
ssword"[39m
              [33mpla
ceholder[39m=[32m"╪ú
╪╣╪» ╪Ñ╪»╪«╪º┘ä 
┘â┘ä┘à╪⌐ 
╪º┘ä┘à╪▒┘ê╪▒"[39m
              [33mtyp
e[39m=[32m"password"
[39m
            
[36m/>[39m
          
[36m</div>[39m
        
[36m</div>[39m
        
[36m<button[39m
          [33mclass[
39m=[32m"btn-primary 
btn-lg w-full 
group"[39m
          [33mtype[3
9m=[32m"submit"[39m
        [36m>[39m
          
[36m<span>[39m
            
[0m╪Ñ┘å╪┤╪º╪í 
╪¡╪│╪º╪¿[0m
          
[36m</span>[39m
          
[36m<svg[39m
            [33maria-
hidden[39m=[32m"true
"[39m
            [33mclass
[39m=[32m"lucide 
lucide-arrow-left w-5 
h-5 group-hover:transl
ate-x-1 transition-tra
nsform"[39m
            [33mfill
[39m=[32m"none"[39m
            [33mheigh
t[39m=[32m"24"[39m
            [33mstrok
e[39m=[32m"currentCo
lor"[39m
            [33mstrok
e-linecap[39m=[32m"r
ound"[39m
            [33mstrok
e-linejoin[39m=[32m"
round"[39m
            [33mstrok
e-width[39m=[32m"2"
[39m
            [33mviewB
ox[39m=[32m"0 0 24 
24"[39m
            [33mwidth
[39m=[32m"24"[39m
            [33mxmlns
[39m=[32m"http://www
.w3.org/2000/svg"[39m
          [36m>[39m
            
[36m<path[39m
              
[33md[39m=[32m"m12 
19-7-7 7-7"[39m
            
[36m/>[39m
            
[36m<path[39m
              
[33md[39m=[32m"M19 
12H5"[39m
            
[36m/>[39m
          
[36m</svg>[39m
        
[36m</button>[39m
        [36m<p[39m
          [33mclass[
39m=[32m"text-center 
text-muted"[39m
        [36m>[39m
          
[0m┘ä╪»┘è┘â ╪¡╪│╪º╪¿ 
╪¿╪º┘ä┘ü╪╣┘ä╪ƒ[0m
          [0m [0m
          
[36m<button[39m
            [33mclass
[39m=[32m"text-prima
ry-600 
dark:text-primary-400 
font-semibold 
hover:underline"[39m
            [33mtype
[39m=[32m"button"[39
m
          [36m>[39m
            
[0m╪¬╪│╪¼┘è┘ä 
╪º┘ä╪»╪«┘ê┘ä[0m
          
[36m</button>[39m
        [36m</p>[39m
      
[36m</form>[39m
    [36m</div>[39m
  [36m</div>[39m
[36m</body>[39m

Ignored nodes: 
comments, script, 
style
[36m<html[39m
  [33mdir[39m=[32m"
rtl"[39m
  [33mlang[39m=[32m
"ar"[39m
[36m>[39m
  [36m<head />[39m
  [36m<body>[39m
    [36m<div>[39m
      [36m<div[39m
        [33mclass[39
m=[32m"w-full 
max-w-md mx-auto"[39m
      [36m>[39m
        
[36m<form[39m
          [33mclass[
39m=[32m"space-y-6"[
39m
        [36m>[39m
          
[36m<div[39m
            [33mclass
[39m=[32m"text-cente
r mb-8"[39m
          [36m>[39m
            
[36m<div[39m
              [33mcla
ss[39m=[32m"relative
 inline-block"[39m
            
[36m>[39m
              
[36m<div[39m
                [33mc
lass[39m=[32m"w-20 
h-20 rounded-2xl 
bg-gradient-to-br 
from-accent-500 
to-accent-600 flex 
items-center 
justify-center 
mx-auto mb-5 
shadow-lg shadow-accen
t-500/30"[39m
              
[36m>[39m
                
[36m<svg[39m
                  [33
maria-hidden[39m=[32
m"true"[39m
                  [33
mclass[39m=[32m"luci
de lucide-sparkles 
w-10 h-10 
text-white"[39m
                  [33
mfill[39m=[32m"none"
[39m
                  [33
mheight[39m=[32m"24"
[39m
                  [33
mstroke[39m=[32m"cur
rentColor"[39m
                  [33
mstroke-linecap[39m=
[32m"round"[39m
                  [33
mstroke-linejoin[39m=
[32m"round"[39m
                  [33
mstroke-width[39m=[3
2m"2"[39m
                  [33
mviewBox[39m=[32m"0 
0 24 24"[39m
                  [33
mwidth[39m=[32m"24"
[39m
                  [33
mxmlns[39m=[32m"http
://www.w3.org/2000/svg
"[39m
                
[36m>[39m
                  
[36m<path[39m
                    [
33md[39m=[32m"M11.01
7 2.814a1 1 0 0 1 
1.966 0l1.051 5.558a2 
2 0 0 0 1.594 
1.594l5.558 1.051a1 1 
0 0 1 0 1.966l-5.558 
1.051a2 2 0 0 0-1.594 
1.594l-1.051 5.558a1 
1 0 0 1-1.966 
0l-1.051-5.558a2 2 0 
0 0-1.594-1.594l-5.558
-1.051a1 1 0 0 1 
0-1.966l5.558-1.051a2 
2 0 0 0 
1.594-1.594z"[39m
                  
[36m/>[39m
                  
[36m<path[39m
                    
[33md[39m=[32m"M20 
2v4"[39m
                  
[36m/>[39m
                  
[36m<path[39m
                    
[33md[39m=[32m"M22 
4h-4"[39m
                  
[36m/>[39m
                  
[36m<circle[39m
                    [
33mcx[39m=[32m"4"[3
9m
                    [
33mcy[39m=[32m"20"[
39m
                    [
33mr[39m=[32m"2"[39
m
                  
[36m/>[39m
                
[36m</svg>[39m
              
[36m</div>[39m
              
[36m<div[39m
                [33mc
lass[39m=[32m"absolu
te -top-1 -end-1 w-8 
h-8 rounded-xl 
bg-gradient-to-r 
from-primary-400 
to-primary-600 flex 
items-center 
justify-center 
shadow-lg"[39m
              
[36m>[39m
                
[36m<svg[39m
                  [33
maria-hidden[39m=[32
m"true"[39m
                  [33
mclass[39m=[32m"luci
de lucide-user w-4 
h-4 text-white"[39m
                  [33
mfill[39m=[32m"none"
[39m
                  [33
mheight[39m=[32m"24"
[39m
                  [33
mstroke[39m=[32m"cur
rentColor"[39m
                  [33
mstroke-linecap[39m=
[32m"round"[39m
                  [33
mstroke-linejoin[39m=
[32m"round"[39m
                  [33
mstroke-width[39m=[3
2m"2"[39m
                  [33
mviewBox[39m=[32m"0 
0 24 24"[39m
                  [33
mwidth[39m=[32m"24"
[39m
                  [33
mxmlns[39m=[32m"http
://www.w3.org/2000/svg
"[39m
                
[36m>[39m
                  
[36m<path[39m
                    
[33md[39m=[32m"M19 
21v-2a4 4 0 0 
0-4-4H9a4 4 0 0 0-4 
4v2"[39m
                  
[36m/>[39m
                  
[36m<circle[39m
                    [
33mcx[39m=[32m"12"[
39m
                    [
33mcy[39m=[32m"7"[3
9m
                    [
33mr[39m=[32m"4"[39
m
                  
[36m/>[39m
                
[36m</svg>[39m
              
[36m</div>[39m
            
[36m</div>[39m
            
[36m<h2[39m
              [33mcla
ss[39m=[32m"text-2xl
 font-bold mb-2"[39m
            
[36m>[39m
              
[0m╪Ñ┘å╪┤╪º╪í 
╪¡╪│╪º╪¿[0m
            
[36m</h2>[39m
            
[36m<p[39m
              [33mcla
ss[39m=[32m"text-mut
ed"[39m
            
[36m>[39m
              
[0m╪ú┘å╪┤╪ª 
╪¡╪│╪º╪¿┘â 
┘ä┘ä╪¿╪»╪í[0m
            
[36m</p>[39m
          
[36m</div>[39m
          
[36m<div[39m
            [33mclass
[39m=[32m"space-y-4"
[39m
          [36m>[39m
            
[36m<div[39m
              [33mcla
ss[39m=[32m"relative
"[39m
            
[36m>[39m
              
[36m<label[39m
                [33mc
lass[39m=[32m"label 
flex items-center 
gap-2"[39m
              
[36m>[39m
                
[36m<svg[39m
                  [33
maria-hidden[39m=[32
m"true"[39m
                  [33
mclass[39m=[32m"luci
de lucide-mail w-4 
h-4 
text-primary-500"[39m
                  [33
mfill[39m=[32m"none"
[39m
                  [33
mheight[39m=[32m"24"
[39m
                  [33
mstroke[39m=[32m"cur
rentColor"[39m
                  [33
mstroke-linecap[39m=
[32m"round"[39m
                  [33
mstroke-linejoin[39m=
[32m"round"[39m
                  [33
mstroke-width[39m=[3
2m"2"[39m
                  [33
mviewBox[39m=[32m"0 
0 24 24"[39m
                  [33
mwidth[39m=[32m"24"
[39m
                  [33
mxmlns[39m=[32m"http
://www.w3.org/2000/svg
"[39m
                
[36m>[39m
                  
[36m<path[39m
                    
[33md[39m=[32m"m22 
7-8.991 5.727a2 2 0 0 
1-2.009 0L2 7"[39m
                  
[36m/>[39m
                  
[36m<rect[39m
                    [
33mheight[39m=[32m"1
6"[39m
                    [
33mrx[39m=[32m"2"[3
9m
                    [
33mwidth[39m=[32m"20
"[39m
                    [
33mx[39m=[32m"2"[39
m
                    [
33my[39m=[32m"4"[39
m
                  
[36m/>[39m
                
[36m</svg>[39m
                
[0m╪º┘ä╪¿╪▒┘è╪» ╪º┘ä╪
Ñ┘ä┘â╪¬╪▒┘ê┘å┘è[0m
              
[36m</label>[39m
              
[36m<input[39m
                [33mc
lass[39m=[32m"input"
[39m
                [33md
ir[39m=[32m"ltr"[39
m
                [33mn
ame[39m=[32m"email"
[39m
                [33mp
laceholder[39m=[32m"
╪ú╪»╪«┘ä ╪¿╪▒┘è╪»┘â ╪º
┘ä╪Ñ┘ä┘â╪¬╪▒┘ê┘å┘è"[3
9m
                [33mt
ype[39m=[32m"email"
[39m
              
[36m/>[39m
            
[36m</div>[39m
            
[36m<div[39m
              [33mcla
ss[39m=[32m"relative
"[39m
            
[36m>[39m
              
[36m<label[39m
                [33mc
lass[39m=[32m"label 
flex items-center 
gap-2"[39m
              
[36m>[39m
                
[36m<svg[39m
                  [33
maria-hidden[39m=[32
m"true"[39m
                  [33
mclass[39m=[32m"luci
de lucide-lock w-4 
h-4 
text-primary-500"[39m
                  [33
mfill[39m=[32m"none"
[39m
                  [33
mheight[39m=[32m"24"
[39m
                  [33
mstroke[39m=[32m"cur
rentColor"[39m
                  [33
mstroke-linecap[39m=
[32m"round"[39m
                  [33
mstroke-linejoin[39m=
[32m"round"[39m
                  [33
mstroke-width[39m=[3
2m"2"[39m
                  [33
mviewBox[39m=[32m"0 
0 24 24"[39m
                  [33
mwidth[39m=[32m"24"
[39m
                  [33
mxmlns[39m=[32m"http
://www.w3.org/2000/svg
"[39m
                
[36m>[39m
                  
[36m<rect[39m
                    [
33mheight[39m=[32m"1
1"[39m
                    [
33mrx[39m=[32m"2"[3
9m
                    [
33mry[39m=[32m"2"[3
9m
                    [
33mwidth[39m=[32m"18
"[39m
                    [
33mx[39m=[32m"3"[39
m
                    [
33my[39m=[32m"11"[3
9m
                  
[36m/>[39m
                  
[36m<path[39m
                    
[33md[39m=[32m"M7 
11V7a5 5 0 0 1 10 
0v4"[39m
                  
[36m/>[39m
                
[36m</svg>[39m
                
[0m┘â┘ä┘à╪⌐ 
╪º┘ä┘à╪▒┘ê╪▒[0m
              
[36m</label>[39m
              
[36m<div[39m
                [33mc
lass[39m=[32m"relati
ve"[39m
              
[36m>[39m
                
[36m<input[39m
                  [33
mclass[39m=[32m"inpu
t pe-12"[39m
                  [33
mdir[39m=[32m"ltr"[
39m
                  [33
mname[39m=[32m"passw
ord"[39m
                  [33
mplaceholder[39m=[32
m"╪ú╪»╪«┘ä ┘â┘ä┘à╪⌐ 
╪º┘ä┘à╪▒┘ê╪▒"[39m
                  [33
mtype[39m=[32m"passw
ord"[39m
                
[36m/>[39m
                
[36m<button[39m
                  [33
mclass[39m=[32m"abso
lute end-3 top-1/2 
-translate-y-1/2 w-8 
h-8 rounded-lg flex 
items-center 
justify-center 
text-dark-400 
hover:text-dark-600 da
rk:hover:text-dark-300
 hover:bg-dark-100 dar
k:hover:bg-dark-700 tr
ansition-colors"[39m
                  [33
mtype[39m=[32m"butto
n"[39m
                
[36m>[39m
                  
[36m<svg[39m
                    [
33maria-hidden[39m=[
32m"true"[39m
                    [
33mclass[39m=[32m"lu
cide lucide-eye w-5 
h-5"[39m
                    [
33mfill[39m=[32m"non
e"[39m
                    [
33mheight[39m=[32m"2
4"[39m
                    [
33mstroke[39m=[32m"c
urrentColor"[39m
                    [
33mstroke-linecap[39m
=[32m"round"[39m
                    [
33mstroke-linejoin[39
m=[32m"round"[39m
                    [
33mstroke-width[39m=
[32m"2"[39m
                    [
33mviewBox[39m=[32m"
0 0 24 24"[39m
                    [
33mwidth[39m=[32m"24
"[39m
                    [
33mxmlns[39m=[32m"ht
tp://www.w3.org/2000/s
vg"[39m
                  
[36m>[39m
                    
[36m<path[39m
                      
[33md[39m=[32m"M2.0
62 12.348a1 1 0 0 1 
0-.696 10.75 10.75 0 
0 1 19.876 0 1 1 0 0 
1 0 .696 10.75 10.75 
0 0 1-19.876 0"[39m
                    
[36m/>[39m
                    
[36m<circle[39m
                      
[33mcx[39m=[32m"12"
[39m
                      
[33mcy[39m=[32m"12"
[39m
                      
[33mr[39m=[32m"3"[
39m
                    
[36m/>[39m
                  
[36m</svg>[39m
                
[36m</button>[39m
              
[36m</div>[39m
            
[36m</div>[39m
            
[36m<div[39m
              [33mcla
ss[39m=[32m"relative
"[39m
            
[36m>[39m
              
[36m<label[39m
                [33mc
lass[39m=[32m"label 
flex items-center 
gap-2"[39m
              
[36m>[39m
                
[36m<svg[39m
                  [33
maria-hidden[39m=[32
m"true"[39m
                  [33
mclass[39m=[32m"luci
de 
lucide-circle-check 
w-4 h-4 
text-primary-500"[39m
                  [33
mfill[39m=[32m"none"
[39m
                  [33
mheight[39m=[32m"24"
[39m
                  [33
mstroke[39m=[32m"cur
rentColor"[39m
                  [33
mstroke-linecap[39m=
[32m"round"[39m
                  [33
mstroke-linejoin[39m=
[32m"round"[39m
                  [33
mstroke-width[39m=[3
2m"2"[39m
                  [33
mviewBox[39m=[32m"0 
0 24 24"[39m
                  [33
mwidth[39m=[32m"24"
[39m
                  [33
mxmlns[39m=[32m"http
://www.w3.org/2000/svg
"[39m
                
[36m>[39m
                  
[36m<circle[39m
                    [
33mcx[39m=[32m"12"[
39m
                    [
33mcy[39m=[32m"12"[
39m
                    [
33mr[39m=[32m"10"[3
9m
                  
[36m/>[39m
                  
[36m<path[39m
                    
[33md[39m=[32m"m9 
12 2 2 4-4"[39m
                  
[36m/>[39m
                
[36m</svg>[39m
                
[0m╪¬╪ú┘â┘è╪» 
┘â┘ä┘à╪⌐ 
╪º┘ä┘à╪▒┘ê╪▒[0m
              
[36m</label>[39m
              
[36m<input[39m
                [33mc
lass[39m=[32m"input"
[39m
                [33md
ir[39m=[32m"ltr"[39
m
                [33mn
ame[39m=[32m"confirm
Password"[39m
                [33mp
laceholder[39m=[32m"
╪ú╪╣╪» ╪Ñ╪»╪«╪º┘ä 
┘â┘ä┘à╪⌐ 
╪º┘ä┘à╪▒┘ê╪▒"[39m
                [33mt
ype[39m=[32m"passwor
d"[39m
              
[36m/>[39m
            
[36m</div>[39m
          
[36m</div>[39m
          
[36m<button[39m
            [33mclass
[39m=[32m"btn-primar
y btn-lg w-full 
group"[39m
            [33mtype
[39m=[32m"submit"[39
m
          [36m>[39m
            
[36m<span>[39m
              
[0m╪Ñ┘å╪┤╪º╪í 
╪¡╪│╪º╪¿[0m
            
[36m</span>[39m
            
[36m<svg[39m
              [33mari
a-hidden[39m=[32m"tr
ue"[39m
              [33mcla
ss[39m=[32m"lucide 
lucide-arrow-left w-5 
h-5 group-hover:transl
ate-x-1 transition-tra
nsform"[39m
              [33mfil
l[39m=[32m"none"[39
m
              [33mhei
ght[39m=[32m"24"[39
m
              [33mstr
oke[39m=[32m"current
Color"[39m
              [33mstr
oke-linecap[39m=[32m
"round"[39m
              [33mstr
oke-linejoin[39m=[32
m"round"[39m
              [33mstr
oke-width[39m=[32m"2
"[39m
              [33mvie
wBox[39m=[32m"0 0 
24 24"[39m
              [33mwid
th[39m=[32m"24"[39m
              [33mxml
ns[39m=[32m"http://w
ww.w3.org/2000/svg"[3
9m
            
[36m>[39m
              
[36m<path[39m
                
[33md[39m=[32m"m12 
19-7-7 7-7"[39m
              
[36m/>[39m
              
[36m<path[39m
                
[33md[39m=[32m"M19 
12H5"[39m
              
[36m/>[39m
            
[36m</svg>[39m
          
[36m</button>[39m
          [36m<p[39m
            [33mclass
[39m=[32m"text-cente
r text-muted"[39m
          [36m>[39m
            
[0m┘ä╪»┘è┘â ╪¡╪│╪º╪¿ 
╪¿╪º┘ä┘ü╪╣┘ä╪ƒ[0m
            [0m [0m
            
[36m<button[39m
              [33mcla
ss[39m=[32m"text-pri
mary-600 
dark:text-primary-400 
font-semibold 
hover:underline"[39m
              [33mtyp
e[39m=[32m"button"[
39m
            
[36m>[39m
              
[0m╪¬╪│╪¼┘è┘ä 
╪º┘ä╪»╪«┘ê┘ä[0m
            
[36m</button>[39m
          
[36m</p>[39m
        
[36m</form>[39m
      [36m</div>[39m
    [36m</div>[39m
  [36m</body>[39m
[36m</html>[39m
[90m [2mΓ¥»[22m 
Proxy.waitForWrapper n
ode_modules/@testing-l
ibrary/dom/dist/wait-f
or.js:[2m163:27[22m
[39m
[36m [2mΓ¥»[22m src
/components/auth/__tes
ts__/SignupForm.test.t
sx:[2m131:19[22m[39
m
    [90m129| [39m   
         [34mrender[
39m([33m<[39m[33mSi
gnupForm[39m [33m/[
39m[33m>[39m[33m,[
39m { 
wrapper[33m:[39m 
[33mTestWrapper[39m 
})[33m;[39m
    [90m130| [39m
    [90m131| [39m   
         
[35mawait[39m 
[34mwaitFor[39m(() 
[33m=>[39m {
    [90m   | [39m   
               
[31m^[39m
    [90m132| [39m   
             expect(sc
reen.getByRole('button
', { name: 
/freelancer|ΓÇª
    [90m133| [39m   
         })[33m;[39m

[31m[2mΓÄ»ΓÄ»ΓÄ»ΓÄ»Γ
Ä»ΓÄ»ΓÄ»ΓÄ»ΓÄ»ΓÄ»ΓÄ»ΓÄ
»ΓÄ»ΓÄ»ΓÄ»ΓÄ»ΓÄ»ΓÄ»ΓÄ»
ΓÄ»ΓÄ»ΓÄ»ΓÄ»[9/13]ΓÄ»
[22m[39m

[41m[1m FAIL 
[22m[49m src/compone
nts/auth/__tests__/Sig
nupForm.test.tsx[2m 
> [22mSignupForm[2m 
> [22mEmail and 
Password Form[2m > 
[22mshould validate 
email format
[31m[1mTestingLibrar
yElementError[22m[39
m: Unable to find 
role="button" and 
name `/freelancer|┘à╪│
╪¬┘é┘ä/i`

Ignored nodes: 
comments, script, 
style
[36m<body>[39m
  [36m<div>[39m
    [36m<div[39m
      [33mclass[39m=
[32m"w-full max-w-md 
mx-auto"[39m
    [36m>[39m
      [36m<form[39m
        [33mclass[39
m=[32m"space-y-6"[39
m
      [36m>[39m
        [36m<div[39m
          [33mclass[
39m=[32m"text-center 
mb-8"[39m
        [36m>[39m
          
[36m<div[39m
            [33mclass
[39m=[32m"relative 
inline-block"[39m
          [36m>[39m
            
[36m<div[39m
              [33mcla
ss[39m=[32m"w-20 
h-20 rounded-2xl 
bg-gradient-to-br 
from-accent-500 
to-accent-600 flex 
items-center 
justify-center 
mx-auto mb-5 
shadow-lg shadow-accen
t-500/30"[39m
            
[36m>[39m
              
[36m<svg[39m
                [33ma
ria-hidden[39m=[32m"
true"[39m
                [33mc
lass[39m=[32m"lucide
 lucide-sparkles w-10 
h-10 text-white"[39m
                [33mf
ill[39m=[32m"none"[
39m
                [33mh
eight[39m=[32m"24"[
39m
                [33ms
troke[39m=[32m"curre
ntColor"[39m
                [33ms
troke-linecap[39m=[3
2m"round"[39m
                [33ms
troke-linejoin[39m=[
32m"round"[39m
                [33ms
troke-width[39m=[32m
"2"[39m
                [33mv
iewBox[39m=[32m"0 0 
24 24"[39m
                [33mw
idth[39m=[32m"24"[3
9m
                [33mx
mlns[39m=[32m"http:/
/www.w3.org/2000/svg"
[39m
              
[36m>[39m
                
[36m<path[39m
                  [33
md[39m=[32m"M11.017 
2.814a1 1 0 0 1 1.966 
0l1.051 5.558a2 2 0 0 
0 1.594 1.594l5.558 
1.051a1 1 0 0 1 0 
1.966l-5.558 1.051a2 
2 0 0 0-1.594 
1.594l-1.051 5.558a1 
1 0 0 1-1.966 
0l-1.051-5.558a2 2 0 
0 0-1.594-1.594l-5.558
-1.051a1 1 0 0 1 
0-1.966l5.558-1.051a2 
2 0 0 0 
1.594-1.594z"[39m
                
[36m/>[39m
                
[36m<path[39m
                  
[33md[39m=[32m"M20 
2v4"[39m
                
[36m/>[39m
                
[36m<path[39m
                  
[33md[39m=[32m"M22 
4h-4"[39m
                
[36m/>[39m
                
[36m<circle[39m
                  [33
mcx[39m=[32m"4"[39m
                  [33
mcy[39m=[32m"20"[39
m
                  [33
mr[39m=[32m"2"[39m
                
[36m/>[39m
              
[36m</svg>[39m
            
[36m</div>[39m
            
[36m<div[39m
              [33mcla
ss[39m=[32m"absolute
 -top-1 -end-1 w-8 
h-8 rounded-xl 
bg-gradient-to-r 
from-primary-400 
to-primary-600 flex 
items-center 
justify-center 
shadow-lg"[39m
            
[36m>[39m
              
[36m<svg[39m
                [33ma
ria-hidden[39m=[32m"
true"[39m
                [33mc
lass[39m=[32m"lucide
 lucide-user w-4 h-4 
text-white"[39m
                [33mf
ill[39m=[32m"none"[
39m
                [33mh
eight[39m=[32m"24"[
39m
                [33ms
troke[39m=[32m"curre
ntColor"[39m
                [33ms
troke-linecap[39m=[3
2m"round"[39m
                [33ms
troke-linejoin[39m=[
32m"round"[39m
                [33ms
troke-width[39m=[32m
"2"[39m
                [33mv
iewBox[39m=[32m"0 0 
24 24"[39m
                [33mw
idth[39m=[32m"24"[3
9m
                [33mx
mlns[39m=[32m"http:/
/www.w3.org/2000/svg"
[39m
              
[36m>[39m
                
[36m<path[39m
                  
[33md[39m=[32m"M19 
21v-2a4 4 0 0 
0-4-4H9a4 4 0 0 0-4 
4v2"[39m
                
[36m/>[39m
                
[36m<circle[39m
                  [33
mcx[39m=[32m"12"[39
m
                  [33
mcy[39m=[32m"7"[39m
                  [33
mr[39m=[32m"4"[39m
                
[36m/>[39m
              
[36m</svg>[39m
            
[36m</div>[39m
          
[36m</div>[39m
          
[36m<h2[39m
            [33mclass
[39m=[32m"text-2xl 
font-bold mb-2"[39m
          [36m>[39m
            
[0m╪Ñ┘å╪┤╪º╪í 
╪¡╪│╪º╪¿[0m
          
[36m</h2>[39m
          [36m<p[39m
            [33mclass
[39m=[32m"text-muted
"[39m
          [36m>[39m
            
[0m╪ú┘å╪┤╪ª 
╪¡╪│╪º╪¿┘â 
┘ä┘ä╪¿╪»╪í[0m
          
[36m</p>[39m
        
[36m</div>[39m
        [36m<div[39m
          [33mclass[
39m=[32m"space-y-4"[
39m
        [36m>[39m
          
[36m<div[39m
            [33mclass
[39m=[32m"relative"
[39m
          [36m>[39m
            
[36m<label[39m
              [33mcla
ss[39m=[32m"label 
flex items-center 
gap-2"[39m
            
[36m>[39m
              
[36m<svg[39m
                [33ma
ria-hidden[39m=[32m"
true"[39m
                [33mc
lass[39m=[32m"lucide
 lucide-mail w-4 h-4 
text-primary-500"[39m
                [33mf
ill[39m=[32m"none"[
39m
                [33mh
eight[39m=[32m"24"[
39m
                [33ms
troke[39m=[32m"curre
ntColor"[39m
                [33ms
troke-linecap[39m=[3
2m"round"[39m
                [33ms
troke-linejoin[39m=[
32m"round"[39m
                [33ms
troke-width[39m=[32m
"2"[39m
                [33mv
iewBox[39m=[32m"0 0 
24 24"[39m
                [33mw
idth[39m=[32m"24"[3
9m
                [33mx
mlns[39m=[32m"http:/
/www.w3.org/2000/svg"
[39m
              
[36m>[39m
                
[36m<path[39m
                  
[33md[39m=[32m"m22 
7-8.991 5.727a2 2 0 0 
1-2.009 0L2 7"[39m
                
[36m/>[39m
                
[36m<rect[39m
                  [33
mheight[39m=[32m"16"
[39m
                  [33
mrx[39m=[32m"2"[39m
                  [33
mwidth[39m=[32m"20"
[39m
                  [33
mx[39m=[32m"2"[39m
                  [33
my[39m=[32m"4"[39m
                
[36m/>[39m
              
[36m</svg>[39m
              
[0m╪º┘ä╪¿╪▒┘è╪» ╪º┘ä╪
Ñ┘ä┘â╪¬╪▒┘ê┘å┘è[0m
            
[36m</label>[39m
            
[36m<input[39m
              [33mcla
ss[39m=[32m"input"[
39m
              [33mdir
[39m=[32m"ltr"[39m
              [33mnam
e[39m=[32m"email"[3
9m
              [33mpla
ceholder[39m=[32m"╪ú
╪»╪«┘ä ╪¿╪▒┘è╪»┘â ╪º┘ä
╪Ñ┘ä┘â╪¬╪▒┘ê┘å┘è"[39m
              [33mtyp
e[39m=[32m"email"[3
9m
            
[36m/>[39m
          
[36m</div>[39m
          
[36m<div[39m
            [33mclass
[39m=[32m"relative"
[39m
          [36m>[39m
            
[36m<label[39m
              [33mcla
ss[39m=[32m"label 
flex items-center 
gap-2"[39m
            
[36m>[39m
              
[36m<svg[39m
                [33ma
ria-hidden[39m=[32m"
true"[39m
                [33mc
lass[39m=[32m"lucide
 lucide-lock w-4 h-4 
text-primary-500"[39m
                [33mf
ill[39m=[32m"none"[
39m
                [33mh
eight[39m=[32m"24"[
39m
                [33ms
troke[39m=[32m"curre
ntColor"[39m
                [33ms
troke-linecap[39m=[3
2m"round"[39m
                [33ms
troke-linejoin[39m=[
32m"round"[39m
                [33ms
troke-width[39m=[32m
"2"[39m
                [33mv
iewBox[39m=[32m"0 0 
24 24"[39m
                [33mw
idth[39m=[32m"24"[3
9m
                [33mx
mlns[39m=[32m"http:/
/www.w3.org/2000/svg"
[39m
              
[36m>[39m
                
[36m<rect[39m
                  [33
mheight[39m=[32m"11"
[39m
                  [33
mrx[39m=[32m"2"[39m
                  [33
mry[39m=[32m"2"[39m
                  [33
mwidth[39m=[32m"18"
[39m
                  [33
mx[39m=[32m"3"[39m
                  [33
my[39m=[32m"11"[39m
                
[36m/>[39m
                
[36m<path[39m
                  
[33md[39m=[32m"M7 
11V7a5 5 0 0 1 10 
0v4"[39m
                
[36m/>[39m
              
[36m</svg>[39m
              
[0m┘â┘ä┘à╪⌐ 
╪º┘ä┘à╪▒┘ê╪▒[0m
            
[36m</label>[39m
            
[36m<div[39m
              [33mcla
ss[39m=[32m"relative
"[39m
            
[36m>[39m
              
[36m<input[39m
                [33mc
lass[39m=[32m"input 
pe-12"[39m
                [33md
ir[39m=[32m"ltr"[39
m
                [33mn
ame[39m=[32m"passwor
d"[39m
                [33mp
laceholder[39m=[32m"
╪ú╪»╪«┘ä ┘â┘ä┘à╪⌐ 
╪º┘ä┘à╪▒┘ê╪▒"[39m
                [33mt
ype[39m=[32m"passwor
d"[39m
              
[36m/>[39m
              
[36m<button[39m
                [33mc
lass[39m=[32m"absolu
te end-3 top-1/2 
-translate-y-1/2 w-8 
h-8 rounded-lg flex 
items-center 
justify-center 
text-dark-400 
hover:text-dark-600 da
rk:hover:text-dark-300
 hover:bg-dark-100 dar
k:hover:bg-dark-700 tr
ansition-colors"[39m
                [33mt
ype[39m=[32m"button"
[39m
              
[36m>[39m
                
[36m<svg[39m
                  [33
maria-hidden[39m=[32
m"true"[39m
                  [33
mclass[39m=[32m"luci
de lucide-eye w-5 
h-5"[39m
                  [33
mfill[39m=[32m"none"
[39m
                  [33
mheight[39m=[32m"24"
[39m
                  [33
mstroke[39m=[32m"cur
rentColor"[39m
                  [33
mstroke-linecap[39m=
[32m"round"[39m
                  [33
mstroke-linejoin[39m=
[32m"round"[39m
                  [33
mstroke-width[39m=[3
2m"2"[39m
                  [33
mviewBox[39m=[32m"0 
0 24 24"[39m
                  [33
mwidth[39m=[32m"24"
[39m
                  [33
mxmlns[39m=[32m"http
://www.w3.org/2000/svg
"[39m
                
[36m>[39m
                  
[36m<path[39m
                    [
33md[39m=[32m"M2.062
 12.348a1 1 0 0 1 
0-.696 10.75 10.75 0 
0 1 19.876 0 1 1 0 0 
1 0 .696 10.75 10.75 
0 0 1-19.876 0"[39m
                  
[36m/>[39m
                  
[36m<circle[39m
                    [
33mcx[39m=[32m"12"[
39m
                    [
33mcy[39m=[32m"12"[
39m
                    [
33mr[39m=[32m"3"[39
m
                  
[36m/>[39m
                
[36m</svg>[39m
              
[36m</button>[39m
            
[36m</div>[39m
          
[36m</div>[39m
          
[36m<div[39m
            [33mclass
[39m=[32m"relative"
[39m
          [36m>[39m
            
[36m<label[39m
              [33mcla
ss[39m=[32m"label 
flex items-center 
gap-2"[39m
            
[36m>[39m
              
[36m<svg[39m
                [33ma
ria-hidden[39m=[32m"
true"[39m
                [33mc
lass[39m=[32m"lucide
 lucide-circle-check 
w-4 h-4 
text-primary-500"[39m
                [33mf
ill[39m=[32m"none"[
39m
                [33mh
eight[39m=[32m"24"[
39m
                [33ms
troke[39m=[32m"curre
ntColor"[39m
                [33ms
troke-linecap[39m=[3
2m"round"[39m
                [33ms
troke-linejoin[39m=[
32m"round"[39m
                [33ms
troke-width[39m=[32m
"2"[39m
                [33mv
iewBox[39m=[32m"0 0 
24 24"[39m
                [33mw
idth[39m=[32m"24"[3
9m
                [33mx
mlns[39m=[32m"http:/
/www.w3.org/2000/svg"
[39m
              
[36m>[39m
                
[36m<circle[39m
                  [33
mcx[39m=[32m"12"[39
m
                  [33
mcy[39m=[32m"12"[39
m
                  [33
mr[39m=[32m"10"[39m
                
[36m/>[39m
                
[36m<path[39m
                  
[33md[39m=[32m"m9 
12 2 2 4-4"[39m
                
[36m/>[39m
              
[36m</svg>[39m
              
[0m╪¬╪ú┘â┘è╪» 
┘â┘ä┘à╪⌐ 
╪º┘ä┘à╪▒┘ê╪▒[0m
            
[36m</label>[39m
            
[36m<input[39m
              [33mcla
ss[39m=[32m"input"[
39m
              [33mdir
[39m=[32m"ltr"[39m
              [33mnam
e[39m=[32m"confirmPa
ssword"[39m
              [33mpla
ceholder[39m=[32m"╪ú
╪╣╪» ╪Ñ╪»╪«╪º┘ä 
┘â┘ä┘à╪⌐ 
╪º┘ä┘à╪▒┘ê╪▒"[39m
              [33mtyp
e[39m=[32m"password"
[39m
            
[36m/>[39m
          
[36m</div>[39m
        
[36m</div>[39m
        
[36m<button[39m
          [33mclass[
39m=[32m"btn-primary 
btn-lg w-full 
group"[39m
          [33mtype[3
9m=[32m"submit"[39m
        [36m>[39m
          
[36m<span>[39m
            
[0m╪Ñ┘å╪┤╪º╪í 
╪¡╪│╪º╪¿[0m
          
[36m</span>[39m
          
[36m<svg[39m
            [33maria-
hidden[39m=[32m"true
"[39m
            [33mclass
[39m=[32m"lucide 
lucide-arrow-left w-5 
h-5 group-hover:transl
ate-x-1 transition-tra
nsform"[39m
            [33mfill
[39m=[32m"none"[39m
            [33mheigh
t[39m=[32m"24"[39m
            [33mstrok
e[39m=[32m"currentCo
lor"[39m
            [33mstrok
e-linecap[39m=[32m"r
ound"[39m
            [33mstrok
e-linejoin[39m=[32m"
round"[39m
            [33mstrok
e-width[39m=[32m"2"
[39m
            [33mviewB
ox[39m=[32m"0 0 24 
24"[39m
            [33mwidth
[39m=[32m"24"[39m
            [33mxmlns
[39m=[32m"http://www
.w3.org/2000/svg"[39m
          [36m>[39m
            
[36m<path[39m
              
[33md[39m=[32m"m12 
19-7-7 7-7"[39m
            
[36m/>[39m
            
[36m<path[39m
              
[33md[39m=[32m"M19 
12H5"[39m
            
[36m/>[39m
          
[36m</svg>[39m
        
[36m</button>[39m
        [36m<p[39m
          [33mclass[
39m=[32m"text-center 
text-muted"[39m
        [36m>[39m
          
[0m┘ä╪»┘è┘â ╪¡╪│╪º╪¿ 
╪¿╪º┘ä┘ü╪╣┘ä╪ƒ[0m
          [0m [0m
          
[36m<button[39m
            [33mclass
[39m=[32m"text-prima
ry-600 
dark:text-primary-400 
font-semibold 
hover:underline"[39m
            [33mtype
[39m=[32m"button"[39
m
          [36m>[39m
            
[0m╪¬╪│╪¼┘è┘ä 
╪º┘ä╪»╪«┘ê┘ä[0m
          
[36m</button>[39m
        [36m</p>[39m
      
[36m</form>[39m
    [36m</div>[39m
  [36m</div>[39m
[36m</body>[39m

Ignored nodes: 
comments, script, 
style
[36m<html[39m
  [33mdir[39m=[32m"
rtl"[39m
  [33mlang[39m=[32m
"ar"[39m
[36m>[39m
  [36m<head />[39m
  [36m<body>[39m
    [36m<div>[39m
      [36m<div[39m
        [33mclass[39
m=[32m"w-full 
max-w-md mx-auto"[39m
      [36m>[39m
        
[36m<form[39m
          [33mclass[
39m=[32m"space-y-6"[
39m
        [36m>[39m
          
[36m<div[39m
            [33mclass
[39m=[32m"text-cente
r mb-8"[39m
          [36m>[39m
            
[36m<div[39m
              [33mcla
ss[39m=[32m"relative
 inline-block"[39m
            
[36m>[39m
              
[36m<div[39m
                [33mc
lass[39m=[32m"w-20 
h-20 rounded-2xl 
bg-gradient-to-br 
from-accent-500 
to-accent-600 flex 
items-center 
justify-center 
mx-auto mb-5 
shadow-lg shadow-accen
t-500/30"[39m
              
[36m>[39m
                
[36m<svg[39m
                  [33
maria-hidden[39m=[32
m"true"[39m
                  [33
mclass[39m=[32m"luci
de lucide-sparkles 
w-10 h-10 
text-white"[39m
                  [33
mfill[39m=[32m"none"
[39m
                  [33
mheight[39m=[32m"24"
[39m
                  [33
mstroke[39m=[32m"cur
rentColor"[39m
                  [33
mstroke-linecap[39m=
[32m"round"[39m
                  [33
mstroke-linejoin[39m=
[32m"round"[39m
                  [33
mstroke-width[39m=[3
2m"2"[39m
                  [33
mviewBox[39m=[32m"0 
0 24 24"[39m
                  [33
mwidth[39m=[32m"24"
[39m
                  [33
mxmlns[39m=[32m"http
://www.w3.org/2000/svg
"[39m
                
[36m>[39m
                  
[36m<path[39m
                    [
33md[39m=[32m"M11.01
7 2.814a1 1 0 0 1 
1.966 0l1.051 5.558a2 
2 0 0 0 1.594 
1.594l5.558 1.051a1 1 
0 0 1 0 1.966l-5.558 
1.051a2 2 0 0 0-1.594 
1.594l-1.051 5.558a1 
1 0 0 1-1.966 
0l-1.051-5.558a2 2 0 
0 0-1.594-1.594l-5.558
-1.051a1 1 0 0 1 
0-1.966l5.558-1.051a2 
2 0 0 0 
1.594-1.594z"[39m
                  
[36m/>[39m
                  
[36m<path[39m
                    
[33md[39m=[32m"M20 
2v4"[39m
                  
[36m/>[39m
                  
[36m<path[39m
                    
[33md[39m=[32m"M22 
4h-4"[39m
                  
[36m/>[39m
                  
[36m<circle[39m
                    [
33mcx[39m=[32m"4"[3
9m
                    [
33mcy[39m=[32m"20"[
39m
                    [
33mr[39m=[32m"2"[39
m
                  
[36m/>[39m
                
[36m</svg>[39m
              
[36m</div>[39m
              
[36m<div[39m
                [33mc
lass[39m=[32m"absolu
te -top-1 -end-1 w-8 
h-8 rounded-xl 
bg-gradient-to-r 
from-primary-400 
to-primary-600 flex 
items-center 
justify-center 
shadow-lg"[39m
              
[36m>[39m
                
[36m<svg[39m
                  [33
maria-hidden[39m=[32
m"true"[39m
                  [33
mclass[39m=[32m"luci
de lucide-user w-4 
h-4 text-white"[39m
                  [33
mfill[39m=[32m"none"
[39m
                  [33
mheight[39m=[32m"24"
[39m
                  [33
mstroke[39m=[32m"cur
rentColor"[39m
                  [33
mstroke-linecap[39m=
[32m"round"[39m
                  [33
mstroke-linejoin[39m=
[32m"round"[39m
                  [33
mstroke-width[39m=[3
2m"2"[39m
                  [33
mviewBox[39m=[32m"0 
0 24 24"[39m
                  [33
mwidth[39m=[32m"24"
[39m
                  [33
mxmlns[39m=[32m"http
://www.w3.org/2000/svg
"[39m
                
[36m>[39m
                  
[36m<path[39m
                    
[33md[39m=[32m"M19 
21v-2a4 4 0 0 
0-4-4H9a4 4 0 0 0-4 
4v2"[39m
                  
[36m/>[39m
                  
[36m<circle[39m
                    [
33mcx[39m=[32m"12"[
39m
                    [
33mcy[39m=[32m"7"[3
9m
                    [
33mr[39m=[32m"4"[39
m
                  
[36m/>[39m
                
[36m</svg>[39m
              
[36m</div>[39m
            
[36m</div>[39m
            
[36m<h2[39m
              [33mcla
ss[39m=[32m"text-2xl
 font-bold mb-2"[39m
            
[36m>[39m
              
[0m╪Ñ┘å╪┤╪º╪í 
╪¡╪│╪º╪¿[0m
            
[36m</h2>[39m
            
[36m<p[39m
              [33mcla
ss[39m=[32m"text-mut
ed"[39m
            
[36m>[39m
              
[0m╪ú┘å╪┤╪ª 
╪¡╪│╪º╪¿┘â 
┘ä┘ä╪¿╪»╪í[0m
            
[36m</p>[39m
          
[36m</div>[39m
          
[36m<div[39m
            [33mclass
[39m=[32m"space-y-4"
[39m
          [36m>[39m
            
[36m<div[39m
              [33mcla
ss[39m=[32m"relative
"[39m
            
[36m>[39m
              
[36m<label[39m
                [33mc
lass[39m=[32m"label 
flex items-center 
gap-2"[39m
              
[36m>[39m
                
[36m<svg[39m
                  [33
maria-hidden[39m=[32
m"true"[39m
                  [33
mclass[39m=[32m"luci
de lucide-mail w-4 
h-4 
text-primary-500"[39m
                  [33
mfill[39m=[32m"none"
[39m
                  [33
mheight[39m=[32m"24"
[39m
                  [33
mstroke[39m=[32m"cur
rentColor"[39m
                  [33
mstroke-linecap[39m=
[32m"round"[39m
                  [33
mstroke-linejoin[39m=
[32m"round"[39m
                  [33
mstroke-width[39m=[3
2m"2"[39m
                  [33
mviewBox[39m=[32m"0 
0 24 24"[39m
                  [33
mwidth[39m=[32m"24"
[39m
                  [33
mxmlns[39m=[32m"http
://www.w3.org/2000/svg
"[39m
                
[36m>[39m
                  
[36m<path[39m
                    
[33md[39m=[32m"m22 
7-8.991 5.727a2 2 0 0 
1-2.009 0L2 7"[39m
                  
[36m/>[39m
                  
[36m<rect[39m
                    [
33mheight[39m=[32m"1
6"[39m
                    [
33mrx[39m=[32m"2"[3
9m
                    [
33mwidth[39m=[32m"20
"[39m
                    [
33mx[39m=[32m"2"[39
m
                    [
33my[39m=[32m"4"[39
m
                  
[36m/>[39m
                
[36m</svg>[39m
                
[0m╪º┘ä╪¿╪▒┘è╪» ╪º┘ä╪
Ñ┘ä┘â╪¬╪▒┘ê┘å┘è[0m
              
[36m</label>[39m
              
[36m<input[39m
                [33mc
lass[39m=[32m"input"
[39m
                [33md
ir[39m=[32m"ltr"[39
m
                [33mn
ame[39m=[32m"email"
[39m
                [33mp
laceholder[39m=[32m"
╪ú╪»╪«┘ä ╪¿╪▒┘è╪»┘â ╪º
┘ä╪Ñ┘ä┘â╪¬╪▒┘ê┘å┘è"[3
9m
                [33mt
ype[39m=[32m"email"
[39m
              
[36m/>[39m
            
[36m</div>[39m
            
[36m<div[39m
              [33mcla
ss[39m=[32m"relative
"[39m
            
[36m>[39m
              
[36m<label[39m
                [33mc
lass[39m=[32m"label 
flex items-center 
gap-2"[39m
              
[36m>[39m
                
[36m<svg[39m
                  [33
maria-hidden[39m=[32
m"true"[39m
                  [33
mclass[39m=[32m"luci
de lucide-lock w-4 
h-4 
text-primary-500"[39m
                  [33
mfill[39m=[32m"none"
[39m
                  [33
mheight[39m=[32m"24"
[39m
                  [33
mstroke[39m=[32m"cur
rentColor"[39m
                  [33
mstroke-linecap[39m=
[32m"round"[39m
                  [33
mstroke-linejoin[39m=
[32m"round"[39m
                  [33
mstroke-width[39m=[3
2m"2"[39m
                  [33
mviewBox[39m=[32m"0 
0 24 24"[39m
                  [33
mwidth[39m=[32m"24"
[39m
                  [33
mxmlns[39m=[32m"http
://www.w3.org/2000/svg
"[39m
                
[36m>[39m
                  
[36m<rect[39m
                    [
33mheight[39m=[32m"1
1"[39m
                    [
33mrx[39m=[32m"2"[3
9m
                    [
33mry[39m=[32m"2"[3
9m
                    [
33mwidth[39m=[32m"18
"[39m
                    [
33mx[39m=[32m"3"[39
m
                    [
33my[39m=[32m"11"[3
9m
                  
[36m/>[39m
                  
[36m<path[39m
                    
[33md[39m=[32m"M7 
11V7a5 5 0 0 1 10 
0v4"[39m
                  
[36m/>[39m
                
[36m</svg>[39m
                
[0m┘â┘ä┘à╪⌐ 
╪º┘ä┘à╪▒┘ê╪▒[0m
              
[36m</label>[39m
              
[36m<div[39m
                [33mc
lass[39m=[32m"relati
ve"[39m
              
[36m>[39m
                
[36m<input[39m
                  [33
mclass[39m=[32m"inpu
t pe-12"[39m
                  [33
mdir[39m=[32m"ltr"[
39m
                  [33
mname[39m=[32m"passw
ord"[39m
                  [33
mplaceholder[39m=[32
m"╪ú╪»╪«┘ä ┘â┘ä┘à╪⌐ 
╪º┘ä┘à╪▒┘ê╪▒"[39m
                  [33
mtype[39m=[32m"passw
ord"[39m
                
[36m/>[39m
                
[36m<button[39m
                  [33
mclass[39m=[32m"abso
lute end-3 top-1/2 
-translate-y-1/2 w-8 
h-8 rounded-lg flex 
items-center 
justify-center 
text-dark-400 
hover:text-dark-600 da
rk:hover:text-dark-300
 hover:bg-dark-100 dar
k:hover:bg-dark-700 tr
ansition-colors"[39m
                  [33
mtype[39m=[32m"butto
n"[39m
                
[36m>[39m
                  
[36m<svg[39m
                    [
33maria-hidden[39m=[
32m"true"[39m
                    [
33mclass[39m=[32m"lu
cide lucide-eye w-5 
h-5"[39m
                    [
33mfill[39m=[32m"non
e"[39m
                    [
33mheight[39m=[32m"2
4"[39m
                    [
33mstroke[39m=[32m"c
urrentColor"[39m
                    [
33mstroke-linecap[39m
=[32m"round"[39m
                    [
33mstroke-linejoin[39
m=[32m"round"[39m
                    [
33mstroke-width[39m=
[32m"2"[39m
                    [
33mviewBox[39m=[32m"
0 0 24 24"[39m
                    [
33mwidth[39m=[32m"24
"[39m
                    [
33mxmlns[39m=[32m"ht
tp://www.w3.org/2000/s
vg"[39m
                  
[36m>[39m
                    
[36m<path[39m
                      
[33md[39m=[32m"M2.0
62 12.348a1 1 0 0 1 
0-.696 10.75 10.75 0 
0 1 19.876 0 1 1 0 0 
1 0 .696 10.75 10.75 
0 0 1-19.876 0"[39m
                    
[36m/>[39m
                    
[36m<circle[39m
                      
[33mcx[39m=[32m"12"
[39m
                      
[33mcy[39m=[32m"12"
[39m
                      
[33mr[39m=[32m"3"[
39m
                    
[36m/>[39m
                  
[36m</svg>[39m
                
[36m</button>[39m
              
[36m</div>[39m
            
[36m</div>[39m
            
[36m<div[39m
              [33mcla
ss[39m=[32m"relative
"[39m
            
[36m>[39m
              
[36m<label[39m
                [33mc
lass[39m=[32m"label 
flex items-center 
gap-2"[39m
              
[36m>[39m
                
[36m<svg[39m
                  [33
maria-hidden[39m=[32
m"true"[39m
                  [33
mclass[39m=[32m"luci
de 
lucide-circle-check 
w-4 h-4 
text-primary-500"[39m
                  [33
mfill[39m=[32m"none"
[39m
                  [33
mheight[39m=[32m"24"
[39m
                  [33
mstroke[39m=[32m"cur
rentColor"[39m
                  [33
mstroke-linecap[39m=
[32m"round"[39m
                  [33
mstroke-linejoin[39m=
[32m"round"[39m
                  [33
mstroke-width[39m=[3
2m"2"[39m
                  [33
mviewBox[39m=[32m"0 
0 24 24"[39m
                  [33
mwidth[39m=[32m"24"
[39m
                  [33
mxmlns[39m=[32m"http
://www.w3.org/2000/svg
"[39m
                
[36m>[39m
                  
[36m<circle[39m
                    [
33mcx[39m=[32m"12"[
39m
                    [
33mcy[39m=[32m"12"[
39m
                    [
33mr[39m=[32m"10"[3
9m
                  
[36m/>[39m
                  
[36m<path[39m
                    
[33md[39m=[32m"m9 
12 2 2 4-4"[39m
                  
[36m/>[39m
                
[36m</svg>[39m
                
[0m╪¬╪ú┘â┘è╪» 
┘â┘ä┘à╪⌐ 
╪º┘ä┘à╪▒┘ê╪▒[0m
              
[36m</label>[39m
              
[36m<input[39m
                [33mc
lass[39m=[32m"input"
[39m
                [33md
ir[39m=[32m"ltr"[39
m
                [33mn
ame[39m=[32m"confirm
Password"[39m
                [33mp
laceholder[39m=[32m"
╪ú╪╣╪» ╪Ñ╪»╪«╪º┘ä 
┘â┘ä┘à╪⌐ 
╪º┘ä┘à╪▒┘ê╪▒"[39m
                [33mt
ype[39m=[32m"passwor
d"[39m
              
[36m/>[39m
            
[36m</div>[39m
          
[36m</div>[39m
          
[36m<button[39m
            [33mclass
[39m=[32m"btn-primar
y btn-lg w-full 
group"[39m
            [33mtype
[39m=[32m"submit"[39
m
          [36m>[39m
            
[36m<span>[39m
              
[0m╪Ñ┘å╪┤╪º╪í 
╪¡╪│╪º╪¿[0m
            
[36m</span>[39m
            
[36m<svg[39m
              [33mari
a-hidden[39m=[32m"tr
ue"[39m
              [33mcla
ss[39m=[32m"lucide 
lucide-arrow-left w-5 
h-5 group-hover:transl
ate-x-1 transition-tra
nsform"[39m
              [33mfil
l[39m=[32m"none"[39
m
              [33mhei
ght[39m=[32m"24"[39
m
              [33mstr
oke[39m=[32m"current
Color"[39m
              [33mstr
oke-linecap[39m=[32m
"round"[39m
              [33mstr
oke-linejoin[39m=[32
m"round"[39m
              [33mstr
oke-width[39m=[32m"2
"[39m
              [33mvie
wBox[39m=[32m"0 0 
24 24"[39m
              [33mwid
th[39m=[32m"24"[39m
              [33mxml
ns[39m=[32m"http://w
ww.w3.org/2000/svg"[3
9m
            
[36m>[39m
              
[36m<path[39m
                
[33md[39m=[32m"m12 
19-7-7 7-7"[39m
              
[36m/>[39m
              
[36m<path[39m
                
[33md[39m=[32m"M19 
12H5"[39m
              
[36m/>[39m
            
[36m</svg>[39m
          
[36m</button>[39m
          [36m<p[39m
            [33mclass
[39m=[32m"text-cente
r text-muted"[39m
          [36m>[39m
            
[0m┘ä╪»┘è┘â ╪¡╪│╪º╪¿ 
╪¿╪º┘ä┘ü╪╣┘ä╪ƒ[0m
            [0m [0m
            
[36m<button[39m
              [33mcla
ss[39m=[32m"text-pri
mary-600 
dark:text-primary-400 
font-semibold 
hover:underline"[39m
              [33mtyp
e[39m=[32m"button"[
39m
            
[36m>[39m
              
[0m╪¬╪│╪¼┘è┘ä 
╪º┘ä╪»╪«┘ê┘ä[0m
            
[36m</button>[39m
          
[36m</p>[39m
        
[36m</form>[39m
      [36m</div>[39m
    [36m</div>[39m
  [36m</body>[39m
[36m</html>[39m
[90m [2mΓ¥»[22m 
Proxy.waitForWrapper n
ode_modules/@testing-l
ibrary/dom/dist/wait-f
or.js:[2m163:27[22m
[39m
[36m [2mΓ¥»[22m src
/components/auth/__tes
ts__/SignupForm.test.t
sx:[2m152:19[22m[39
m
    [90m150| [39m
    [90m151| [39m   
         [90m// 
Select user type[39m
    [90m152| [39m   
         
[35mawait[39m 
[34mwaitFor[39m(() 
[33m=>[39m {
    [90m   | [39m   
               
[31m^[39m
    [90m153| [39m   
             expect(sc
reen.getByRole('button
', { name: 
/freelancer|ΓÇª
    [90m154| [39m   
         })[33m;[39m

[31m[2mΓÄ»ΓÄ»ΓÄ»ΓÄ»Γ
Ä»ΓÄ»ΓÄ»ΓÄ»ΓÄ»ΓÄ»ΓÄ»ΓÄ
»ΓÄ»ΓÄ»ΓÄ»ΓÄ»ΓÄ»ΓÄ»ΓÄ»
ΓÄ»ΓÄ»ΓÄ»[10/13]ΓÄ»[2
2m[39m

[41m[1m FAIL 
[22m[49m src/compone
nts/auth/__tests__/Sig
nupForm.test.tsx[2m 
> [22mSignupForm[2m 
> [22mEmail and 
Password Form[2m > 
[22mshould validate 
password minimum 
length
[31m[1mTestingLibrar
yElementError[22m[39
m: Unable to find 
role="button" and 
name `/freelancer|┘à╪│
╪¬┘é┘ä/i`

Ignored nodes: 
comments, script, 
style
[36m<body>[39m
  [36m<div>[39m
    [36m<div[39m
      [33mclass[39m=
[32m"w-full max-w-md 
mx-auto"[39m
    [36m>[39m
      [36m<form[39m
        [33mclass[39
m=[32m"space-y-6"[39
m
      [36m>[39m
        [36m<div[39m
          [33mclass[
39m=[32m"text-center 
mb-8"[39m
        [36m>[39m
          
[36m<div[39m
            [33mclass
[39m=[32m"relative 
inline-block"[39m
          [36m>[39m
            
[36m<div[39m
              [33mcla
ss[39m=[32m"w-20 
h-20 rounded-2xl 
bg-gradient-to-br 
from-accent-500 
to-accent-600 flex 
items-center 
justify-center 
mx-auto mb-5 
shadow-lg shadow-accen
t-500/30"[39m
            
[36m>[39m
              
[36m<svg[39m
                [33ma
ria-hidden[39m=[32m"
true"[39m
                [33mc
lass[39m=[32m"lucide
 lucide-sparkles w-10 
h-10 text-white"[39m
                [33mf
ill[39m=[32m"none"[
39m
                [33mh
eight[39m=[32m"24"[
39m
                [33ms
troke[39m=[32m"curre
ntColor"[39m
                [33ms
troke-linecap[39m=[3
2m"round"[39m
                [33ms
troke-linejoin[39m=[
32m"round"[39m
                [33ms
troke-width[39m=[32m
"2"[39m
                [33mv
iewBox[39m=[32m"0 0 
24 24"[39m
                [33mw
idth[39m=[32m"24"[3
9m
                [33mx
mlns[39m=[32m"http:/
/www.w3.org/2000/svg"
[39m
              
[36m>[39m
                
[36m<path[39m
                  [33
md[39m=[32m"M11.017 
2.814a1 1 0 0 1 1.966 
0l1.051 5.558a2 2 0 0 
0 1.594 1.594l5.558 
1.051a1 1 0 0 1 0 
1.966l-5.558 1.051a2 
2 0 0 0-1.594 
1.594l-1.051 5.558a1 
1 0 0 1-1.966 
0l-1.051-5.558a2 2 0 
0 0-1.594-1.594l-5.558
-1.051a1 1 0 0 1 
0-1.966l5.558-1.051a2 
2 0 0 0 
1.594-1.594z"[39m
                
[36m/>[39m
                
[36m<path[39m
                  
[33md[39m=[32m"M20 
2v4"[39m
                
[36m/>[39m
                
[36m<path[39m
                  
[33md[39m=[32m"M22 
4h-4"[39m
                
[36m/>[39m
                
[36m<circle[39m
                  [33
mcx[39m=[32m"4"[39m
                  [33
mcy[39m=[32m"20"[39
m
                  [33
mr[39m=[32m"2"[39m
                
[36m/>[39m
              
[36m</svg>[39m
            
[36m</div>[39m
            
[36m<div[39m
              [33mcla
ss[39m=[32m"absolute
 -top-1 -end-1 w-8 
h-8 rounded-xl 
bg-gradient-to-r 
from-primary-400 
to-primary-600 flex 
items-center 
justify-center 
shadow-lg"[39m
            
[36m>[39m
              
[36m<svg[39m
                [33ma
ria-hidden[39m=[32m"
true"[39m
                [33mc
lass[39m=[32m"lucide
 lucide-user w-4 h-4 
text-white"[39m
                [33mf
ill[39m=[32m"none"[
39m
                [33mh
eight[39m=[32m"24"[
39m
                [33ms
troke[39m=[32m"curre
ntColor"[39m
                [33ms
troke-linecap[39m=[3
2m"round"[39m
                [33ms
troke-linejoin[39m=[
32m"round"[39m
                [33ms
troke-width[39m=[32m
"2"[39m
                [33mv
iewBox[39m=[32m"0 0 
24 24"[39m
                [33mw
idth[39m=[32m"24"[3
9m
                [33mx
mlns[39m=[32m"http:/
/www.w3.org/2000/svg"
[39m
              
[36m>[39m
                
[36m<path[39m
                  
[33md[39m=[32m"M19 
21v-2a4 4 0 0 
0-4-4H9a4 4 0 0 0-4 
4v2"[39m
                
[36m/>[39m
                
[36m<circle[39m
                  [33
mcx[39m=[32m"12"[39
m
                  [33
mcy[39m=[32m"7"[39m
                  [33
mr[39m=[32m"4"[39m
                
[36m/>[39m
              
[36m</svg>[39m
            
[36m</div>[39m
          
[36m</div>[39m
          
[36m<h2[39m
            [33mclass
[39m=[32m"text-2xl 
font-bold mb-2"[39m
          [36m>[39m
            
[0m╪Ñ┘å╪┤╪º╪í 
╪¡╪│╪º╪¿[0m
          
[36m</h2>[39m
          [36m<p[39m
            [33mclass
[39m=[32m"text-muted
"[39m
          [36m>[39m
            
[0m╪ú┘å╪┤╪ª 
╪¡╪│╪º╪¿┘â 
┘ä┘ä╪¿╪»╪í[0m
          
[36m</p>[39m
        
[36m</div>[39m
        [36m<div[39m
          [33mclass[
39m=[32m"space-y-4"[
39m
        [36m>[39m
          
[36m<div[39m
            [33mclass
[39m=[32m"relative"
[39m
          [36m>[39m
            
[36m<label[39m
              [33mcla
ss[39m=[32m"label 
flex items-center 
gap-2"[39m
            
[36m>[39m
              
[36m<svg[39m
                [33ma
ria-hidden[39m=[32m"
true"[39m
                [33mc
lass[39m=[32m"lucide
 lucide-mail w-4 h-4 
text-primary-500"[39m
                [33mf
ill[39m=[32m"none"[
39m
                [33mh
eight[39m=[32m"24"[
39m
                [33ms
troke[39m=[32m"curre
ntColor"[39m
                [33ms
troke-linecap[39m=[3
2m"round"[39m
                [33ms
troke-linejoin[39m=[
32m"round"[39m
                [33ms
troke-width[39m=[32m
"2"[39m
                [33mv
iewBox[39m=[32m"0 0 
24 24"[39m
                [33mw
idth[39m=[32m"24"[3
9m
                [33mx
mlns[39m=[32m"http:/
/www.w3.org/2000/svg"
[39m
              
[36m>[39m
                
[36m<path[39m
                  
[33md[39m=[32m"m22 
7-8.991 5.727a2 2 0 0 
1-2.009 0L2 7"[39m
                
[36m/>[39m
                
[36m<rect[39m
                  [33
mheight[39m=[32m"16"
[39m
                  [33
mrx[39m=[32m"2"[39m
                  [33
mwidth[39m=[32m"20"
[39m
                  [33
mx[39m=[32m"2"[39m
                  [33
my[39m=[32m"4"[39m
                
[36m/>[39m
              
[36m</svg>[39m
              
[0m╪º┘ä╪¿╪▒┘è╪» ╪º┘ä╪
Ñ┘ä┘â╪¬╪▒┘ê┘å┘è[0m
            
[36m</label>[39m
            
[36m<input[39m
              [33mcla
ss[39m=[32m"input"[
39m
              [33mdir
[39m=[32m"ltr"[39m
              [33mnam
e[39m=[32m"email"[3
9m
              [33mpla
ceholder[39m=[32m"╪ú
╪»╪«┘ä ╪¿╪▒┘è╪»┘â ╪º┘ä
╪Ñ┘ä┘â╪¬╪▒┘ê┘å┘è"[39m
              [33mtyp
e[39m=[32m"email"[3
9m
            
[36m/>[39m
          
[36m</div>[39m
          
[36m<div[39m
            [33mclass
[39m=[32m"relative"
[39m
          [36m>[39m
            
[36m<label[39m
              [33mcla
ss[39m=[32m"label 
flex items-center 
gap-2"[39m
            
[36m>[39m
              
[36m<svg[39m
                [33ma
ria-hidden[39m=[32m"
true"[39m
                [33mc
lass[39m=[32m"lucide
 lucide-lock w-4 h-4 
text-primary-500"[39m
                [33mf
ill[39m=[32m"none"[
39m
                [33mh
eight[39m=[32m"24"[
39m
                [33ms
troke[39m=[32m"curre
ntColor"[39m
                [33ms
troke-linecap[39m=[3
2m"round"[39m
                [33ms
troke-linejoin[39m=[
32m"round"[39m
                [33ms
troke-width[39m=[32m
"2"[39m
                [33mv
iewBox[39m=[32m"0 0 
24 24"[39m
                [33mw
idth[39m=[32m"24"[3
9m
                [33mx
mlns[39m=[32m"http:/
/www.w3.org/2000/svg"
[39m
              
[36m>[39m
                
[36m<rect[39m
                  [33
mheight[39m=[32m"11"
[39m
                  [33
mrx[39m=[32m"2"[39m
                  [33
mry[39m=[32m"2"[39m
                  [33
mwidth[39m=[32m"18"
[39m
                  [33
mx[39m=[32m"3"[39m
                  [33
my[39m=[32m"11"[39m
                
[36m/>[39m
                
[36m<path[39m
                  
[33md[39m=[32m"M7 
11V7a5 5 0 0 1 10 
0v4"[39m
                
[36m/>[39m
              
[36m</svg>[39m
              
[0m┘â┘ä┘à╪⌐ 
╪º┘ä┘à╪▒┘ê╪▒[0m
            
[36m</label>[39m
            
[36m<div[39m
              [33mcla
ss[39m=[32m"relative
"[39m
            
[36m>[39m
              
[36m<input[39m
                [33mc
lass[39m=[32m"input 
pe-12"[39m
                [33md
ir[39m=[32m"ltr"[39
m
                [33mn
ame[39m=[32m"passwor
d"[39m
                [33mp
laceholder[39m=[32m"
╪ú╪»╪«┘ä ┘â┘ä┘à╪⌐ 
╪º┘ä┘à╪▒┘ê╪▒"[39m
                [33mt
ype[39m=[32m"passwor
d"[39m
              
[36m/>[39m
              
[36m<button[39m
                [33mc
lass[39m=[32m"absolu
te end-3 top-1/2 
-translate-y-1/2 w-8 
h-8 rounded-lg flex 
items-center 
justify-center 
text-dark-400 
hover:text-dark-600 da
rk:hover:text-dark-300
 hover:bg-dark-100 dar
k:hover:bg-dark-700 tr
ansition-colors"[39m
                [33mt
ype[39m=[32m"button"
[39m
              
[36m>[39m
                
[36m<svg[39m
                  [33
maria-hidden[39m=[32
m"true"[39m
                  [33
mclass[39m=[32m"luci
de lucide-eye w-5 
h-5"[39m
                  [33
mfill[39m=[32m"none"
[39m
                  [33
mheight[39m=[32m"24"
[39m
                  [33
mstroke[39m=[32m"cur
rentColor"[39m
                  [33
mstroke-linecap[39m=
[32m"round"[39m
                  [33
mstroke-linejoin[39m=
[32m"round"[39m
                  [33
mstroke-width[39m=[3
2m"2"[39m
                  [33
mviewBox[39m=[32m"0 
0 24 24"[39m
                  [33
mwidth[39m=[32m"24"
[39m
                  [33
mxmlns[39m=[32m"http
://www.w3.org/2000/svg
"[39m
                
[36m>[39m
                  
[36m<path[39m
                    [
33md[39m=[32m"M2.062
 12.348a1 1 0 0 1 
0-.696 10.75 10.75 0 
0 1 19.876 0 1 1 0 0 
1 0 .696 10.75 10.75 
0 0 1-19.876 0"[39m
                  
[36m/>[39m
                  
[36m<circle[39m
                    [
33mcx[39m=[32m"12"[
39m
                    [
33mcy[39m=[32m"12"[
39m
                    [
33mr[39m=[32m"3"[39
m
                  
[36m/>[39m
                
[36m</svg>[39m
              
[36m</button>[39m
            
[36m</div>[39m
          
[36m</div>[39m
          
[36m<div[39m
            [33mclass
[39m=[32m"relative"
[39m
          [36m>[39m
            
[36m<label[39m
              [33mcla
ss[39m=[32m"label 
flex items-center 
gap-2"[39m
            
[36m>[39m
              
[36m<svg[39m
                [33ma
ria-hidden[39m=[32m"
true"[39m
                [33mc
lass[39m=[32m"lucide
 lucide-circle-check 
w-4 h-4 
text-primary-500"[39m
                [33mf
ill[39m=[32m"none"[
39m
                [33mh
eight[39m=[32m"24"[
39m
                [33ms
troke[39m=[32m"curre
ntColor"[39m
                [33ms
troke-linecap[39m=[3
2m"round"[39m
                [33ms
troke-linejoin[39m=[
32m"round"[39m
                [33ms
troke-width[39m=[32m
"2"[39m
                [33mv
iewBox[39m=[32m"0 0 
24 24"[39m
                [33mw
idth[39m=[32m"24"[3
9m
                [33mx
mlns[39m=[32m"http:/
/www.w3.org/2000/svg"
[39m
              
[36m>[39m
                
[36m<circle[39m
                  [33
mcx[39m=[32m"12"[39
m
                  [33
mcy[39m=[32m"12"[39
m
                  [33
mr[39m=[32m"10"[39m
                
[36m/>[39m
                
[36m<path[39m
                  
[33md[39m=[32m"m9 
12 2 2 4-4"[39m
                
[36m/>[39m
              
[36m</svg>[39m
              
[0m╪¬╪ú┘â┘è╪» 
┘â┘ä┘à╪⌐ 
╪º┘ä┘à╪▒┘ê╪▒[0m
            
[36m</label>[39m
            
[36m<input[39m
              [33mcla
ss[39m=[32m"input"[
39m
              [33mdir
[39m=[32m"ltr"[39m
              [33mnam
e[39m=[32m"confirmPa
ssword"[39m
              [33mpla
ceholder[39m=[32m"╪ú
╪╣╪» ╪Ñ╪»╪«╪º┘ä 
┘â┘ä┘à╪⌐ 
╪º┘ä┘à╪▒┘ê╪▒"[39m
              [33mtyp
e[39m=[32m"password"
[39m
            
[36m/>[39m
          
[36m</div>[39m
        
[36m</div>[39m
        
[36m<button[39m
          [33mclass[
39m=[32m"btn-primary 
btn-lg w-full 
group"[39m
          [33mtype[3
9m=[32m"submit"[39m
        [36m>[39m
          
[36m<span>[39m
            
[0m╪Ñ┘å╪┤╪º╪í 
╪¡╪│╪º╪¿[0m
          
[36m</span>[39m
          
[36m<svg[39m
            [33maria-
hidden[39m=[32m"true
"[39m
            [33mclass
[39m=[32m"lucide 
lucide-arrow-left w-5 
h-5 group-hover:transl
ate-x-1 transition-tra
nsform"[39m
            [33mfill
[39m=[32m"none"[39m
            [33mheigh
t[39m=[32m"24"[39m
            [33mstrok
e[39m=[32m"currentCo
lor"[39m
            [33mstrok
e-linecap[39m=[32m"r
ound"[39m
            [33mstrok
e-linejoin[39m=[32m"
round"[39m
            [33mstrok
e-width[39m=[32m"2"
[39m
            [33mviewB
ox[39m=[32m"0 0 24 
24"[39m
            [33mwidth
[39m=[32m"24"[39m
            [33mxmlns
[39m=[32m"http://www
.w3.org/2000/svg"[39m
          [36m>[39m
            
[36m<path[39m
              
[33md[39m=[32m"m12 
19-7-7 7-7"[39m
            
[36m/>[39m
            
[36m<path[39m
              
[33md[39m=[32m"M19 
12H5"[39m
            
[36m/>[39m
          
[36m</svg>[39m
        
[36m</button>[39m
        [36m<p[39m
          [33mclass[
39m=[32m"text-center 
text-muted"[39m
        [36m>[39m
          
[0m┘ä╪»┘è┘â ╪¡╪│╪º╪¿ 
╪¿╪º┘ä┘ü╪╣┘ä╪ƒ[0m
          [0m [0m
          
[36m<button[39m
            [33mclass
[39m=[32m"text-prima
ry-600 
dark:text-primary-400 
font-semibold 
hover:underline"[39m
            [33mtype
[39m=[32m"button"[39
m
          [36m>[39m
            
[0m╪¬╪│╪¼┘è┘ä 
╪º┘ä╪»╪«┘ê┘ä[0m
          
[36m</button>[39m
        [36m</p>[39m
      
[36m</form>[39m
    [36m</div>[39m
  [36m</div>[39m
[36m</body>[39m

Ignored nodes: 
comments, script, 
style
[36m<html[39m
  [33mdir[39m=[32m"
rtl"[39m
  [33mlang[39m=[32m
"ar"[39m
[36m>[39m
  [36m<head />[39m
  [36m<body>[39m
    [36m<div>[39m
      [36m<div[39m
        [33mclass[39
m=[32m"w-full 
max-w-md mx-auto"[39m
      [36m>[39m
        
[36m<form[39m
          [33mclass[
39m=[32m"space-y-6"[
39m
        [36m>[39m
          
[36m<div[39m
            [33mclass
[39m=[32m"text-cente
r mb-8"[39m
          [36m>[39m
            
[36m<div[39m
              [33mcla
ss[39m=[32m"relative
 inline-block"[39m
            
[36m>[39m
              
[36m<div[39m
                [33mc
lass[39m=[32m"w-20 
h-20 rounded-2xl 
bg-gradient-to-br 
from-accent-500 
to-accent-600 flex 
items-center 
justify-center 
mx-auto mb-5 
shadow-lg shadow-accen
t-500/30"[39m
              
[36m>[39m
                
[36m<svg[39m
                  [33
maria-hidden[39m=[32
m"true"[39m
                  [33
mclass[39m=[32m"luci
de lucide-sparkles 
w-10 h-10 
text-white"[39m
                  [33
mfill[39m=[32m"none"
[39m
                  [33
mheight[39m=[32m"24"
[39m
                  [33
mstroke[39m=[32m"cur
rentColor"[39m
                  [33
mstroke-linecap[39m=
[32m"round"[39m
                  [33
mstroke-linejoin[39m=
[32m"round"[39m
                  [33
mstroke-width[39m=[3
2m"2"[39m
                  [33
mviewBox[39m=[32m"0 
0 24 24"[39m
                  [33
mwidth[39m=[32m"24"
[39m
                  [33
mxmlns[39m=[32m"http
://www.w3.org/2000/svg
"[39m
                
[36m>[39m
                  
[36m<path[39m
                    [
33md[39m=[32m"M11.01
7 2.814a1 1 0 0 1 
1.966 0l1.051 5.558a2 
2 0 0 0 1.594 
1.594l5.558 1.051a1 1 
0 0 1 0 1.966l-5.558 
1.051a2 2 0 0 0-1.594 
1.594l-1.051 5.558a1 
1 0 0 1-1.966 
0l-1.051-5.558a2 2 0 
0 0-1.594-1.594l-5.558
-1.051a1 1 0 0 1 
0-1.966l5.558-1.051a2 
2 0 0 0 
1.594-1.594z"[39m
                  
[36m/>[39m
                  
[36m<path[39m
                    
[33md[39m=[32m"M20 
2v4"[39m
                  
[36m/>[39m
                  
[36m<path[39m
                    
[33md[39m=[32m"M22 
4h-4"[39m
                  
[36m/>[39m
                  
[36m<circle[39m
                    [
33mcx[39m=[32m"4"[3
9m
                    [
33mcy[39m=[32m"20"[
39m
                    [
33mr[39m=[32m"2"[39
m
                  
[36m/>[39m
                
[36m</svg>[39m
              
[36m</div>[39m
              
[36m<div[39m
                [33mc
lass[39m=[32m"absolu
te -top-1 -end-1 w-8 
h-8 rounded-xl 
bg-gradient-to-r 
from-primary-400 
to-primary-600 flex 
items-center 
justify-center 
shadow-lg"[39m
              
[36m>[39m
                
[36m<svg[39m
                  [33
maria-hidden[39m=[32
m"true"[39m
                  [33
mclass[39m=[32m"luci
de lucide-user w-4 
h-4 text-white"[39m
                  [33
mfill[39m=[32m"none"
[39m
                  [33
mheight[39m=[32m"24"
[39m
                  [33
mstroke[39m=[32m"cur
rentColor"[39m
                  [33
mstroke-linecap[39m=
[32m"round"[39m
                  [33
mstroke-linejoin[39m=
[32m"round"[39m
                  [33
mstroke-width[39m=[3
2m"2"[39m
                  [33
mviewBox[39m=[32m"0 
0 24 24"[39m
                  [33
mwidth[39m=[32m"24"
[39m
                  [33
mxmlns[39m=[32m"http
://www.w3.org/2000/svg
"[39m
                
[36m>[39m
                  
[36m<path[39m
                    
[33md[39m=[32m"M19 
21v-2a4 4 0 0 
0-4-4H9a4 4 0 0 0-4 
4v2"[39m
                  
[36m/>[39m
                  
[36m<circle[39m
                    [
33mcx[39m=[32m"12"[
39m
                    [
33mcy[39m=[32m"7"[3
9m
                    [
33mr[39m=[32m"4"[39
m
                  
[36m/>[39m
                
[36m</svg>[39m
              
[36m</div>[39m
            
[36m</div>[39m
            
[36m<h2[39m
              [33mcla
ss[39m=[32m"text-2xl
 font-bold mb-2"[39m
            
[36m>[39m
              
[0m╪Ñ┘å╪┤╪º╪í 
╪¡╪│╪º╪¿[0m
            
[36m</h2>[39m
            
[36m<p[39m
              [33mcla
ss[39m=[32m"text-mut
ed"[39m
            
[36m>[39m
              
[0m╪ú┘å╪┤╪ª 
╪¡╪│╪º╪¿┘â 
┘ä┘ä╪¿╪»╪í[0m
            
[36m</p>[39m
          
[36m</div>[39m
          
[36m<div[39m
            [33mclass
[39m=[32m"space-y-4"
[39m
          [36m>[39m
            
[36m<div[39m
              [33mcla
ss[39m=[32m"relative
"[39m
            
[36m>[39m
              
[36m<label[39m
                [33mc
lass[39m=[32m"label 
flex items-center 
gap-2"[39m
              
[36m>[39m
                
[36m<svg[39m
                  [33
maria-hidden[39m=[32
m"true"[39m
                  [33
mclass[39m=[32m"luci
de lucide-mail w-4 
h-4 
text-primary-500"[39m
                  [33
mfill[39m=[32m"none"
[39m
                  [33
mheight[39m=[32m"24"
[39m
                  [33
mstroke[39m=[32m"cur
rentColor"[39m
                  [33
mstroke-linecap[39m=
[32m"round"[39m
                  [33
mstroke-linejoin[39m=
[32m"round"[39m
                  [33
mstroke-width[39m=[3
2m"2"[39m
                  [33
mviewBox[39m=[32m"0 
0 24 24"[39m
                  [33
mwidth[39m=[32m"24"
[39m
                  [33
mxmlns[39m=[32m"http
://www.w3.org/2000/svg
"[39m
                
[36m>[39m
                  
[36m<path[39m
                    
[33md[39m=[32m"m22 
7-8.991 5.727a2 2 0 0 
1-2.009 0L2 7"[39m
                  
[36m/>[39m
                  
[36m<rect[39m
                    [
33mheight[39m=[32m"1
6"[39m
                    [
33mrx[39m=[32m"2"[3
9m
                    [
33mwidth[39m=[32m"20
"[39m
                    [
33mx[39m=[32m"2"[39
m
                    [
33my[39m=[32m"4"[39
m
                  
[36m/>[39m
                
[36m</svg>[39m
                
[0m╪º┘ä╪¿╪▒┘è╪» ╪º┘ä╪
Ñ┘ä┘â╪¬╪▒┘ê┘å┘è[0m
              
[36m</label>[39m
              
[36m<input[39m
                [33mc
lass[39m=[32m"input"
[39m
                [33md
ir[39m=[32m"ltr"[39
m
                [33mn
ame[39m=[32m"email"
[39m
                [33mp
laceholder[39m=[32m"
╪ú╪»╪«┘ä ╪¿╪▒┘è╪»┘â ╪º
┘ä╪Ñ┘ä┘â╪¬╪▒┘ê┘å┘è"[3
9m
                [33mt
ype[39m=[32m"email"
[39m
              
[36m/>[39m
            
[36m</div>[39m
            
[36m<div[39m
              [33mcla
ss[39m=[32m"relative
"[39m
            
[36m>[39m
              
[36m<label[39m
                [33mc
lass[39m=[32m"label 
flex items-center 
gap-2"[39m
              
[36m>[39m
                
[36m<svg[39m
                  [33
maria-hidden[39m=[32
m"true"[39m
                  [33
mclass[39m=[32m"luci
de lucide-lock w-4 
h-4 
text-primary-500"[39m
                  [33
mfill[39m=[32m"none"
[39m
                  [33
mheight[39m=[32m"24"
[39m
                  [33
mstroke[39m=[32m"cur
rentColor"[39m
                  [33
mstroke-linecap[39m=
[32m"round"[39m
                  [33
mstroke-linejoin[39m=
[32m"round"[39m
                  [33
mstroke-width[39m=[3
2m"2"[39m
                  [33
mviewBox[39m=[32m"0 
0 24 24"[39m
                  [33
mwidth[39m=[32m"24"
[39m
                  [33
mxmlns[39m=[32m"http
://www.w3.org/2000/svg
"[39m
                
[36m>[39m
                  
[36m<rect[39m
                    [
33mheight[39m=[32m"1
1"[39m
                    [
33mrx[39m=[32m"2"[3
9m
                    [
33mry[39m=[32m"2"[3
9m
                    [
33mwidth[39m=[32m"18
"[39m
                    [
33mx[39m=[32m"3"[39
m
                    [
33my[39m=[32m"11"[3
9m
                  
[36m/>[39m
                  
[36m<path[39m
                    
[33md[39m=[32m"M7 
11V7a5 5 0 0 1 10 
0v4"[39m
                  
[36m/>[39m
                
[36m</svg>[39m
                
[0m┘â┘ä┘à╪⌐ 
╪º┘ä┘à╪▒┘ê╪▒[0m
              
[36m</label>[39m
              
[36m<div[39m
                [33mc
lass[39m=[32m"relati
ve"[39m
              
[36m>[39m
                
[36m<input[39m
                  [33
mclass[39m=[32m"inpu
t pe-12"[39m
                  [33
mdir[39m=[32m"ltr"[
39m
                  [33
mname[39m=[32m"passw
ord"[39m
                  [33
mplaceholder[39m=[32
m"╪ú╪»╪«┘ä ┘â┘ä┘à╪⌐ 
╪º┘ä┘à╪▒┘ê╪▒"[39m
                  [33
mtype[39m=[32m"passw
ord"[39m
                
[36m/>[39m
                
[36m<button[39m
                  [33
mclass[39m=[32m"abso
lute end-3 top-1/2 
-translate-y-1/2 w-8 
h-8 rounded-lg flex 
items-center 
justify-center 
text-dark-400 
hover:text-dark-600 da
rk:hover:text-dark-300
 hover:bg-dark-100 dar
k:hover:bg-dark-700 tr
ansition-colors"[39m
                  [33
mtype[39m=[32m"butto
n"[39m
                
[36m>[39m
                  
[36m<svg[39m
                    [
33maria-hidden[39m=[
32m"true"[39m
                    [
33mclass[39m=[32m"lu
cide lucide-eye w-5 
h-5"[39m
                    [
33mfill[39m=[32m"non
e"[39m
                    [
33mheight[39m=[32m"2
4"[39m
                    [
33mstroke[39m=[32m"c
urrentColor"[39m
                    [
33mstroke-linecap[39m
=[32m"round"[39m
                    [
33mstroke-linejoin[39
m=[32m"round"[39m
                    [
33mstroke-width[39m=
[32m"2"[39m
                    [
33mviewBox[39m=[32m"
0 0 24 24"[39m
                    [
33mwidth[39m=[32m"24
"[39m
                    [
33mxmlns[39m=[32m"ht
tp://www.w3.org/2000/s
vg"[39m
                  
[36m>[39m
                    
[36m<path[39m
                      
[33md[39m=[32m"M2.0
62 12.348a1 1 0 0 1 
0-.696 10.75 10.75 0 
0 1 19.876 0 1 1 0 0 
1 0 .696 10.75 10.75 
0 0 1-19.876 0"[39m
                    
[36m/>[39m
                    
[36m<circle[39m
                      
[33mcx[39m=[32m"12"
[39m
                      
[33mcy[39m=[32m"12"
[39m
                      
[33mr[39m=[32m"3"[
39m
                    
[36m/>[39m
                  
[36m</svg>[39m
                
[36m</button>[39m
              
[36m</div>[39m
            
[36m</div>[39m
            
[36m<div[39m
              [33mcla
ss[39m=[32m"relative
"[39m
            
[36m>[39m
              
[36m<label[39m
                [33mc
lass[39m=[32m"label 
flex items-center 
gap-2"[39m
              
[36m>[39m
                
[36m<svg[39m
                  [33
maria-hidden[39m=[32
m"true"[39m
                  [33
mclass[39m=[32m"luci
de 
lucide-circle-check 
w-4 h-4 
text-primary-500"[39m
                  [33
mfill[39m=[32m"none"
[39m
                  [33
mheight[39m=[32m"24"
[39m
                  [33
mstroke[39m=[32m"cur
rentColor"[39m
                  [33
mstroke-linecap[39m=
[32m"round"[39m
                  [33
mstroke-linejoin[39m=
[32m"round"[39m
                  [33
mstroke-width[39m=[3
2m"2"[39m
                  [33
mviewBox[39m=[32m"0 
0 24 24"[39m
                  [33
mwidth[39m=[32m"24"
[39m
                  [33
mxmlns[39m=[32m"http
://www.w3.org/2000/svg
"[39m
                
[36m>[39m
                  
[36m<circle[39m
                    [
33mcx[39m=[32m"12"[
39m
                    [
33mcy[39m=[32m"12"[
39m
                    [
33mr[39m=[32m"10"[3
9m
                  
[36m/>[39m
                  
[36m<path[39m
                    
[33md[39m=[32m"m9 
12 2 2 4-4"[39m
                  
[36m/>[39m
                
[36m</svg>[39m
                
[0m╪¬╪ú┘â┘è╪» 
┘â┘ä┘à╪⌐ 
╪º┘ä┘à╪▒┘ê╪▒[0m
              
[36m</label>[39m
              
[36m<input[39m
                [33mc
lass[39m=[32m"input"
[39m
                [33md
ir[39m=[32m"ltr"[39
m
                [33mn
ame[39m=[32m"confirm
Password"[39m
                [33mp
laceholder[39m=[32m"
╪ú╪╣╪» ╪Ñ╪»╪«╪º┘ä 
┘â┘ä┘à╪⌐ 
╪º┘ä┘à╪▒┘ê╪▒"[39m
                [33mt
ype[39m=[32m"passwor
d"[39m
              
[36m/>[39m
            
[36m</div>[39m
          
[36m</div>[39m
          
[36m<button[39m
            [33mclass
[39m=[32m"btn-primar
y btn-lg w-full 
group"[39m
            [33mtype
[39m=[32m"submit"[39
m
          [36m>[39m
            
[36m<span>[39m
              
[0m╪Ñ┘å╪┤╪º╪í 
╪¡╪│╪º╪¿[0m
            
[36m</span>[39m
            
[36m<svg[39m
              [33mari
a-hidden[39m=[32m"tr
ue"[39m
              [33mcla
ss[39m=[32m"lucide 
lucide-arrow-left w-5 
h-5 group-hover:transl
ate-x-1 transition-tra
nsform"[39m
              [33mfil
l[39m=[32m"none"[39
m
              [33mhei
ght[39m=[32m"24"[39
m
              [33mstr
oke[39m=[32m"current
Color"[39m
              [33mstr
oke-linecap[39m=[32m
"round"[39m
              [33mstr
oke-linejoin[39m=[32
m"round"[39m
              [33mstr
oke-width[39m=[32m"2
"[39m
              [33mvie
wBox[39m=[32m"0 0 
24 24"[39m
              [33mwid
th[39m=[32m"24"[39m
              [33mxml
ns[39m=[32m"http://w
ww.w3.org/2000/svg"[3
9m
            
[36m>[39m
              
[36m<path[39m
                
[33md[39m=[32m"m12 
19-7-7 7-7"[39m
              
[36m/>[39m
              
[36m<path[39m
                
[33md[39m=[32m"M19 
12H5"[39m
              
[36m/>[39m
            
[36m</svg>[39m
          
[36m</button>[39m
          [36m<p[39m
            [33mclass
[39m=[32m"text-cente
r text-muted"[39m
          [36m>[39m
            
[0m┘ä╪»┘è┘â ╪¡╪│╪º╪¿ 
╪¿╪º┘ä┘ü╪╣┘ä╪ƒ[0m
            [0m [0m
            
[36m<button[39m
              [33mcla
ss[39m=[32m"text-pri
mary-600 
dark:text-primary-400 
font-semibold 
hover:underline"[39m
              [33mtyp
e[39m=[32m"button"[
39m
            
[36m>[39m
              
[0m╪¬╪│╪¼┘è┘ä 
╪º┘ä╪»╪«┘ê┘ä[0m
            
[36m</button>[39m
          
[36m</p>[39m
        
[36m</form>[39m
      [36m</div>[39m
    [36m</div>[39m
  [36m</body>[39m
[36m</html>[39m
[90m [2mΓ¥»[22m 
Proxy.waitForWrapper n
ode_modules/@testing-l
ibrary/dom/dist/wait-f
or.js:[2m163:27[22m
[39m
[36m [2mΓ¥»[22m src
/components/auth/__tes
ts__/SignupForm.test.t
sx:[2m189:19[22m[39
m
    [90m187| [39m
    [90m188| [39m   
         [90m// 
Select user type[39m
    [90m189| [39m   
         
[35mawait[39m 
[34mwaitFor[39m(() 
[33m=>[39m {
    [90m   | [39m   
               
[31m^[39m
    [90m190| [39m   
             expect(sc
reen.getByRole('button
', { name: 
/freelancer|ΓÇª
    [90m191| [39m   
         })[33m;[39m

[31m[2mΓÄ»ΓÄ»ΓÄ»ΓÄ»Γ
Ä»ΓÄ»ΓÄ»ΓÄ»ΓÄ»ΓÄ»ΓÄ»ΓÄ
»ΓÄ»ΓÄ»ΓÄ»ΓÄ»ΓÄ»ΓÄ»ΓÄ»
ΓÄ»ΓÄ»ΓÄ»[11/13]ΓÄ»[2
2m[39m

[41m[1m FAIL 
[22m[49m src/compone
nts/auth/__tests__/Sig
nupForm.test.tsx[2m 
> [22mSignupForm[2m 
> [22mSuccessful 
Submission[2m > 
[22mshould call 
signUp on valid form 
submission
[31m[1mTestingLibrar
yElementError[22m[39
m: Unable to find 
role="button" and 
name `/freelancer|┘à╪│
╪¬┘é┘ä/i`

Ignored nodes: 
comments, script, 
style
[36m<body>[39m
  [36m<div>[39m
    [36m<div[39m
      [33mclass[39m=
[32m"w-full max-w-md 
mx-auto"[39m
    [36m>[39m
      [36m<form[39m
        [33mclass[39
m=[32m"space-y-6"[39
m
      [36m>[39m
        [36m<div[39m
          [33mclass[
39m=[32m"text-center 
mb-8"[39m
        [36m>[39m
          
[36m<div[39m
            [33mclass
[39m=[32m"relative 
inline-block"[39m
          [36m>[39m
            
[36m<div[39m
              [33mcla
ss[39m=[32m"w-20 
h-20 rounded-2xl 
bg-gradient-to-br 
from-accent-500 
to-accent-600 flex 
items-center 
justify-center 
mx-auto mb-5 
shadow-lg shadow-accen
t-500/30"[39m
            
[36m>[39m
              
[36m<svg[39m
                [33ma
ria-hidden[39m=[32m"
true"[39m
                [33mc
lass[39m=[32m"lucide
 lucide-sparkles w-10 
h-10 text-white"[39m
                [33mf
ill[39m=[32m"none"[
39m
                [33mh
eight[39m=[32m"24"[
39m
                [33ms
troke[39m=[32m"curre
ntColor"[39m
                [33ms
troke-linecap[39m=[3
2m"round"[39m
                [33ms
troke-linejoin[39m=[
32m"round"[39m
                [33ms
troke-width[39m=[32m
"2"[39m
                [33mv
iewBox[39m=[32m"0 0 
24 24"[39m
                [33mw
idth[39m=[32m"24"[3
9m
                [33mx
mlns[39m=[32m"http:/
/www.w3.org/2000/svg"
[39m
              
[36m>[39m
                
[36m<path[39m
                  [33
md[39m=[32m"M11.017 
2.814a1 1 0 0 1 1.966 
0l1.051 5.558a2 2 0 0 
0 1.594 1.594l5.558 
1.051a1 1 0 0 1 0 
1.966l-5.558 1.051a2 
2 0 0 0-1.594 
1.594l-1.051 5.558a1 
1 0 0 1-1.966 
0l-1.051-5.558a2 2 0 
0 0-1.594-1.594l-5.558
-1.051a1 1 0 0 1 
0-1.966l5.558-1.051a2 
2 0 0 0 
1.594-1.594z"[39m
                
[36m/>[39m
                
[36m<path[39m
                  
[33md[39m=[32m"M20 
2v4"[39m
                
[36m/>[39m
                
[36m<path[39m
                  
[33md[39m=[32m"M22 
4h-4"[39m
                
[36m/>[39m
                
[36m<circle[39m
                  [33
mcx[39m=[32m"4"[39m
                  [33
mcy[39m=[32m"20"[39
m
                  [33
mr[39m=[32m"2"[39m
                
[36m/>[39m
              
[36m</svg>[39m
            
[36m</div>[39m
            
[36m<div[39m
              [33mcla
ss[39m=[32m"absolute
 -top-1 -end-1 w-8 
h-8 rounded-xl 
bg-gradient-to-r 
from-primary-400 
to-primary-600 flex 
items-center 
justify-center 
shadow-lg"[39m
            
[36m>[39m
              
[36m<svg[39m
                [33ma
ria-hidden[39m=[32m"
true"[39m
                [33mc
lass[39m=[32m"lucide
 lucide-user w-4 h-4 
text-white"[39m
                [33mf
ill[39m=[32m"none"[
39m
                [33mh
eight[39m=[32m"24"[
39m
                [33ms
troke[39m=[32m"curre
ntColor"[39m
                [33ms
troke-linecap[39m=[3
2m"round"[39m
                [33ms
troke-linejoin[39m=[
32m"round"[39m
                [33ms
troke-width[39m=[32m
"2"[39m
                [33mv
iewBox[39m=[32m"0 0 
24 24"[39m
                [33mw
idth[39m=[32m"24"[3
9m
                [33mx
mlns[39m=[32m"http:/
/www.w3.org/2000/svg"
[39m
              
[36m>[39m
                
[36m<path[39m
                  
[33md[39m=[32m"M19 
21v-2a4 4 0 0 
0-4-4H9a4 4 0 0 0-4 
4v2"[39m
                
[36m/>[39m
                
[36m<circle[39m
                  [33
mcx[39m=[32m"12"[39
m
                  [33
mcy[39m=[32m"7"[39m
                  [33
mr[39m=[32m"4"[39m
                
[36m/>[39m
              
[36m</svg>[39m
            
[36m</div>[39m
          
[36m</div>[39m
          
[36m<h2[39m
            [33mclass
[39m=[32m"text-2xl 
font-bold mb-2"[39m
          [36m>[39m
            
[0m╪Ñ┘å╪┤╪º╪í 
╪¡╪│╪º╪¿[0m
          
[36m</h2>[39m
          [36m<p[39m
            [33mclass
[39m=[32m"text-muted
"[39m
          [36m>[39m
            
[0m╪ú┘å╪┤╪ª 
╪¡╪│╪º╪¿┘â 
┘ä┘ä╪¿╪»╪í[0m
          
[36m</p>[39m
        
[36m</div>[39m
        [36m<div[39m
          [33mclass[
39m=[32m"space-y-4"[
39m
        [36m>[39m
          
[36m<div[39m
            [33mclass
[39m=[32m"relative"
[39m
          [36m>[39m
            
[36m<label[39m
              [33mcla
ss[39m=[32m"label 
flex items-center 
gap-2"[39m
            
[36m>[39m
              
[36m<svg[39m
                [33ma
ria-hidden[39m=[32m"
true"[39m
                [33mc
lass[39m=[32m"lucide
 lucide-mail w-4 h-4 
text-primary-500"[39m
                [33mf
ill[39m=[32m"none"[
39m
                [33mh
eight[39m=[32m"24"[
39m
                [33ms
troke[39m=[32m"curre
ntColor"[39m
                [33ms
troke-linecap[39m=[3
2m"round"[39m
                [33ms
troke-linejoin[39m=[
32m"round"[39m
                [33ms
troke-width[39m=[32m
"2"[39m
                [33mv
iewBox[39m=[32m"0 0 
24 24"[39m
                [33mw
idth[39m=[32m"24"[3
9m
                [33mx
mlns[39m=[32m"http:/
/www.w3.org/2000/svg"
[39m
              
[36m>[39m
                
[36m<path[39m
                  
[33md[39m=[32m"m22 
7-8.991 5.727a2 2 0 0 
1-2.009 0L2 7"[39m
                
[36m/>[39m
                
[36m<rect[39m
                  [33
mheight[39m=[32m"16"
[39m
                  [33
mrx[39m=[32m"2"[39m
                  [33
mwidth[39m=[32m"20"
[39m
                  [33
mx[39m=[32m"2"[39m
                  [33
my[39m=[32m"4"[39m
                
[36m/>[39m
              
[36m</svg>[39m
              
[0m╪º┘ä╪¿╪▒┘è╪» ╪º┘ä╪
Ñ┘ä┘â╪¬╪▒┘ê┘å┘è[0m
            
[36m</label>[39m
            
[36m<input[39m
              [33mcla
ss[39m=[32m"input"[
39m
              [33mdir
[39m=[32m"ltr"[39m
              [33mnam
e[39m=[32m"email"[3
9m
              [33mpla
ceholder[39m=[32m"╪ú
╪»╪«┘ä ╪¿╪▒┘è╪»┘â ╪º┘ä
╪Ñ┘ä┘â╪¬╪▒┘ê┘å┘è"[39m
              [33mtyp
e[39m=[32m"email"[3
9m
            
[36m/>[39m
          
[36m</div>[39m
          
[36m<div[39m
            [33mclass
[39m=[32m"relative"
[39m
          [36m>[39m
            
[36m<label[39m
              [33mcla
ss[39m=[32m"label 
flex items-center 
gap-2"[39m
            
[36m>[39m
              
[36m<svg[39m
                [33ma
ria-hidden[39m=[32m"
true"[39m
                [33mc
lass[39m=[32m"lucide
 lucide-lock w-4 h-4 
text-primary-500"[39m
                [33mf
ill[39m=[32m"none"[
39m
                [33mh
eight[39m=[32m"24"[
39m
                [33ms
troke[39m=[32m"curre
ntColor"[39m
                [33ms
troke-linecap[39m=[3
2m"round"[39m
                [33ms
troke-linejoin[39m=[
32m"round"[39m
                [33ms
troke-width[39m=[32m
"2"[39m
                [33mv
iewBox[39m=[32m"0 0 
24 24"[39m
                [33mw
idth[39m=[32m"24"[3
9m
                [33mx
mlns[39m=[32m"http:/
/www.w3.org/2000/svg"
[39m
              
[36m>[39m
                
[36m<rect[39m
                  [33
mheight[39m=[32m"11"
[39m
                  [33
mrx[39m=[32m"2"[39m
                  [33
mry[39m=[32m"2"[39m
                  [33
mwidth[39m=[32m"18"
[39m
                  [33
mx[39m=[32m"3"[39m
                  [33
my[39m=[32m"11"[39m
                
[36m/>[39m
                
[36m<path[39m
                  
[33md[39m=[32m"M7 
11V7a5 5 0 0 1 10 
0v4"[39m
                
[36m/>[39m
              
[36m</svg>[39m
              
[0m┘â┘ä┘à╪⌐ 
╪º┘ä┘à╪▒┘ê╪▒[0m
            
[36m</label>[39m
            
[36m<div[39m
              [33mcla
ss[39m=[32m"relative
"[39m
            
[36m>[39m
              
[36m<input[39m
                [33mc
lass[39m=[32m"input 
pe-12"[39m
                [33md
ir[39m=[32m"ltr"[39
m
                [33mn
ame[39m=[32m"passwor
d"[39m
                [33mp
laceholder[39m=[32m"
╪ú╪»╪«┘ä ┘â┘ä┘à╪⌐ 
╪º┘ä┘à╪▒┘ê╪▒"[39m
                [33mt
ype[39m=[32m"passwor
d"[39m
              
[36m/>[39m
              
[36m<button[39m
                [33mc
lass[39m=[32m"absolu
te end-3 top-1/2 
-translate-y-1/2 w-8 
h-8 rounded-lg flex 
items-center 
justify-center 
text-dark-400 
hover:text-dark-600 da
rk:hover:text-dark-300
 hover:bg-dark-100 dar
k:hover:bg-dark-700 tr
ansition-colors"[39m
                [33mt
ype[39m=[32m"button"
[39m
              
[36m>[39m
                
[36m<svg[39m
                  [33
maria-hidden[39m=[32
m"true"[39m
                  [33
mclass[39m=[32m"luci
de lucide-eye w-5 
h-5"[39m
                  [33
mfill[39m=[32m"none"
[39m
                  [33
mheight[39m=[32m"24"
[39m
                  [33
mstroke[39m=[32m"cur
rentColor"[39m
                  [33
mstroke-linecap[39m=
[32m"round"[39m
                  [33
mstroke-linejoin[39m=
[32m"round"[39m
                  [33
mstroke-width[39m=[3
2m"2"[39m
                  [33
mviewBox[39m=[32m"0 
0 24 24"[39m
                  [33
mwidth[39m=[32m"24"
[39m
                  [33
mxmlns[39m=[32m"http
://www.w3.org/2000/svg
"[39m
                
[36m>[39m
                  
[36m<path[39m
                    [
33md[39m=[32m"M2.062
 12.348a1 1 0 0 1 
0-.696 10.75 10.75 0 
0 1 19.876 0 1 1 0 0 
1 0 .696 10.75 10.75 
0 0 1-19.876 0"[39m
                  
[36m/>[39m
                  
[36m<circle[39m
                    [
33mcx[39m=[32m"12"[
39m
                    [
33mcy[39m=[32m"12"[
39m
                    [
33mr[39m=[32m"3"[39
m
                  
[36m/>[39m
                
[36m</svg>[39m
              
[36m</button>[39m
            
[36m</div>[39m
          
[36m</div>[39m
          
[36m<div[39m
            [33mclass
[39m=[32m"relative"
[39m
          [36m>[39m
            
[36m<label[39m
              [33mcla
ss[39m=[32m"label 
flex items-center 
gap-2"[39m
            
[36m>[39m
              
[36m<svg[39m
                [33ma
ria-hidden[39m=[32m"
true"[39m
                [33mc
lass[39m=[32m"lucide
 lucide-circle-check 
w-4 h-4 
text-primary-500"[39m
                [33mf
ill[39m=[32m"none"[
39m
                [33mh
eight[39m=[32m"24"[
39m
                [33ms
troke[39m=[32m"curre
ntColor"[39m
                [33ms
troke-linecap[39m=[3
2m"round"[39m
                [33ms
troke-linejoin[39m=[
32m"round"[39m
                [33ms
troke-width[39m=[32m
"2"[39m
                [33mv
iewBox[39m=[32m"0 0 
24 24"[39m
                [33mw
idth[39m=[32m"24"[3
9m
                [33mx
mlns[39m=[32m"http:/
/www.w3.org/2000/svg"
[39m
              
[36m>[39m
                
[36m<circle[39m
                  [33
mcx[39m=[32m"12"[39
m
                  [33
mcy[39m=[32m"12"[39
m
                  [33
mr[39m=[32m"10"[39m
                
[36m/>[39m
                
[36m<path[39m
                  
[33md[39m=[32m"m9 
12 2 2 4-4"[39m
                
[36m/>[39m
              
[36m</svg>[39m
              
[0m╪¬╪ú┘â┘è╪» 
┘â┘ä┘à╪⌐ 
╪º┘ä┘à╪▒┘ê╪▒[0m
            
[36m</label>[39m
            
[36m<input[39m
              [33mcla
ss[39m=[32m"input"[
39m
              [33mdir
[39m=[32m"ltr"[39m
              [33mnam
e[39m=[32m"confirmPa
ssword"[39m
              [33mpla
ceholder[39m=[32m"╪ú
╪╣╪» ╪Ñ╪»╪«╪º┘ä 
┘â┘ä┘à╪⌐ 
╪º┘ä┘à╪▒┘ê╪▒"[39m
              [33mtyp
e[39m=[32m"password"
[39m
            
[36m/>[39m
          
[36m</div>[39m
        
[36m</div>[39m
        
[36m<button[39m
          [33mclass[
39m=[32m"btn-primary 
btn-lg w-full 
group"[39m
          [33mtype[3
9m=[32m"submit"[39m
        [36m>[39m
          
[36m<span>[39m
            
[0m╪Ñ┘å╪┤╪º╪í 
╪¡╪│╪º╪¿[0m
          
[36m</span>[39m
          
[36m<svg[39m
            [33maria-
hidden[39m=[32m"true
"[39m
            [33mclass
[39m=[32m"lucide 
lucide-arrow-left w-5 
h-5 group-hover:transl
ate-x-1 transition-tra
nsform"[39m
            [33mfill
[39m=[32m"none"[39m
            [33mheigh
t[39m=[32m"24"[39m
            [33mstrok
e[39m=[32m"currentCo
lor"[39m
            [33mstrok
e-linecap[39m=[32m"r
ound"[39m
            [33mstrok
e-linejoin[39m=[32m"
round"[39m
            [33mstrok
e-width[39m=[32m"2"
[39m
            [33mviewB
ox[39m=[32m"0 0 24 
24"[39m
            [33mwidth
[39m=[32m"24"[39m
            [33mxmlns
[39m=[32m"http://www
.w3.org/2000/svg"[39m
          [36m>[39m
            
[36m<path[39m
              
[33md[39m=[32m"m12 
19-7-7 7-7"[39m
            
[36m/>[39m
            
[36m<path[39m
              
[33md[39m=[32m"M19 
12H5"[39m
            
[36m/>[39m
          
[36m</svg>[39m
        
[36m</button>[39m
        [36m<p[39m
          [33mclass[
39m=[32m"text-center 
text-muted"[39m
        [36m>[39m
          
[0m┘ä╪»┘è┘â ╪¡╪│╪º╪¿ 
╪¿╪º┘ä┘ü╪╣┘ä╪ƒ[0m
          [0m [0m
          
[36m<button[39m
            [33mclass
[39m=[32m"text-prima
ry-600 
dark:text-primary-400 
font-semibold 
hover:underline"[39m
            [33mtype
[39m=[32m"button"[39
m
          [36m>[39m
            
[0m╪¬╪│╪¼┘è┘ä 
╪º┘ä╪»╪«┘ê┘ä[0m
          
[36m</button>[39m
        [36m</p>[39m
      
[36m</form>[39m
    [36m</div>[39m
  [36m</div>[39m
[36m</body>[39m

Ignored nodes: 
comments, script, 
style
[36m<html[39m
  [33mdir[39m=[32m"
rtl"[39m
  [33mlang[39m=[32m
"ar"[39m
[36m>[39m
  [36m<head />[39m
  [36m<body>[39m
    [36m<div>[39m
      [36m<div[39m
        [33mclass[39
m=[32m"w-full 
max-w-md mx-auto"[39m
      [36m>[39m
        
[36m<form[39m
          [33mclass[
39m=[32m"space-y-6"[
39m
        [36m>[39m
          
[36m<div[39m
            [33mclass
[39m=[32m"text-cente
r mb-8"[39m
          [36m>[39m
            
[36m<div[39m
              [33mcla
ss[39m=[32m"relative
 inline-block"[39m
            
[36m>[39m
              
[36m<div[39m
                [33mc
lass[39m=[32m"w-20 
h-20 rounded-2xl 
bg-gradient-to-br 
from-accent-500 
to-accent-600 flex 
items-center 
justify-center 
mx-auto mb-5 
shadow-lg shadow-accen
t-500/30"[39m
              
[36m>[39m
                
[36m<svg[39m
                  [33
maria-hidden[39m=[32
m"true"[39m
                  [33
mclass[39m=[32m"luci
de lucide-sparkles 
w-10 h-10 
text-white"[39m
                  [33
mfill[39m=[32m"none"
[39m
                  [33
mheight[39m=[32m"24"
[39m
                  [33
mstroke[39m=[32m"cur
rentColor"[39m
                  [33
mstroke-linecap[39m=
[32m"round"[39m
                  [33
mstroke-linejoin[39m=
[32m"round"[39m
                  [33
mstroke-width[39m=[3
2m"2"[39m
                  [33
mviewBox[39m=[32m"0 
0 24 24"[39m
                  [33
mwidth[39m=[32m"24"
[39m
                  [33
mxmlns[39m=[32m"http
://www.w3.org/2000/svg
"[39m
                
[36m>[39m
                  
[36m<path[39m
                    [
33md[39m=[32m"M11.01
7 2.814a1 1 0 0 1 
1.966 0l1.051 5.558a2 
2 0 0 0 1.594 
1.594l5.558 1.051a1 1 
0 0 1 0 1.966l-5.558 
1.051a2 2 0 0 0-1.594 
1.594l-1.051 5.558a1 
1 0 0 1-1.966 
0l-1.051-5.558a2 2 0 
0 0-1.594-1.594l-5.558
-1.051a1 1 0 0 1 
0-1.966l5.558-1.051a2 
2 0 0 0 
1.594-1.594z"[39m
                  
[36m/>[39m
                  
[36m<path[39m
                    
[33md[39m=[32m"M20 
2v4"[39m
                  
[36m/>[39m
                  
[36m<path[39m
                    
[33md[39m=[32m"M22 
4h-4"[39m
                  
[36m/>[39m
                  
[36m<circle[39m
                    [
33mcx[39m=[32m"4"[3
9m
                    [
33mcy[39m=[32m"20"[
39m
                    [
33mr[39m=[32m"2"[39
m
                  
[36m/>[39m
                
[36m</svg>[39m
              
[36m</div>[39m
              
[36m<div[39m
                [33mc
lass[39m=[32m"absolu
te -top-1 -end-1 w-8 
h-8 rounded-xl 
bg-gradient-to-r 
from-primary-400 
to-primary-600 flex 
items-center 
justify-center 
shadow-lg"[39m
              
[36m>[39m
                
[36m<svg[39m
                  [33
maria-hidden[39m=[32
m"true"[39m
                  [33
mclass[39m=[32m"luci
de lucide-user w-4 
h-4 text-white"[39m
                  [33
mfill[39m=[32m"none"
[39m
                  [33
mheight[39m=[32m"24"
[39m
                  [33
mstroke[39m=[32m"cur
rentColor"[39m
                  [33
mstroke-linecap[39m=
[32m"round"[39m
                  [33
mstroke-linejoin[39m=
[32m"round"[39m
                  [33
mstroke-width[39m=[3
2m"2"[39m
                  [33
mviewBox[39m=[32m"0 
0 24 24"[39m
                  [33
mwidth[39m=[32m"24"
[39m
                  [33
mxmlns[39m=[32m"http
://www.w3.org/2000/svg
"[39m
                
[36m>[39m
                  
[36m<path[39m
                    
[33md[39m=[32m"M19 
21v-2a4 4 0 0 
0-4-4H9a4 4 0 0 0-4 
4v2"[39m
                  
[36m/>[39m
                  
[36m<circle[39m
                    [
33mcx[39m=[32m"12"[
39m
                    [
33mcy[39m=[32m"7"[3
9m
                    [
33mr[39m=[32m"4"[39
m
                  
[36m/>[39m
                
[36m</svg>[39m
              
[36m</div>[39m
            
[36m</div>[39m
            
[36m<h2[39m
              [33mcla
ss[39m=[32m"text-2xl
 font-bold mb-2"[39m
            
[36m>[39m
              
[0m╪Ñ┘å╪┤╪º╪í 
╪¡╪│╪º╪¿[0m
            
[36m</h2>[39m
            
[36m<p[39m
              [33mcla
ss[39m=[32m"text-mut
ed"[39m
            
[36m>[39m
              
[0m╪ú┘å╪┤╪ª 
╪¡╪│╪º╪¿┘â 
┘ä┘ä╪¿╪»╪í[0m
            
[36m</p>[39m
          
[36m</div>[39m
          
[36m<div[39m
            [33mclass
[39m=[32m"space-y-4"
[39m
          [36m>[39m
            
[36m<div[39m
              [33mcla
ss[39m=[32m"relative
"[39m
            
[36m>[39m
              
[36m<label[39m
                [33mc
lass[39m=[32m"label 
flex items-center 
gap-2"[39m
              
[36m>[39m
                
[36m<svg[39m
                  [33
maria-hidden[39m=[32
m"true"[39m
                  [33
mclass[39m=[32m"luci
de lucide-mail w-4 
h-4 
text-primary-500"[39m
                  [33
mfill[39m=[32m"none"
[39m
                  [33
mheight[39m=[32m"24"
[39m
                  [33
mstroke[39m=[32m"cur
rentColor"[39m
                  [33
mstroke-linecap[39m=
[32m"round"[39m
                  [33
mstroke-linejoin[39m=
[32m"round"[39m
                  [33
mstroke-width[39m=[3
2m"2"[39m
                  [33
mviewBox[39m=[32m"0 
0 24 24"[39m
                  [33
mwidth[39m=[32m"24"
[39m
                  [33
mxmlns[39m=[32m"http
://www.w3.org/2000/svg
"[39m
                
[36m>[39m
                  
[36m<path[39m
                    
[33md[39m=[32m"m22 
7-8.991 5.727a2 2 0 0 
1-2.009 0L2 7"[39m
                  
[36m/>[39m
                  
[36m<rect[39m
                    [
33mheight[39m=[32m"1
6"[39m
                    [
33mrx[39m=[32m"2"[3
9m
                    [
33mwidth[39m=[32m"20
"[39m
                    [
33mx[39m=[32m"2"[39
m
                    [
33my[39m=[32m"4"[39
m
                  
[36m/>[39m
                
[36m</svg>[39m
                
[0m╪º┘ä╪¿╪▒┘è╪» ╪º┘ä╪
Ñ┘ä┘â╪¬╪▒┘ê┘å┘è[0m
              
[36m</label>[39m
              
[36m<input[39m
                [33mc
lass[39m=[32m"input"
[39m
                [33md
ir[39m=[32m"ltr"[39
m
                [33mn
ame[39m=[32m"email"
[39m
                [33mp
laceholder[39m=[32m"
╪ú╪»╪«┘ä ╪¿╪▒┘è╪»┘â ╪º
┘ä╪Ñ┘ä┘â╪¬╪▒┘ê┘å┘è"[3
9m
                [33mt
ype[39m=[32m"email"
[39m
              
[36m/>[39m
            
[36m</div>[39m
            
[36m<div[39m
              [33mcla
ss[39m=[32m"relative
"[39m
            
[36m>[39m
              
[36m<label[39m
                [33mc
lass[39m=[32m"label 
flex items-center 
gap-2"[39m
              
[36m>[39m
                
[36m<svg[39m
                  [33
maria-hidden[39m=[32
m"true"[39m
                  [33
mclass[39m=[32m"luci
de lucide-lock w-4 
h-4 
text-primary-500"[39m
                  [33
mfill[39m=[32m"none"
[39m
                  [33
mheight[39m=[32m"24"
[39m
                  [33
mstroke[39m=[32m"cur
rentColor"[39m
                  [33
mstroke-linecap[39m=
[32m"round"[39m
                  [33
mstroke-linejoin[39m=
[32m"round"[39m
                  [33
mstroke-width[39m=[3
2m"2"[39m
                  [33
mviewBox[39m=[32m"0 
0 24 24"[39m
                  [33
mwidth[39m=[32m"24"
[39m
                  [33
mxmlns[39m=[32m"http
://www.w3.org/2000/svg
"[39m
                
[36m>[39m
                  
[36m<rect[39m
                    [
33mheight[39m=[32m"1
1"[39m
                    [
33mrx[39m=[32m"2"[3
9m
                    [
33mry[39m=[32m"2"[3
9m
                    [
33mwidth[39m=[32m"18
"[39m
                    [
33mx[39m=[32m"3"[39
m
                    [
33my[39m=[32m"11"[3
9m
                  
[36m/>[39m
                  
[36m<path[39m
                    
[33md[39m=[32m"M7 
11V7a5 5 0 0 1 10 
0v4"[39m
                  
[36m/>[39m
                
[36m</svg>[39m
                
[0m┘â┘ä┘à╪⌐ 
╪º┘ä┘à╪▒┘ê╪▒[0m
              
[36m</label>[39m
              
[36m<div[39m
                [33mc
lass[39m=[32m"relati
ve"[39m
              
[36m>[39m
                
[36m<input[39m
                  [33
mclass[39m=[32m"inpu
t pe-12"[39m
                  [33
mdir[39m=[32m"ltr"[
39m
                  [33
mname[39m=[32m"passw
ord"[39m
                  [33
mplaceholder[39m=[32
m"╪ú╪»╪«┘ä ┘â┘ä┘à╪⌐ 
╪º┘ä┘à╪▒┘ê╪▒"[39m
                  [33
mtype[39m=[32m"passw
ord"[39m
                
[36m/>[39m
                
[36m<button[39m
                  [33
mclass[39m=[32m"abso
lute end-3 top-1/2 
-translate-y-1/2 w-8 
h-8 rounded-lg flex 
items-center 
justify-center 
text-dark-400 
hover:text-dark-600 da
rk:hover:text-dark-300
 hover:bg-dark-100 dar
k:hover:bg-dark-700 tr
ansition-colors"[39m
                  [33
mtype[39m=[32m"butto
n"[39m
                
[36m>[39m
                  
[36m<svg[39m
                    [
33maria-hidden[39m=[
32m"true"[39m
                    [
33mclass[39m=[32m"lu
cide lucide-eye w-5 
h-5"[39m
                    [
33mfill[39m=[32m"non
e"[39m
                    [
33mheight[39m=[32m"2
4"[39m
                    [
33mstroke[39m=[32m"c
urrentColor"[39m
                    [
33mstroke-linecap[39m
=[32m"round"[39m
                    [
33mstroke-linejoin[39
m=[32m"round"[39m
                    [
33mstroke-width[39m=
[32m"2"[39m
                    [
33mviewBox[39m=[32m"
0 0 24 24"[39m
                    [
33mwidth[39m=[32m"24
"[39m
                    [
33mxmlns[39m=[32m"ht
tp://www.w3.org/2000/s
vg"[39m
                  
[36m>[39m
                    
[36m<path[39m
                      
[33md[39m=[32m"M2.0
62 12.348a1 1 0 0 1 
0-.696 10.75 10.75 0 
0 1 19.876 0 1 1 0 0 
1 0 .696 10.75 10.75 
0 0 1-19.876 0"[39m
                    
[36m/>[39m
                    
[36m<circle[39m
                      
[33mcx[39m=[32m"12"
[39m
                      
[33mcy[39m=[32m"12"
[39m
                      
[33mr[39m=[32m"3"[
39m
                    
[36m/>[39m
                  
[36m</svg>[39m
                
[36m</button>[39m
              
[36m</div>[39m
            
[36m</div>[39m
            
[36m<div[39m
              [33mcla
ss[39m=[32m"relative
"[39m
            
[36m>[39m
              
[36m<label[39m
                [33mc
lass[39m=[32m"label 
flex items-center 
gap-2"[39m
              
[36m>[39m
                
[36m<svg[39m
                  [33
maria-hidden[39m=[32
m"true"[39m
                  [33
mclass[39m=[32m"luci
de 
lucide-circle-check 
w-4 h-4 
text-primary-500"[39m
                  [33
mfill[39m=[32m"none"
[39m
                  [33
mheight[39m=[32m"24"
[39m
                  [33
mstroke[39m=[32m"cur
rentColor"[39m
                  [33
mstroke-linecap[39m=
[32m"round"[39m
                  [33
mstroke-linejoin[39m=
[32m"round"[39m
                  [33
mstroke-width[39m=[3
2m"2"[39m
                  [33
mviewBox[39m=[32m"0 
0 24 24"[39m
                  [33
mwidth[39m=[32m"24"
[39m
                  [33
mxmlns[39m=[32m"http
://www.w3.org/2000/svg
"[39m
                
[36m>[39m
                  
[36m<circle[39m
                    [
33mcx[39m=[32m"12"[
39m
                    [
33mcy[39m=[32m"12"[
39m
                    [
33mr[39m=[32m"10"[3
9m
                  
[36m/>[39m
                  
[36m<path[39m
                    
[33md[39m=[32m"m9 
12 2 2 4-4"[39m
                  
[36m/>[39m
                
[36m</svg>[39m
                
[0m╪¬╪ú┘â┘è╪» 
┘â┘ä┘à╪⌐ 
╪º┘ä┘à╪▒┘ê╪▒[0m
              
[36m</label>[39m
              
[36m<input[39m
                [33mc
lass[39m=[32m"input"
[39m
                [33md
ir[39m=[32m"ltr"[39
m
                [33mn
ame[39m=[32m"confirm
Password"[39m
                [33mp
laceholder[39m=[32m"
╪ú╪╣╪» ╪Ñ╪»╪«╪º┘ä 
┘â┘ä┘à╪⌐ 
╪º┘ä┘à╪▒┘ê╪▒"[39m
                [33mt
ype[39m=[32m"passwor
d"[39m
              
[36m/>[39m
            
[36m</div>[39m
          
[36m</div>[39m
          
[36m<button[39m
            [33mclass
[39m=[32m"btn-primar
y btn-lg w-full 
group"[39m
            [33mtype
[39m=[32m"submit"[39
m
          [36m>[39m
            
[36m<span>[39m
              
[0m╪Ñ┘å╪┤╪º╪í 
╪¡╪│╪º╪¿[0m
            
[36m</span>[39m
            
[36m<svg[39m
              [33mari
a-hidden[39m=[32m"tr
ue"[39m
              [33mcla
ss[39m=[32m"lucide 
lucide-arrow-left w-5 
h-5 group-hover:transl
ate-x-1 transition-tra
nsform"[39m
              [33mfil
l[39m=[32m"none"[39
m
              [33mhei
ght[39m=[32m"24"[39
m
              [33mstr
oke[39m=[32m"current
Color"[39m
              [33mstr
oke-linecap[39m=[32m
"round"[39m
              [33mstr
oke-linejoin[39m=[32
m"round"[39m
              [33mstr
oke-width[39m=[32m"2
"[39m
              [33mvie
wBox[39m=[32m"0 0 
24 24"[39m
              [33mwid
th[39m=[32m"24"[39m
              [33mxml
ns[39m=[32m"http://w
ww.w3.org/2000/svg"[3
9m
            
[36m>[39m
              
[36m<path[39m
                
[33md[39m=[32m"m12 
19-7-7 7-7"[39m
              
[36m/>[39m
              
[36m<path[39m
                
[33md[39m=[32m"M19 
12H5"[39m
              
[36m/>[39m
            
[36m</svg>[39m
          
[36m</button>[39m
          [36m<p[39m
            [33mclass
[39m=[32m"text-cente
r text-muted"[39m
          [36m>[39m
            
[0m┘ä╪»┘è┘â ╪¡╪│╪º╪¿ 
╪¿╪º┘ä┘ü╪╣┘ä╪ƒ[0m
            [0m [0m
            
[36m<button[39m
              [33mcla
ss[39m=[32m"text-pri
mary-600 
dark:text-primary-400 
font-semibold 
hover:underline"[39m
              [33mtyp
e[39m=[32m"button"[
39m
            
[36m>[39m
              
[0m╪¬╪│╪¼┘è┘ä 
╪º┘ä╪»╪«┘ê┘ä[0m
            
[36m</button>[39m
          
[36m</p>[39m
        
[36m</form>[39m
      [36m</div>[39m
    [36m</div>[39m
  [36m</body>[39m
[36m</html>[39m
[90m [2mΓ¥»[22m 
Proxy.waitForWrapper n
ode_modules/@testing-l
ibrary/dom/dist/wait-f
or.js:[2m163:27[22m
[39m
[36m [2mΓ¥»[22m src
/components/auth/__tes
ts__/SignupForm.test.t
sx:[2m225:19[22m[39
m
    [90m223| [39m
    [90m224| [39m   
         [90m// 
Select user type[39m
    [90m225| [39m   
         
[35mawait[39m 
[34mwaitFor[39m(() 
[33m=>[39m {
    [90m   | [39m   
               
[31m^[39m
    [90m226| [39m   
             expect(sc
reen.getByRole('button
', { name: 
/freelancer|ΓÇª
    [90m227| [39m   
         })[33m;[39m

[31m[2mΓÄ»ΓÄ»ΓÄ»ΓÄ»Γ
Ä»ΓÄ»ΓÄ»ΓÄ»ΓÄ»ΓÄ»ΓÄ»ΓÄ
»ΓÄ»ΓÄ»ΓÄ»ΓÄ»ΓÄ»ΓÄ»ΓÄ»
ΓÄ»ΓÄ»ΓÄ»[12/13]ΓÄ»[2
2m[39m

[41m[1m FAIL 
[22m[49m src/compone
nts/auth/__tests__/Sig
nupForm.test.tsx[2m 
> [22mSignupForm[2m 
> [22mPassword 
Visibility[2m > 
[22mshould toggle 
password visibility
[31m[1mTestingLibrar
yElementError[22m[39
m: Unable to find 
role="button" and 
name `/freelancer|┘à╪│
╪¬┘é┘ä/i`

Ignored nodes: 
comments, script, 
style
[36m<body>[39m
  [36m<div>[39m
    [36m<div[39m
      [33mclass[39m=
[32m"w-full max-w-md 
mx-auto"[39m
    [36m>[39m
      [36m<form[39m
        [33mclass[39
m=[32m"space-y-6"[39
m
      [36m>[39m
        [36m<div[39m
          [33mclass[
39m=[32m"text-center 
mb-8"[39m
        [36m>[39m
          
[36m<div[39m
            [33mclass
[39m=[32m"relative 
inline-block"[39m
          [36m>[39m
            
[36m<div[39m
              [33mcla
ss[39m=[32m"w-20 
h-20 rounded-2xl 
bg-gradient-to-br 
from-accent-500 
to-accent-600 flex 
items-center 
justify-center 
mx-auto mb-5 
shadow-lg shadow-accen
t-500/30"[39m
            
[36m>[39m
              
[36m<svg[39m
                [33ma
ria-hidden[39m=[32m"
true"[39m
                [33mc
lass[39m=[32m"lucide
 lucide-sparkles w-10 
h-10 text-white"[39m
                [33mf
ill[39m=[32m"none"[
39m
                [33mh
eight[39m=[32m"24"[
39m
                [33ms
troke[39m=[32m"curre
ntColor"[39m
                [33ms
troke-linecap[39m=[3
2m"round"[39m
                [33ms
troke-linejoin[39m=[
32m"round"[39m
                [33ms
troke-width[39m=[32m
"2"[39m
                [33mv
iewBox[39m=[32m"0 0 
24 24"[39m
                [33mw
idth[39m=[32m"24"[3
9m
                [33mx
mlns[39m=[32m"http:/
/www.w3.org/2000/svg"
[39m
              
[36m>[39m
                
[36m<path[39m
                  [33
md[39m=[32m"M11.017 
2.814a1 1 0 0 1 1.966 
0l1.051 5.558a2 2 0 0 
0 1.594 1.594l5.558 
1.051a1 1 0 0 1 0 
1.966l-5.558 1.051a2 
2 0 0 0-1.594 
1.594l-1.051 5.558a1 
1 0 0 1-1.966 
0l-1.051-5.558a2 2 0 
0 0-1.594-1.594l-5.558
-1.051a1 1 0 0 1 
0-1.966l5.558-1.051a2 
2 0 0 0 
1.594-1.594z"[39m
                
[36m/>[39m
                
[36m<path[39m
                  
[33md[39m=[32m"M20 
2v4"[39m
                
[36m/>[39m
                
[36m<path[39m
                  
[33md[39m=[32m"M22 
4h-4"[39m
                
[36m/>[39m
                
[36m<circle[39m
                  [33
mcx[39m=[32m"4"[39m
                  [33
mcy[39m=[32m"20"[39
m
                  [33
mr[39m=[32m"2"[39m
                
[36m/>[39m
              
[36m</svg>[39m
            
[36m</div>[39m
            
[36m<div[39m
              [33mcla
ss[39m=[32m"absolute
 -top-1 -end-1 w-8 
h-8 rounded-xl 
bg-gradient-to-r 
from-primary-400 
to-primary-600 flex 
items-center 
justify-center 
shadow-lg"[39m
            
[36m>[39m
              
[36m<svg[39m
                [33ma
ria-hidden[39m=[32m"
true"[39m
                [33mc
lass[39m=[32m"lucide
 lucide-user w-4 h-4 
text-white"[39m
                [33mf
ill[39m=[32m"none"[
39m
                [33mh
eight[39m=[32m"24"[
39m
                [33ms
troke[39m=[32m"curre
ntColor"[39m
                [33ms
troke-linecap[39m=[3
2m"round"[39m
                [33ms
troke-linejoin[39m=[
32m"round"[39m
                [33ms
troke-width[39m=[32m
"2"[39m
                [33mv
iewBox[39m=[32m"0 0 
24 24"[39m
                [33mw
idth[39m=[32m"24"[3
9m
                [33mx
mlns[39m=[32m"http:/
/www.w3.org/2000/svg"
[39m
              
[36m>[39m
                
[36m<path[39m
                  
[33md[39m=[32m"M19 
21v-2a4 4 0 0 
0-4-4H9a4 4 0 0 0-4 
4v2"[39m
                
[36m/>[39m
                
[36m<circle[39m
                  [33
mcx[39m=[32m"12"[39
m
                  [33
mcy[39m=[32m"7"[39m
                  [33
mr[39m=[32m"4"[39m
                
[36m/>[39m
              
[36m</svg>[39m
            
[36m</div>[39m
          
[36m</div>[39m
          
[36m<h2[39m
            [33mclass
[39m=[32m"text-2xl 
font-bold mb-2"[39m
          [36m>[39m
            
[0m╪Ñ┘å╪┤╪º╪í 
╪¡╪│╪º╪¿[0m
          
[36m</h2>[39m
          [36m<p[39m
            [33mclass
[39m=[32m"text-muted
"[39m
          [36m>[39m
            
[0m╪ú┘å╪┤╪ª 
╪¡╪│╪º╪¿┘â 
┘ä┘ä╪¿╪»╪í[0m
          
[36m</p>[39m
        
[36m</div>[39m
        [36m<div[39m
          [33mclass[
39m=[32m"space-y-4"[
39m
        [36m>[39m
          
[36m<div[39m
            [33mclass
[39m=[32m"relative"
[39m
          [36m>[39m
            
[36m<label[39m
              [33mcla
ss[39m=[32m"label 
flex items-center 
gap-2"[39m
            
[36m>[39m
              
[36m<svg[39m
                [33ma
ria-hidden[39m=[32m"
true"[39m
                [33mc
lass[39m=[32m"lucide
 lucide-mail w-4 h-4 
text-primary-500"[39m
                [33mf
ill[39m=[32m"none"[
39m
                [33mh
eight[39m=[32m"24"[
39m
                [33ms
troke[39m=[32m"curre
ntColor"[39m
                [33ms
troke-linecap[39m=[3
2m"round"[39m
                [33ms
troke-linejoin[39m=[
32m"round"[39m
                [33ms
troke-width[39m=[32m
"2"[39m
                [33mv
iewBox[39m=[32m"0 0 
24 24"[39m
                [33mw
idth[39m=[32m"24"[3
9m
                [33mx
mlns[39m=[32m"http:/
/www.w3.org/2000/svg"
[39m
              
[36m>[39m
                
[36m<path[39m
                  
[33md[39m=[32m"m22 
7-8.991 5.727a2 2 0 0 
1-2.009 0L2 7"[39m
                
[36m/>[39m
                
[36m<rect[39m
                  [33
mheight[39m=[32m"16"
[39m
                  [33
mrx[39m=[32m"2"[39m
                  [33
mwidth[39m=[32m"20"
[39m
                  [33
mx[39m=[32m"2"[39m
                  [33
my[39m=[32m"4"[39m
                
[36m/>[39m
              
[36m</svg>[39m
              
[0m╪º┘ä╪¿╪▒┘è╪» ╪º┘ä╪
Ñ┘ä┘â╪¬╪▒┘ê┘å┘è[0m
            
[36m</label>[39m
            
[36m<input[39m
              [33mcla
ss[39m=[32m"input"[
39m
              [33mdir
[39m=[32m"ltr"[39m
              [33mnam
e[39m=[32m"email"[3
9m
              [33mpla
ceholder[39m=[32m"╪ú
╪»╪«┘ä ╪¿╪▒┘è╪»┘â ╪º┘ä
╪Ñ┘ä┘â╪¬╪▒┘ê┘å┘è"[39m
              [33mtyp
e[39m=[32m"email"[3
9m
            
[36m/>[39m
          
[36m</div>[39m
          
[36m<div[39m
            [33mclass
[39m=[32m"relative"
[39m
          [36m>[39m
            
[36m<label[39m
              [33mcla
ss[39m=[32m"label 
flex items-center 
gap-2"[39m
            
[36m>[39m
              
[36m<svg[39m
                [33ma
ria-hidden[39m=[32m"
true"[39m
                [33mc
lass[39m=[32m"lucide
 lucide-lock w-4 h-4 
text-primary-500"[39m
                [33mf
ill[39m=[32m"none"[
39m
                [33mh
eight[39m=[32m"24"[
39m
                [33ms
troke[39m=[32m"curre
ntColor"[39m
                [33ms
troke-linecap[39m=[3
2m"round"[39m
                [33ms
troke-linejoin[39m=[
32m"round"[39m
                [33ms
troke-width[39m=[32m
"2"[39m
                [33mv
iewBox[39m=[32m"0 0 
24 24"[39m
                [33mw
idth[39m=[32m"24"[3
9m
                [33mx
mlns[39m=[32m"http:/
/www.w3.org/2000/svg"
[39m
              
[36m>[39m
                
[36m<rect[39m
                  [33
mheight[39m=[32m"11"
[39m
                  [33
mrx[39m=[32m"2"[39m
                  [33
mry[39m=[32m"2"[39m
                  [33
mwidth[39m=[32m"18"
[39m
                  [33
mx[39m=[32m"3"[39m
                  [33
my[39m=[32m"11"[39m
                
[36m/>[39m
                
[36m<path[39m
                  
[33md[39m=[32m"M7 
11V7a5 5 0 0 1 10 
0v4"[39m
                
[36m/>[39m
              
[36m</svg>[39m
              
[0m┘â┘ä┘à╪⌐ 
╪º┘ä┘à╪▒┘ê╪▒[0m
            
[36m</label>[39m
            
[36m<div[39m
              [33mcla
ss[39m=[32m"relative
"[39m
            
[36m>[39m
              
[36m<input[39m
                [33mc
lass[39m=[32m"input 
pe-12"[39m
                [33md
ir[39m=[32m"ltr"[39
m
                [33mn
ame[39m=[32m"passwor
d"[39m
                [33mp
laceholder[39m=[32m"
╪ú╪»╪«┘ä ┘â┘ä┘à╪⌐ 
╪º┘ä┘à╪▒┘ê╪▒"[39m
                [33mt
ype[39m=[32m"passwor
d"[39m
              
[36m/>[39m
              
[36m<button[39m
                [33mc
lass[39m=[32m"absolu
te end-3 top-1/2 
-translate-y-1/2 w-8 
h-8 rounded-lg flex 
items-center 
justify-center 
text-dark-400 
hover:text-dark-600 da
rk:hover:text-dark-300
 hover:bg-dark-100 dar
k:hover:bg-dark-700 tr
ansition-colors"[39m
                [33mt
ype[39m=[32m"button"
[39m
              
[36m>[39m
                
[36m<svg[39m
                  [33
maria-hidden[39m=[32
m"true"[39m
                  [33
mclass[39m=[32m"luci
de lucide-eye w-5 
h-5"[39m
                  [33
mfill[39m=[32m"none"
[39m
                  [33
mheight[39m=[32m"24"
[39m
                  [33
mstroke[39m=[32m"cur
rentColor"[39m
                  [33
mstroke-linecap[39m=
[32m"round"[39m
                  [33
mstroke-linejoin[39m=
[32m"round"[39m
                  [33
mstroke-width[39m=[3
2m"2"[39m
                  [33
mviewBox[39m=[32m"0 
0 24 24"[39m
                  [33
mwidth[39m=[32m"24"
[39m
                  [33
mxmlns[39m=[32m"http
://www.w3.org/2000/svg
"[39m
                
[36m>[39m
                  
[36m<path[39m
                    [
33md[39m=[32m"M2.062
 12.348a1 1 0 0 1 
0-.696 10.75 10.75 0 
0 1 19.876 0 1 1 0 0 
1 0 .696 10.75 10.75 
0 0 1-19.876 0"[39m
                  
[36m/>[39m
                  
[36m<circle[39m
                    [
33mcx[39m=[32m"12"[
39m
                    [
33mcy[39m=[32m"12"[
39m
                    [
33mr[39m=[32m"3"[39
m
                  
[36m/>[39m
                
[36m</svg>[39m
              
[36m</button>[39m
            
[36m</div>[39m
          
[36m</div>[39m
          
[36m<div[39m
            [33mclass
[39m=[32m"relative"
[39m
          [36m>[39m
            
[36m<label[39m
              [33mcla
ss[39m=[32m"label 
flex items-center 
gap-2"[39m
            
[36m>[39m
              
[36m<svg[39m
                [33ma
ria-hidden[39m=[32m"
true"[39m
                [33mc
lass[39m=[32m"lucide
 lucide-circle-check 
w-4 h-4 
text-primary-500"[39m
                [33mf
ill[39m=[32m"none"[
39m
                [33mh
eight[39m=[32m"24"[
39m
                [33ms
troke[39m=[32m"curre
ntColor"[39m
                [33ms
troke-linecap[39m=[3
2m"round"[39m
                [33ms
troke-linejoin[39m=[
32m"round"[39m
                [33ms
troke-width[39m=[32m
"2"[39m
                [33mv
iewBox[39m=[32m"0 0 
24 24"[39m
                [33mw
idth[39m=[32m"24"[3
9m
                [33mx
mlns[39m=[32m"http:/
/www.w3.org/2000/svg"
[39m
              
[36m>[39m
                
[36m<circle[39m
                  [33
mcx[39m=[32m"12"[39
m
                  [33
mcy[39m=[32m"12"[39
m
                  [33
mr[39m=[32m"10"[39m
                
[36m/>[39m
                
[36m<path[39m
                  
[33md[39m=[32m"m9 
12 2 2 4-4"[39m
                
[36m/>[39m
              
[36m</svg>[39m
              
[0m╪¬╪ú┘â┘è╪» 
┘â┘ä┘à╪⌐ 
╪º┘ä┘à╪▒┘ê╪▒[0m
            
[36m</label>[39m
            
[36m<input[39m
              [33mcla
ss[39m=[32m"input"[
39m
              [33mdir
[39m=[32m"ltr"[39m
              [33mnam
e[39m=[32m"confirmPa
ssword"[39m
              [33mpla
ceholder[39m=[32m"╪ú
╪╣╪» ╪Ñ╪»╪«╪º┘ä 
┘â┘ä┘à╪⌐ 
╪º┘ä┘à╪▒┘ê╪▒"[39m
              [33mtyp
e[39m=[32m"password"
[39m
            
[36m/>[39m
          
[36m</div>[39m
        
[36m</div>[39m
        
[36m<button[39m
          [33mclass[
39m=[32m"btn-primary 
btn-lg w-full 
group"[39m
          [33mtype[3
9m=[32m"submit"[39m
        [36m>[39m
          
[36m<span>[39m
            
[0m╪Ñ┘å╪┤╪º╪í 
╪¡╪│╪º╪¿[0m
          
[36m</span>[39m
          
[36m<svg[39m
            [33maria-
hidden[39m=[32m"true
"[39m
            [33mclass
[39m=[32m"lucide 
lucide-arrow-left w-5 
h-5 group-hover:transl
ate-x-1 transition-tra
nsform"[39m
            [33mfill
[39m=[32m"none"[39m
            [33mheigh
t[39m=[32m"24"[39m
            [33mstrok
e[39m=[32m"currentCo
lor"[39m
            [33mstrok
e-linecap[39m=[32m"r
ound"[39m
            [33mstrok
e-linejoin[39m=[32m"
round"[39m
            [33mstrok
e-width[39m=[32m"2"
[39m
            [33mviewB
ox[39m=[32m"0 0 24 
24"[39m
            [33mwidth
[39m=[32m"24"[39m
            [33mxmlns
[39m=[32m"http://www
.w3.org/2000/svg"[39m
          [36m>[39m
            
[36m<path[39m
              
[33md[39m=[32m"m12 
19-7-7 7-7"[39m
            
[36m/>[39m
            
[36m<path[39m
              
[33md[39m=[32m"M19 
12H5"[39m
            
[36m/>[39m
          
[36m</svg>[39m
        
[36m</button>[39m
        [36m<p[39m
          [33mclass[
39m=[32m"text-center 
text-muted"[39m
        [36m>[39m
          
[0m┘ä╪»┘è┘â ╪¡╪│╪º╪¿ 
╪¿╪º┘ä┘ü╪╣┘ä╪ƒ[0m
          [0m [0m
          
[36m<button[39m
            [33mclass
[39m=[32m"text-prima
ry-600 
dark:text-primary-400 
font-semibold 
hover:underline"[39m
            [33mtype
[39m=[32m"button"[39
m
          [36m>[39m
            
[0m╪¬╪│╪¼┘è┘ä 
╪º┘ä╪»╪«┘ê┘ä[0m
          
[36m</button>[39m
        [36m</p>[39m
      
[36m</form>[39m
    [36m</div>[39m
  [36m</div>[39m
[36m</body>[39m

Ignored nodes: 
comments, script, 
style
[36m<html[39m
  [33mdir[39m=[32m"
rtl"[39m
  [33mlang[39m=[32m
"ar"[39m
[36m>[39m
  [36m<head />[39m
  [36m<body>[39m
    [36m<div>[39m
      [36m<div[39m
        [33mclass[39
m=[32m"w-full 
max-w-md mx-auto"[39m
      [36m>[39m
        
[36m<form[39m
          [33mclass[
39m=[32m"space-y-6"[
39m
        [36m>[39m
          
[36m<div[39m
            [33mclass
[39m=[32m"text-cente
r mb-8"[39m
          [36m>[39m
            
[36m<div[39m
              [33mcla
ss[39m=[32m"relative
 inline-block"[39m
            
[36m>[39m
              
[36m<div[39m
                [33mc
lass[39m=[32m"w-20 
h-20 rounded-2xl 
bg-gradient-to-br 
from-accent-500 
to-accent-600 flex 
items-center 
justify-center 
mx-auto mb-5 
shadow-lg shadow-accen
t-500/30"[39m
              
[36m>[39m
                
[36m<svg[39m
                  [33
maria-hidden[39m=[32
m"true"[39m
                  [33
mclass[39m=[32m"luci
de lucide-sparkles 
w-10 h-10 
text-white"[39m
                  [33
mfill[39m=[32m"none"
[39m
                  [33
mheight[39m=[32m"24"
[39m
                  [33
mstroke[39m=[32m"cur
rentColor"[39m
                  [33
mstroke-linecap[39m=
[32m"round"[39m
                  [33
mstroke-linejoin[39m=
[32m"round"[39m
                  [33
mstroke-width[39m=[3
2m"2"[39m
                  [33
mviewBox[39m=[32m"0 
0 24 24"[39m
                  [33
mwidth[39m=[32m"24"
[39m
                  [33
mxmlns[39m=[32m"http
://www.w3.org/2000/svg
"[39m
                
[36m>[39m
                  
[36m<path[39m
                    [
33md[39m=[32m"M11.01
7 2.814a1 1 0 0 1 
1.966 0l1.051 5.558a2 
2 0 0 0 1.594 
1.594l5.558 1.051a1 1 
0 0 1 0 1.966l-5.558 
1.051a2 2 0 0 0-1.594 
1.594l-1.051 5.558a1 
1 0 0 1-1.966 
0l-1.051-5.558a2 2 0 
0 0-1.594-1.594l-5.558
-1.051a1 1 0 0 1 
0-1.966l5.558-1.051a2 
2 0 0 0 
1.594-1.594z"[39m
                  
[36m/>[39m
                  
[36m<path[39m
                    
[33md[39m=[32m"M20 
2v4"[39m
                  
[36m/>[39m
                  
[36m<path[39m
                    
[33md[39m=[32m"M22 
4h-4"[39m
                  
[36m/>[39m
                  
[36m<circle[39m
                    [
33mcx[39m=[32m"4"[3
9m
                    [
33mcy[39m=[32m"20"[
39m
                    [
33mr[39m=[32m"2"[39
m
                  
[36m/>[39m
                
[36m</svg>[39m
              
[36m</div>[39m
              
[36m<div[39m
                [33mc
lass[39m=[32m"absolu
te -top-1 -end-1 w-8 
h-8 rounded-xl 
bg-gradient-to-r 
from-primary-400 
to-primary-600 flex 
items-center 
justify-center 
shadow-lg"[39m
              
[36m>[39m
                
[36m<svg[39m
                  [33
maria-hidden[39m=[32
m"true"[39m
                  [33
mclass[39m=[32m"luci
de lucide-user w-4 
h-4 text-white"[39m
                  [33
mfill[39m=[32m"none"
[39m
                  [33
mheight[39m=[32m"24"
[39m
                  [33
mstroke[39m=[32m"cur
rentColor"[39m
                  [33
mstroke-linecap[39m=
[32m"round"[39m
                  [33
mstroke-linejoin[39m=
[32m"round"[39m
                  [33
mstroke-width[39m=[3
2m"2"[39m
                  [33
mviewBox[39m=[32m"0 
0 24 24"[39m
                  [33
mwidth[39m=[32m"24"
[39m
                  [33
mxmlns[39m=[32m"http
://www.w3.org/2000/svg
"[39m
                
[36m>[39m
                  
[36m<path[39m
                    
[33md[39m=[32m"M19 
21v-2a4 4 0 0 
0-4-4H9a4 4 0 0 0-4 
4v2"[39m
                  
[36m/>[39m
                  
[36m<circle[39m
                    [
33mcx[39m=[32m"12"[
39m
                    [
33mcy[39m=[32m"7"[3
9m
                    [
33mr[39m=[32m"4"[39
m
                  
[36m/>[39m
                
[36m</svg>[39m
              
[36m</div>[39m
            
[36m</div>[39m
            
[36m<h2[39m
              [33mcla
ss[39m=[32m"text-2xl
 font-bold mb-2"[39m
            
[36m>[39m
              
[0m╪Ñ┘å╪┤╪º╪í 
╪¡╪│╪º╪¿[0m
            
[36m</h2>[39m
            
[36m<p[39m
              [33mcla
ss[39m=[32m"text-mut
ed"[39m
            
[36m>[39m
              
[0m╪ú┘å╪┤╪ª 
╪¡╪│╪º╪¿┘â 
┘ä┘ä╪¿╪»╪í[0m
            
[36m</p>[39m
          
[36m</div>[39m
          
[36m<div[39m
            [33mclass
[39m=[32m"space-y-4"
[39m
          [36m>[39m
            
[36m<div[39m
              [33mcla
ss[39m=[32m"relative
"[39m
            
[36m>[39m
              
[36m<label[39m
                [33mc
lass[39m=[32m"label 
flex items-center 
gap-2"[39m
              
[36m>[39m
                
[36m<svg[39m
                  [33
maria-hidden[39m=[32
m"true"[39m
                  [33
mclass[39m=[32m"luci
de lucide-mail w-4 
h-4 
text-primary-500"[39m
                  [33
mfill[39m=[32m"none"
[39m
                  [33
mheight[39m=[32m"24"
[39m
                  [33
mstroke[39m=[32m"cur
rentColor"[39m
                  [33
mstroke-linecap[39m=
[32m"round"[39m
                  [33
mstroke-linejoin[39m=
[32m"round"[39m
                  [33
mstroke-width[39m=[3
2m"2"[39m
                  [33
mviewBox[39m=[32m"0 
0 24 24"[39m
                  [33
mwidth[39m=[32m"24"
[39m
                  [33
mxmlns[39m=[32m"http
://www.w3.org/2000/svg
"[39m
                
[36m>[39m
                  
[36m<path[39m
                    
[33md[39m=[32m"m22 
7-8.991 5.727a2 2 0 0 
1-2.009 0L2 7"[39m
                  
[36m/>[39m
                  
[36m<rect[39m
                    [
33mheight[39m=[32m"1
6"[39m
                    [
33mrx[39m=[32m"2"[3
9m
                    [
33mwidth[39m=[32m"20
"[39m
                    [
33mx[39m=[32m"2"[39
m
                    [
33my[39m=[32m"4"[39
m
                  
[36m/>[39m
                
[36m</svg>[39m
                
[0m╪º┘ä╪¿╪▒┘è╪» ╪º┘ä╪
Ñ┘ä┘â╪¬╪▒┘ê┘å┘è[0m
              
[36m</label>[39m
              
[36m<input[39m
                [33mc
lass[39m=[32m"input"
[39m
                [33md
ir[39m=[32m"ltr"[39
m
                [33mn
ame[39m=[32m"email"
[39m
                [33mp
laceholder[39m=[32m"
╪ú╪»╪«┘ä ╪¿╪▒┘è╪»┘â ╪º
┘ä╪Ñ┘ä┘â╪¬╪▒┘ê┘å┘è"[3
9m
                [33mt
ype[39m=[32m"email"
[39m
              
[36m/>[39m
            
[36m</div>[39m
            
[36m<div[39m
              [33mcla
ss[39m=[32m"relative
"[39m
            
[36m>[39m
              
[36m<label[39m
                [33mc
lass[39m=[32m"label 
flex items-center 
gap-2"[39m
              
[36m>[39m
                
[36m<svg[39m
                  [33
maria-hidden[39m=[32
m"true"[39m
                  [33
mclass[39m=[32m"luci
de lucide-lock w-4 
h-4 
text-primary-500"[39m
                  [33
mfill[39m=[32m"none"
[39m
                  [33
mheight[39m=[32m"24"
[39m
                  [33
mstroke[39m=[32m"cur
rentColor"[39m
                  [33
mstroke-linecap[39m=
[32m"round"[39m
                  [33
mstroke-linejoin[39m=
[32m"round"[39m
                  [33
mstroke-width[39m=[3
2m"2"[39m
                  [33
mviewBox[39m=[32m"0 
0 24 24"[39m
                  [33
mwidth[39m=[32m"24"
[39m
                  [33
mxmlns[39m=[32m"http
://www.w3.org/2000/svg
"[39m
                
[36m>[39m
                  
[36m<rect[39m
                    [
33mheight[39m=[32m"1
1"[39m
                    [
33mrx[39m=[32m"2"[3
9m
                    [
33mry[39m=[32m"2"[3
9m
                    [
33mwidth[39m=[32m"18
"[39m
                    [
33mx[39m=[32m"3"[39
m
                    [
33my[39m=[32m"11"[3
9m
                  
[36m/>[39m
                  
[36m<path[39m
                    
[33md[39m=[32m"M7 
11V7a5 5 0 0 1 10 
0v4"[39m
                  
[36m/>[39m
                
[36m</svg>[39m
                
[0m┘â┘ä┘à╪⌐ 
╪º┘ä┘à╪▒┘ê╪▒[0m
              
[36m</label>[39m
              
[36m<div[39m
                [33mc
lass[39m=[32m"relati
ve"[39m
              
[36m>[39m
                
[36m<input[39m
                  [33
mclass[39m=[32m"inpu
t pe-12"[39m
                  [33
mdir[39m=[32m"ltr"[
39m
                  [33
mname[39m=[32m"passw
ord"[39m
                  [33
mplaceholder[39m=[32
m"╪ú╪»╪«┘ä ┘â┘ä┘à╪⌐ 
╪º┘ä┘à╪▒┘ê╪▒"[39m
                  [33
mtype[39m=[32m"passw
ord"[39m
                
[36m/>[39m
                
[36m<button[39m
                  [33
mclass[39m=[32m"abso
lute end-3 top-1/2 
-translate-y-1/2 w-8 
h-8 rounded-lg flex 
items-center 
justify-center 
text-dark-400 
hover:text-dark-600 da
rk:hover:text-dark-300
 hover:bg-dark-100 dar
k:hover:bg-dark-700 tr
ansition-colors"[39m
                  [33
mtype[39m=[32m"butto
n"[39m
                
[36m>[39m
                  
[36m<svg[39m
                    [
33maria-hidden[39m=[
32m"true"[39m
                    [
33mclass[39m=[32m"lu
cide lucide-eye w-5 
h-5"[39m
                    [
33mfill[39m=[32m"non
e"[39m
                    [
33mheight[39m=[32m"2
4"[39m
                    [
33mstroke[39m=[32m"c
urrentColor"[39m
                    [
33mstroke-linecap[39m
=[32m"round"[39m
                    [
33mstroke-linejoin[39
m=[32m"round"[39m
                    [
33mstroke-width[39m=
[32m"2"[39m
                    [
33mviewBox[39m=[32m"
0 0 24 24"[39m
                    [
33mwidth[39m=[32m"24
"[39m
                    [
33mxmlns[39m=[32m"ht
tp://www.w3.org/2000/s
vg"[39m
                  
[36m>[39m
                    
[36m<path[39m
                      
[33md[39m=[32m"M2.0
62 12.348a1 1 0 0 1 
0-.696 10.75 10.75 0 
0 1 19.876 0 1 1 0 0 
1 0 .696 10.75 10.75 
0 0 1-19.876 0"[39m
                    
[36m/>[39m
                    
[36m<circle[39m
                      
[33mcx[39m=[32m"12"
[39m

                      
[33mcy[39m=[32m"12"
[39m
                      
[33mr[39m=[32m"3"[
39m
                    
[36m/>[39m
                  
[36m</svg>[39m
                
[36m</button>[39m
              
[36m</div>[39m
            
[36m</div>[39m
            
[36m<div[39m
              [33mcla
ss[39m=[32m"relative
"[39m
            
[36m>[39m
              
[36m<label[39m
                [33mc
lass[39m=[32m"label 
flex items-center 
gap-2"[39m
              
[36m>[39m
                
[36m<svg[39m
                  [33
maria-hidden[39m=[32
m"true"[39m
                  [33
mclass[39m=[32m"luci
de 
lucide-circle-check 
w-4 h-4 
text-primary-500"[39m
                  [33
mfill[39m=[32m"none"
[39m
                  [33
mheight[39m=[32m"24"
[39m
                  [33
mstroke[39m=[32m"cur
rentColor"[39m
                  [33
mstroke-linecap[39m=
[32m"round"[39m
                  [33
mstroke-linejoin[39m=
[32m"round"[39m
                  [33
mstroke-width[39m=[3
2m"2"[39m
                  [33
mviewBox[39m=[32m"0 
0 24 24"[39m
                  [33
mwidth[39m=[32m"24"
[39m
                  [33
mxmlns[39m=[32m"http
://www.w3.org/2000/svg
"[39m
                
[36m>[39m
                  
[36m<circle[39m
                    [
33mcx[39m=[32m"12"[
39m
                    [
33mcy[39m=[32m"12"[
39m
                    [
33mr[39m=[32m"10"[3
9m
                  
[36m/>[39m
                  
[36m<path[39m
                    
[33md[39m=[32m"m9 
12 2 2 4-4"[39m
                  
[36m/>[39m
                
[36m</svg>[39m
                
[0m╪¬╪ú┘â┘è╪» 
┘â┘ä┘à╪⌐ 
╪º┘ä┘à╪▒┘ê╪▒[0m
              
[36m</label>[39m
              
[36m<input[39m
                [33mc
lass[39m=[32m"input"
[39m
                [33md
ir[39m=[32m"ltr"[39
m
                [33mn
ame[39m=[32m"confirm
Password"[39m
                [33mp
laceholder[39m=[32m"
╪ú╪╣╪» ╪Ñ╪»╪«╪º┘ä 
┘â┘ä┘à╪⌐ 
╪º┘ä┘à╪▒┘ê╪▒"[39m
                [33mt
ype[39m=[32m"passwor
d"[39m
              
[36m/>[39m
            
[36m</div>[39m
          
[36m</div>[39m
          
[36m<button[39m
            [33mclass
[39m=[32m"btn-primar
y btn-lg w-full 
group"[39m
            [33mtype
[39m=[32m"submit"[39
m
          [36m>[39m
            
[36m<span>[39m
              
[0m╪Ñ┘å╪┤╪º╪í 
╪¡╪│╪º╪¿[0m
            
[36m</span>[39m
            
[36m<svg[39m
              [33mari
a-hidden[39m=[32m"tr
ue"[39m
              [33mcla
ss[39m=[32m"lucide 
lucide-arrow-left w-5 
h-5 group-hover:transl
ate-x-1 transition-tra
nsform"[39m
              [33mfil
l[39m=[32m"none"[39
m
              [33mhei
ght[39m=[32m"24"[39
m
              [33mstr
oke[39m=[32m"current
Color"[39m
              [33mstr
oke-linecap[39m=[32m
"round"[39m
              [33mstr
oke-linejoin[39m=[32
m"round"[39m
              [33mstr
oke-width[39m=[32m"2
"[39m
              [33mvie
wBox[39m=[32m"0 0 
24 24"[39m
              [33mwid
th[39m=[32m"24"[39m
              [33mxml
ns[39m=[32m"http://w
ww.w3.org/2000/svg"[3
9m
            
[36m>[39m
              
[36m<path[39m
                
[33md[39m=[32m"m12 
19-7-7 7-7"[39m
              
[36m/>[39m
              
[36m<path[39m
                
[33md[39m=[32m"M19 
12H5"[39m
              
[36m/>[39m
            
[36m</svg>[39m
          
[36m</button>[39m
          [36m<p[39m
            [33mclass
[39m=[32m"text-cente
r text-muted"[39m
          [36m>[39m
            
[0m┘ä╪»┘è┘â ╪¡╪│╪º╪¿ 
╪¿╪º┘ä┘ü╪╣┘ä╪ƒ[0m
            [0m [0m
            
[36m<button[39m
              [33mcla
ss[39m=[32m"text-pri
mary-600 
dark:text-primary-400 
font-semibold 
hover:underline"[39m
              [33mtyp
e[39m=[32m"button"[
39m
            
[36m>[39m
              
[0m╪¬╪│╪¼┘è┘ä 
╪º┘ä╪»╪«┘ê┘ä[0m
            
[36m</button>[39m
[2m Test Files [22m [1m[31m2 failed[39m[22m[2m | [22m[1m[32m7 passed[39m[22m[90m (9)[39m
[2m      Tests [22m [1m[31m13 failed[39m[22m[2m | [22m[1m[32m77 passed[39m[22m[90m (90)[39m
[2m   Start at [22m 22:33:30
[2m   Duration [22m 11.18s[2m (transform 1.18s, setup 3.86s, import 2.52s, tests 16.11s, environment 8.56s)[22m

          
[36m</p>[39m
        
[36m</form>[39m
      [36m</div>[39m
    [36m</div>[39m
  [36m</body>[39m
[36m</html>[39m
[90m [2mΓ¥»[22m 
Proxy.waitForWrapper n
ode_modules/@testing-l
ibrary/dom/dist/wait-f
or.js:[2m163:27[22m
[39m
[36m [2mΓ¥»[22m src
/components/auth/__tes
ts__/SignupForm.test.t
sx:[2m264:19[22m[39
m
    [90m262| [39m
    [90m263| [39m   
         [90m// 
Select user type[39m
    [90m264| [39m   
         
[35mawait[39m 
[34mwaitFor[39m(() 
[33m=>[39m {
    [90m   | [39m   
               
[31m^[39m
    [90m265| [39m   
             expect(sc
reen.getByRole('button
', { name: 
/freelancer|ΓÇª
    [90m266| [39m   
         })[33m;[39m

[31m[2mΓÄ»ΓÄ»ΓÄ»ΓÄ»Γ
Ä»ΓÄ»ΓÄ»ΓÄ»ΓÄ»ΓÄ»ΓÄ»ΓÄ
»ΓÄ»ΓÄ»ΓÄ»ΓÄ»ΓÄ»ΓÄ»ΓÄ»
ΓÄ»ΓÄ»ΓÄ»[13/13]ΓÄ»[2
2m[39m

