// Vitest Snapshot v1, https://vitest.dev/guide/snapshot.html

exports[`route graph > matches the approved route snapshot 1`] = `
[
  {
    "errorBoundary": true,
    "guard": "public",
    "page": "Home",
    "path": "/",
    "redirectTo": null,
    "section": "public",
    "workspace": null,
  },
  {
    "errorBoundary": true,
    "guard": "public",
    "page": "HowItWorks",
    "path": "/how-it-works",
    "redirectTo": null,
    "section": "public",
    "workspace": null,
  },
  {
    "errorBoundary": true,
    "guard": "public",
    "page": "ForClients",
    "path": "/for-clients",
    "redirectTo": null,
    "section": "public",
    "workspace": null,
  },
  {
    "errorBoundary": true,
    "guard": "public",
    "page": "Login",
    "path": "/login",
    "redirectTo": null,
    "section": "public",
    "workspace": null,
  },
  {
    "errorBoundary": true,
    "guard": "public",
    "page": "Signup",
    "path": "/signup",
    "redirectTo": null,
    "section": "public",
    "workspace": null,
  },
  {
    "errorBoundary": true,
    "guard": "public",
    "page": "Terms",
    "path": "/terms",
    "redirectTo": null,
    "section": "public",
    "workspace": null,
  },
  {
    "errorBoundary": true,
    "guard": "public",
    "page": "Privacy",
    "path": "/privacy",
    "redirectTo": null,
    "section": "public",
    "workspace": null,
  },
  {
    "errorBoundary": true,
    "guard": "public",
    "page": "FAQ",
    "path": "/faq",
    "redirectTo": null,
    "section": "public",
    "workspace": null,
  },
  {
    "errorBoundary": true,
    "guard": "public",
    "page": "ForgotPassword",
    "path": "/forgot-password",
    "redirectTo": null,
    "section": "public",
    "workspace": null,
  },
  {
    "errorBoundary": true,
    "guard": "public",
    "page": "ResetPassword",
    "path": "/reset-password",
    "redirectTo": null,
    "section": "public",
    "workspace": null,
  },
  {
    "errorBoundary": true,
    "guard": "public",
    "page": "AuthCallback",
    "path": "/auth/callback",
    "redirectTo": null,
    "section": "public",
    "workspace": null,
  },
  {
    "errorBoundary": true,
    "guard": "public",
    "page": "VerifyEmail",
    "path": "/verify-email",
    "redirectTo": null,
    "section": "public",
    "workspace": null,
  },
  {
    "errorBoundary": true,
    "guard": "protected-workspace",
    "page": "JobBoard",
    "path": "/jobs",
    "redirectTo": null,
    "section": "public",
    "workspace": "freelancer",
  },
  {
    "errorBoundary": true,
    "guard": "protected-workspace",
    "page": "JobDetail",
    "path": "/jobs/:jobId",
    "redirectTo": null,
    "section": "public",
    "workspace": "freelancer",
  },
  {
    "errorBoundary": true,
    "guard": "protected",
    "page": "FindFreelancers",
    "path": "/find-freelancers",
    "redirectTo": null,
    "section": "public",
    "workspace": null,
  },
  {
    "errorBoundary": true,
    "guard": "protected",
    "page": "SearchResults",
    "path": "/search",
    "redirectTo": null,
    "section": "public",
    "workspace": null,
  },
  {
    "errorBoundary": true,
    "guard": "protected",
    "page": "FreelancerProfile",
    "path": "/freelancer/:usernameOrId",
    "redirectTo": null,
    "section": "public",
    "workspace": null,
  },
  {
    "errorBoundary": true,
    "guard": "protected",
    "page": "ClientProfile",
    "path": "/client/:clientId",
    "redirectTo": null,
    "section": "public",
    "workspace": null,
  },
  {
    "errorBoundary": true,
    "guard": "public",
    "page": "NotFound",
    "path": "*",
    "redirectTo": null,
    "section": "public",
    "workspace": null,
  },
  {
    "errorBoundary": true,
    "guard": "protected-onboarding",
    "page": "FreelancerOnboarding",
    "path": "/onboarding/freelancer",
    "redirectTo": null,
    "section": "onboarding",
    "workspace": "freelancer",
  },
  {
    "errorBoundary": true,
    "guard": "protected-onboarding",
    "page": "ClientOnboarding",
    "path": "/onboarding/client",
    "redirectTo": null,
    "section": "onboarding",
    "workspace": "client",
  },
  {
    "errorBoundary": false,
    "guard": "protected-redirect",
    "page": "DashboardRedirect",
    "path": "/dashboard",
    "redirectTo": null,
    "section": "workspace",
    "workspace": null,
  },
  {
    "errorBoundary": false,
    "guard": "protected-redirect",
    "page": "MyJobsRedirect",
    "path": "/my-jobs",
    "redirectTo": null,
    "section": "workspace",
    "workspace": null,
  },
  {
    "errorBoundary": true,
    "guard": "protected-workspace",
    "page": "FreelancerDashboard",
    "path": "/freelancer/dashboard",
    "redirectTo": null,
    "section": "workspace",
    "workspace": "freelancer",
  },
  {
    "errorBoundary": false,
    "guard": "protected-workspace",
    "page": "PortfolioDashboard",
    "path": "/freelancer/portfolio",
    "redirectTo": null,
    "section": "workspace",
    "workspace": "freelancer",
  },
  {
    "errorBoundary": false,
    "guard": "protected-workspace",
    "page": "FreelancerEarnings",
    "path": "/freelancer/earnings",
    "redirectTo": null,
    "section": "workspace",
    "workspace": "freelancer",
  },
  {
    "errorBoundary": true,
    "guard": "protected-workspace",
    "page": "ClientDashboard",
    "path": "/client/dashboard",
    "redirectTo": null,
    "section": "workspace",
    "workspace": "client",
  },
  {
    "errorBoundary": false,
    "guard": "protected-workspace",
    "page": "JobPost",
    "path": "/jobs/new",
    "redirectTo": null,
    "section": "workspace",
    "workspace": "client",
  },
  {
    "errorBoundary": false,
    "guard": "public-redirect",
    "page": "PostJobRedirect",
    "path": "/post-job",
    "redirectTo": "/jobs/new",
    "section": "workspace",
    "workspace": null,
  },
  {
    "errorBoundary": false,
    "guard": "protected",
    "page": "Wallet",
    "path": "/wallet",
    "redirectTo": null,
    "section": "account",
    "workspace": null,
  },
  {
    "errorBoundary": false,
    "guard": "protected-workspace",
    "page": "MyProposals",
    "path": "/my-proposals",
    "redirectTo": null,
    "section": "account",
    "workspace": "freelancer",
  },
  {
    "errorBoundary": false,
    "guard": "protected-workspace",
    "page": "ClientJobs",
    "path": "/client/jobs",
    "redirectTo": null,
    "section": "account",
    "workspace": "client",
  },
  {
    "errorBoundary": true,
    "guard": "protected",
    "page": "Messages",
    "path": "/messages",
    "redirectTo": null,
    "section": "account",
    "workspace": null,
  },
  {
    "errorBoundary": false,
    "guard": "protected-redirect",
    "page": "ProfileRedirect",
    "path": "/profile",
    "redirectTo": null,
    "section": "account",
    "workspace": null,
  },
  {
    "errorBoundary": true,
    "guard": "protected",
    "page": "Settings",
    "path": "/settings",
    "redirectTo": null,
    "section": "account",
    "workspace": null,
  },
  {
    "errorBoundary": true,
    "guard": "protected",
    "page": "Settings",
    "path": "/settings/:tab",
    "redirectTo": null,
    "section": "account",
    "workspace": null,
  },
  {
    "errorBoundary": true,
    "guard": "protected",
    "page": "VerifyIdentity",
    "path": "/verify-identity",
    "redirectTo": null,
    "section": "account",
    "workspace": null,
  },
  {
    "errorBoundary": true,
    "guard": "protected",
    "page": "Notifications",
    "path": "/notifications",
    "redirectTo": null,
    "section": "account",
    "workspace": null,
  },
  {
    "errorBoundary": false,
    "guard": "protected",
    "page": "SavedJobs",
    "path": "/saved",
    "redirectTo": null,
    "section": "account",
    "workspace": null,
  },
  {
    "errorBoundary": false,
    "guard": "protected",
    "page": "ContractsList",
    "path": "/contracts",
    "redirectTo": null,
    "section": "contracts",
    "workspace": null,
  },
  {
    "errorBoundary": false,
    "guard": "protected-workspace",
    "page": "JobProposals",
    "path": "/client/jobs/:jobId/proposals",
    "redirectTo": null,
    "section": "contracts",
    "workspace": "client",
  },
  {
    "errorBoundary": false,
    "guard": "protected",
    "page": "JobPostSuccess",
    "path": "/jobs/posted/:jobId",
    "redirectTo": null,
    "section": "contracts",
    "workspace": null,
  },
  {
    "errorBoundary": false,
    "guard": "protected-workspace",
    "page": "EditJob",
    "path": "/jobs/:jobId/edit",
    "redirectTo": null,
    "section": "contracts",
    "workspace": "client",
  },
  {
    "errorBoundary": false,
    "guard": "protected-workspace",
    "page": "JobMatches",
    "path": "/jobs/:jobId/matches",
    "redirectTo": null,
    "section": "contracts",
    "workspace": "client",
  },
  {
    "errorBoundary": false,
    "guard": "protected",
    "page": "ContractSessionRedirect",
    "path": "/contracts/:contractId",
    "redirectTo": null,
    "section": "contracts",
    "workspace": null,
  },
  {
    "errorBoundary": true,
    "guard": "protected",
    "page": "LeaveReview",
    "path": "/contracts/:contractId/review",
    "redirectTo": null,
    "section": "contracts",
    "workspace": null,
  },
  {
    "errorBoundary": true,
    "guard": "protected",
    "page": "PaymentSuccess",
    "path": "/payment/success",
    "redirectTo": null,
    "section": "contracts",
    "workspace": null,
  },
  {
    "errorBoundary": true,
    "guard": "protected",
    "page": "PaymentFailed",
    "path": "/payment/failed",
    "redirectTo": null,
    "section": "contracts",
    "workspace": null,
  },
  {
    "errorBoundary": true,
    "guard": "admin",
    "page": "AdminDashboard",
    "path": "/admin",
    "redirectTo": null,
    "section": "admin",
    "workspace": null,
  },
  {
    "errorBoundary": true,
    "guard": "admin",
    "page": "VerificationQueue",
    "path": "/admin/verifications",
    "redirectTo": null,
    "section": "admin",
    "workspace": null,
  },
]
`;
